404 1200
1 216
1 48
10 168
112 240
162 420
518 1296
13 108
2 270
1 60
13 42
656 440
364 220
222 456
61 624
137 336
79 1344
207 452
470 216
370 120
8 48
472 210
441 240
18 78
458 48
271 440
101 336
452 380
836 360
458 1296
59 42
247 144
35 88
107 2748
279 360
610 456
9 60
323 768
309 220
34 42
437 168
621 132
181 390
21 72
16 80
162 72
188 840
55 268
89 120
155 1228
72 120
819 144
146 168
715 120
195 168
307 216
2 72
97 408
42 144
228 1008
575 840
56 312
81 96
72 168
2 24
15 264
340 684
263 360
137 768
475 750
126 90
1 72
732 2928
163 768
76 612
219 660
13 360
407 640
8 72
323 70
2 12
463 840
135 2500
615 240
501 552
141 238
94 46
201 624
19 888
244 1648
209 90
225 72
174 720
55 60
106 168
89 140
628 198
695 380
61 96
160 310
