0 3
2 8
1 6
3 20
5 24
2 16
2 12
5 24
4 60
3 10
3 24
5 28
10 48
11 40
9 24
0 36
0 24
17 18
13 60
1 16
19 30
1 48
3 24
13 100
10 84
26 72
17 48
5 14
8 120
2 30
5 48
8 40
3 36
6 80
8 24
18 76
21 18
11 56
24 60
0 40
34 48
33 88
2 30
11 120
5 48
5 32
5 24
41 112
27 300
21 72
18 84
50 108
46 72
34 20
37 48
35 72
37 42
4 58
45 120
60 60
13 30
3 48
34 96
3 140
3 120
57 136
29 36
2 48
0 240
32 70
2 24
18 148
68 228
64 200
2 18
69 80
1 168
24 78
56 120
28 216
62 120
38 168
26 48
38 180
68 264
66 56
47 60
0 44
13 120
27 112
55 48
90 120
52 96
21 180
2 48
80 196
95 336
35 120
11 300
9 50
