659 108
451 120
630 176
211 228
55 180
453 600
755 1816
763 456
303 600
385 1680
523 70
891 72
374 840
351 2748
555 120
399 114
623 1040
897 72
918 102
435 240
777 88
545 138
619 140
231 240
475 1900
111 2784
465 624
891 336
843 928
675 120
910 1008
555 156
900 1240
623 936
880 180
411 168
892 1876
273 816
789 1256
235 480
687 470
63 1896
205 240
891 696
735 720
759 1320
235 1896
399 312
411 1036
625 900
315 1272
931 144
688 212
447 216
80 380
283 714
891 280
147 1434
651 1104
315 480
241 930
697 1596
942 72
711 240
365 1940
21 48
342 176
187 660
948 72
525 2940
785 970
843 648
735 368
371 2928
450 1400
555 120
624 652
9 984
55 220
175 1680
294 216
7 1470
4 1968
123 120
605 1980
659 252
0 32
359 252
458 528
825 120
409 198
923 240
276 440
903 1680
940 220
291 168
521 1996
229 498
438 1368
875 1500
