182 1500
1 3
296 768
25 500
19 500
1 3
0 12
173 1500
4 1500
2 100
1 20
2 12
411 2500
549 1944
35 500
5 12
392 768
104 1500
162 1500
5 1500
25 500
544 2500
611 1944
137 1944
99 2500
481 768
24 100
1 12
12 100
1 12
1 3
403 1500
341 1500
1 20
49 500
0 12
728 1944
439 2500
24 500
406 1944
13 100
118 500
1 20
0 3
251 1944
1 3
461 768
0 3
397 1944
88 500
299 2500
118 500
296 2500
194 768
7 12
5 12
0 3
649 1944
56 500
205 2500
271 1944
51 1500
389 768
32 500
584 2500
3 12
4 500
601 2500
14 100
20 100
157 1500
1 1500
2 12
34 768
1 20
116 500
160 2500
5 12
282 1500
348 2500
1 100
755 1500
317 768
14 100
127 1500
226 768
0 12
82 500
46 2500
3 20
1 3
2 100
0 12
4 20
197 768
102 500
97 1500
1 20
79 500
372 1500
