1 3
8 24
21 30
29 48
34 48
44 84
2 30
13 24
80 120
84 48
35 72
13 48
111 60
44 120
110 210
3 36
110 216
81 264
133 336
165 96
38 150
40 108
89 456
88 84
126 330
106 48
105 390
34 72
144 96
3 444
285 150
281 168
34 48
284 168
305 72
109 240
239 90
228 120
239 570
97 336
1 408
69 624
34 42
146 72
21 252
437 228
344 240
34 348
176 240
121 120
103 750
176 768
465 168
531 144
41 270
317 48
286 168
122 420
174 1176
2 456
216 528
280 72
186 930
55 156
621 72
505 984
396 330
610 48
661 30
102 348
649 504
81 132
458 342
2 120
335 432
3 96
718 768
741 1164
271 144
221 120
408 600
28 336
203 552
245 672
808 84
569 840
583 1290
403 108
442 336
837 1344
452 120
0 72
34 138
697 156
421 1896
545 144
258 1596
905 648
565 1470
871 240
