2 11
2 21
4 1211
6 111221
6 312211
8 13112221
10 1113213211
14 31131211131221
20 13211311123113112211
26 11131221133112132113212221
34 311311222123211211131221131211...
46 132113213211121312211231131122...
62 111312211312111312311211131122...
78 311311222113111231131112132112...
102 132113213221133112132113311211...
134 111312211312111322212321121113...
176 311311222113111231133211121312...
226 132113213221133112132123123112...
302 111312211312111322212321121113...
408 311311222113111231133211121312...
