3 109
6 111019
8 31101119
10 1321103119
16 1113122110132119
22 3113112221101113122119
26 13211321322110311311222119
36 111312211312111322211013211321...
48 311311222113111231133221101113...
56 132113213221133112132123222110...
74 111312211312111322212321121113...
100 311311222113111231133211121312...
126 132113213221133112132123123112...
168 111312211312111322212321121113...
228 311311222113111231133211121312...
292 132113213221133112132123123112...
378 111312211312111322212321121113...
508 311311222113111231133211121312...
650 132113213221133112132123123112...
828 111312211312111322212321121113...
