20 11121314151617181910
36 311211131114111511161117111811...
38 132112311331143115311631173118...
56 111312211213212321141321151321...
90 311311222112111312111213122114...
110 132113213221123113111231121113...
134 111312211312111322211213211331...
200 311311222113111231133221121113...
242 132113213221133112132123222112...
292 111312211312111322212321121113...
412 311311222113111231133211121312...
532 132113213221133112132123123112...
672 111312211312111322212321121113...
916 311311222113111231133211121312...
1206 132113213221133112132123123112...
1526 111312211312111322212321121113...
2026 311311222113111231133211121312...
2696 132113213221133112132123123112...
3368 111312211312111322212321121113...
4412 311311222113111231133211121312...
