#1.....1#1....................
#1.....111.111................
11.......112#1............111.
...111...1###2............1#21
...1#2221112#1........111.12##
...11###1..111.11112211#1..1##
....1###2......1#####1111.11##
.1111###1...1111111221....1###
.1#111211...1#1.......11112###
.111........111.....123#######
....................1###212###
111.................13##1.1###
##211................1#21.111#
12##2................111....1#
.1##2...................111.1#
.1221..........111111...1#1.11
...............1####1...111...
...........111.2#2111....111..
........1111#1.1#1.1233322#1..
........1#1111.111.1#####211..
........2#2........124###1....
..111...1#1..........1###11.11
..1#1...111..........1####211#
.12#21...............1########
.1###21211111........1########
12##########1...111..1#211####
#####1122#211...1#1..1#1.1####
#####1..111.....1221.1#1.1####
#####1...........1#1.111.1####
#####1...........1#1.....1####
PLAYING
