...111..2#21#2#1.1##1.2#3223##
.112#1.14#311211.1221.2#3##4#4
.1#211.1##2.111.......112234#2
.1122333321.1#1111........1#21
11.1####1...2222#2........222.
#21123321...2#22#2.111....1#1.
2#21.......13#3332.2#2....111.
12#1.11211.1#22##1.2#42211....
.11223#2#1.1222221.12##3#1....
...1##3311..1#1.....13#322211.
122223#21222211......1111#3#31
1##21212#2##1.......111.113#3#
1223#31323221.......2#2...1121
...2#3#3#1........113#2.111.11
1111122#431.......1#22222#1.2#
1#211133##321.....1112#3#21.3#
12#11#2#44##1..1111113#4221.2#
.11111212#431.12#11#12#32#1.11
11......23#1..1#22222222#21...
#1.112111#321.1112#21#1111.122
11.2#3#1123#1..113#2111...12##
1112#31223#21..1#211......1#32
1#111112##21...222.1121211111.
111...2#421....1#222#2#2#1111.
....113#2.111..12#2#4422122#1.
22112#211.1#1...1245##1113#432
##11#21...111....2###311#3#4##
#42221...........3#52223222#32
#21#111211.......2#2.1##112321
111111#2#1.......111.12211#2#1
WIN
