#############################1
##############################
##############################
###################1##########
#############################2
##############################
##############################
##############################
##############################
##############################
##############################
##############################
##############################
##############################
#########################3####
##############################
##############################
###########112####2112########
###########1.1#1111..11112####
###########1.111.........11111
##########31..................
##########1..1221..........122
##########2..1##1.....111..1##
##########1..1221..1122#1112##
##########311......1##########
1###########1...1111##########
############22211#############
##############################
##############################
##############################
BOOM
