#2111.1#3223####1111.1###3#2##
#32#1.12##2##43212#2.1344#4543
23#322122222211124#5211#23###2
#212#2#211..112#2####22123#43#
11.11213#31.1#2122345#212#2111
221....2##2222211..2##21#21...
##1....123#3#11#1114#53221.122
34311121224#322211#4##2#1113##
2##33#2#3#3#21#21224#33332#4#4
#55##222#221112#12#3222##324#2
2##321.111....1112#21#2223#311
12333221211111112332223113#41.
111###4#2#33#12#3##33#2#12##2.
#1124##433##213#545##321114#3.
111123#3#223224##4###3..114#3.
122#221211.1#2##5##8#3..1#3#31
#2#3#21...13334#44###2..11212#
12122#11123##22#33#42111111111
....1222#2###212#211.12#11#21.
112123#5334#5322111234#4222#1.
2#2#2####12#4##1113####6#2111.
#33334#421124#322#3#5####2....
24#3#211...1#211#2224554321...
#3#3221..12432.22324###21#1...
34211#2122###1.1#3###6#4211111
##1.223#2#5#433434##33##21.1#2
#3212#3222#22####3333244#2113#
233#23#2.12224#7#21#3#4#5#214#
1##322#3223#33##21113#4#5#43##
123#1112##3#3#321...11213##3#3
WIN
