..............................
..............................
2333333333333333333333333321..
###########################1..
2333333333333333333333333321..
..............................
..1233333333333333333333333332
..1###########################
..1233333333333333333333333332
..............................
2333333333333333333333333321..
###########################1..
2333333333333333333333333321..
..............................
..1233333333333333333333333332
..1###########################
..1233333333333333333333333332
..............................
2333333333333333333333333321..
###########################1..
2333333333333333333333333321..
..............................
..1233333333333333333333333332
..1###########################
..1233333333333333333333333332
..............................
2333333333333333333333333321..
###########################1..
2333333333333333333333333321..
..............................
WIN
