                      A                                             B                                             C                                             D
                     B B                                           C C                                           D D                                           E E
                    C   C                                         D   D                                         E   E                                         F   F
                   D     D                                       E     E                                       F     F                                       G     G
                  E       E                                     F       F                                     G       G                                     H       H
                 F         F                                   G         G                                   H         H                                   I         I
                G           G                                 H           H                                 I           I                                 J           J
               H             H                               I             I                               J             J                               K             K
              I               I                             J               J                             K               K                             L               L
             J                 J                           K                 K                           L                 L                           M                 M
            K                   K                         L                   L                         M                   M                         N                   N
           L                     L                       M                     M                       N                     N                       O                     O
          M                       M                     N                       N                     O                       O                     P                       P
         N                         N                   O                         O                   P                         P                   Q                         Q
        O                           O                 P                           P                 Q                           Q                 R                           R
       P                             P               Q                             Q               R                             R               S                             S
      Q                               Q             R                               R             S                               S             T                               T
     R                                 R           S                                 S           T                                 T           U                                 U
    S                                   S         T                                   T         U                                   U         V                                   V
   T                                     T       U                                     U       V                                     V       W                                     W
  U                                       U     V                                       V     W                                       W     X                                       X
 V                                         V   W                                         W   X                                         X   Y                                         Y
W                                           W X                                           X Y                                           Y Z                                           Z
 V                                         V   W                                         W   X                                         X   Y                                         Y
  U                                       U     V                                       V     W                                       W     X                                       X
   T                                     T       U                                     U       V                                     V       W                                     W
    S                                   S         T                                   T         U                                   U         V                                   V
     R                                 R           S                                 S           T                                 T           U                                 U
      Q                               Q             R                               R             S                               S             T                               T
       P                             P               Q                             Q               R                             R               S                             S
        O                           O                 P                           P                 Q                           Q                 R                           R
         N                         N                   O                         O                   P                         P                   Q                         Q
          M                       M                     N                       N                     O                       O                     P                       P
           L                     L                       M                     M                       N                     N                       O                     O
            K                   K                         L                   L                         M                   M                         N                   N
             J                 J                           K                 K                           L                 L                           M                 M
              I               I                             J               J                             K               K                             L               L
               H             H                               I             I                               J             J                               K             K
                G           G                                 H           H                                 I           I                                 J           J
                 F         F                                   G         G                                   H         H                                   I         I
                  E       E                                     F       F                                     G       G                                     H       H
                   D     D                                       E     E                                       F     F                                       G     G
                    C   C                                         D   D                                         E   E                                         F   F
                     B B                                           C C                                           D D                                           E E
                      A                                             B                                             C                                             D
