                        M                                                 N                                                 O                                                 P                                                 Q
                       N N                                               O O                                               P P                                               Q Q                                               R R
                      O   O                                             P   P                                             Q   Q                                             R   R                                             S   S
                     P     P                                           Q     Q                                           R     R                                           S     S                                           T     T
                    Q       Q                                         R       R                                         S       S                                         T       T                                         U       U
                   R         R                                       S         S                                       T         T                                       U         U                                       V         V
                  S           S                                     T           T                                     U           U                                     V           V                                     W           W
                 T             T                                   U             U                                   V             V                                   W             W                                   X             X
                U               U                                 V               V                                 W               W                                 X               X                                 Y               Y
               V                 V                               W                 W                               X                 X                               Y                 Y                               Z                 Z
              W                   W                             X                   X                             Y                   Y                             Z                   Z                             A                   A
             X                     X                           Y                     Y                           Z                     Z                           A                     A                           B                     B
            Y                       Y                         Z                       Z                         A                       A                         B                       B                         C                       C
           Z                         Z                       A                         A                       B                         B                       C                         C                       D                         D
          A                           A                     B                           B                     C                           C                     D                           D                     E                           E
         B                             B                   C                             C                   D                             D                   E                             E                   F                             F
        C                               C                 D                               D                 E                               E                 F                               F                 G                               G
       D                                 D               E                                 E               F                                 F               G                                 G               H                                 H
      E                                   E             F                                   F             G                                   G             H                                   H             I                                   I
     F                                     F           G                                     G           H                                     H           I                                     I           J                                     J
    G                                       G         H                                       H         I                                       I         J                                       J         K                                       K
   H                                         H       I                                         I       J                                         J       K                                         K       L                                         L
  I                                           I     J                                           J     K                                           K     L                                           L     M                                           M
 J                                             J   K                                             K   L                                             L   M                                             M   N                                             N
K                                               K L                                               L M                                               M N                                               N O                                               O
 J                                             J   K                                             K   L                                             L   M                                             M   N                                             N
  I                                           I     J                                           J     K                                           K     L                                           L     M                                           M
   H                                         H       I                                         I       J                                         J       K                                         K       L                                         L
    G                                       G         H                                       H         I                                       I         J                                       J         K                                       K
     F                                     F           G                                     G           H                                     H           I                                     I           J                                     J
      E                                   E             F                                   F             G                                   G             H                                   H             I                                   I
       D                                 D               E                                 E               F                                 F               G                                 G               H                                 H
        C                               C                 D                               D                 E                               E                 F                               F                 G                               G
         B                             B                   C                             C                   D                             D                   E                             E                   F                             F
          A                           A                     B                           B                     C                           C                     D                           D                     E                           E
           Z                         Z                       A                         A                       B                         B                       C                         C                       D                         D
            Y                       Y                         Z                       Z                         A                       A                         B                       B                         C                       C
             X                     X                           Y                     Y                           Z                     Z                           A                     A                           B                     B
              W                   W                             X                   X                             Y                   Y                             Z                   Z                             A                   A
               V                 V                               W                 W                               X                 X                               Y                 Y                               Z                 Z
                U               U                                 V               V                                 W               W                                 X               X                                 Y               Y
                 T             T                                   U             U                                   V             V                                   W             W                                   X             X
                  S           S                                     T           T                                     U           U                                     V           V                                     W           W
                   R         R                                       S         S                                       T         T                                       U         U                                       V         V
                    Q       Q                                         R       R                                         S       S                                         T       T                                         U       U
                     P     P                                           Q     Q                                           R     R                                           S     S                                           T     T
                      O   O                                             P   P                                             Q   Q                                             R   R                                             S   S
                       N N                                               O O                                               P P                                               Q Q                                               R R
                        M                                                 N                                                 O                                                 P                                                 Q
