                   D                                       E                                       F
                  E E                                     F F                                     G G
                 F   F                                   G   G                                   H   H
                G     G                                 H     H                                 I     I
               H       H                               I       I                               J       J
              I         I                             J         J                             K         K
             J           J                           K           K                           L           L
            K             K                         L             L                         M             M
           L               L                       M               M                       N               N
          M                 M                     N                 N                     O                 O
         N                   N                   O                   O                   P                   P
        O                     O                 P                     P                 Q                     Q
       P                       P               Q                       Q               R                       R
      Q                         Q             R                         R             S                         S
     R                           R           S                           S           T                           T
    S                             S         T                             T         U                             U
   T                               T       U                               U       V                               V
  U                                 U     V                                 V     W                                 W
 V                                   V   W                                   W   X                                   X
W                                     W X                                     X Y                                     Y
 V                                   V   W                                   W   X                                   X
  U                                 U     V                                 V     W                                 W
   T                               T       U                               U       V                               V
    S                             S         T                             T         U                             U
     R                           R           S                           S           T                           T
      Q                         Q             R                         R             S                         S
       P                       P               Q                       Q               R                       R
        O                     O                 P                     P                 Q                     Q
         N                   N                   O                   O                   P                   P
          M                 M                     N                 N                     O                 O
           L               L                       M               M                       N               N
            K             K                         L             L                         M             M
             J           J                           K           K                           L           L
              I         I                             J         J                             K         K
               H       H                               I       I                               J       J
                G     G                                 H     H                                 I     I
                 F   F                                   G   G                                   H   H
                  E E                                     F F                                     G G
                   D                                       E                                       F
