disk 1: A -> B
disk 2: A -> C
disk 1: B -> C
disk 3: A -> B
disk 1: C -> A
disk 2: C -> B
disk 1: A -> B
disk 4: A -> C
disk 1: B -> C
disk 2: B -> A
disk 1: C -> A
disk 3: B -> C
disk 1: A -> B
disk 2: A -> C
disk 1: B -> C
disk 5: A -> B
disk 1: C -> A
disk 2: C -> B
disk 1: A -> B
disk 3: C -> A
disk 1: B -> C
disk 2: B -> A
disk 1: C -> A
disk 4: C -> B
disk 1: A -> B
disk 2: A -> C
disk 1: B -> C
disk 3: A -> B
disk 1: C -> A
disk 2: C -> B
disk 1: A -> B
disk 6: A -> C
disk 1: B -> C
disk 2: B -> A
disk 1: C -> A
disk 3: B -> C
disk 1: A -> B
disk 2: A -> C
disk 1: B -> C
disk 4: B -> A
disk 1: C -> A
disk 2: C -> B
disk 1: A -> B
disk 3: C -> A
disk 1: B -> C
disk 2: B -> A
disk 1: C -> A
disk 5: B -> C
disk 1: A -> B
disk 2: A -> C
disk 1: B -> C
disk 3: A -> B
disk 1: C -> A
disk 2: C -> B
disk 1: A -> B
disk 4: A -> C
disk 1: B -> C
disk 2: B -> A
disk 1: C -> A
disk 3: B -> C
disk 1: A -> B
disk 2: A -> C
disk 1: B -> C
disk 7: A -> B
disk 1: C -> A
disk 2: C -> B
disk 1: A -> B
disk 3: C -> A
disk 1: B -> C
disk 2: B -> A
disk 1: C -> A
disk 4: C -> B
disk 1: A -> B
disk 2: A -> C
disk 1: B -> C
disk 3: A -> B
disk 1: C -> A
disk 2: C -> B
disk 1: A -> B
disk 5: C -> A
disk 1: B -> C
disk 2: B -> A
disk 1: C -> A
disk 3: B -> C
disk 1: A -> B
disk 2: A -> C
disk 1: B -> C
disk 4: B -> A
disk 1: C -> A
disk 2: C -> B
disk 1: A -> B
disk 3: C -> A
disk 1: B -> C
disk 2: B -> A
disk 1: C -> A
disk 6: C -> B
disk 1: A -> B
disk 2: A -> C
disk 1: B -> C
disk 3: A -> B
disk 1: C -> A
disk 2: C -> B
disk 1: A -> B
disk 4: A -> C
disk 1: B -> C
disk 2: B -> A
disk 1: C -> A
disk 3: B -> C
disk 1: A -> B
disk 2: A -> C
disk 1: B -> C
disk 5: A -> B
disk 1: C -> A
disk 2: C -> B
disk 1: A -> B
disk 3: C -> A
disk 1: B -> C
disk 2: B -> A
disk 1: C -> A
disk 4: C -> B
disk 1: A -> B
disk 2: A -> C
disk 1: B -> C
disk 3: A -> B
disk 1: C -> A
disk 2: C -> B
disk 1: A -> B
disk 8: A -> C
disk 1: B -> C
disk 2: B -> A
disk 1: C -> A
disk 3: B -> C
disk 1: A -> B
disk 2: A -> C
disk 1: B -> C
disk 4: B -> A
disk 1: C -> A
disk 2: C -> B
disk 1: A -> B
disk 3: C -> A
disk 1: B -> C
disk 2: B -> A
disk 1: C -> A
disk 5: B -> C
disk 1: A -> B
disk 2: A -> C
disk 1: B -> C
disk 3: A -> B
disk 1: C -> A
disk 2: C -> B
disk 1: A -> B
disk 4: A -> C
disk 1: B -> C
disk 2: B -> A
disk 1: C -> A
disk 3: B -> C
disk 1: A -> B
disk 2: A -> C
disk 1: B -> C
disk 6: B -> A
disk 1: C -> A
disk 2: C -> B
disk 1: A -> B
disk 3: C -> A
disk 1: B -> C
disk 2: B -> A
disk 1: C -> A
disk 4: C -> B
disk 1: A -> B
disk 2: A -> C
disk 1: B -> C
disk 3: A -> B
disk 1: C -> A
disk 2: C -> B
disk 1: A -> B
disk 5: C -> A
disk 1: B -> C
disk 2: B -> A
disk 1: C -> A
disk 3: B -> C
disk 1: A -> B
disk 2: A -> C
disk 1: B -> C
disk 4: B -> A
disk 1: C -> A
disk 2: C -> B
disk 1: A -> B
disk 3: C -> A
disk 1: B -> C
disk 2: B -> A
disk 1: C -> A
disk 7: B -> C
disk 1: A -> B
disk 2: A -> C
disk 1: B -> C
disk 3: A -> B
disk 1: C -> A
disk 2: C -> B
disk 1: A -> B
disk 4: A -> C
disk 1: B -> C
disk 2: B -> A
disk 1: C -> A
disk 3: B -> C
disk 1: A -> B
disk 2: A -> C
disk 1: B -> C
disk 5: A -> B
disk 1: C -> A
disk 2: C -> B
disk 1: A -> B
disk 3: C -> A
disk 1: B -> C
disk 2: B -> A
disk 1: C -> A
disk 4: C -> B
disk 1: A -> B
disk 2: A -> C
disk 1: B -> C
disk 3: A -> B
disk 1: C -> A
disk 2: C -> B
disk 1: A -> B
disk 6: A -> C
disk 1: B -> C
disk 2: B -> A
disk 1: C -> A
disk 3: B -> C
disk 1: A -> B
disk 2: A -> C
disk 1: B -> C
disk 4: B -> A
disk 1: C -> A
disk 2: C -> B
disk 1: A -> B
disk 3: C -> A
disk 1: B -> C
disk 2: B -> A
disk 1: C -> A
disk 5: B -> C
disk 1: A -> B
disk 2: A -> C
disk 1: B -> C
disk 3: A -> B
disk 1: C -> A
disk 2: C -> B
disk 1: A -> B
disk 4: A -> C
disk 1: B -> C
disk 2: B -> A
disk 1: C -> A
disk 3: B -> C
disk 1: A -> B
disk 2: A -> C
disk 1: B -> C
disk 9: A -> B
disk 1: C -> A
disk 2: C -> B
disk 1: A -> B
disk 3: C -> A
disk 1: B -> C
disk 2: B -> A
disk 1: C -> A
disk 4: C -> B
disk 1: A -> B
disk 2: A -> C
disk 1: B -> C
disk 3: A -> B
disk 1: C -> A
disk 2: C -> B
disk 1: A -> B
disk 5: C -> A
disk 1: B -> C
disk 2: B -> A
disk 1: C -> A
disk 3: B -> C
disk 1: A -> B
disk 2: A -> C
disk 1: B -> C
disk 4: B -> A
disk 1: C -> A
disk 2: C -> B
disk 1: A -> B
disk 3: C -> A
disk 1: B -> C
disk 2: B -> A
disk 1: C -> A
disk 6: C -> B
disk 1: A -> B
disk 2: A -> C
disk 1: B -> C
disk 3: A -> B
disk 1: C -> A
disk 2: C -> B
disk 1: A -> B
disk 4: A -> C
disk 1: B -> C
disk 2: B -> A
disk 1: C -> A
disk 3: B -> C
disk 1: A -> B
disk 2: A -> C
disk 1: B -> C
disk 5: A -> B
disk 1: C -> A
disk 2: C -> B
disk 1: A -> B
disk 3: C -> A
disk 1: B -> C
disk 2: B -> A
disk 1: C -> A
disk 4: C -> B
disk 1: A -> B
disk 2: A -> C
disk 1: B -> C
disk 3: A -> B
disk 1: C -> A
disk 2: C -> B
disk 1: A -> B
disk 7: C -> A
disk 1: B -> C
disk 2: B -> A
disk 1: C -> A
disk 3: B -> C
disk 1: A -> B
disk 2: A -> C
disk 1: B -> C
disk 4: B -> A
disk 1: C -> A
disk 2: C -> B
disk 1: A -> B
disk 3: C -> A
disk 1: B -> C
disk 2: B -> A
disk 1: C -> A
disk 5: B -> C
disk 1: A -> B
disk 2: A -> C
disk 1: B -> C
disk 3: A -> B
disk 1: C -> A
disk 2: C -> B
disk 1: A -> B
disk 4: A -> C
disk 1: B -> C
disk 2: B -> A
disk 1: C -> A
disk 3: B -> C
disk 1: A -> B
disk 2: A -> C
disk 1: B -> C
disk 6: B -> A
disk 1: C -> A
disk 2: C -> B
disk 1: A -> B
disk 3: C -> A
disk 1: B -> C
disk 2: B -> A
disk 1: C -> A
disk 4: C -> B
disk 1: A -> B
disk 2: A -> C
disk 1: B -> C
disk 3: A -> B
disk 1: C -> A
disk 2: C -> B
disk 1: A -> B
disk 5: C -> A
disk 1: B -> C
disk 2: B -> A
disk 1: C -> A
disk 3: B -> C
disk 1: A -> B
disk 2: A -> C
disk 1: B -> C
disk 4: B -> A
disk 1: C -> A
disk 2: C -> B
disk 1: A -> B
disk 3: C -> A
disk 1: B -> C
disk 2: B -> A
disk 1: C -> A
disk 8: C -> B
disk 1: A -> B
disk 2: A -> C
disk 1: B -> C
disk 3: A -> B
disk 1: C -> A
disk 2: C -> B
disk 1: A -> B
disk 4: A -> C
disk 1: B -> C
disk 2: B -> A
disk 1: C -> A
disk 3: B -> C
disk 1: A -> B
disk 2: A -> C
disk 1: B -> C
disk 5: A -> B
disk 1: C -> A
disk 2: C -> B
disk 1: A -> B
disk 3: C -> A
disk 1: B -> C
disk 2: B -> A
disk 1: C -> A
disk 4: C -> B
disk 1: A -> B
disk 2: A -> C
disk 1: B -> C
disk 3: A -> B
disk 1: C -> A
disk 2: C -> B
disk 1: A -> B
disk 6: A -> C
disk 1: B -> C
disk 2: B -> A
disk 1: C -> A
disk 3: B -> C
disk 1: A -> B
disk 2: A -> C
disk 1: B -> C
disk 4: B -> A
disk 1: C -> A
disk 2: C -> B
disk 1: A -> B
disk 3: C -> A
disk 1: B -> C
disk 2: B -> A
disk 1: C -> A
disk 5: B -> C
disk 1: A -> B
disk 2: A -> C
disk 1: B -> C
disk 3: A -> B
disk 1: C -> A
disk 2: C -> B
disk 1: A -> B
disk 4: A -> C
disk 1: B -> C
disk 2: B -> A
disk 1: C -> A
disk 3: B -> C
disk 1: A -> B
disk 2: A -> C
disk 1: B -> C
disk 7: A -> B
disk 1: C -> A
disk 2: C -> B
disk 1: A -> B
disk 3: C -> A
disk 1: B -> C
disk 2: B -> A
disk 1: C -> A
disk 4: C -> B
disk 1: A -> B
disk 2: A -> C
disk 1: B -> C
disk 3: A -> B
disk 1: C -> A
disk 2: C -> B
disk 1: A -> B
disk 5: C -> A
disk 1: B -> C
disk 2: B -> A
disk 1: C -> A
disk 3: B -> C
disk 1: A -> B
disk 2: A -> C
disk 1: B -> C
disk 4: B -> A
disk 1: C -> A
disk 2: C -> B
disk 1: A -> B
disk 3: C -> A
disk 1: B -> C
disk 2: B -> A
disk 1: C -> A
disk 6: C -> B
disk 1: A -> B
disk 2: A -> C
disk 1: B -> C
disk 3: A -> B
disk 1: C -> A
disk 2: C -> B
disk 1: A -> B
disk 4: A -> C
disk 1: B -> C
disk 2: B -> A
disk 1: C -> A
disk 3: B -> C
disk 1: A -> B
disk 2: A -> C
disk 1: B -> C
disk 5: A -> B
disk 1: C -> A
disk 2: C -> B
disk 1: A -> B
disk 3: C -> A
disk 1: B -> C
disk 2: B -> A
disk 1: C -> A
disk 4: C -> B
disk 1: A -> B
disk 2: A -> C
disk 1: B -> C
disk 3: A -> B
disk 1: C -> A
disk 2: C -> B
disk 1: A -> B
disk 10: A -> C
disk 1: B -> C
disk 2: B -> A
disk 1: C -> A
disk 3: B -> C
disk 1: A -> B
disk 2: A -> C
disk 1: B -> C
disk 4: B -> A
disk 1: C -> A
disk 2: C -> B
disk 1: A -> B
disk 3: C -> A
disk 1: B -> C
disk 2: B -> A
disk 1: C -> A
disk 5: B -> C
disk 1: A -> B
disk 2: A -> C
disk 1: B -> C
disk 3: A -> B
disk 1: C -> A
disk 2: C -> B
disk 1: A -> B
disk 4: A -> C
disk 1: B -> C
disk 2: B -> A
disk 1: C -> A
disk 3: B -> C
disk 1: A -> B
disk 2: A -> C
disk 1: B -> C
disk 6: B -> A
disk 1: C -> A
disk 2: C -> B
disk 1: A -> B
disk 3: C -> A
disk 1: B -> C
disk 2: B -> A
disk 1: C -> A
disk 4: C -> B
disk 1: A -> B
disk 2: A -> C
disk 1: B -> C
disk 3: A -> B
disk 1: C -> A
disk 2: C -> B
disk 1: A -> B
disk 5: C -> A
disk 1: B -> C
disk 2: B -> A
disk 1: C -> A
disk 3: B -> C
disk 1: A -> B
disk 2: A -> C
disk 1: B -> C
disk 4: B -> A
disk 1: C -> A
disk 2: C -> B
disk 1: A -> B
disk 3: C -> A
disk 1: B -> C
disk 2: B -> A
disk 1: C -> A
disk 7: B -> C
disk 1: A -> B
disk 2: A -> C
disk 1: B -> C
disk 3: A -> B
disk 1: C -> A
disk 2: C -> B
disk 1: A -> B
disk 4: A -> C
disk 1: B -> C
disk 2: B -> A
disk 1: C -> A
disk 3: B -> C
disk 1: A -> B
disk 2: A -> C
disk 1: B -> C
disk 5: A -> B
disk 1: C -> A
disk 2: C -> B
disk 1: A -> B
disk 3: C -> A
disk 1: B -> C
disk 2: B -> A
disk 1: C -> A
disk 4: C -> B
disk 1: A -> B
disk 2: A -> C
disk 1: B -> C
disk 3: A -> B
disk 1: C -> A
disk 2: C -> B
disk 1: A -> B
disk 6: A -> C
disk 1: B -> C
disk 2: B -> A
disk 1: C -> A
disk 3: B -> C
disk 1: A -> B
disk 2: A -> C
disk 1: B -> C
disk 4: B -> A
disk 1: C -> A
disk 2: C -> B
disk 1: A -> B
disk 3: C -> A
disk 1: B -> C
disk 2: B -> A
disk 1: C -> A
disk 5: B -> C
disk 1: A -> B
disk 2: A -> C
disk 1: B -> C
disk 3: A -> B
disk 1: C -> A
disk 2: C -> B
disk 1: A -> B
disk 4: A -> C
disk 1: B -> C
disk 2: B -> A
disk 1: C -> A
disk 3: B -> C
disk 1: A -> B
disk 2: A -> C
disk 1: B -> C
disk 8: B -> A
disk 1: C -> A
disk 2: C -> B
disk 1: A -> B
disk 3: C -> A
disk 1: B -> C
disk 2: B -> A
disk 1: C -> A
disk 4: C -> B
disk 1: A -> B
disk 2: A -> C
disk 1: B -> C
disk 3: A -> B
disk 1: C -> A
disk 2: C -> B
disk 1: A -> B
disk 5: C -> A
disk 1: B -> C
disk 2: B -> A
disk 1: C -> A
disk 3: B -> C
disk 1: A -> B
disk 2: A -> C
disk 1: B -> C
disk 4: B -> A
disk 1: C -> A
disk 2: C -> B
disk 1: A -> B
disk 3: C -> A
disk 1: B -> C
disk 2: B -> A
disk 1: C -> A
disk 6: C -> B
disk 1: A -> B
disk 2: A -> C
disk 1: B -> C
disk 3: A -> B
disk 1: C -> A
disk 2: C -> B
disk 1: A -> B
disk 4: A -> C
disk 1: B -> C
disk 2: B -> A
disk 1: C -> A
disk 3: B -> C
disk 1: A -> B
disk 2: A -> C
disk 1: B -> C
disk 5: A -> B
disk 1: C -> A
disk 2: C -> B
disk 1: A -> B
disk 3: C -> A
disk 1: B -> C
disk 2: B -> A
disk 1: C -> A
disk 4: C -> B
disk 1: A -> B
disk 2: A -> C
disk 1: B -> C
disk 3: A -> B
disk 1: C -> A
disk 2: C -> B
disk 1: A -> B
disk 7: C -> A
disk 1: B -> C
disk 2: B -> A
disk 1: C -> A
disk 3: B -> C
disk 1: A -> B
disk 2: A -> C
disk 1: B -> C
disk 4: B -> A
disk 1: C -> A
disk 2: C -> B
disk 1: A -> B
disk 3: C -> A
disk 1: B -> C
disk 2: B -> A
disk 1: C -> A
disk 5: B -> C
disk 1: A -> B
disk 2: A -> C
disk 1: B -> C
disk 3: A -> B
disk 1: C -> A
disk 2: C -> B
disk 1: A -> B
disk 4: A -> C
disk 1: B -> C
disk 2: B -> A
disk 1: C -> A
disk 3: B -> C
disk 1: A -> B
disk 2: A -> C
disk 1: B -> C
disk 6: B -> A
disk 1: C -> A
disk 2: C -> B
disk 1: A -> B
disk 3: C -> A
disk 1: B -> C
disk 2: B -> A
disk 1: C -> A
disk 4: C -> B
disk 1: A -> B
disk 2: A -> C
disk 1: B -> C
disk 3: A -> B
disk 1: C -> A
disk 2: C -> B
disk 1: A -> B
disk 5: C -> A
disk 1: B -> C
disk 2: B -> A
disk 1: C -> A
disk 3: B -> C
disk 1: A -> B
disk 2: A -> C
disk 1: B -> C
disk 4: B -> A
disk 1: C -> A
disk 2: C -> B
disk 1: A -> B
disk 3: C -> A
disk 1: B -> C
disk 2: B -> A
disk 1: C -> A
disk 9: B -> C
disk 1: A -> B
disk 2: A -> C
disk 1: B -> C
disk 3: A -> B
disk 1: C -> A
disk 2: C -> B
disk 1: A -> B
disk 4: A -> C
disk 1: B -> C
disk 2: B -> A
disk 1: C -> A
disk 3: B -> C
disk 1: A -> B
disk 2: A -> C
disk 1: B -> C
disk 5: A -> B
disk 1: C -> A
disk 2: C -> B
disk 1: A -> B
disk 3: C -> A
disk 1: B -> C
disk 2: B -> A
disk 1: C -> A
disk 4: C -> B
disk 1: A -> B
disk 2: A -> C
disk 1: B -> C
disk 3: A -> B
disk 1: C -> A
disk 2: C -> B
disk 1: A -> B
disk 6: A -> C
disk 1: B -> C
disk 2: B -> A
disk 1: C -> A
disk 3: B -> C
disk 1: A -> B
disk 2: A -> C
disk 1: B -> C
disk 4: B -> A
disk 1: C -> A
disk 2: C -> B
disk 1: A -> B
disk 3: C -> A
disk 1: B -> C
disk 2: B -> A
disk 1: C -> A
disk 5: B -> C
disk 1: A -> B
disk 2: A -> C
disk 1: B -> C
disk 3: A -> B
disk 1: C -> A
disk 2: C -> B
disk 1: A -> B
disk 4: A -> C
disk 1: B -> C
disk 2: B -> A
disk 1: C -> A
disk 3: B -> C
disk 1: A -> B
disk 2: A -> C
disk 1: B -> C
disk 7: A -> B
disk 1: C -> A
disk 2: C -> B
disk 1: A -> B
disk 3: C -> A
disk 1: B -> C
disk 2: B -> A
disk 1: C -> A
disk 4: C -> B
disk 1: A -> B
disk 2: A -> C
disk 1: B -> C
disk 3: A -> B
disk 1: C -> A
disk 2: C -> B
disk 1: A -> B
disk 5: C -> A
disk 1: B -> C
disk 2: B -> A
disk 1: C -> A
disk 3: B -> C
disk 1: A -> B
disk 2: A -> C
disk 1: B -> C
disk 4: B -> A
disk 1: C -> A
disk 2: C -> B
disk 1: A -> B
disk 3: C -> A
disk 1: B -> C
disk 2: B -> A
disk 1: C -> A
disk 6: C -> B
disk 1: A -> B
disk 2: A -> C
disk 1: B -> C
disk 3: A -> B
disk 1: C -> A
disk 2: C -> B
disk 1: A -> B
disk 4: A -> C
disk 1: B -> C
disk 2: B -> A
disk 1: C -> A
disk 3: B -> C
disk 1: A -> B
disk 2: A -> C
disk 1: B -> C
disk 5: A -> B
disk 1: C -> A
disk 2: C -> B
disk 1: A -> B
disk 3: C -> A
disk 1: B -> C
disk 2: B -> A
disk 1: C -> A
disk 4: C -> B
disk 1: A -> B
disk 2: A -> C
disk 1: B -> C
disk 3: A -> B
disk 1: C -> A
disk 2: C -> B
disk 1: A -> B
disk 8: A -> C
disk 1: B -> C
disk 2: B -> A
disk 1: C -> A
disk 3: B -> C
disk 1: A -> B
disk 2: A -> C
disk 1: B -> C
disk 4: B -> A
disk 1: C -> A
disk 2: C -> B
disk 1: A -> B
disk 3: C -> A
disk 1: B -> C
disk 2: B -> A
disk 1: C -> A
disk 5: B -> C
disk 1: A -> B
disk 2: A -> C
disk 1: B -> C
disk 3: A -> B
disk 1: C -> A
disk 2: C -> B
disk 1: A -> B
disk 4: A -> C
disk 1: B -> C
disk 2: B -> A
disk 1: C -> A
disk 3: B -> C
disk 1: A -> B
disk 2: A -> C
disk 1: B -> C
disk 6: B -> A
disk 1: C -> A
disk 2: C -> B
disk 1: A -> B
disk 3: C -> A
disk 1: B -> C
disk 2: B -> A
disk 1: C -> A
disk 4: C -> B
disk 1: A -> B
disk 2: A -> C
disk 1: B -> C
disk 3: A -> B
disk 1: C -> A
disk 2: C -> B
disk 1: A -> B
disk 5: C -> A
disk 1: B -> C
disk 2: B -> A
disk 1: C -> A
disk 3: B -> C
disk 1: A -> B
disk 2: A -> C
disk 1: B -> C
disk 4: B -> A
disk 1: C -> A
disk 2: C -> B
disk 1: A -> B
disk 3: C -> A
disk 1: B -> C
disk 2: B -> A
disk 1: C -> A
disk 7: B -> C
disk 1: A -> B
disk 2: A -> C
disk 1: B -> C
disk 3: A -> B
disk 1: C -> A
disk 2: C -> B
disk 1: A -> B
disk 4: A -> C
disk 1: B -> C
disk 2: B -> A
disk 1: C -> A
disk 3: B -> C
disk 1: A -> B
disk 2: A -> C
disk 1: B -> C
disk 5: A -> B
disk 1: C -> A
disk 2: C -> B
disk 1: A -> B
disk 3: C -> A
disk 1: B -> C
disk 2: B -> A
disk 1: C -> A
disk 4: C -> B
disk 1: A -> B
disk 2: A -> C
disk 1: B -> C
disk 3: A -> B
disk 1: C -> A
disk 2: C -> B
disk 1: A -> B
disk 6: A -> C
disk 1: B -> C
disk 2: B -> A
disk 1: C -> A
disk 3: B -> C
disk 1: A -> B
disk 2: A -> C
disk 1: B -> C
disk 4: B -> A
disk 1: C -> A
disk 2: C -> B
disk 1: A -> B
disk 3: C -> A
disk 1: B -> C
disk 2: B -> A
disk 1: C -> A
disk 5: B -> C
disk 1: A -> B
disk 2: A -> C
disk 1: B -> C
disk 3: A -> B
disk 1: C -> A
disk 2: C -> B
disk 1: A -> B
disk 4: A -> C
disk 1: B -> C
disk 2: B -> A
disk 1: C -> A
disk 3: B -> C
disk 1: A -> B
disk 2: A -> C
disk 1: B -> C
TOTAL 1023
DISK 1 MOVES 512
