disk 1: C -> B
disk 2: C -> A
disk 1: B -> A
disk 3: C -> B
disk 1: A -> C
disk 2: A -> B
disk 1: C -> B
disk 4: C -> A
disk 1: B -> A
disk 2: B -> C
disk 1: A -> C
disk 3: B -> A
disk 1: C -> B
disk 2: C -> A
disk 1: B -> A
disk 5: C -> B
disk 1: A -> C
disk 2: A -> B
disk 1: C -> B
disk 3: A -> C
disk 1: B -> A
disk 2: B -> C
disk 1: A -> C
disk 4: A -> B
disk 1: C -> B
disk 2: C -> A
disk 1: B -> A
disk 3: C -> B
disk 1: A -> C
disk 2: A -> B
disk 1: C -> B
disk 6: C -> A
disk 1: B -> A
disk 2: B -> C
disk 1: A -> C
disk 3: B -> A
disk 1: C -> B
disk 2: C -> A
disk 1: B -> A
disk 4: B -> C
disk 1: A -> C
disk 2: A -> B
disk 1: C -> B
disk 3: A -> C
disk 1: B -> A
disk 2: B -> C
disk 1: A -> C
disk 5: B -> A
disk 1: C -> B
disk 2: C -> A
disk 1: B -> A
disk 3: C -> B
disk 1: A -> C
disk 2: A -> B
disk 1: C -> B
disk 4: C -> A
disk 1: B -> A
disk 2: B -> C
disk 1: A -> C
disk 3: B -> A
disk 1: C -> B
disk 2: C -> A
disk 1: B -> A
disk 7: C -> B
disk 1: A -> C
disk 2: A -> B
disk 1: C -> B
disk 3: A -> C
disk 1: B -> A
disk 2: B -> C
disk 1: A -> C
disk 4: A -> B
disk 1: C -> B
disk 2: C -> A
disk 1: B -> A
disk 3: C -> B
disk 1: A -> C
disk 2: A -> B
disk 1: C -> B
disk 5: A -> C
disk 1: B -> A
disk 2: B -> C
disk 1: A -> C
disk 3: B -> A
disk 1: C -> B
disk 2: C -> A
disk 1: B -> A
disk 4: B -> C
disk 1: A -> C
disk 2: A -> B
disk 1: C -> B
disk 3: A -> C
disk 1: B -> A
disk 2: B -> C
disk 1: A -> C
disk 6: A -> B
disk 1: C -> B
disk 2: C -> A
disk 1: B -> A
disk 3: C -> B
disk 1: A -> C
disk 2: A -> B
disk 1: C -> B
disk 4: C -> A
disk 1: B -> A
disk 2: B -> C
disk 1: A -> C
disk 3: B -> A
disk 1: C -> B
disk 2: C -> A
disk 1: B -> A
disk 5: C -> B
disk 1: A -> C
disk 2: A -> B
disk 1: C -> B
disk 3: A -> C
disk 1: B -> A
disk 2: B -> C
disk 1: A -> C
disk 4: A -> B
disk 1: C -> B
disk 2: C -> A
disk 1: B -> A
disk 3: C -> B
disk 1: A -> C
disk 2: A -> B
disk 1: C -> B
TOTAL 127
DISK 7 MOVES 1
