disk 1: A -> B
disk 2: A -> C
disk 1: B -> C
disk 3: A -> B
disk 1: C -> A
disk 2: C -> B
disk 1: A -> B
disk 4: A -> C
disk 1: B -> C
disk 2: B -> A
disk 1: C -> A
disk 3: B -> C
disk 1: A -> B
disk 2: A -> C
disk 1: B -> C
disk 5: A -> B
disk 1: C -> A
disk 2: C -> B
disk 1: A -> B
disk 3: C -> A
disk 1: B -> C
disk 2: B -> A
disk 1: C -> A
disk 4: C -> B
disk 1: A -> B
disk 2: A -> C
disk 1: B -> C
disk 3: A -> B
disk 1: C -> A
disk 2: C -> B
disk 1: A -> B
disk 6: A -> C
disk 1: B -> C
disk 2: B -> A
disk 1: C -> A
disk 3: B -> C
disk 1: A -> B
disk 2: A -> C
disk 1: B -> C
disk 4: B -> A
disk 1: C -> A
disk 2: C -> B
disk 1: A -> B
disk 3: C -> A
disk 1: B -> C
disk 2: B -> A
disk 1: C -> A
disk 5: B -> C
disk 1: A -> B
disk 2: A -> C
disk 1: B -> C
disk 3: A -> B
disk 1: C -> A
disk 2: C -> B
disk 1: A -> B
disk 4: A -> C
disk 1: B -> C
disk 2: B -> A
disk 1: C -> A
disk 3: B -> C
disk 1: A -> B
disk 2: A -> C
disk 1: B -> C
TOTAL 63
DISK 6 MOVES 1
