เด็กชาย Master
เด็กชาย Master
นางสาว Ms.
นาง Mrs.
นางสาว Ms.
นายแพทย์ Dr.
นางสาว Miss
นาย Mr.
เด็กชาย Master
นาย Mr.
นางสาว Ms.
เด็กชาย Master
นายแพทย์ Dr.
นาย Mr.
นาย Mr.
เด็กหญิง Miss
เด็กหญิง Miss
นาย Mr.
นางสาว Ms.
นางสาว Ms.
นายแพทย์ Dr.
นางสาว Ms.
นาง Mrs.
นาย Mr.
เด็กหญิง Miss
นาย Mr.
นาย Mr.
แพทย์หญิง Dr.
นางสาว Ms.
แพทย์หญิง Dr.
นาย Mr.
นาง Mrs.
นาย Mr.
เด็กหญิง Miss
นาย Mr.
นายแพทย์ Dr.
นางสาว Miss
นางสาว Ms.
นาง Mrs.
นาง Mrs.
นางสาว Miss
นายแพทย์ Dr.
นายแพทย์ Dr.
เด็กชาย Master
นางสาว Miss
นาย Mr.
เด็กหญิง Miss
นาย Mr.
นางสาว Ms.
นางสาว Miss
เด็กชาย Master
นาย Mr.
นาย Mr.
เด็กหญิง Miss
เด็กหญิง Miss
นายแพทย์ Dr.
นาง Mrs.
นาง Mrs.
แพทย์หญิง Dr.
นาย Mr.
นางสาว Ms.
นาย Mr.
เด็กชาย Master
นาย Mr.
นาย Mr.
เด็กหญิง Miss
นาย Mr.
นาย Mr.
นาง Mrs.
นาย Mr.
นาง Mrs.
นาย Mr.
เด็กชาย Master
นางสาว Ms.
นางสาว Miss
นาย Mr.
นางสาว Miss
นาย Mr.
เด็กหญิง Miss
นางสาว Ms.
แพทย์หญิง Dr.
นาย Mr.
เด็กชาย Master
นางสาว Ms.
แพทย์หญิง Dr.
นาย Mr.
แพทย์หญิง Dr.
นาย Mr.
นาย Mr.
นายแพทย์ Dr.
นาย Mr.
นาย Mr.
นาย Mr.
เด็กชาย Master
นาย Mr.
เด็กชาย Master
เด็กหญิง Miss
นาง Mrs.
นางสาว Ms.
นางสาว Ms.
