นาง Mrs.
นางสาว Miss
นางสาว Ms.
เด็กหญิง Miss
เด็กหญิง Miss
นางสาว Miss
นาย Mr.
เด็กชาย Master
เด็กชาย Master
เด็กชาย Master
นางสาว Miss
นาย Mr.
เด็กชาย Master
เด็กชาย Master
เด็กชาย Master
เด็กหญิง Miss
เด็กชาย Master
นางสาว Ms.
เด็กชาย Master
เด็กหญิง Miss
นาย Mr.
เด็กชาย Master
นาย Mr.
เด็กหญิง Miss
เด็กหญิง Miss
นาย Mr.
นางสาว Miss
เด็กหญิง Miss
เด็กหญิง Miss
นางสาว Miss
นางสาว Ms.
เด็กหญิง Miss
นางสาว Miss
นาย Mr.
นาย Mr.
เด็กหญิง Miss
เด็กชาย Master
เด็กหญิง Miss
นางสาว Ms.
นาง Mrs.
เด็กชาย Master
นางสาว Miss
เด็กหญิง Miss
นาย Mr.
นางสาว Ms.
เด็กหญิง Miss
เด็กชาย Master
นางสาว Ms.
เด็กชาย Master
เด็กหญิง Miss
เด็กชาย Master
เด็กหญิง Miss
นางสาว Ms.
เด็กหญิง Miss
เด็กหญิง Miss
เด็กหญิง Miss
นาง Mrs.
เด็กชาย Master
เด็กหญิง Miss
เด็กหญิง Miss
นาย Mr.
นาย Mr.
เด็กหญิง Miss
นาง Mrs.
นาง Mrs.
นาย Mr.
เด็กหญิง Miss
นาง Mrs.
นาย Mr.
เด็กชาย Master
นางสาว Miss
นาง Mrs.
เด็กหญิง Miss
นาง Mrs.
นาง Mrs.
เด็กชาย Master
นาง Mrs.
นางสาว Miss
นาย Mr.
เด็กหญิง Miss
นางสาว Miss
เด็กชาย Master
เด็กชาย Master
นาย Mr.
นาย Mr.
เด็กหญิง Miss
นางสาว Ms.
เด็กชาย Master
นาง Mrs.
นาย Mr.
นาย Mr.
นาง Mrs.
นางสาว Miss
เด็กหญิง Miss
นาย Mr.
นาย Mr.
นาย Mr.
เด็กหญิง Miss
นางสาว Miss
เด็กชาย Master
