นาย Mr.
นาย Mr.
นาย Mr.
นาง Mrs.
นาย Mr.
นาง Mrs.
นางสาว Ms.
นาง Mrs.
นาย Mr.
นางสาว Miss
นางสาว Miss
แพทย์หญิง Dr.
นาย Mr.
นายแพทย์ Dr.
นางสาว Miss
นางสาว Ms.
นาย Mr.
นายแพทย์ Dr.
นาย Mr.
นาย Mr.
นาย Mr.
แพทย์หญิง Dr.
แพทย์หญิง Dr.
นาย Mr.
นาย Mr.
นาย Mr.
นางสาว Ms.
นาย Mr.
นาง Mrs.
นาย Mr.
นาง Mrs.
นางสาว Ms.
นางสาว Ms.
นาย Mr.
นาย Mr.
นาย Mr.
นางสาว Miss
นาย Mr.
นางสาว Ms.
นาย Mr.
แพทย์หญิง Dr.
นายแพทย์ Dr.
นายแพทย์ Dr.
นาย Mr.
แพทย์หญิง Dr.
นางสาว Ms.
นาย Mr.
นาย Mr.
นางสาว Miss
นาย Mr.
นาย Mr.
นาย Mr.
นางสาว Ms.
นาย Mr.
นาย Mr.
นางสาว Miss
นาย Mr.
นายแพทย์ Dr.
นาย Mr.
นายแพทย์ Dr.
นางสาว Miss
นางสาว Ms.
นางสาว Ms.
นาย Mr.
นางสาว Miss
นาง Mrs.
นาง Mrs.
นาย Mr.
นาย Mr.
แพทย์หญิง Dr.
นาง Mrs.
นางสาว Ms.
นาย Mr.
นาย Mr.
นาย Mr.
นางสาว Ms.
นางสาว Ms.
นางสาว Miss
นายแพทย์ Dr.
นาย Mr.
แพทย์หญิง Dr.
นาย Mr.
นาย Mr.
นาย Mr.
นาย Mr.
นาย Mr.
นางสาว Ms.
นางสาว Ms.
นาง Mrs.
นาง Mrs.
นางสาว Ms.
นาย Mr.
นางสาว Miss
นาง Mrs.
นาย Mr.
นาง Mrs.
นางสาว Miss
นาง Mrs.
นาย Mr.
นาย Mr.
