5: 2221 0999 8991 8082 8532 6174
5: 0010 0999 8991 8082 8532 6174
5: 0100 0999 8991 8082 8532 6174
4: 1001 1089 9621 8352 6174
5: 1110 0999 8991 8082 8532 6174
4: 9000 8991 8082 8532 6174
4: 9990 8991 8082 8532 6174
4: 0999 8991 8082 8532 6174
4: 0099 9801 9621 8352 6174
4: 0009 8991 8082 8532 6174
5: 1112 0999 8991 8082 8532 6174
5: 8999 0999 8991 8082 8532 6174
6: 0006 5994 5355 1998 8082 8532 6174
6: 0060 5994 5355 1998 8082 8532 6174
6: 0600 5994 5355 1998 8082 8532 6174
6: 6000 5994 5355 1998 8082 8532 6174
4: 2000 1998 8082 8532 6174
6: 3330 2997 7173 6354 3087 8352 6174
5: 4443 0999 8991 8082 8532 6174
5: 5554 0999 8991 8082 8532 6174
