2: 9171 8532 6174
5: 0188 8622 6354 3087 8352 6174
3: 7760 7083 8352 6174
7: 8573 5175 5994 5355 1998 8082 8532 6174
7: 4933 6084 8172 7443 3996 6264 4176 6174
4: 8892 6993 6264 4176 6174
3: 6890 9171 8532 6174
5: 3783 5355 1998 8082 8532 6174
3: 1548 7083 8352 6174
6: 6138 7263 5265 3996 6264 4176 6174
4: 1109 8991 8082 8532 6174
6: 5527 4995 5355 1998 8082 8532 6174
3: 4185 7083 8352 6174
3: 9401 9261 8352 6174
1: 3395 6174
3: 0366 6264 4176 6174
5: 9383 6444 1998 8082 8532 6174
3: 3455 2088 8532 6174
3: 0891 9621 8352 6174
6: 9535 5994 5355 1998 8082 8532 6174
