5: 9125 8262 6354 3087 8352 6174
6: 2241 2997 7173 6354 3087 8352 6174
7: 6302 6084 8172 7443 3996 6264 4176 6174
3: 0497 9261 8352 6174
3: 2549 7083 8352 6174
7: 6314 5085 7992 7173 6354 3087 8352 6174
3: 4041 4266 4176 6174
1: 3056 6174
6: 1539 8172 7443 3996 6264 4176 6174
3: 3210 3087 8352 6174
6: 9153 8172 7443 3996 6264 4176 6174
7: 3583 5175 5994 5355 1998 8082 8532 6174
7: 7276 5085 7992 7173 6354 3087 8352 6174
7: 3026 6084 8172 7443 3996 6264 4176 6174
6: 6307 7263 5265 3996 6264 4176 6174
3: 2059 9261 8352 6174
6: 1038 8172 7443 3996 6264 4176 6174
7: 3514 4086 8172 7443 3996 6264 4176 6174
3: 8607 8082 8532 6174
3: 2956 7083 8352 6174
