5: 3114 3177 6354 3087 8352 6174
7: 2878 6084 8172 7443 3996 6264 4176 6174
5: 2212 0999 8991 8082 8532 6174
7: 9004 9351 8172 7443 3996 6264 4176 6174
5: 8140 8262 6354 3087 8352 6174
6: 5917 8172 7443 3996 6264 4176 6174
7: 0085 8442 5994 5355 1998 8082 8532 6174
5: 0570 7443 3996 6264 4176 6174
2: 9557 4176 6174
5: 6047 7173 6354 3087 8352 6174
3: 0012 2088 8532 6174
4: 9304 9081 9621 8352 6174
7: 0015 5085 7992 7173 6354 3087 8352 6174
3: 8621 7353 4176 6174
7: 9084 9351 8172 7443 3996 6264 4176 6174
5: 1615 5355 1998 8082 8532 6174
4: 9995 3996 6264 4176 6174
3: 8162 7353 4176 6174
3: 6309 9261 8352 6174
5: 5891 8262 6354 3087 8352 6174
