6: 7805 8172 7443 3996 6264 4176 6174
7: 6090 9531 8172 7443 3996 6264 4176 6174
1: 3175 6174
5: 8416 7173 6354 3087 8352 6174
4: 7612 6354 3087 8352 6174
4: 9009 9801 9621 8352 6174
3: 8179 8082 8532 6174
3: 0721 7083 8352 6174
7: 3471 6084 8172 7443 3996 6264 4176 6174
7: 2960 9351 8172 7443 3996 6264 4176 6174
3: 5629 7083 8352 6174
4: 7660 6993 6264 4176 6174
6: 2338 5994 5355 1998 8082 8532 6174
3: 0157 7353 4176 6174
5: 3130 3177 6354 3087 8352 6174
7: 4957 5175 5994 5355 1998 8082 8532 6174
4: 2312 1998 8082 8532 6174
5: 9548 5265 3996 6264 4176 6174
3: 4121 3087 8352 6174
6: 7554 2997 7173 6354 3087 8352 6174
