7: 0159 9351 8172 7443 3996 6264 4176 6174
4: 2132 1998 8082 8532 6174
2: 0488 8352 6174
3: 9907 9171 8532 6174
7: 4799 5175 5994 5355 1998 8082 8532 6174
1: 8325 6174
6: 2667 4995 5355 1998 8082 8532 6174
5: 8336 5265 3996 6264 4176 6174
6: 1474 5994 5355 1998 8082 8532 6174
6: 0808 8712 7443 3996 6264 4176 6174
7: 9489 5085 7992 7173 6354 3087 8352 6174
7: 4735 4086 8172 7443 3996 6264 4176 6174
7: 9893 6084 8172 7443 3996 6264 4176 6174
4: 6510 6354 3087 8352 6174
7: 3989 6084 8172 7443 3996 6264 4176 6174
4: 0933 8991 8082 8532 6174
2: 8400 8352 6174
7: 7912 8442 5994 5355 1998 8082 8532 6174
2: 8820 8532 6174
7: 4933 6084 8172 7443 3996 6264 4176 6174
