5: 3552 3177 6354 3087 8352 6174
7: 0928 9531 8172 7443 3996 6264 4176 6174
7: 6738 5085 7992 7173 6354 3087 8352 6174
4: 2176 6354 3087 8352 6174
3: 2695 7083 8352 6174
3: 8910 9621 8352 6174
6: 9344 5994 5355 1998 8082 8532 6174
7: 2351 4086 8172 7443 3996 6264 4176 6174
6: 8566 2997 7173 6354 3087 8352 6174
7: 0344 4086 8172 7443 3996 6264 4176 6174
3: 0675 7083 8352 6174
6: 0633 5994 5355 1998 8082 8532 6174
3: 7966 3087 8352 6174
1: 4282 6174
3: 1750 7353 4176 6174
6: 8350 8172 7443 3996 6264 4176 6174
4: 2204 3996 6264 4176 6174
4: 0744 6993 6264 4176 6174
2: 4200 4176 6174
4: 2444 1998 8082 8532 6174
