6: 9528 7263 5265 3996 6264 4176 6174
3: 9282 7533 4176 6174
3: 1887 7083 8352 6174
3: 6632 4266 4176 6174
2: 3807 8352 6174
3: 3396 6264 4176 6174
3: 9680 9171 8532 6174
3: 1800 8082 8532 6174
3: 5148 7083 8352 6174
6: 2192 7992 7173 6354 3087 8352 6174
5: 8813 7443 3996 6264 4176 6174
5: 2156 5265 3996 6264 4176 6174
3: 9176 8082 8532 6174
3: 1832 7083 8352 6174
6: 3801 8172 7443 3996 6264 4176 6174
6: 6886 2178 7443 3996 6264 4176 6174
5: 6533 3177 6354 3087 8352 6174
3: 1774 6264 4176 6174
1: 3171 6174
3: 3895 6264 4176 6174
