7: 4715 6084 8172 7443 3996 6264 4176 6174
6: 1711 5994 5355 1998 8082 8532 6174
7: 9894 5085 7992 7173 6354 3087 8352 6174
7: 1316 5175 5994 5355 1998 8082 8532 6174
2: 3140 4176 6174
2: 1951 8352 6174
3: 0740 7353 4176 6174
5: 7024 7173 6354 3087 8352 6174
4: 8789 1998 8082 8532 6174
7: 4658 4086 8172 7443 3996 6264 4176 6174
3: 9918 8082 8532 6174
7: 2340 4086 8172 7443 3996 6264 4176 6174
3: 9231 8082 8532 6174
6: 8866 2178 7443 3996 6264 4176 6174
3: 6173 6264 4176 6174
3: 6603 6264 4176 6174
2: 3991 8532 6174
6: 1013 2997 7173 6354 3087 8352 6174
5: 8383 5445 1089 9621 8352 6174
6: 7360 7263 5265 3996 6264 4176 6174
