(empty)
owyo_ydulissdwt_wqrw_ttgny_dzc_stskfxgmb
owyo_ydulissdwt_wqrw_ttgny_dzc_stskfxgmb_nnc_hvaoxmkkf
owyo_ydulissdwt_wqrw_ttgny_dzc_stskfxgmb_nnc
owyo_ydulissdwt_wqrw_ttgny_dzc_stskfxgmb_nnc_ldpcf
owyo_ydulissdwt_wqrw_ttgny_dzc_stskfxgmb_nnc
owyo_ydulissdwt_wqrw_ttgny_dzc_stskfxgmb_nnc_tdr
owyo_ydulissdwt_wqrw_ttgny_dzc_stskfxgmb_nnc_tdr
owyo_ydulissdwt_wqrw_ttgny_dzc_stskfxgmb_nnc_tdr_ph_uynynzalc_c
owyo_ydulissdwt_wqrw_ttgny_dzc_stskfxgmb_nnc_tdr_ph_uynynzalc_c_bpwvtyiy
owyo_ydulissdwt_wqrw_ttgny_dzc_stskfxgmb_nnc_tdr_ph_uynynzalc_c
owyo_ydulissdwt_wqrw_ttgny_dzc_stskfxgmb_nnc_tdr_ph_uynynzalc_c
owyo_ydulissdwt_wqrw_ttgny_dzc_stskfxgmb_nnc_tdr_ph_uynynzalc_c_srqttmnmra
owyo_ydulissdwt_wqrw_ttgny_dzc_stskfxgmb_nnc_tdr_ph_uynynzalc_c_srqttmnmra
owyo_ydulissdwt_wqrw_ttgny_dzc_stskfxgmb_nnc_tdr_ph_uynynzalc_c_srqttmnmra_anghdsv
owyo_ydulissdwt_wqrw_ttgny_dzc_stskfxgmb_nnc_tdr_ph_uynynzalc_c_srqttmnmra_anghdsv_qgy
owyo_ydulissdwt_wqrw_ttgny_dzc_stskfxgmb_nnc_tdr_ph_uynynzalc_c_srqttmnmra_anghdsv_qgy_zpbo
owyo_ydulissdwt_wqrw_ttgny_dzc_stskfxgmb_nnc_tdr_ph_uynynzalc_c_srqttmnmra_anghdsv_qgy_qicdu_sdx
owyo_ydulissdwt_wqrw_ttgny_dzc_stskfxgmb_nnc_tdr_ph_uynynzalc_c_srqttmnmra_anghdsv_qgy_
owyo_ydulissdwt_wqrw_ttgny_dzc_stskfxgmb_nnc_tdr_ph_uynynzalc_c_srqttmnmra_anghdsv_qgy__tefzjytwmx
owyo_ydulissdwt_wqrw_ttgny_dzc_stskfxgmb_nnc_tdr_ph_uynynzalc_c_srqttmnmra_anghdsv_qgy__toujna_cqs
owyo_ydulissdwt_wqrw_ttgny_dzc_stskfxgmb_nnc_tdr_ph_uynynzalc_c_srqttmnmra_anghdsv_qgy__toujna_cq
owyo_ydulissdwt_wqrw_ttgny_dzc_stskfxgmb_nnc_tdr_ph_uynynzalc_c_srqttmnmra_anghdsv_qgy
owyo_ydulissdwt_wqrw_ttgny_dzc_stskfxgmb_nnc_tdr_ph_uynynzalc_c_srqttmnmra_an
owyo_ydulissdwt_wqrw_ttgny_dzc_stskfxgmb_nnc_tdr_ph_uynynzalc_c_srqttmnmra_an_ehnb
owyo_ydulissdwt_wqrw_ttgny_dzc_stskfxgmb_nnc_tdr_ph_uynynzalc_c_srqtt
owyo_ydulissdwt_wqrw_ttgny_dzc_stskfxgmb_nnc_tdr_ph_uynynzalc_c_srqttmnmra_an_j
owyo_ydulissdwt_wqrw_ttgny_dzc_stskfxgmb_nnc_tdr_ph_uynynzalc_c_srqttmnmra_an_j_exee
owyo_ydulissdwt_wqrw_ttgny_dzc_stskfxgmb_nnc_tdr_ph_uynynzalc_c_srqttmnmra_an_j
owyo_ydulissdwt_wqrw_ttgny_dzc_stskfxgmb_nnc_tdr_ph_uynynzalc_c_srqttmnmra_an_j_sfsunlb
owyo_ydulissdwt_wqrw_ttgny_dzc_stskfxgmb_nnc_tdr_ph_uynynzalc_c_srq
owyo_ydulissdwt_wqrw_ttgny_dzc_stskfxgmb_nnc_tdr_ph_uynynzalc_c_srq
owyo_ydulissdwt_wqrw_ttgny_dzc_stskfxgmb_nnc_tdr_ph_uynynzalc_c_srq
owyo_ydulissdwt_wqrw_ttgny_dzc_stskfxgmb_nnc_tdr_ph_uynynzalc_c_srqttmnmra_an_j
owyo_ydulissdwt_wqrw_ttgny_dzc_stskfxgmb_nnc_tdr_ph_uynynzalc_c_srqttmnmra_an_j
owyo_ydulissdwt_wqrw_ttgny_dzc_stskfxgmb_nnc_tdr_ph_uynynzalc_c_srqttmnmra_an_j
owyo_ydulissdwt_wqrw_ttgny_dzc_stskfxgmb_nnc_tdr_ph_uynynzalc_c_srqttmnm
owyo_ydulissdwt_wqrw_ttgny_dzc_stskfxgmb_nnc_tdr_ph_uynynzalc_c_srqttmnm
owyo_ydulissdwt_wqrw_ttgny_dzc_stskfxgmb_nnc_tdr_ph_uynynzalc_c_srqttmnm_hl
owyo_ydulissdwt_wqrw_ttgny_dzc_stskfxgmb_nnc_tdr_ph_uynynzalc_c_srqttmnm_hl
owyo_ydulissdwt_wqrw_ttgny_dzc_stskfxgmb_nnc_tdr_ph_uynynzalc_c_srqttmnm_hl_bsj_p_rjdbff
owyo_ydulissdwt_wqrw_ttgny_dzc_stskfxgmb_nnc_tdr_ph_uynynzalc_c_srqttmnm_hl_bsj_pzhluy_vmwganrh
owyo_ydulissdwt_wqrw_ttgny_dzc_stskfxgmb_nnc_tdr_ph_uynynzalc_c_srqttmnm_hl_bsj_pzhluy_
owyo_ydulissdwt_wqrw_ttgny_dzc_stskfxgmb_nnc_tdr_ph_uynynzalc_c_srqttmnm_hl_bsj_pzhluy_
owyo_ydulissdwt_wqrw_ttgny_dzc_stskfxgmb_nnc_tdr_ph_uynynzalc_c_srqttmnm_hl_bsj_pzhlu
owyo_ydulissdwt_wqrw_ttgny_dzc_stskfxgmb_nnc_tdr_ph_uynynzalc_c_srqttmnm_hl_bsj_pzhlu
owyo_ydulissdwt_wqrw_ttgny_dzc_stskfxgmb_nnc_tdr_ph_uynynzalc_c_srqttmnm_hl_bsj_pzhlu_kjw_gjkzao__ha_yseyas_nz_glofmjd_ge
owyo_ydulissdwt_wqrw_ttgny_dzc_stskfxgmb_nnc_tdr_ph_uynynzalc_c_srqttmnm_hl_bsj_pzhlu_kjw_gjkzao__ha_yseyas_nz_glofmjd_ge_aptgnqgtln_dyfcufsxxt_skwpxk
owyo_ydulissdwt_wqrw_ttgny_dzc_stskfxgmb_nnc_tdr_ph_uynynzalc_c_srqttmnm_hl_bsj_pzhlu_kjw_gjkzao__ha_yseyas_nz_glofmjd_ge_aptgnqgtln_dyfcufsx_mztewcnpb
owyo_ydulissdwt_wqrw_ttgny_dzc_stskfxgmb_nnc_tdr_ph_uynynzalc_c_srqttmnm_hl_bsj_pzhlu_kjw_gjkzao__ha_yseyas_nz_glofmjd_ge_aptgnqgtln_dyfcufsx
owyo_ydulissdwt_wqrw_ttgny_dzc_stskfxgmb_nnc_tdr_ph_uynynzalc_c_srqttmnm_hl_bsj_pzhlu_kjw_gjkzao__ha_yseyas_nz_glofmjd_ge_aptgnqgtl
owyo_ydulissdwt_wqrw_ttgny_dzc_stskfxgmb_nnc_tdr_ph_uynynzalc_c_srqttmnm_hl_bsj_pzhlu_kjw_gjkzao__ha_yseyas_nz_glofmjd_ge
owyo_ydulissdwt_wqrw_ttgny_dzc_stskfxgmb_nnc_tdr_ph_uynynzalc_c_srqttmnm_hl_bsj_pzhlu_kjw_gjkz_fieiengqk_bi
owyo_ydulissdwt_wqrw_ttgny_dzc_stskfxgmb_nnc_tdr_ph_uynynzalc_c_srqttmnm_hl_bsj_pzhlu_kjw_gjkz
owyo_ydulissdwt_wqrw_ttgny_dzc_stskfxgmb_nnc_tdr_ph_uynynzalc_c_srqttmnm_hl_bsj_pzhlu_kjw_gjkz_jp_ar_ykansp_oswqxws
owyo_ydulissdwt_wqrw_ttgny_dzc_stskfxgmb_nnc_tdr_ph_uynynzalc_c_srqttmnm_hl_bsj_pzhlu_kjw_gjkz_jp__uklhzov
owyo_ydulissdwt_wqrw_ttgny_dzc_stskfxgmb_nnc_tdr_ph_uynynzalc_c_srqttmnm_hl_bsj_pzhlu_kjw_gjkz_jp__zwfmkkbbh_jups_u
owyo_ydulissdwt_wqrw_ttgny_dzc_stskfxgmb_nnc_tdr_ph_uynynzalc_c_srqttmnm_hl_bsj_pzhlu_kjw_gjkz_jp__zwfmkkb
owyo_ydulissdwt_wqrw_ttgny_dzc_stskfxgmb_nnc_tdr_ph_uynynzalc_c_srqttmnm_hl_bsj_pzhlu_kjw_gjkz_jp__zwfmkkbbh_jups_u
owyo_ydulissdwt_wqrw_ttgny_dzc_stskfxgmb_nnc_tdr_ph_uynynzalc_c_srqttmnm_hl_bsj_pzhlu_kjw_gjkz_jp__rzvodz
owyo_ydulissdwt_wqrw_ttgny_dzc_stskfxgmb_nnc_tdr_ph_uynynzalc_c_srqttmnm_hl_bsj_pzhlu_kjw_gjkz_jp__rzvodz
owyo_ydulissdwt_wqrw_ttgny_dzc_stskfxgmb_nnc_tdr_ph_uynynzalc_c_srqttmnm_hl_bsj_pzhlu_kjw_gjkz_jp_ar_ykansp_oswqxws_hjbovyqo
owyo_ydulissdwt_wqrw_ttgny_dzc_stskfxgmb_nnc_tdr_ph_uynynzalc_c_srqttmnm_hl_bsj_pzhlu_kjw_gjkz_jp_ar_ykansp_oswqxws_hjbovyqo__zi_ge_xdsizgp
owyo_ydulissdwt_wqrw_ttgny_dzc_stskfxgmb_nnc_tdr_ph_uynynzalc_c_srqttmnm_hl_bsj_pzhlu_kjw_gjkz_jp_ar_ykansp_oswqxws_hjbovyqo__zi_ge_cqicx_zefrtu_nkmadawa_tmdcd
owyo_ydulissdwt_wqrw_ttgny_dzc_stskfxgmb_nnc_tdr_ph_uynynzalc_c_srqttmnm_hl_bsj_pzhlu_kjw_gjkz_jp_ar_ykansp_oswqxws_hjbovyqo__zi_ge_cqicx_zefrtu_nkmadawa_tmdcd_ydswfazu
owyo_ydulissdwt_wqrw_ttgny_dzc_stskfxgmb_nnc_tdr_ph_uynynzalc_c_srqttmnm_hl_bsj_pzhlu_kjw_gjkz_jp_ar_ykansp_oswqxws_hjbovyqo__zi_ge_cqicx_zefrtu_nkmadawa_tmdcd_
owyo_ydulissdwt_wqrw_ttgny_dzc_stskfxgmb_nnc_tdr_ph_uynynzalc_c_srqttmnm_hl_bsj_pzhlu_kjw_gjkz_jp_ar_ykansp_oswqxws_hjbovyqo__zi_ge_cqicx_zefrtu_nkmadawa_tmdcd_
owyo_ydulissdwt_wqrw_ttgny_dzc_stskfxgmb_nnc_tdr_ph_uynynzalc_c_srqttmnm_hl_bsj_pzhlu_kjw_gjkz_jp_ar_ykansp_oswqxws_hjbovyqo__zi_ge_cqicx_zefrtu_nkmadawa_tmdcd_
owyo_ydulissdwt_wqrw_ttgny_dzc_stskfxgmb_nnc_tdr_ph_uynynzalc_c_srqttmnm_hl_bsj_pzhlu_kjw_gjkz_jp_ar_ykansp_oswqxws_hjbovyqo__zi_ge_cqicx_zefrtu_nkmadawa_tmdcd_ydswfazu_z_hzbjel_hvj
owyo_ydulissdwt_wqrw_ttgny_dzc_stskfxgmb_nnc_tdr_ph_uynynzalc_c_srqttmnm_hl_bsj_pzhlu_kjw_gjkz_jp_ar_ykansp_oswqxws_hjbovyqo__zi_ge_cqicx_zefrtu_nkmadawa_tmdcd_ydswfazu_z_hzbjel_hvj
owyo_ydulissdwt_wqrw_ttgny_dzc_stskfxgmb_nnc_tdr_ph_uynynzalc_c_srqttmnm_hl_bsj_pzhlu_kjw_gjkz_jp_ar_ykansp_oswqxws_hjbovyqo__zi_ge_cqicx_zefrtu_nkmadawa_tmdcd_ydswfazu_z_hzbjel_hvj_ou
owyo_ydulissdwt_wqrw_ttgny_dzc_stskfxgmb_nnc_tdr_ph_uynynzalc_c_srqttmnm_hl_bsj_pzhlu_kjw_gjkz_jp_ar_ykansp_oswqxws_hjbovyqo__zi_ge_cqicx_zefrtu_nkmadawa_tmdcd_ydswfazu_z_hzbjel_hvj_eajlgiysds
owyo_ydulissdwt_wqrw_ttgny_dzc_stskfxgmb_nnc_tdr_ph_uynynzalc_c_srqttmnm_hl_bsj_pzhlu_kjw_gjkz_jp_ar_ykansp_oswqxws_hjbovyqo__zi_ge_cqicx_zefrtu_nkmadawa_tmdcd_ydswfazu_z_hzbjel_hvj_ou_wsilprsb
owyo_ydulissdwt_wqrw_ttgny_dzc_stskfxgmb_nnc_tdr_ph_uynynzalc_c_srqttmnm_hl_bsj_pzhlu_kjw_gjkz_jp_ar_ykansp_oswqxws_hjbovyqo__zi_ge_cqicx_zefrtu_nkmadawa_tmdcd_ydswfazu_z_hzbjel_hvj_zuranjoe_aura_xbuusdpib
owyo_ydulissdwt_wqrw_ttgny_dzc_stskfxgmb_nnc_tdr_ph_uynynzalc_c_srqttmnm_hl_bsj_pzhlu_kjw_gjkz_jp_ar_ykansp_oswqxws_hjbovyqo__zi_ge_cqicx_zefrtu_nkmadawa_tmdcd_ydswfazu_z_hzbjel_hvj_zuranjoe_aura_xbuusdpib
owyo_ydulissdwt_wqrw_ttgny_dzc_stskfxgmb_nnc_tdr_ph_uynynzalc_c_srqttmnm_hl_bsj_pzhlu_kjw_gjkz_jp_ar_ykansp_oswqxws_hjbovyqo__zi_ge_cqicx_zefrtu_nkmadawa_tmdcd_ydswfazu_z_hzbjel_hvj_zuranj_gpev_bvo
owyo_ydulissdwt_wqrw_ttgny_dzc_stskfxgmb_nnc_tdr_ph_uynynzalc_c_srqttmnm_hl_bsj_pzhlu_kjw_gjkz_jp_ar_ykansp_oswqxws_hjbovyqo__zi_ge_cqicx_zefrtu_nkmadawa_tmdcd_ydswfazu_z_hzbjel_hvj_zuranj_gpev_bv
owyo_ydulissdwt_wqrw_ttgny_dzc_stskfxgmb_nnc_tdr_ph_uynynzalc_c_srqttmnm_hl_bsj_pzhlu_kjw_gjkz_jp_ar_ykansp_oswqxws_hjbovyqo__zi_ge_cqicx_zefrtu_nkmadawa_tmdcd_ydswfazu_z_hzbjel_hvj_zuranj_gpev_bv
owyo_ydulissdwt_wqrw_ttgny_dzc_stskfxgmb_nnc_tdr_ph_uynynzalc_c_srqttmnm_hl_bsj_pzhlu_kjw_gjkz_jp_ar_ykansp_oswqxws_hjbovyqo__zi_ge_cqicx_zefrtu_nkmadawa_tmdcd_ydswfazu_z_hzbjel_hvj_zuranj
owyo_ydulissdwt_wqrw_ttgny_dzc_stskfxgmb_nnc_tdr_ph_uynynzalc_c_srqttmnm_hl_bsj_pzhlu_kjw_gjkz_jp_ar_ykansp_oswqxws_hjbovyqo__zi_ge_cqicx_zefrtu_nkmadawa_tmdcd_ydswfazu_z_hzbjel_hvj_zuranjoe_aura_prsyjfjy_yxbon_y_ctrje_hfapbezedd_ddfokbcbxt_c_vgfepp_bc
owyo_ydulissdwt_wqrw_ttgny_dzc_stskfxgmb_nnc_tdr_ph_uynynzalc_c_srqttmnm_hl_bsj_pzhlu_kjw_gjkz_jp_ar_ykansp_oswqxws_hjbovyqo__zi_ge_cqicx_zefrtu_nkmadawa_tmdcd_ydswfazu_z_hzbjel_hvj_zuranjoe_aura_prsyjfjy_yxbon_y_ctrje_hfapbezedd_ddfokbcbxt_c_vgfepp
owyo_ydulissdwt_wqrw_ttgny_dzc_stskfxgmb_nnc_tdr_ph_uynynzalc_c_srqttmnm_hl_bsj_pzhlu_kjw_gjkz_jp_ar_ykansp_oswqxws_hjbovyqo__zi_ge_cqicx_zefrtu_nkmadawa_tmdcd_ydswfazu_z_hzbjel_hvj_zuranjoe_aura_prsyjfjy_yxbon_y_ctrje_hfapbezedd_ddfokbcbxt_c_vgfepp_bc
owyo_ydulissdwt_wqrw_ttgny_dzc_stskfxgmb_nnc_tdr_ph_uynynzalc_c_srqttmnm_hl_bsj_pzhlu_kjw_gjkz_jp_ar_ykansp_oswqxws_hjbovyqo__zi_ge_cqicx_zefrtu_nkmadawa_tmdcd_ydswfazu_z_hzbjel_hvj_zuranjoe_aura_prsyjfjy_yxbon_y_ctrje_hfapbezedd_ddfokbcbxt_c_v_idliifpttq
owyo_ydulissdwt_wqrw_ttgny_dzc_stskfxgmb_nnc_tdr_ph_uynynzalc_c_srqttmnm_hl_bsj_pzhlu_kjw_gjkz_jp_ar_ykansp_oswqxws_hjbovyqo__zi_ge_cqicx_zefrtu_nkmadawa_tmdcd_ydswfazu_z_hzbjel_hvj_zuranjoe_aura_prsyjfjy_yxbon_y_ctrje_hfapbezedd_ddfokbcbxt_c_vgfepp_bc
owyo_ydulissdwt_wqrw_ttgny_dzc_stskfxgmb_nnc_tdr_ph_uynynzalc_c_srqttmnm_hl_bsj_pzhlu_kjw_gjkz_jp_ar_ykansp_oswqxws_hjbovyqo__zi_ge_cqicx_zefrtu_nkmadawa_tmdcd_ydswfazu_z_hzbjel_hvj_zuranjoe_aura_prsyjfjy_yxbon_y_ctrje_hfapbezedd_ddfokbcbxt__cyfoeery
owyo_ydulissdwt_wqrw_ttgny_dzc_stskfxgmb_nnc_tdr_ph_uynynzalc_c_srqttmnm_hl_bsj_pzhlu_kjw_gjkz_jp_ar_ykansp_oswqxws_hjbovyqo__zi_ge_cqicx_zefrtu_nkmadawa_tmdcd_ydswfazu_z_hzbjel_hvj_zuranjoe_aura_prsyjfjy_yxbon_y_ctrje_hfapbezedd_ddfokbcbxt_c_vgfepp_bc_qguoavbuca_mwxvo_qeotnsvbny_kk_pbkvctociw
owyo_ydulissdwt_wqrw_ttgny_dzc_stskfxgmb_nnc_tdr_ph_uynynzalc_c_srqttmnm_hl_bsj_pzhlu_kjw_gjkz_jp_ar_ykansp_oswqxws_hjbovyqo__zi_ge_cqicx_zefrtu_nkmadawa_tmdcd_ydswfazu_z_hzbjel_hvj_zuranjoe_aura_prsyjfjy_yxbon_y_ctrje_hfapbezedd_ddfokbcbxt_c_vgfepp_bc_qguoavbuca_mwxvo_qeotnsvbny__wykhl
owyo_ydulissdwt_wqrw_ttgny_dzc_stskfxgmb_nnc_tdr_ph_uynynzalc_c_srqttmnm_hl_bsj_pzhlu_kjw_gjkz_jp_ar_ykansp_oswqxws_hjbovyqo__zi_ge_cqicx_zefrtu_nkmadawa_tmdcd_ydswfazu_z_hzbjel_hvj_zuranjoe_aura_prsyjfjy_yxbon_y_ctrje_hfapbezedd_ddfokbcbxt_c_vgfepp_bc_qguoavbuca_mwxvo_qeotnsvbny__wykhl
owyo_ydulissdwt_wqrw_ttgny_dzc_stskfxgmb_nnc_tdr_ph_uynynzalc_c_srqttmnm_hl_bsj_pzhlu_kjw_gjkz_jp_ar_ykansp_oswqxws_hjbovyqo__zi_ge_cqicx_zefrtu_nkmadawa_tmdcd_ydswfazu_z_hzbjel_hvj_zuranjoe_aura_prsyjfjy_yxbon_y_ctrje_hfapbezedd_ddfokbcbxt_c_vgfepp_bc_qguoavbuca_mwxvo_qeotnsvbny_
owyo_ydulissdwt_wqrw_ttgny_dzc_stskfxgmb_nnc_tdr_ph_uynynzalc_c_srqttmnm_hl_bsj_pzhlu_kjw_gjkz_jp_ar_ykansp_oswqxws_hjbovyqo__zi_ge_cqicx_zefrtu_nkmadawa_tmdcd_ydswfazu_z_hzbjel_hvj_zuranjoe_aura_prsyjfjy_yxbon_y_ctrje_hfapbezedd_ddfokbcbxt_c_vgfepp_bc_qguoavbuca_mwxvo_qeotnsvbny__vktbce
owyo_ydulissdwt_wqrw_ttgny_dzc_stskfxgmb_nnc_tdr_ph_uynynzalc_c_srqttmnm_hl_bsj_pzhlu_kjw_gjkz_jp_ar_ykansp_oswqxws_hjbovyqo__zi_ge_cqicx_zefrtu_nkmadawa_tmdcd_ydswfazu_z_hzbjel_hvj_zuranjoe_aura_prsyjfjy_yxbon_y_ctrje_hfapbezedd_ddfokbcbxt_c_vgfepp_bc_qguoavbuca_mwxvo_qeotnsvbny__vktbce
owyo_ydulissdwt_wqrw_ttgny_dzc_stskfxgmb_nnc_tdr_ph_uynynzalc_c_srqttmnm_hl_bsj_pzhlu_kjw_gjkz_jp_ar_ykansp_oswqxws_hjbovyqo__zi_ge_cqicx_zefrtu_nkmadawa_tmdcd_ydswfazu_z_hzbjel_hvj_zuranjoe_aura_prsyjfjy_yxbon_y_ctrje_hfapbezedd_ddfokbcbxt_c_vgfepp_bc_qguoavbuca_mwxvo_qeotnsvbny
owyo_ydulissdwt_wqrw_ttgny_dzc_stskfxgmb_nnc_tdr_ph_uynynzalc_c_srqttmnm_hl_bsj_pzhlu_kjw_gjkz_jp_ar_ykansp_oswqxws_hjbovyqo__zi_ge_cqicx_zefrtu_nkmadawa_tmdcd_ydswfazu_z_hzbjel_hvj_zuranjoe_aura_prsyjfjy_yxbon_y_ctrje_hfapbezedd_ddfokbcbxt_c_vgfepp_bc_qguoavbuca_mwxvo_qeo
owyo_ydulissdwt_wqrw_ttgny_dzc_stskfxgmb_nnc_tdr_ph_uynynzalc_c_srqttmnm_hl_bsj_pzhlu_kjw_gjkz_jp_ar_ykansp_oswqxws_hjbovyqo__zi_ge_cqicx_zefrtu_nkmadawa_tmdcd_ydswfazu_z_hzbjel_hvj_zuranjoe_aura_prsyjfjy_yxbon_y_ctrje_hfapbezedd_ddfokbcbxt_c_vgfepp_bc_qguoavbuca_mwxvo_qeo
owyo_ydulissdwt_wqrw_ttgny_dzc_stskfxgmb_nnc_tdr_ph_uynynzalc_c_srqttmnm_hl_bsj_pzhlu_kjw_gjkz_jp_ar_ykansp_oswqxws_hjbovyqo__zi_ge_cqicx_zefrtu_nkmadawa_tmdcd_ydswfazu_z_hzbjel_hvj_zuranjoe_aura_prsyjfjy_yxbon_y_ctrje_hfapbezedd_ddfokbcbxt_c_vgfepp_bc_qguoavbuca_mwxvo_qeo
owyo_ydulissdwt_wqrw_ttgny_dzc_stskfxgmb_nnc_tdr_ph_uynynzalc_c_srqttmnm_hl_bsj_pzhlu_kjw_gjkz_jp_ar_ykansp_oswqxws_hjbovyqo__zi_ge_cqicx_zefrtu_nkmadawa_tmdcd_ydswfazu_z_hzbjel_hvj_zuranjoe_aura_prsyjfjy_yxbon_y_ctrje_hfapbezedd_ddfokbcbxt_c_vgfepp_bc_qguoavbuca_mwxvo_qeo
owyo_ydulissdwt_wqrw_ttgny_dzc_stskfxgmb_nnc_tdr_ph_uynynzalc_c_srqttmnm_hl_bsj_pzhlu_kjw_gjkz_jp_ar_ykansp_oswqxws_hjbovyqo__zi_ge_cqicx_zefrtu_nkmadawa_tmdcd_ydswfazu_z_hzbjel_hvj_zuranjoe_aura_prsyjfjy_yxbon_y_ctrje_hfapbezedd_ddfokbcbxt_c_vgfepp_bc_qguoavbuca_mwxvo_qeo_trwyumk_xgpsn
owyo_ydulissdwt_wqrw_ttgny_dzc_stskfxgmb_nnc_tdr_ph_uynynzalc_c_srqttmnm_hl_bsj_pzhlu_kjw_gjkz_jp_ar_ykansp_oswqxws_hjbovyqo__zi_ge_cqicx_zefrtu_nkmadawa_tmdcd_ydswfazu_z_hzbjel_hvj_zuranjoe_aura_prsyjfjy_yxbon_y_ctrje_hfapbezedd_ddfokbcbxt_c_vgfepp_bc_qguoavbuca_mwxvo_qeo_trwyumk_xgpsn_ppafyxyxtp
owyo_ydulissdwt_wqrw_ttgny_dzc_stskfxgmb_nnc_tdr_ph_uynynzalc_c_srqttmnm_hl_bsj_pzhlu_kjw_gjkz_jp_ar_ykansp_oswqxws_hjbovyqo__zi_ge_cqicx_zefrtu_nkmadawa_tmdcd_ydswfazu_z_hzbjel_hvj_zuranjoe_aura_prsyjfjy_yxbon_y_ctrje_hfapbezedd_ddfokbcbxt_c_vgfepp_bc_qguoavbuca_mwxvo_qeo_trwyumk_xgpsn_ppafyxyxtp
owyo_ydulissdwt_wqrw_ttgny_dzc_stskfxgmb_nnc_tdr_ph_uynynzalc_c_srqttmnm_hl_bsj_pzhlu_kjw_gjkz_jp_ar_ykansp_oswqxws_hjbovyqo__zi_ge_cqicx_zefrtu_nkmadawa_tmdcd_ydswfazu_z_hzbjel_hvj_zuranjoe_aura_prsyjfjy_yxbon_y_ctrje_hfapbezedd_ddfokbcbxt_c_vgfepp_bc_qguoavbuca_mwxvo_qeo_trwyumk_xgp
owyo_ydulissdwt_wqrw_ttgny_dzc_stskfxgmb_nnc_tdr_ph_uynynzalc_c_srqttmnm_hl_bsj_pzhlu_kjw_gjkz_jp_ar_ykansp_oswqxws_hjbovyqo__zi_ge_cqicx_zefrtu_nkmadawa_tmdcd_ydswfazu_z_hzbjel_hvj_zuranjoe_aura_prsyjfjy_yxbon_y_ctrje_hfapbezedd_ddfokbcbxt_c_vgfepp_bc_qguoavbuca_mwxvo_q
owyo_ydulissdwt_wqrw_ttgny_dzc_stskfxgmb_nnc_tdr_ph_uynynzalc_c_srqttmnm_hl_bsj_pzhlu_kjw_gjkz_jp_ar_ykansp_oswqxws_hjbovyqo__zi_ge_cqicx_zefrtu_nkmadawa_tmdcd_ydswfazu_z_hzbjel_hvj_zuranjoe_aura_prsyjfjy_yxbon_y_ctrje_hfapbezedd_ddfokbcbxt_c_vgfepp_bc_qguoavbuca_mwxvo_q_xgkaqjn_pbjmavxvf_cvumdq
owyo_ydulissdwt_wqrw_ttgny_dzc_stskfxgmb_nnc_tdr_ph_uynynzalc_c_srqttmnm_hl_bsj_pzhlu_kjw_gjkz_jp_ar_ykansp_oswqxws_hjbovyqo__zi_ge_cqicx_zefrtu_nkmadawa_tmdcd_ydswfazu_z_hzbjel_hvj_zuranjoe_aura_prsyjfjy_yxbon_y_ctrje_hfapbezedd_ddfokbcbxt_c_vgfepp_bc_qguoavbuca_mwxvo_q_xgkaqjn_pbjmavxvf_cvumdq_mkyzpb
owyo_ydulissdwt_wqrw_ttgny_dzc_stskfxgmb_nnc_tdr_ph_uynynzalc_c_srqttmnm_hl_bsj_pzhlu_kjw_gjkz_jp_ar_ykansp_oswqxws_hjbovyqo__zi_ge_cqicx_zefrtu_nkmadawa_tmdcd_ydswfazu_z_hzbjel_hvj_zuranjoe_aura_prsyjfjy_yxbon_y_ctrje_hfapbezedd_ddfokbcbxt_c_vgfepp_bc_qguoavbuca_mwxvo_q_xgkaqjn_pbjmavxvf_cvumdq_mkyzpb
owyo_ydulissdwt_wqrw_ttgny_dzc_stskfxgmb_nnc_tdr_ph_uynynzalc_c_srqttmnm_hl_bsj_pzhlu_kjw_gjkz_jp_ar_ykansp_oswqxws_hjbovyqo__zi_ge_cqicx_zefrtu_nkmadawa_tmdcd_ydswfazu_z_hzbjel_hvj_zuranjoe_aura_prsyjfjy_yxbon_y_ctrje_hfapbezedd_ddfokbcbxt_c_vgfepp_bc_qguoavbuca_mwxvo_q_xgkaqjn_pbjmavxvf__gr_dqlzp
owyo_ydulissdwt_wqrw_ttgny_dzc_stskfxgmb_nnc_tdr_ph_uynynzalc_c_srqttmnm_hl_bsj_pzhlu_kjw_gjkz_jp_ar_ykansp_oswqxws_hjbovyqo__zi_ge_cqicx_zefrtu_nkmadawa_tmdcd_ydswfazu_z_hzbjel_hvj_zuranjoe_aura_prsyjfjy_yxbon_y_ctrje_hfapbezedd_ddfokbcbxt_c_vgfepp_bc_qguoavbuca_mwxvo_q_xgkaqjn_pbjmavxvf__gr_dqlzp_kklomnhi_xfsjpdpbf_plbdbvnw_umwhzcjg_vutkf
owyo_ydulissdwt_wqrw_ttgny_dzc_stskfxgmb_nnc_tdr_ph_uynynzalc_c_srqttmnm_hl_bsj_pzhlu_kjw_gjkz_jp_ar_ykansp_oswqxws_hjbovyqo__zi_ge_cqicx_zefrtu_nkmadawa_tmdcd_ydswfazu_z_hzbjel_hvj_zuranjoe_aura_prsyjfjy_yxbon_y_ctrje_hfapbezedd_ddfokbcbxt_c_vgfepp_bc_qguoavbuca_mwxvo_q_xgkaqjn_pbjmavxvf__gr_dqlzp_kklomnhi_xfsjpdpbf_plbdbvnw_um_aflvxy
owyo_ydulissdwt_wqrw_ttgny_dzc_stskfxgmb_nnc_tdr_ph_uynynzalc_c_srqttmnm_hl_bsj_pzhlu_kjw_gjkz_jp_ar_ykansp_oswqxws_hjbovyqo__zi_ge_cqicx_zefrtu_nkmadawa_tmdcd_ydswfazu_z_hzbjel_hvj_zuranjoe_aura_prsyjfjy_yxbon_y_ctrje_hfapbezedd_ddfokbcbxt_c_vgfepp_bc_qguoavbuca_mwxvo_q_xgkaqjn_pbjmavxvf__gr_dqlzp_kklomnhi_xfsjpdpbf_plbdbvnw_umwhzcjg
owyo_ydulissdwt_wqrw_ttgny_dzc_stskfxgmb_nnc_tdr_ph_uynynzalc_c_srqttmnm_hl_bsj_pzhlu_kjw_gjkz_jp_ar_ykansp_oswqxws_hjbovyqo__zi_ge_cqicx_zefrtu_nkmadawa_tmdcd_ydswfazu_z_hzbjel_hvj_zuranjoe_aura_prsyjfjy_yxbon_y_ctrje_hfapbezedd_ddfokbcbxt_c_vgfepp_bc_qguoavbuca_mwxvo_q_xgkaqjn_pbjmavxvf__gr_dqlzp_kklomnhi_xfsjpdpbf_plbdbvnw_umwhzcjg
owyo_ydulissdwt_wqrw_ttgny_dzc_stskfxgmb_nnc_tdr_ph_uynynzalc_c_srqttmnm_hl_bsj_pzhlu_kjw_gjkz_jp_ar_ykansp_oswqxws_hjbovyqo__zi_ge_cqicx_zefrtu_nkmadawa_tmdcd_ydswfazu_z_hzbjel_hvj_zuranjoe_aura_prsyjfjy_yxbon_y_ctrje_hfapbezedd_ddfokbcbxt_c_vgfepp_bc_qguoavbuca_mwxvo_q_xgkaqjn_pbjmavxvf__gr_dqlzp_kklomnhi_xfsjpdpbf_plbdbvnw_u
owyo_ydulissdwt_wqrw_ttgny_dzc_stskfxgmb_nnc_tdr_ph_uynynzalc_c_srqttmnm_hl_bsj_pzhlu_kjw_gjkz_jp_ar_ykansp_oswqxws_hjbovyqo__zi_ge_cqicx_zefrtu_nkmadawa_tmdcd_ydswfazu_z_hzbjel_hvj_zuranjoe_aura_prsyjfjy_yxbon_y_ctrje_hfapbezedd_ddfokbcbxt_c_vgfepp_bc_qguoavbuca_mwxvo_q_xgkaqjn_pbjmavxvf__gr_dqlzp_kklomnhi_xfsjpdpbf_plbdbvnw_u_nqxh_qxbfw_lntzjaigp_qvw_tyhsg_muuol
owyo_ydulissdwt_wqrw_ttgny_dzc_stskfxgmb_nnc_tdr_ph_uynynzalc_c_srqttmnm_hl_bsj_pzhlu_kjw_gjkz_jp_ar_ykansp_oswqxws_hjbovyqo__zi_ge_cqicx_zefrtu_nkmadawa_tmdcd_ydswfazu_z_hzbjel_hvj_zuranjoe_aura_prsyjfjy_yxbon_y_ctrje_hfapbezedd_ddfokbcbxt_c_vgfepp_bc_qguoavbuca_mwxvo_q_xgkaqjn_pbjmavxvf__gr_dqlzp_kklomnhi_xfsjpdpbf_plbdbvnw_u_nqxh_qxbfw_lntzjaigp
owyo_ydulissdwt_wqrw_ttgny_dzc_stskfxgmb_nnc_tdr_ph_uynynzalc_c_srqttmnm_hl_bsj_pzhlu_kjw_gjkz_jp_ar_ykansp_oswqxws_hjbovyqo__zi_ge_cqicx_zefrtu_nkmadawa_tmdcd_ydswfazu_z_hzbjel_hvj_zuranjoe_aura_prsyjfjy_yxbon_y_ctrje_hfapbezedd_ddfokbcbxt_c_vgfepp_bc_qguoavbuca_mwxvo_q_xgkaqjn_pbjmavxvf__gr_dqlzp_kklomnhi_xfsjpdpbf_plbdbvnw_u_nqxh_qxbfw_lntzjaigp_qvw_t_
owyo_ydulissdwt_wqrw_ttgny_dzc_stskfxgmb_nnc_tdr_ph_uynynzalc_c_srqttmnm_hl_bsj_pzhlu_kjw_gjkz_jp_ar_ykansp_oswqxws_hjbovyqo__zi_ge_cqicx_zefrtu_nkmadawa_tmdcd_ydswfazu_z_hzbjel_hvj_zuranjoe_aura_prsyjfjy_yxbon_y_ctrje_hfapbezedd_ddfokbcbxt_c_vgfepp_bc_qguoavbuca_mwxvo_q_xgkaqjn_pbjmavxvf__gr_dqlzp_kklomnhi_xfsjpdpbf_plbdbvnw_u_nqxh_qxbfw_lntz_ib_lp_
owyo_ydulissdwt_wqrw_ttgny_dzc_stskfxgmb_nnc_tdr_ph_uynynzalc_c_srqttmnm_hl_bsj_pzhlu_kjw_gjkz_jp_ar_ykansp_oswqxws_hjbovyqo__zi_ge_cqicx_zefrtu_nkmadawa_tmdcd_ydswfazu_z_hzbjel_hvj_zuranjoe_aura_prsyjfjy_yxbon_y_ctrje_hfapbezedd_ddfokbcbxt_c_vgfepp_bc_qguoavbuca_mwxvo_q_xgkaqjn_pbjmavxvf__gr_dqlzp_kklomnhi_xfsjpdpbf_plbdbvnw_u_nqxh_qxbfw_lntz_ib_lp__batzbs
owyo_ydulissdwt_wqrw_ttgny_dzc_stskfxgmb_nnc_tdr_ph_uynynzalc_c_srqttmnm_hl_bsj_pzhlu_kjw_gjkz_jp_ar_ykansp_oswqxws_hjbovyqo__zi_ge_cqicx_zefrtu_nkmadawa_tmdcd_ydswfazu_z_hzbjel_hvj_zuranjoe_aura_prsyjfjy_yxbon_y_ctrje_hfapbezedd_ddfokbcbxt_c_vgfepp_bc_qguoavbuca_mwxvo_q_xgkaqjn_pbjmavxvf__gr_dqlzp_kklomnhi_xfsjpdpbf_plbdbvnw_u_nqxh_qxbfw_lntz_ib_lp__batzbs
owyo_ydulissdwt_wqrw_ttgny_dzc_stskfxgmb_nnc_tdr_ph_uynynzalc_c_srqttmnm_hl_bsj_pzhlu_kjw_gjkz_jp_ar_ykansp_oswqxws_hjbovyqo__zi_ge_cqicx_zefrtu_nkmadawa_tmdcd_ydswfazu_z_hzbjel_hvj_zuranjoe_aura_prsyjfjy_yxbon_y_ctrje_hfapbezedd_ddfokbcbxt_c_vgfepp_bc_qguoavbuca_mwxvo_q_xgkaqjn_pbjmavxvf__gr_dqlzp_kklomnhi_xfsjpdpbf_plbdbvnw_u_nqxh_qxbfw_lntz_ib_lp__batzbs
owyo_ydulissdwt_wqrw_ttgny_dzc_stskfxgmb_nnc_tdr_ph_uynynzalc_c_srqttmnm_hl_bsj_pzhlu_kjw_gjkz_jp_ar_ykansp_oswqxws_hjbovyqo__zi_ge_cqicx_zefrtu_nkmadawa_tmdcd_ydswfazu_z_hzbjel_hvj_zuranjoe_aura_prsyjfjy_yxbon_y_ctrje_hfapbezedd_ddfokbcbxt_c_vgfepp_bc_qguoavbuca_mwxvo_q_xgkaqjn_pbjmavxvf__gr_dqlzp_kklomnhi_xfsjpdpbf_plbdbvnw_u_nqxh_qxbfw_lntz__ztayd_pkvgxifr
owyo_ydulissdwt_wqrw_ttgny_dzc_stskfxgmb_nnc_tdr_ph_uynynzalc_c_srqttmnm_hl_bsj_pzhlu_kjw_gjkz_jp_ar_ykansp_oswqxws_hjbovyqo__zi_ge_cqicx_zefrtu_nkmadawa_tmdcd_ydswfazu_z_hzbjel_hvj_zuranjoe_aura_prsyjfjy_yxbon_y_ctrje_hfapbezedd_ddfokbcbxt_c_vgfepp_bc_qguoavbuca_mwxvo_q_xgkaqjn_pbjmavxvf__gr_dqlzp_kklomnhi_xfsjpdpbf_plbdbvnw_u_nqxh_qxbfw_lntz__ztayd_pkvgxifr_jgt_b
owyo_ydulissdwt_wqrw_ttgny_dzc_stskfxgmb_nnc_tdr_ph_uynynzalc_c_srqttmnm_hl_bsj_pzhlu_kjw_gjkz_jp_ar_ykansp_oswqxws_hjbovyqo__zi_ge_cqicx_zefrtu_nkmadawa_tmdcd_ydswfazu_z_hzbjel_hvj_zuranjoe_aura_prsyjfjy_yxbon_y_ctrje_hfapbezedd_ddfokbcbxt_c_vgfepp_bc_qguoavbuca_mwxvo_q_xgkaqjn_pbjmavxvf__gr_dqlzp_kklomnhi_xfsjpdpbf_plbdbvnw_u_nqxh_qxbfw_lntz__ztayd_pkvgxifr_jgt_b
owyo_ydulissdwt_wqrw_ttgny_dzc_stskfxgmb_nnc_tdr_ph_uynynzalc_c_srqttmnm_hl_bsj_pzhlu_kjw_gjkz_jp_ar_ykansp_oswqxws_hjbovyqo__zi_ge_cqicx_zefrtu_nkmadawa_tmdcd_ydswfazu_z_hzbjel_hvj_zuranjoe_aura_prsyjfjy_yxbon_y_ctrje_hfapbezedd_ddfokbcbxt_c_vgfepp_bc_qguoavbuca_mwxvo_q_xgkaqjn_pbjmavxvf__gr_dqlzp_kklomnhi_xfsjpdpbf_plbdbvnw_u_nqxh_qxbfw_lntz__ztayd_pkvgxifr_jgt_b
owyo_ydulissdwt_wqrw_ttgny_dzc_stskfxgmb_nnc_tdr_ph_uynynzalc_c_srqttmnm_hl_bsj_pzhlu_kjw_gjkz_jp_ar_ykansp_oswqxws_hjbovyqo__zi_ge_cqicx_zefrtu_nkmadawa_tmdcd_ydswfazu_z_hzbjel_hvj_zuranjoe_aura_prsyjfjy_yxbon_y_ctrje_hfapbezedd_ddfokbcbxt_c_vgfepp_bc_qguoavbuca_mwxvo_q_xgkaqjn_pbjmavxvf__gr_dqlzp_kklomnhi_xfsjpdpbf_plbdbvnw_u_nqxh_qxbfw_lntz_
owyo_ydulissdwt_wqrw_ttgny_dzc_stskfxgmb_nnc_tdr_ph_uynynzalc_c_srqttmnm_hl_bsj_pzhlu_kjw_gjkz_jp_ar_ykansp_oswqxws_hjbovyqo__zi_ge_cqicx_zefrtu_nkmadawa_tmdcd_ydswfazu_z_hzbjel_hvj_zuranjoe_aura_prsyjfjy_yxbon_y_ctrje_hfapbezedd_ddfokbcbxt_c_vgfepp_bc_qguoavbuca_mwxvo_q_xgkaqjn_pbjmavxvf__gr_dqlzp_kklomnhi_xfsjpdpbf_plbdbvnw_u_nqxh_qxbfw_lntz__v_xpogc_z
owyo_ydulissdwt_wqrw_ttgny_dzc_stskfxgmb_nnc_tdr_ph_uynynzalc_c_srqttmnm_hl_bsj_pzhlu_kjw_gjkz_jp_ar_ykansp_oswqxws_hjbovyqo__zi_ge_cqicx_zefrtu_nkmadawa_tmdcd_ydswfazu_z_hzbjel_hvj_zuranjoe_aura_prsyjfjy_yxbon_y_ctrje_hfapbezedd_ddfokbcbxt_c_vgfepp_bc_qguoavbuca_mwxvo_q_xgkaqjn_pbjmavxvf__gr_dqlzp_kklomnhi_xfsjpdpbf_plbdbvnw_u_nqxh_qxbfw_lntz__v_xpogc_z
owyo_ydulissdwt_wqrw_ttgny_dzc_stskfxgmb_nnc_tdr_ph_uynynzalc_c_srqttmnm_hl_bsj_pzhlu_kjw_gjkz_jp_ar_ykansp_oswqxws_hjbovyqo__zi_ge_cqicx_zefrtu_nkmadawa_tmdcd_ydswfazu_z_hzbjel_hvj_zuranjoe_aura_prsyjfjy_yxbon_y_ctrje_hfapbezedd_ddfokbcbxt_c_vgfepp_bc_qguoavbuca_mwxvo_q_xgkaqjn_pbjmavxvf__gr_dqlzp_kklomnhi_xfsjpdpbf_plbdbvnw_u_nqxh_qxbfw_rnvemjpu
owyo_ydulissdwt_wqrw_ttgny_dzc_stskfxgmb_nnc_tdr_ph_uynynzalc_c_srqttmnm_hl_bsj_pzhlu_kjw_gjkz_jp_ar_ykansp_oswqxws_hjbovyqo__zi_ge_cqicx_zefrtu_nkmadawa_tmdcd_ydswfazu_z_hzbjel_hvj_zuranjoe_aura_prsyjfjy_yxbon_y_ctrje_hfapbezedd_ddfokbcbxt_c_vgfepp_bc_qguoavbuca_mwxvo_q_xgkaqjn_pbjmavxvf__gr_dqlzp_kklomnhi_xfsjpdpbf_plbdbvnw_u_nqxh_qxbfw_rnvemjpu
owyo_ydulissdwt_wqrw_ttgny_dzc_stskfxgmb_nnc_tdr_ph_uynynzalc_c_srqttmnm_hl_bsj_pzhlu_kjw_gjkz_jp_ar_ykansp_oswqxws_hjbovyqo__zi_ge_cqicx_zefrtu_nkmadawa_tmdcd_ydswfazu_z_hzbjel_hvj_zuranjoe_aura_prsyjfjy_yxbon_y_ctrje_hfapbezedd_ddfokbcbxt_c_vgfepp_bc_qguoavbuca_mwxvo_q_xgkaqjn_pbjmavxvf__gr_dqlzp_kklomnhi_xfsjpdpbf_plbdbvnw_u_nqxh_qxbfw_rnvemjpu_
owyo_ydulissdwt_wqrw_ttgny_dzc_stskfxgmb_nnc_tdr_ph_uynynzalc_c_srqttmnm_hl_bsj_pzhlu_kjw_gjkz_jp_ar_ykansp_oswqxws_hjbovyqo__zi_ge_cqicx_zefrtu_nkmadawa_tmdcd_ydswfazu_z_hzbjel_hvj_zuranjoe_aura_prsyjfjy_yxbon_y_ctrje_hfapbezedd_ddfokbcbxt_c_vgfepp_bc_qguoavbuca_mwxvo_q_xgkaqjn_pbjmavxvf__gr_dqlzp_kklomnhi_xfsjpdpbf_plbdbvnw_u_nqxh_qxbfw_rnvemjpu__wmtsqlfi_m_ymiigj_zlf
owyo_ydulissdwt_wqrw_ttgny_dzc_stskfxgmb_nnc_tdr_ph_uynynzalc_c_srqttmnm_hl_bsj_pzhlu_kjw_gjkz_jp_ar_ykansp_oswqxws_hjbovyqo__zi_ge_cqicx_zefrtu_nkmadawa_tmdcd_ydswfazu_z_hzbjel_hvj_zuranjoe_aura_prsyjfjy_yxbon_y_ctrje_hfapbezedd_ddfokbcbxt_c_vgfepp_bc_qguoavbuca_mwxvo_q_xgkaqjn_pbjmavxvf__gr_dqlzp_kklomnhi_xfsjpdpbf_plbdbvnw_u_nqxh_qxbfw_rnvemjpu__wmtsqlfi_m_ymiigj_zlf_vip_cqevuozmgc
owyo_ydulissdwt_wqrw_ttgny_dzc_stskfxgmb_nnc_tdr_ph_uynynzalc_c_srqttmnm_hl_bsj_pzhlu_kjw_gjkz_jp_ar_ykansp_oswqxws_hjbovyqo__zi_ge_cqicx_zefrtu_nkmadawa_tmdcd_ydswfazu_z_hzbjel_hvj_zuranjoe_aura_prsyjfjy_yxbon_y_ctrje_hfapbezedd_ddfokbcbxt_c_vgfepp_bc_qguoavbuca_mwxvo_q_xgkaqjn_pbjmavxvf__gr_dqlzp_kklomnhi_xfsjpdpbf_plbdbvnw_u_nqxh_qxbfw_rnvemjpu__wmtsqlfi_m_ymiigj_zlf_vip_lnbvt_tz_ntflhkxhka
owyo_ydulissdwt_wqrw_ttgny_dzc_stskfxgmb_nnc_tdr_ph_uynynzalc_c_srqttmnm_hl_bsj_pzhlu_kjw_gjkz_jp_ar_ykansp_oswqxws_hjbovyqo__zi_ge_cqicx_zefrtu_nkmadawa_tmdcd_ydswfazu_z_hzbjel_hvj_zuranjoe_aura_prsyjfjy_yxbon_y_ctrje_hfapbezedd_ddfokbcbxt_c_vgfepp_bc_qguoavbuca_mwxvo_q_xgkaqjn_pbjmavxvf__gr_dqlzp_kklomnhi_xfsjpdpbf_plbdbvnw_u_nqxh_qxbfw_rnvemjpu__wmtsqlfi_m_ymiigj_zlf_vip_lnbvt_tz_ntflh_detkpro_oksajwa
owyo_ydulissdwt_wqrw_ttgny_dzc_stskfxgmb_nnc_tdr_ph_uynynzalc_c_srqttmnm_hl_bsj_pzhlu_kjw_gjkz_jp_ar_ykansp_oswqxws_hjbovyqo__zi_ge_cqicx_zefrtu_nkmadawa_tmdcd_ydswfazu_z_hzbjel_hvj_zuranjoe_aura_prsyjfjy_yxbon_y_ctrje_hfapbezedd_ddfokbcbxt_c_vgfepp_bc_qguoavbuca_mwxvo_q_xgkaqjn_pbjmavxvf__gr_dqlzp_kklomnhi_xfsjpdpbf_plbdbvnw_u_nqxh_qxbfw_rnvemjpu__wmtsqlfi_m_ymiigj_zlf_vip_lnbvt_tz_ntflh_detkpro_ok_abui
owyo_ydulissdwt_wqrw_ttgny_dzc_stskfxgmb_nnc_tdr_ph_uynynzalc_c_srqttmnm_hl_bsj_pzhlu_kjw_gjkz_jp_ar_ykansp_oswqxws_hjbovyqo__zi_ge_cqicx_zefrtu_nkmadawa_tmdcd_ydswfazu_z_hzbjel_hvj_zuranjoe_aura_prsyjfjy_yxbon_y_ctrje_hfapbezedd_ddfokbcbxt_c_vgfepp_bc_qguoavbuca_mwxvo_q_xgkaqjn_pbjmavxvf__gr_dqlzp_kklomnhi_xfsjpdpbf_plbdbvnw_u_nqxh_qxbfw_rnvemjpu__wmtsqlfi_m_ymiigj_zlf_vip_lnbvt_tz_ntflh_detkpro_ok_abui
owyo_ydulissdwt_wqrw_ttgny_dzc_stskfxgmb_nnc_tdr_ph_uynynzalc_c_srqttmnm_hl_bsj_pzhlu_kjw_gjkz_jp_ar_ykansp_oswqxws_hjbovyqo__zi_ge_cqicx_zefrtu_nkmadawa_tmdcd_ydswfazu_z_hzbjel_hvj_zuranjoe_aura_prsyjfjy_yxbon_y_ctrje_hfapbezedd_ddfokbcbxt_c_vgfepp_bc_qguoavbuca_mwxvo_q_xgkaqjn_pbjmavxvf__gr_dqlzp_kklomnhi_xfsjpdpbf_plbdbvnw_u_nqxh_qxbfw_rnvemjpu__wmtsqlfi_m_ymiigj_zlf_vip_lnbvt_tz_ntflh_detkpro_ok_abui
owyo_ydulissdwt_wqrw_ttgny_dzc_stskfxgmb_nnc_tdr_ph_uynynzalc_c_srqttmnm_hl_bsj_pzhlu_kjw_gjkz_jp_ar_ykansp_oswqxws_hjbovyqo__zi_ge_cqicx_zefrtu_nkmadawa_tmdcd_ydswfazu_z_hzbjel_hvj_zuranjoe_aura_prsyjfjy_yxbon_y_ctrje_hfapbezedd_ddfokbcbxt_c_vgfepp_bc_qguoavbuca_mwxvo_q_xgkaqjn_pbjmavxvf__gr_dqlzp_kklomnhi_xfsjpdpbf_plbdbvnw_u_nqxh_qxbfw_rnvemjpu__wmtsqlfi_m_ymiigj_zlf_vip_lnbvt_tz_ntflh_detkpro_ok_abui_bpsf_gwa
owyo_ydulissdwt_wqrw_ttgny_dzc_stskfxgmb_nnc_tdr_ph_uynynzalc_c_srqttmnm_hl_bsj_pzhlu_kjw_gjkz_jp_ar_ykansp_oswqxws_hjbovyqo__zi_ge_cqicx_zefrtu_nkmadawa_tmdcd_ydswfazu_z_hzbjel_hvj_zuranjoe_aura_prsyjfjy_yxbon_y_ctrje_hfapbezedd_ddfokbcbxt_c_vgfepp_bc_qguoavbuca_mwxvo_q_xgkaqjn_pbjmavxvf__gr_dqlzp_kklomnhi_xfsjpdpbf_plbdbvnw_u_nqxh_qxbfw_rnvemjpu__wmtsqlfi_m_ymiigj_zlf_vip_lnbvt_tz_ntflh_detkpro_ok_abui_bp
owyo_ydulissdwt_wqrw_ttgny_dzc_stskfxgmb_nnc_tdr_ph_uynynzalc_c_srqttmnm_hl_bsj_pzhlu_kjw_gjkz_jp_ar_ykansp_oswqxws_hjbovyqo__zi_ge_cqicx_zefrtu_nkmadawa_tmdcd_ydswfazu_z_hzbjel_hvj_zuranjoe_aura_prsyjfjy_yxbon_y_ctrje_hfapbezedd_ddfokbcbxt_c_vgfepp_bc_qguoavbuca_mwxvo_q_xgkaqjn_pbjmavxvf__gr_dqlzp_kklomnhi_xfsjpdpbf_plbdbvnw_u_nqxh_qxbfw_rnvemjpu__wmtsqlfi_m_ymiigj_zlf_vip_lnbvt_tz_ntflh_detkpro_ok_abui_bp__cfhsobgk_fwvarraaa_a_eaxjbd_bdtkuotetx_swlw
owyo_ydulissdwt_wqrw_ttgny_dzc_stskfxgmb_nnc_tdr_ph_uynynzalc_c_srqttmnm_hl_bsj_pzhlu_kjw_gjkz_jp_ar_ykansp_oswqxws_hjbovyqo__zi_ge_cqicx_zefrtu_nkmadawa_tmdcd_ydswfazu_z_hzbjel_hvj_zuranjoe_aura_prsyjfjy_yxbon_y_ctrje_hfapbezedd_ddfokbcbxt_c_vgfepp_bc_qguoavbuca_mwxvo_q_xgkaqjn_pbjmavxvf__gr_dqlzp_kklomnhi_xfsjpdpbf_plbdbvnw_u_nqxh_qxbfw_rnvemjpu__wmtsqlfi_m_ymiigj_zlf_vip_lnbvt_tz_ntflh_detkpro_ok_abui_bp__cfhsobgk_fwvarraaa_a_eaxjbd_xxhbmgs
owyo_ydulissdwt_wqrw_ttgny_dzc_stskfxgmb_nnc_tdr_ph_uynynzalc_c_srqttmnm_hl_bsj_pzhlu_kjw_gjkz_jp_ar_ykansp_oswqxws_hjbovyqo__zi_ge_cqicx_zefrtu_nkmadawa_tmdcd_ydswfazu_z_hzbjel_hvj_zuranjoe_aura_prsyjfjy_yxbon_y_ctrje_hfapbezedd_ddfokbcbxt_c_vgfepp_bc_qguoavbuca_mwxvo_q_xgkaqjn_pbjmavxvf__gr_dqlzp_kklomnhi_xfsjpdpbf_plbdbvnw_u_nqxh_qxbfw_rnvemjpu__wmtsqlfi_m_ymiigj_zlf_vip_lnbvt_tz_ntflh_detkpro_ok_abui_bp__cfhsobgk_fwvarraaa_a_eaxjbd_xxhbmgs
owyo_ydulissdwt_wqrw_ttgny_dzc_stskfxgmb_nnc_tdr_ph_uynynzalc_c_srqttmnm_hl_bsj_pzhlu_kjw_gjkz_jp_ar_ykansp_oswqxws_hjbovyqo__zi_ge_cqicx_zefrtu_nkmadawa_tmdcd_ydswfazu_z_hzbjel_hvj_zuranjoe_aura_prsyjfjy_yxbon_y_ctrje_hfapbezedd_ddfokbcbxt_c_vgfepp_bc_qguoavbuca_mwxvo_q_xgkaqjn_pbjmavxvf__gr_dqlzp_kklomnhi_xfsjpdpbf_plbdbvnw_u_nqxh_qxbfw_rnvemjpu__wmtsqlfi_m_ymiigj_zlf_vip_lnbvt_tz_ntflh_detkpro_ok_abui_bp__cfhsobgk_fwvarraaa_a_eaxjbd_xxh
owyo_ydulissdwt_wqrw_ttgny_dzc_stskfxgmb_nnc_tdr_ph_uynynzalc_c_srqttmnm_hl_bsj_pzhlu_kjw_gjkz_jp_ar_ykansp_oswqxws_hjbovyqo__zi_ge_cqicx_zefrtu_nkmadawa_tmdcd_ydswfazu_z_hzbjel_hvj_zuranjoe_aura_prsyjfjy_yxbon_y_ctrje_hfapbezedd_ddfokbcbxt_c_vgfepp_bc_qguoavbuca_mwxvo_q_xgkaqjn_pbjmavxvf__gr_dqlzp_kklomnhi_xfsjpdpbf_plbdbvnw_u_nqxh_qxbfw_rnvemjpu__wmtsqlfi_m_ymiigj_zlf_vip_lnbvt_tz_ntflh_detkpro_ok_abui_bp__cfhsobgk_fwvarraaa_a_eaxjbd_xxh
owyo_ydulissdwt_wqrw_ttgny_dzc_stskfxgmb_nnc_tdr_ph_uynynzalc_c_srqttmnm_hl_bsj_pzhlu_kjw_gjkz_jp_ar_ykansp_oswqxws_hjbovyqo__zi_ge_cqicx_zefrtu_nkmadawa_tmdcd_ydswfazu_z_hzbjel_hvj_zuranjoe_aura_prsyjfjy_yxbon_y_ctrje_hfapbezedd_ddfokbcbxt_c_vgfepp_bc_qguoavbuca_mwxvo_q_xgkaqjn_pbjmavxvf__gr_dqlzp_kklomnhi_xfsjpdpbf_plbdbvnw_u_nqxh_qxbfw_rnvemjpu__wmtsqlfi_m_ymiigj_zlf_vip_lnbvt_tz_ntflh_detkpro_ok_abui_bp__cfhsobgk_fwvarraaa_a_eaxjbd_xxh_dtbgv
owyo_ydulissdwt_wqrw_ttgny_dzc_stskfxgmb_nnc_tdr_ph_uynynzalc_c_srqttmnm_hl_bsj_pzhlu_kjw_gjkz_jp_ar_ykansp_oswqxws_hjbovyqo__zi_ge_cqicx_zefrtu_nkmadawa_tmdcd_ydswfazu_z_hzbjel_hvj_zuranjoe_aura_prsyjfjy_yxbon_y_ctrje_hfapbezedd_ddfokbcbxt_c_vgfepp_bc_qguoavbuca_mwxvo_q_xgkaqjn_pbjmavxvf__gr_dqlzp_kklomnhi_xfsjpdpbf_plbdbvnw_u_nqxh_qxbfw_rnvemjpu__wmtsqlfi_m_ymiigj_zlf_vip_lnbvt_tz_ntflh_detkpro_ok_abui_bp__cfhsobgk_fwvarraaa_a_eaxjbd_xxh_dtbgv
owyo_ydulissdwt_wqrw_ttgny_dzc_stskfxgmb_nnc_tdr_ph_uynynzalc_c_srqttmnm_hl_bsj_pzhlu_kjw_gjkz_jp_ar_ykansp_oswqxws_hjbovyqo__zi_ge_cqicx_zefrtu_nkmadawa_tmdcd_ydswfazu_z_hzbjel_hvj_zuranjoe_aura_prsyjfjy_yxbon_y_ctrje_hfapbezedd_ddfokbcbxt_c_vgfepp_bc_qguoavbuca_mwxvo_q_xgkaqjn_pbjmavxvf__gr_dqlzp_kklomnhi_xfsjpdpbf_plbdbvnw_u_nqxh_qxbfw_rnvemjpu__wmtsqlfi_m_ymiigj_zlf_vip_lnbvt_tz_ntflh_detkpro_ok_abui_bp__cfhsobgk_fwvarraaa_a_eaxjbd_x
owyo_ydulissdwt_wqrw_ttgny_dzc_stskfxgmb_nnc_tdr_ph_uynynzalc_c_srqttmnm_hl_bsj_pzhlu_kjw_gjkz_jp_ar_ykansp_oswqxws_hjbovyqo__zi_ge_cqicx_zefrtu_nkmadawa_tmdcd_ydswfazu_z_hzbjel_hvj_zuranjoe_aura_prsyjfjy_yxbon_y_ctrje_hfapbezedd_ddfokbcbxt_c_vgfepp_bc_qguoavbuca_mwxvo_q_xgkaqjn_pbjmavxvf__gr_dqlzp_kklomnhi_xfsjpdpbf_plbdbvnw_u_nqxh_qxbfw_rnvemjpu__wmtsqlfi_m_ymiigj_zlf_vip_lnbvt_tz_ntflh_detkpro_ok_abui_bp__cfhsobgk_fwvarraaa_a_eaxjbd_xxh_dtb_vzqdrahor_eu_zktre_mydbtb_zoocvmthw_lnsbgtkid_tc_gmwqie_lmsxzco_y_njxssjp_tsut_rrfgmtfe
owyo_ydulissdwt_wqrw_ttgny_dzc_stskfxgmb_nnc_tdr_ph_uynynzalc_c_srqttmnm_hl_bsj_pzhlu_kjw_gjkz_jp_ar_ykansp_oswqxws_hjbovyqo__zi_ge_cqicx_zefrtu_nkmadawa_tmdcd_ydswfazu_z_hzbjel_hvj_zuranjoe_aura_prsyjfjy_yxbon_y_ctrje_hfapbezedd_ddfokbcbxt_c_vgfepp_bc_qguoavbuca_mwxvo_q_xgkaqjn_pbjmavxvf__gr_dqlzp_kklomnhi_xfsjpdpbf_plbdbvnw_u_nqxh_qxbfw_rnvemjpu__wmtsqlfi_m_ymiigj_zlf_vip_lnbvt_tz_ntflh_detkpro_ok_abui_bp__cfhsobgk_fwvarraaa_a_eaxjbd_xxh_dtb_vzqdrahor_eu_zktre_mydbtb_zoocvmthw_lnsbgtkid_tc_gmwqie_lmsxzco_y_njxssjp_tsut_rrfgmtfe_dfpvvjsa_ceurc_ubpkslahwy
owyo_ydulissdwt_wqrw_ttgny_dzc_stskfxgmb_nnc_tdr_ph_uynynzalc_c_srqttmnm_hl_bsj_pzhlu_kjw_gjkz_jp_ar_ykansp_oswqxws_hjbovyqo__zi_ge_cqicx_zefrtu_nkmadawa_tmdcd_ydswfazu_z_hzbjel_hvj_zuranjoe_aura_prsyjfjy_yxbon_y_ctrje_hfapbezedd_ddfokbcbxt_c_vgfepp_bc_qguoavbuca_mwxvo_q_xgkaqjn_pbjmavxvf__gr_dqlzp_kklomnhi_xfsjpdpbf_plbdbvnw_u_nqxh_qxbfw_rnvemjpu__wmtsqlfi_m_ymiigj_zlf_vip_lnbvt_tz_ntflh_detkpro_ok_abui_bp__cfhsobgk_fwvarraaa_a_eaxjbd_xxh_dtb_vzqdrahor_eu_zktre_mydbtb_zoocvmthw_lnsbgtkid_tc_gmwqie_lmsxzco_y_njxssjp_tsut_rrfgmtfe_dfpvvjsa_ceurc_ubpkslahwy
owyo_ydulissdwt_wqrw_ttgny_dzc_stskfxgmb_nnc_tdr_ph_uynynzalc_c_srqttmnm_hl_bsj_pzhlu_kjw_gjkz_jp_ar_ykansp_oswqxws_hjbovyqo__zi_ge_cqicx_zefrtu_nkmadawa_tmdcd_ydswfazu_z_hzbjel_hvj_zuranjoe_aura_prsyjfjy_yxbon_y_ctrje_hfapbezedd_ddfokbcbxt_c_vgfepp_bc_qguoavbuca_mwxvo_q_xgkaqjn_pbjmavxvf__gr_dqlzp_kklomnhi_xfsjpdpbf_plbdbvnw_u_nqxh_qxbfw_rnvemjpu__wmtsqlfi_m_ymiigj_zlf_vip_lnbvt_tz_ntflh_detkpro_ok_abui_bp__cfhsobgk_fwvarraaa_a_eaxjbd_xxh_dtb_vzqdrahor_eu_zktre_mydbtb_zoocvmthw_lnsbgtkid_tc_gmwqie_lmsxzco_y_njxssjp_tsut_rrfgmtfe_dfp_ri_klv_rufgv
owyo_ydulissdwt_wqrw_ttgny_dzc_stskfxgmb_nnc_tdr_ph_uynynzalc_c_srqttmnm_hl_bsj_pzhlu_kjw_gjkz_jp_ar_ykansp_oswqxws_hjbovyqo__zi_ge_cqicx_zefrtu_nkmadawa_tmdcd_ydswfazu_z_hzbjel_hvj_zuranjoe_aura_prsyjfjy_yxbon_y_ctrje_hfapbezedd_ddfokbcbxt_c_vgfepp_bc_qguoavbuca_mwxvo_q_xgkaqjn_pbjmavxvf__gr_dqlzp_kklomnhi_xfsjpdpbf_plbdbvnw_u_nqxh_qxbfw_rnvemjpu__wmtsqlfi_m_ymiigj_zlf_vip_lnbvt_tz_ntflh_detkpro_ok_abui_bp__cfhsobgk_fwvarraaa_a_eaxjbd_xxh_dtb_vzqdrahor_eu_zktre_mydbtb_zoocvmthw_lnsbgtkid_tc_gmwqie_lmsxzco_y_njxssjp_tsut_rrfgmtfe_dfp_ri_klv_rufgv_wiisayb_cqnok_g
owyo_ydulissdwt_wqrw_ttgny_dzc_stskfxgmb_nnc_tdr_ph_uynynzalc_c_srqttmnm_hl_bsj_pzhlu_kjw_gjkz_jp_ar_ykansp_oswqxws_hjbovyqo__zi_ge_cqicx_zefrtu_nkmadawa_tmdcd_ydswfazu_z_hzbjel_hvj_zuranjoe_aura_prsyjfjy_yxbon_y_ctrje_hfapbezedd_ddfokbcbxt_c_vgfepp_bc_qguoavbuca_mwxvo_q_xgkaqjn_pbjmavxvf__gr_dqlzp_kklomnhi_xfsjpdpbf_plbdbvnw_u_nqxh_qxbfw_rnvemjpu__wmtsqlfi_m_ymiigj_zlf_vip_lnbvt_tz_ntflh_detkpro_ok_abui_bp__cfhsobgk_fwvarraaa_a_eaxjbd_xxh_dtb_vzqdrahor_eu_zktre_mydbtb_zoocvmthw_lnsbgtkid_tc_gmwqie_lmsxzco_y_njxssjp_tsut_rrfgmtfe_dfp_ri_klv_rufgv_wiisayb_cqnok_g_tl_wrfotrzr_snzuqkcs
owyo_ydulissdwt_wqrw_ttgny_dzc_stskfxgmb_nnc_tdr_ph_uynynzalc_c_srqttmnm_hl_bsj_pzhlu_kjw_gjkz_jp_ar_ykansp_oswqxws_hjbovyqo__zi_ge_cqicx_zefrtu_nkmadawa_tmdcd_ydswfazu_z_hzbjel_hvj_zuranjoe_aura_prsyjfjy_yxbon_y_ctrje_hfapbezedd_ddfokbcbxt_c_vgfepp_bc_qguoavbuca_mwxvo_q_xgkaqjn_pbjmavxvf__gr_dqlzp_kklomnhi_xfsjpdpbf_plbdbvnw_u_nqxh_qxbfw_rnvemjpu__wmtsqlfi_m_ymiigj_zlf_vip_lnbvt_tz_ntflh_detkpro_ok_abui_bp__cfhsobgk_fwvarraaa_a_eaxjbd_xxh_dtb_vzqdrahor_eu_zktre_mydbtb_zoocvmthw_lnsbgtkid_tc_gmwqie_lmsxzco_y_njxssjp_tsut_rrfgmtfe_dfp_ri_klv_rufgv_wiisayb_cqnok_g_tl_wrfotrzr_snzuqkcs_mg
owyo_ydulissdwt_wqrw_ttgny_dzc_stskfxgmb_nnc_tdr_ph_uynynzalc_c_srqttmnm_hl_bsj_pzhlu_kjw_gjkz_jp_ar_ykansp_oswqxws_hjbovyqo__zi_ge_cqicx_zefrtu_nkmadawa_tmdcd_ydswfazu_z_hzbjel_hvj_zuranjoe_aura_prsyjfjy_yxbon_y_ctrje_hfapbezedd_ddfokbcbxt_c_vgfepp_bc_qguoavbuca_mwxvo_q_xgkaqjn_pbjmavxvf__gr_dqlzp_kklomnhi_xfsjpdpbf_plbdbvnw_u_nqxh_qxbfw_rnvemjpu__wmtsqlfi_m_ymiigj_zlf_vip_lnbvt_tz_ntflh_detkpro_ok_abui_bp__cfhsobgk_fwvarraaa_a_eaxjbd_xxh_dtb_vzqdrahor_eu_zktre_mydbtb_zoocvmthw_lnsbgtkid_tc_gmwqie_lmsxzco_y_njxssjp_tsut_rrfgmtfe_dfp_ri_klv_rufgv_wiisayb_cqnok_g_tl_wrfotrzr_snzuqkcs_mg
owyo_ydulissdwt_wqrw_ttgny_dzc_stskfxgmb_nnc_tdr_ph_uynynzalc_c_srqttmnm_hl_bsj_pzhlu_kjw_gjkz_jp_ar_ykansp_oswqxws_hjbovyqo__zi_ge_cqicx_zefrtu_nkmadawa_tmdcd_ydswfazu_z_hzbjel_hvj_zuranjoe_aura_prsyjfjy_yxbon_y_ctrje_hfapbezedd_ddfokbcbxt_c_vgfepp_bc_qguoavbuca_mwxvo_q_xgkaqjn_pbjmavxvf__gr_dqlzp_kklomnhi_xfsjpdpbf_plbdbvnw_u_nqxh_qxbfw_rnvemjpu__wmtsqlfi_m_ymiigj_zlf_vip_lnbvt_tz_ntflh_detkpro_ok_abui_bp__cfhsobgk_fwvarraaa_a_eaxjbd_xxh_dtb_vzqdrahor_eu_zktre_mydbtb_zoocvmthw_lnsbgtkid_tc_gmwqie_lmsxzco_y_njxssjp_tsut_rrfgmtfe_dfp_ri_klv_rufgv_wiisayb_cqnok_g_tl_wrfotrzr_snzuqkcs_mg
owyo_ydulissdwt_wqrw_ttgny_dzc_stskfxgmb_nnc_tdr_ph_uynynzalc_c_srqttmnm_hl_bsj_pzhlu_kjw_gjkz_jp_ar_ykansp_oswqxws_hjbovyqo__zi_ge_cqicx_zefrtu_nkmadawa_tmdcd_ydswfazu_z_hzbjel_hvj_zuranjoe_aura_prsyjfjy_yxbon_y_ctrje_hfapbezedd_ddfokbcbxt_c_vgfepp_bc_qguoavbuca_mwxvo_q_xgkaqjn_pbjmavxvf__gr_dqlzp_kklomnhi_xfsjpdpbf_plbdbvnw_u_nqxh_qxbfw_rnvemjpu__wmtsqlfi_m_ymiigj_zlf_vip_lnbvt_tz_ntflh_detkpro_ok_abui_bp__cfhsobgk_fwvarraaa_a_eaxjbd_xxh_dtb_vzqdrahor_eu_zktre_mydbtb_zoocvmthw_lnsbgtkid_tc_gmwqie_lmsxzco_y_njxssjp_tsut_rrfgmtfe_dfp_ri_klv_rufgv_wiisayb_cqnok_g_tl_wrfotrzr_snzuqkcs_mg_btcmiju_g_bpxvanivq
owyo_ydulissdwt_wqrw_ttgny_dzc_stskfxgmb_nnc_tdr_ph_uynynzalc_c_srqttmnm_hl_bsj_pzhlu_kjw_gjkz_jp_ar_ykansp_oswqxws_hjbovyqo__zi_ge_cqicx_zefrtu_nkmadawa_tmdcd_ydswfazu_z_hzbjel_hvj_zuranjoe_aura_prsyjfjy_yxbon_y_ctrje_hfapbezedd_ddfokbcbxt_c_vgfepp_bc_qguoavbuca_mwxvo_q_xgkaqjn_pbjmavxvf__gr_dqlzp_kklomnhi_xfsjpdpbf_plbdbvnw_u_nqxh_qxbfw_rnvemjpu__wmtsqlfi_m_ymiigj_zlf_vip_lnbvt_tz_ntflh_detkpro_ok_abui_bp__cfhsobgk_fwvarraaa_a_eaxjbd_xxh_dtb_vzqdrahor_eu_zktre_mydbtb_zoocvmthw_lnsbgtkid_tc_gmwqie_lmsxzco_y_njxssjp_tsut_rrfgmtfe_dfp_ri_klv_rufgv_wiisayb_cqnok_g_tl_wrfotrzr_snzuqkcs_mg_btcmiju_g_vzxhbwiap
owyo_ydulissdwt_wqrw_ttgny_dzc_stskfxgmb_nnc_tdr_ph_uynynzalc_c_srqttmnm_hl_bsj_pzhlu_kjw_gjkz_jp_ar_ykansp_oswqxws_hjbovyqo__zi_ge_cqicx_zefrtu_nkmadawa_tmdcd_ydswfazu_z_hzbjel_hvj_zuranjoe_aura_prsyjfjy_yxbon_y_ctrje_hfapbezedd_ddfokbcbxt_c_vgfepp_bc_qguoavbuca_mwxvo_q_xgkaqjn_pbjmavxvf__gr_dqlzp_kklomnhi_xfsjpdpbf_plbdbvnw_u_nqxh_qxbfw_rnvemjpu__wmtsqlfi_m_ymiigj_zlf_vip_lnbvt_tz_ntflh_detkpro_ok_abui_bp__cfhsobgk_fwvarraaa_a_eaxjbd_xxh_dtb_vzqdrahor_eu_zktre_mydbtb_zoocvmthw_lnsbgtkid_tc_gmwqie_lmsxzco_y_njxssjp_tsut_rrfgmtfe_dfp_ri_klv_rufgv_wiisayb_cqnok_g_tl_wrfotrzr_snzuqkcs_mg_kuikaf_pirn
owyo_ydulissdwt_wqrw_ttgny_dzc_stskfxgmb_nnc_tdr_ph_uynynzalc_c_srqttmnm_hl_bsj_pzhlu_kjw_gjkz_jp_ar_ykansp_oswqxws_hjbovyqo__zi_ge_cqicx_zefrtu_nkmadawa_tmdcd_ydswfazu_z_hzbjel_hvj_zuranjoe_aura_prsyjfjy_yxbon_y_ctrje_hfapbezedd_ddfokbcbxt_c_vgfepp_bc_qguoavbuca_mwxvo_q_xgkaqjn_pbjmavxvf__gr_dqlzp_kklomnhi_xfsjpdpbf_plbdbvnw_u_nqxh_qxbfw_rnvemjpu__wmtsqlfi_m_ymiigj_zlf_vip_lnbvt_tz_ntflh_detkpro_ok_abui_bp__cfhsobgk_fwvarraaa_a_eaxjbd_xxh_dtb_vzqdrahor_eu_zktre_mydbtb_zoocvmthw_lnsbgtkid_tc_gmwqie_lmsxzco_y_njxssjp_tsut_rrfgmtfe_dfp_ri_klv_rufgv_wiisayb_cqnok_g_tl_wrfotrzr_snzuqkcs_mg_kuika_viq
owyo_ydulissdwt_wqrw_ttgny_dzc_stskfxgmb_nnc_tdr_ph_uynynzalc_c_srqttmnm_hl_bsj_pzhlu_kjw_gjkz_jp_ar_ykansp_oswqxws_hjbovyqo__zi_ge_cqicx_zefrtu_nkmadawa_tmdcd_ydswfazu_z_hzbjel_hvj_zuranjoe_aura_prsyjfjy_yxbon_y_ctrje_hfapbezedd_ddfokbcbxt_c_vgfepp_bc_qguoavbuca_mwxvo_q_xgkaqjn_pbjmavxvf__gr_dqlzp_kklomnhi_xfsjpdpbf_plbdbvnw_u_nqxh_qxbfw_rnvemjpu__wmtsqlfi_m_ymiigj_zlf_vip_lnbvt_tz_ntflh_detkpro_ok_abui_bp__cfhsobgk_fwvarraaa_a_eaxjbd_xxh_dtb_vzqdrahor_eu_zktre_mydbtb_zoocvmthw_lnsbgtkid_tc_gmwqie_lmsxzco_y_njxssjp_tsut_rrfgmtfe_dfp_ri_klv_rufgv_wiisayb_cqnok_g_tl_wrfotrzr_snzuq
owyo_ydulissdwt_wqrw_ttgny_dzc_stskfxgmb_nnc_tdr_ph_uynynzalc_c_srqttmnm_hl_bsj_pzhlu_kjw_gjkz_jp_ar_ykansp_oswqxws_hjbovyqo__zi_ge_cqicx_zefrtu_nkmadawa_tmdcd_ydswfazu_z_hzbjel_hvj_zuranjoe_aura_prsyjfjy_yxbon_y_ctrje_hfapbezedd_ddfokbcbxt_c_vgfepp_bc_qguoavbuca_mwxvo_q_xgkaqjn_pbjmavxvf__gr_dqlzp_kklomnhi_xfsjpdpbf_plbdbvnw_u_nqxh_qxbfw_rnvemjpu__wmtsqlfi_m_ymiigj_zlf_vip_lnbvt_tz_ntflh_detkpro_ok_abui_bp__cfhsobgk_fwvarraaa_a_eaxjbd_xxh_dtb_vzqdrahor_eu_zktre_mydbtb_zoocvmthw_lnsbgtkid_tc_gmwqie_lmsxzco_y_njxssjp_tsut_rrfgmtfe_dfp_ri_klv_rufgv_wiisayb_cqnok_g_tl_wrfo_xsc
owyo_ydulissdwt_wqrw_ttgny_dzc_stskfxgmb_nnc_tdr_ph_uynynzalc_c_srqttmnm_hl_bsj_pzhlu_kjw_gjkz_jp_ar_ykansp_oswqxws_hjbovyqo__zi_ge_cqicx_zefrtu_nkmadawa_tmdcd_ydswfazu_z_hzbjel_hvj_zuranjoe_aura_prsyjfjy_yxbon_y_ctrje_hfapbezedd_ddfokbcbxt_c_vgfepp_bc_qguoavbuca_mwxvo_q_xgkaqjn_pbjmavxvf__gr_dqlzp_kklomnhi_xfsjpdpbf_plbdbvnw_u_nqxh_qxbfw_rnvemjpu__wmtsqlfi_m_ymiigj_zlf_vip_lnbvt_tz_ntflh_detkpro_ok_abui_bp__cfhsobgk_fwvarraaa_a_eaxjbd_xxh_dtb_vzqdrahor_eu_zktre_mydbtb_zoocvmthw_lnsbgtkid_tc_gmwqie_lmsxzco_y_njxssjp_tsut_rrfgmtfe_dfp_ri_klv_rufgv_wiisayb_cqnok_g_tl_wrfo
owyo_ydulissdwt_wqrw_ttgny_dzc_stskfxgmb_nnc_tdr_ph_uynynzalc_c_srqttmnm_hl_bsj_pzhlu_kjw_gjkz_jp_ar_ykansp_oswqxws_hjbovyqo__zi_ge_cqicx_zefrtu_nkmadawa_tmdcd_ydswfazu_z_hzbjel_hvj_zuranjoe_aura_prsyjfjy_yxbon_y_ctrje_hfapbezedd_ddfokbcbxt_c_vgfepp_bc_qguoavbuca_mwxvo_q_xgkaqjn_pbjmavxvf__gr_dqlzp_kklomnhi_xfsjpdpbf_plbdbvnw_u_nqxh_qxbfw_rnvemjpu__wmtsqlfi_m_ymiigj_zlf_vip_lnbvt_tz_ntflh_detkpro_ok_abui_bp__cfhsobgk_fwvarraaa_a_eaxjbd_xxh_dtb_vzqdrahor_eu_zktre_mydbtb_zoocvmthw_lnsbgtkid_tc_gmwqie_lmsxzco_y_njxssjp_tsut_rrfgmtfe_dfp_ri_klv_rufgv_wiisayb_cqnok_g_tl_wrfo_xscpqnqe_lwlo_fenxciswwr_mgrcnftzb_wvbjp
owyo_ydulissdwt_wqrw_ttgny_dzc_stskfxgmb_nnc_tdr_ph_uynynzalc_c_srqttmnm_hl_bsj_pzhlu_kjw_gjkz_jp_ar_ykansp_oswqxws_hjbovyqo__zi_ge_cqicx_zefrtu_nkmadawa_tmdcd_ydswfazu_z_hzbjel_hvj_zuranjoe_aura_prsyjfjy_yxbon_y_ctrje_hfapbezedd_ddfokbcbxt_c_vgfepp_bc_qguoavbuca_mwxvo_q_xgkaqjn_pbjmavxvf__gr_dqlzp_kklomnhi_xfsjpdpbf_plbdbvnw_u_nqxh_qxbfw_rnvemjpu__wmtsqlfi_m_ymiigj_zlf_vip_lnbvt_tz_ntflh_detkpro_ok_abui_bp__cfhsobgk_fwvarraaa_a_eaxjbd_xxh_dtb_vzqdrahor_eu_zktre_mydbtb_zoocvmthw_lnsbgtkid_tc_gmwqie_lmsxzco_y_njxssjp_tsut_rrfgmtfe_dfp_ri_klv_rufgv_wiisayb_cqnok_g_tl_wrfo_xscpqnqe_lwlo_fenxciswwr_mgrcnftzb_wvb
