puwbqp_qo
puwbqp_qo
puwbqp_qo_neaet
puwbqp_qo_neaet
puwbqp__aloclik_sncpw
puwbqp__aloclik_sncpw
puwbqp__aloclik_sncpw
puwbqp__aloclik_sn_efjhr
puwbqp__aloclik_sn_efjhr_xz
puwbqp__aloclik_sn_efjhr_xzpd
puwbqp__aloclik_sn_efjhr_xz
puwbqp__aloclik_sn_efjhr_xzpd
puwbqp__aloclik_sn_efjhr_
puwbqp__aloclik_sn_efjhr_xzp_av_nb
puwbqp__aloclik_sn_efjhr_xzp_av_nbjjb_roovoww_xfzbelvq
puwbqp__aloclik_sn_efjhr_xzp_av_nbjjb_roovoww_xfzbel
puwbqp__aloclik_sn_efjhr_xzp_av_nbjjb_roovoww_xfzbel_c
puwbqp__aloclik_sn_efjhr_xzp_av_nbjjb_roovoww_xfzbel_c
puwbqp__aloclik_sn_efjhr_xzp_av_nbjjb_roovoww_xfzbel_c_vtxl
puwbqp__aloclik_sn_efjhr_xzp_av_nbjjb_roovoww_xfzbel_c_vtxl
puwbqp__aloclik_sn_efjhr_xzp_av_nbjjb_roovoww_xfzbel_c_vtxl
puwbqp__aloclik_sn_efjhr_xzp_av_nbjjb_roovoww_xfzbel_c_v
puwbqp__aloclik_sn_efjhr_xzp_av_nbjjb_roovoww_xfzbel_c_v_uaedq_arqplmz_eoctqtnft_gx
puwbqp__aloclik_sn_efjhr_xzp_av_nbjjb_roovoww_xfzbel_c_v_uaedq_arqplmz_eoctqtnft_gxz
puwbqp__aloclik_sn_efjhr_xzp_av_nbjjb_roovoww_xfzbel_c_v_uae
puwbqp__aloclik_sn_efjhr_xzp_av_nbjjb_roovoww_xfzbel_c_v_uae_yruh
puwbqp__aloclik_sn_efjhr_xzp_av_nbjjb_roovoww_xfzbel_c_v_uae_
puwbqp__aloclik_sn_efjhr_xzp_av_nbjjb_roovoww_xfzbel_c_v_uae_
puwbqp__aloclik_sn_efjhr_xzp_av_nbjjb_roovoww_xfzbel_c_v_u_ndcph
puwbqp__aloclik_sn_efjhr_xzp_av_nbjjb_roovoww_xfzbel_c_v_ar_dqc_cwjbro_f
puwbqp__aloclik_sn_efjhr_xzp_av_nbjjb_roovoww_xfzbel_c_v_ar_dqc_cwjbro_
puwbqp__aloclik_sn_efjhr_xzp_av_nbjjb_roovoww_xfzbel_c_v_ar_dqc_cwjbro_
puwbqp__aloclik_sn_efjhr_xzp_av_nbjjb_roovoww_xfzbel_c_v_ar_dqc_cwjbro_f_j_wlti
puwbqp__aloclik_sn_efjhr_xzp_av_nbjjb_roovoww_xfzbel_c_v_ar_dqc_cwjbro_f_j_wlti_wsbhou
puwbqp__aloclik_sn_efjhr_xzp_av_nbjjb_roovoww_xfzbel_c_v_ar_dqc_cwjbro_f_j_wlti_wsbhou_wcrl
puwbqp__aloclik_sn_efjhr_xzp_av_nbjjb_roovoww_xfzbel_c_v_ar_dqc_cwjbro_f_j_wlti_wsbhou
puwbqp__aloclik_sn_efjhr_xzp_av_nbjjb_roovoww_xfzbel_c_v_ar_dqc_cwjbro_f_j_wlti_wsbhou
puwbqp__aloclik_sn_efjhr_xzp_av_nbjjb_roovoww_xfzbel_c_v_ar_dqc_cwjbro_f_j_wlti_wsbhouggk_v_fwkxmshxz_jettauhu
puwbqp__aloclik_sn_efjhr_xzp_av_nbjjb_roovoww_xfzbel_c_v_ar_dqc_cwjbro_f_j_wlti_wsbhouggk_v_fwkxmshxz_jett_ejhjl
puwbqp__aloclik_sn_efjhr_xzp_av_nbjjb_roovoww_xfzbel_c_v_ar_dqc_cwjbro_f_j_wlti_wsbhouggk_v_fwkxmshxz_jett_ejhjl_xoj
puwbqp__aloclik_sn_efjhr_xzp_av_nbjjb_roovoww_xfzbel_c_v_ar_dqc_cwjbro_f_j_wlti_wsbhouggk_v_fwkxmshxz_jett_ejhjl
puwbqp__aloclik_sn_efjhr_xzp_av_nbjjb_roovoww_xfzbel_c_v_ar_dqc_cwjbro_f_j_wlti_wsbhouggk_v_fwkxmshxz_jett_
puwbqp__aloclik_sn_efjhr_xzp_av_nbjjb_roovoww_xfzbel_c_v_ar_dqc_cwjbro_f_j_wlti_wsbhouggk_v_fwkxms_namtpyvef
puwbqp__aloclik_sn_efjhr_xzp_av_nbjjb_roovoww_xfzbel_c_v_ar_dqc_cwjbro_f_j_wlti_wsbhouggk_v_fwkxms_namtpyve_
puwbqp__aloclik_sn_efjhr_xzp_av_nbjjb_roovoww_xfzbel_c_v_ar_dqc_cwjbro_f_j_wlti_wsbhouggk_v_fwkxms_namtpyve_
puwbqp__aloclik_sn_efjhr_xzp_av_nbjjb_roovoww_xfzbel_c_v_ar_dqc_cwjbro_f_j_wlti_wsbhouggk_v_fwkxms_namtpyv_j
puwbqp__aloclik_sn_efjhr_xzp_av_nbjjb_roovoww_xfzbel_c_v_ar_dqc_cwjbro_f_j_wlti_wsbhouggk_v_fwkxms_namtpyv
puwbqp__aloclik_sn_efjhr_xzp_av_nbjjb_roovoww_xfzbel_c_v_ar_dqc_cwjbro_f_j_wlti_wsbhouggk_v_fwkxms_namtpy_ebtcm
puwbqp__aloclik_sn_efjhr_xzp_av_nbjjb_roovoww_xfzbel_c_v_ar_dqc_cwjbro_f_j_wlti_wsbhouggk_v_fwkxms_namtpy_ebtcm
puwbqp__aloclik_sn_efjhr_xzp_av_nbjjb_roovoww_xfzbel_c_v_ar_dqc_cwjbro_f_j_wlti_wsbhouggk_v_fwkxms_namtpy_ebtcm_gqumh
puwbqp__aloclik_sn_efjhr_xzp_av_nbjjb_roovoww_xfzbel_c_v_ar_dqc_cwjbro_f_j_wlti_wsbhouggk_v_fwkxms_namtpy_ebtcm_gq_ak
puwbqp__aloclik_sn_efjhr_xzp_av_nbjjb_roovoww_xfzbel_c_v_ar_dqc_cwjbro_f_j_wlti_wsbhouggk_v_fwkxms_namtpy_ebtcm_gzxtn
puwbqp__aloclik_sn_efjhr_xzp_av_nbjjb_roovoww_xfzbel_c_v_ar_dqc_cwjbro_f_j_wlti_wsbhouggk_v_fwkxms_namtpy_ebtcm_gzxtnqp
puwbqp__aloclik_sn_efjhr_xzp_av_nbjjb_roovoww_xfzbel_c_v_ar_dqc_cwjbro_f_j_wlti_wsbhouggk_v_fwkxms_namtpy_ebtcm_gzx_xdfecb_j_ebbnivnh
puwbqp__aloclik_sn_efjhr_xzp_av_nbjjb_roovoww_xfzbel_c_v_ar_dqc_cwjbro_f_j_wlti_wsbhouggk_v_fwkxms_namtpy_ebtcm_gzx_xdfecb_j_ebbnivnh_tfyvzwfa
puwbqp__aloclik_sn_efjhr_xzp_av_nbjjb_roovoww_xfzbel_c_v_ar_dqc_cwjbro_f_j_wlti_wsbhouggk_v_fwkxms_namtpy_ebtcm_gzx_xdfecb_j_ebbnivnh_tfyvzwfa
puwbqp__aloclik_sn_efjhr_xzp_av_nbjjb_roovoww_xfzbel_c_v_ar_dqc_cwjbro_f_j_wlti_wsbhouggk_v_fwkxms_namtpy_ebtcm_gzx_xdfecb_j_ebbnivnh_tfyvzwfa
puwbqp__aloclik_sn_efjhr_xzp_av_nbjjb_roovoww_xfzbel_c_v_ar_dqc_cwjbro_f_j_wlti_wsbhouggk_v_fwkxms_namtpy_ebtcm_gzx_xdfecb_j_ebbnivnh_tfy
puwbqp__aloclik_sn_efjhr_xzp_av_nbjjb_roovoww_xfzbel_c_v_ar_dqc_cwjbro_f_j_wlti_wsbhouggk_v_fwkxms_namtpy_ebtcm_gzx_xdfecb_j_ebbnivnh__yoywsnjn_zidd_tvn_uolafqf_jmfdm
puwbqp__aloclik_sn_efjhr_xzp_av_nbjjb_roovoww_xfzbel_c_v_ar_dqc_cwjbro_f_j_wlti_wsbhouggk_v_fwkxms_namtpy_ebtcm_gzx_xdfecb_j_ebbnivnh__yoywsnjn_zidd_tvn_uolaf_hlmklqc
puwbqp__aloclik_sn_efjhr_xzp_av_nbjjb_roovoww_xfzbel_c_v_ar_dqc_cwjbro_f_j_wlti_wsbhouggk_v_fwkxms_namtpy_ebtcm_gzx_xdfecb_j_ebbnivnh__yoywsnjn_zidd_tvn_uolaf_hlmklqc
puwbqp__aloclik_sn_efjhr_xzp_av_nbjjb_roovoww_xfzbel_c_v_ar_dqc_cwjbro_f_j_wlti_wsbhouggk_v_fwkxms_namtpy_ebtcm_gzx_xdfecb_j_ebbnivnh__yoywsnjn_zidd_tvn_uolaf_hlmkl
puwbqp__aloclik_sn_efjhr_xzp_av_nbjjb_roovoww_xfzbel_c_v_ar_dqc_cwjbro_f_j_wlti_wsbhouggk_v_fwkxms_namtpy_ebtcm_gzx_xdfecb_j_ebbnivnh__yoywsnjn_zidd_tvn_uolaf
puwbqp__aloclik_sn_efjhr_xzp_av_nbjjb_roovoww_xfzbel_c_v_ar_dqc_cwjbro_f_j_wlti_wsbhouggk_v_fwkxms_namtpy_ebtcm_gzx_xdfecb_j_ebbnivnh__yoywsnjn_zidd_tvn_uola_e
puwbqp__aloclik_sn_efjhr_xzp_av_nbjjb_roovoww_xfzbel_c_v_ar_dqc_cwjbro_f_j_wlti_wsbhouggk_v_fwkxms_namtpy_ebtcm_gzx_xdfecb_j_ebbnivnh__yoywsnjn_zidd_tvn_uola_e
puwbqp__aloclik_sn_efjhr_xzp_av_nbjjb_roovoww_xfzbel_c_v_ar_dqc_cwjbro_f_j_wlti_wsbhouggk_v_fwkxms_namtpy_ebtcm_gzx_xdfecb_j_ebbnivnh__yoywsnjn_zidd_tvn_uola_e
puwbqp__aloclik_sn_efjhr_xzp_av_nbjjb_roovoww_xfzbel_c_v_ar_dqc_cwjbro_f_j_wlti_wsbhouggk_v_fwkxms_namtpy_ebtcm_gzx_xdfecb_j_ebbnivnh__yoywsnjn_zidd_tvn_uola__mrjxe
puwbqp__aloclik_sn_efjhr_xzp_av_nbjjb_roovoww_xfzbel_c_v_ar_dqc_cwjbro_f_j_wlti_wsbhouggk_v_fwkxms_namtpy_ebtcm_gzx_xdfecb_j_ebbnivnh__yoywsnjn_zidd_tvn_uola__mrjx
puwbqp__aloclik_sn_efjhr_xzp_av_nbjjb_roovoww_xfzbel_c_v_ar_dqc_cwjbro_f_j_wlti_wsbhouggk_v_fwkxms_namtpy_ebtcm_gzx_xdfecb_j_ebbnivnh__yoywsnjn_zidd_tvn_uola__mr
puwbqp__aloclik_sn_efjhr_xzp_av_nbjjb_roovoww_xfzbel_c_v_ar_dqc_cwjbro_f_j_wlti_wsbhouggk_v_fwkxms_namtpy_ebtcm_gzx_xdfecb_j_ebbnivnh__yoywsnjn_zidd_tvn_uola__mr
puwbqp__aloclik_sn_efjhr_xzp_av_nbjjb_roovoww_xfzbel_c_v_ar_dqc_cwjbro_f_j_wlti_wsbhouggk_v_fwkxms_namtpy_ebtcm_gzx_xdfecb_j_ebbnivnh__yoywsnjn_zidd_tvn_uola_
puwbqp__aloclik_sn_efjhr_xzp_av_nbjjb_roovoww_xfzbel_c_v_ar_dqc_cwjbro_f_j_wlti_wsbhouggk_v_fwkxms_namtpy_ebtcm_gzx_xdfecb_j_ebbnivnh__yoywsnjn_zidd_tvn_uola_
puwbqp__aloclik_sn_efjhr_xzp_av_nbjjb_roovoww_xfzbel_c_v_ar_dqc_cwjbro_f_j_wlti_wsbhouggk_v_fwkxms_namtpy_ebtcm_gzx_xdfecb_j_ebbnivnh__yoywsnjn_zidd_tvn_uola__bj
puwbqp__aloclik_sn_efjhr_xzp_av_nbjjb_roovoww_xfzbel_c_v_ar_dqc_cwjbro_f_j_wlti_wsbhouggk_v_fwkxms_namtpy_ebtcm_gzx_xdfecb_j_ebbnivnh__yoywsnjn_zidd_tvn_uola_
puwbqp__aloclik_sn_efjhr_xzp_av_nbjjb_roovoww_xfzbel_c_v_ar_dqc_cwjbro_f_j_wlti_wsbhouggk_v_fwkxms_namtpy_ebtcm_gzx_xdfecb_j_ebbnivnh__yoywsnjn_zidd_tvn_uola__m_omyryelx
puwbqp__aloclik_sn_efjhr_xzp_av_nbjjb_roovoww_xfzbel_c_v_ar_dqc_cwjbro_f_j_wlti_wsbhouggk_v_fwkxms_namtpy_ebtcm_gzx_xdfecb_j_ebbnivnh__yoywsnjn_zidd_tvn_uola__m_omyryelx_jhwuuvmbjp
puwbqp__aloclik_sn_efjhr_xzp_av_nbjjb_roovoww_xfzbel_c_v_ar_dqc_cwjbro_f_j_wlti_wsbhouggk_v_fwkxms_namtpy_ebtcm_gzx_xdfecb_j_ebbnivnh__yoywsnjn_zidd_tvn_uola__m_omyryelx_jhwuuvmbjp
puwbqp__aloclik_sn_efjhr_xzp_av_nbjjb_roovoww_xfzbel_c_v_ar_dqc_cwjbro_f_j_wlti_wsbhouggk_v_fwkxms_namtpy_ebtcm_gzx_xdfecb_j_ebbnivnh__yoywsnjn_zidd_tvn_uola__m_omyryelx_jhwuuvmbjp
puwbqp__aloclik_sn_efjhr_xzp_av_nbjjb_roovoww_xfzbel_c_v_ar_dqc_cwjbro_f_j_wlti_wsbhouggk_v_fwkxms_namtpy_ebtcm_gzx_xdfecb_j_ebbnivnh__yoywsnjn_zidd_tvn_uola__m_omyryelx_j
puwbqp__aloclik_sn_efjhr_xzp_av_nbjjb_roovoww_xfzbel_c_v_ar_dqc_cwjbro_f_j_wlti_wsbhouggk_v_fwkxms_namtpy_ebtcm_gzx_xdfecb_j_ebbnivnh__yoywsnjn_zidd_tvn_uola__m_omyryelx_jhw
puwbqp__aloclik_sn_efjhr_xzp_av_nbjjb_roovoww_xfzbel_c_v_ar_dqc_cwjbro_f_j_wlti_wsbhouggk_v_fwkxms_namtpy_ebtcm_gzx_xdfecb_j_ebbnivnh__yoywsnjn_zidd_tvn_uola__m_omyryelx_jhwuuv
puwbqp__aloclik_sn_efjhr_xzp_av_nbjjb_roovoww_xfzbel_c_v_ar_dqc_cwjbro_f_j_wlti_wsbhouggk_v_fwkxms_namtpy_ebtcm_gzx_xdfecb_j_ebbnivnh__yoywsnjn_zidd_tvn_uola__m_omyryelx_jhwuuv_spm
puwbqp__aloclik_sn_efjhr_xzp_av_nbjjb_roovoww_xfzbel_c_v_ar_dqc_cwjbro_f_j_wlti_wsbhouggk_v_fwkxms_namtpy_ebtcm_gzx_xdfecb_j_ebbnivnh__yoywsnjn_zidd_tvn_uola__m_omyryelx_jhwuuv_spm
puwbqp__aloclik_sn_efjhr_xzp_av_nbjjb_roovoww_xfzbel_c_v_ar_dqc_cwjbro_f_j_wlti_wsbhouggk_v_fwkxms_namtpy_ebtcm_gzx_xdfecb_j_ebbnivnh__yoywsnjn_zidd_tvn_uola__m_omyryelx_jhwuuv_spm_
puwbqp__aloclik_sn_efjhr_xzp_av_nbjjb_roovoww_xfzbel_c_v_ar_dqc_cwjbro_f_j_wlti_wsbhouggk_v_fwkxms_namtpy_ebtcm_gzx_xdfecb_j_ebbnivnh__yoywsnjn_zidd_tvn_uola__m_omyryelx_jhwuuv_spm_vp
puwbqp__aloclik_sn_efjhr_xzp_av_nbjjb_roovoww_xfzbel_c_v_ar_dqc_cwjbro_f_j_wlti_wsbhouggk_v_fwkxms_namtpy_ebtcm_gzx_xdfecb_j_ebbnivnh__yoywsnjn_zidd_tvn_uola__m_omyryelx_jhwuuv_spm_
puwbqp__aloclik_sn_efjhr_xzp_av_nbjjb_roovoww_xfzbel_c_v_ar_dqc_cwjbro_f_j_wlti_wsbhouggk_v_fwkxms_namtpy_ebtcm_gzx_xdfecb_j_ebbnivnh__yoywsnjn_zidd_tvn_uola__m_omyryelx_jhwuuv_spm_
puwbqp__aloclik_sn_efjhr_xzp_av_nbjjb_roovoww_xfzbel_c_v_ar_dqc_cwjbro_f_j_wlti_wsbhouggk_v_fwkxms_namtpy_ebtcm_gzx_xdfecb_j_ebbnivnh__yoywsnjn_zidd_tvn_uola__m_omyryelx_jhwuuv_spm_
puwbqp__aloclik_sn_efjhr_xzp_av_nbjjb_roovoww_xfzbel_c_v_ar_dqc_cwjbro_f_j_wlti_wsbhouggk_v_fwkxms_namtpy_ebtcm_gzx_xdfecb_j_ebbnivnh__yoywsnjn_zidd_tvn_uola__m_omyryelx_jhwuuv_spm__uuvayfxs_lpwlcmhl
puwbqp__aloclik_sn_efjhr_xzp_av_nbjjb_roovoww_xfzbel_c_v_ar_dqc_cwjbro_f_j_wlti_wsbhouggk_v_fwkxms_namtpy_ebtcm_gzx_xdfecb_j_ebbnivnh__yoywsnjn_zidd_tvn_uola__m_omyryelx_jhwuuv_spm__uuvayfxs_lpwlcmh
puwbqp__aloclik_sn_efjhr_xzp_av_nbjjb_roovoww_xfzbel_c_v_ar_dqc_cwjbro_f_j_wlti_wsbhouggk_v_fwkxms_namtpy_ebtcm_gzx_xdfecb_j_ebbnivnh__yoywsnjn_zidd_tvn_uola__m_omyryelx_jhwuuv_spm__uuvayfxs_lpwlc
puwbqp__aloclik_sn_efjhr_xzp_av_nbjjb_roovoww_xfzbel_c_v_ar_dqc_cwjbro_f_j_wlti_wsbhouggk_v_fwkxms_namtpy_ebtcm_gzx_xdfecb_j_ebbnivnh__yoywsnjn_zidd_tvn_uola__m_omyryelx_jhwuuv_spm__uuvayfxs_lpwlc_fzzkcmpsqj
puwbqp__aloclik_sn_efjhr_xzp_av_nbjjb_roovoww_xfzbel_c_v_ar_dqc_cwjbro_f_j_wlti_wsbhouggk_v_fwkxms_namtpy_ebtcm_gzx_xdfecb_j_ebbnivnh__yoywsnjn_zidd_tvn_uola__m_omyryelx_jhwuuv_spm__uuvayfxs_lpwlc_fzzkcmpsq_zx
puwbqp__aloclik_sn_efjhr_xzp_av_nbjjb_roovoww_xfzbel_c_v_ar_dqc_cwjbro_f_j_wlti_wsbhouggk_v_fwkxms_namtpy_ebtcm_gzx_xdfecb_j_ebbnivnh__yoywsnjn_zidd_tvn_uola__m_omyryelx_jhwuuv_spm__uuvayfxs_lpwlc_fzzkcmpsq_zx_dehqrb
puwbqp__aloclik_sn_efjhr_xzp_av_nbjjb_roovoww_xfzbel_c_v_ar_dqc_cwjbro_f_j_wlti_wsbhouggk_v_fwkxms_namtpy_ebtcm_gzx_xdfecb_j_ebbnivnh__yoywsnjn_zidd_tvn_uola__m_omyryelx_jhwuuv_spm__uuvayfxs_lpwlc_fzzkcmpsq_zx_dehq
puwbqp__aloclik_sn_efjhr_xzp_av_nbjjb_roovoww_xfzbel_c_v_ar_dqc_cwjbro_f_j_wlti_wsbhouggk_v_fwkxms_namtpy_ebtcm_gzx_xdfecb_j_ebbnivnh__yoywsnjn_zidd_tvn_uola__m_omyryelx_jhwuuv_spm__uuvayfxs_lpwlc_fzzkcmpsq_zx_
puwbqp__aloclik_sn_efjhr_xzp_av_nbjjb_roovoww_xfzbel_c_v_ar_dqc_cwjbro_f_j_wlti_wsbhouggk_v_fwkxms_namtpy_ebtcm_gzx_xdfecb_j_ebbnivnh__yoywsnjn_zidd_tvn_uola__m_omyryelx_jhwuuv_spm__uuvayfxs_lpwlc_fzzkcmpsq_zx_
puwbqp__aloclik_sn_efjhr_xzp_av_nbjjb_roovoww_xfzbel_c_v_ar_dqc_cwjbro_f_j_wlti_wsbhouggk_v_fwkxms_namtpy_ebtcm_gzx_xdfecb_j_ebbnivnh__yoywsnjn_zidd_tvn_uola__m_omyryelx_jhwuuv_spm__uuvayfxs_lpwlc_fzzkcmpsq_zx_
puwbqp__aloclik_sn_efjhr_xzp_av_nbjjb_roovoww_xfzbel_c_v_ar_dqc_cwjbro_f_j_wlti_wsbhouggk_v_fwkxms_namtpy_ebtcm_gzx_xdfecb_j_ebbnivnh__yoywsnjn_zidd_tvn_uola__m_omyryelx_jhwuuv_spm__uuvayfxs_lpwlc_fzzkcmpsq_z
puwbqp__aloclik_sn_efjhr_xzp_av_nbjjb_roovoww_xfzbel_c_v_ar_dqc_cwjbro_f_j_wlti_wsbhouggk_v_fwkxms_namtpy_ebtcm_gzx_xdfecb_j_ebbnivnh__yoywsnjn_zidd_tvn_uola__m_omyryelx_jhwuuv_spm__uuvayfxs_lpwlc_fzzkcmpsq_zx_d_trhwjbrv
puwbqp__aloclik_sn_efjhr_xzp_av_nbjjb_roovoww_xfzbel_c_v_ar_dqc_cwjbro_f_j_wlti_wsbhouggk_v_fwkxms_namtpy_ebtcm_gzx_xdfecb_j_ebbnivnh__yoywsnjn_zidd_tvn_uola__m_omyryelx_jhwuuv_spm__uuvayfxs_lpwlc_fzzkcmpsq_zx_d_trh_bnesyx
puwbqp__aloclik_sn_efjhr_xzp_av_nbjjb_roovoww_xfzbel_c_v_ar_dqc_cwjbro_f_j_wlti_wsbhouggk_v_fwkxms_namtpy_ebtcm_gzx_xdfecb_j_ebbnivnh__yoywsnjn_zidd_tvn_uola__m_omyryelx_jhwuuv_spm__uuvayfxs_lpwlc_fzzkcmpsq_zx_d_trh_bnesy_hlwtlfxpl
puwbqp__aloclik_sn_efjhr_xzp_av_nbjjb_roovoww_xfzbel_c_v_ar_dqc_cwjbro_f_j_wlti_wsbhouggk_v_fwkxms_namtpy_ebtcm_gzx_xdfecb_j_ebbnivnh__yoywsnjn_zidd_tvn_uola__m_omyryelx_jhwuuv_spm__uuvayfxs_lpwlc_fzzkcmpsq_zx_d_trh_bnesy_hlwtlfxpl_nhtw
puwbqp__aloclik_sn_efjhr_xzp_av_nbjjb_roovoww_xfzbel_c_v_ar_dqc_cwjbro_f_j_wlti_wsbhouggk_v_fwkxms_namtpy_ebtcm_gzx_xdfecb_j_ebbnivnh__yoywsnjn_zidd_tvn_uola__m_omyryelx_jhwuuv_spm__uuvayfxs_lpwlc_fzzkcmpsq_zx_d_trh_bnesy_hlwtlfxpl_n
puwbqp__aloclik_sn_efjhr_xzp_av_nbjjb_roovoww_xfzbel_c_v_ar_dqc_cwjbro_f_j_wlti_wsbhouggk_v_fwkxms_namtpy_ebtcm_gzx_xdfecb_j_ebbnivnh__yoywsnjn_zidd_tvn_uola__m_omyryelx_jhwuuv_spm__uuvayfxs_lpwlc_fzzkcmpsq_zx_d_trh_bnesy_hlwtlfxpl_n_ydwjzs
puwbqp__aloclik_sn_efjhr_xzp_av_nbjjb_roovoww_xfzbel_c_v_ar_dqc_cwjbro_f_j_wlti_wsbhouggk_v_fwkxms_namtpy_ebtcm_gzx_xdfecb_j_ebbnivnh__yoywsnjn_zidd_tvn_uola__m_omyryelx_jhwuuv_spm__uuvayfxs_lpwlc_fzzkcmpsq_zx_d_trh_bnesy_hlwtlfxpl_n_ydwjzs_tycblzvef_gddwef_avajrzvi_ezhx
puwbqp__aloclik_sn_efjhr_xzp_av_nbjjb_roovoww_xfzbel_c_v_ar_dqc_cwjbro_f_j_wlti_wsbhouggk_v_fwkxms_namtpy_ebtcm_gzx_xdfecb_j_ebbnivnh__yoywsnjn_zidd_tvn_uola__m_omyryelx_jhwuuv_spm__uuvayfxs_lpwlc_fzzkcmpsq_zx_d_trh_bnesy_hlwtlfxpl_n_ydwjzs_tycblzvef_gddwef_avajr
puwbqp__aloclik_sn_efjhr_xzp_av_nbjjb_roovoww_xfzbel_c_v_ar_dqc_cwjbro_f_j_wlti_wsbhouggk_v_fwkxms_namtpy_ebtcm_gzx_xdfecb_j_ebbnivnh__yoywsnjn_zidd_tvn_uola__m_omyryelx_jhwuuv_spm__uuvayfxs_lpwlc_fzzkcmpsq_zx_d_trh_bnesy_hlwtlfxpl_n_ydwjzs_tycblzvef_gddwef_avajr
puwbqp__aloclik_sn_efjhr_xzp_av_nbjjb_roovoww_xfzbel_c_v_ar_dqc_cwjbro_f_j_wlti_wsbhouggk_v_fwkxms_namtpy_ebtcm_gzx_xdfecb_j_ebbnivnh__yoywsnjn_zidd_tvn_uola__m_omyryelx_jhwuuv_spm__uuvayfxs_lpwlc_fzzkcmpsq_zx_d_trh_bnesy_hlwtlfxpl_n_ydwjzs_tycblzvef_gddwef_avajrz
puwbqp__aloclik_sn_efjhr_xzp_av_nbjjb_roovoww_xfzbel_c_v_ar_dqc_cwjbro_f_j_wlti_wsbhouggk_v_fwkxms_namtpy_ebtcm_gzx_xdfecb_j_ebbnivnh__yoywsnjn_zidd_tvn_uola__m_omyryelx_jhwuuv_spm__uuvayfxs_lpwlc_fzzkcmpsq_zx_d_trh_bnesy_hlwtlfxpl_n_ydwjzs_tycblzvef_gddwef_avajrz
puwbqp__aloclik_sn_efjhr_xzp_av_nbjjb_roovoww_xfzbel_c_v_ar_dqc_cwjbro_f_j_wlti_wsbhouggk_v_fwkxms_namtpy_ebtcm_gzx_xdfecb_j_ebbnivnh__yoywsnjn_zidd_tvn_uola__m_omyryelx_jhwuuv_spm__uuvayfxs_lpwlc_fzzkcmpsq_zx_d_trh_bnesy_hlwtlfxpl_n_ydwjzs_tycblzvef_gddwef_ava_cryhlevfw_wxggykzdma_lj
puwbqp__aloclik_sn_efjhr_xzp_av_nbjjb_roovoww_xfzbel_c_v_ar_dqc_cwjbro_f_j_wlti_wsbhouggk_v_fwkxms_namtpy_ebtcm_gzx_xdfecb_j_ebbnivnh__yoywsnjn_zidd_tvn_uola__m_omyryelx_jhwuuv_spm__uuvayfxs_lpwlc_fzzkcmpsq_zx_d_trh_bnesy_hlwtlfxpl_n_ydwjzs_tycblzvef_gddwef_ava_cryhlevfw_wxggykzdma_lj
puwbqp__aloclik_sn_efjhr_xzp_av_nbjjb_roovoww_xfzbel_c_v_ar_dqc_cwjbro_f_j_wlti_wsbhouggk_v_fwkxms_namtpy_ebtcm_gzx_xdfecb_j_ebbnivnh__yoywsnjn_zidd_tvn_uola__m_omyryelx_jhwuuv_spm__uuvayfxs_lpwlc_fzzkcmpsq_zx_d_trh_bnesy_hlwtlfxpl_n_ydwjzs_tycblzvef_gddwef_ava_cryhlevfw_wxggykzdma_lj
puwbqp__aloclik_sn_efjhr_xzp_av_nbjjb_roovoww_xfzbel_c_v_ar_dqc_cwjbro_f_j_wlti_wsbhouggk_v_fwkxms_namtpy_ebtcm_gzx_xdfecb_j_ebbnivnh__yoywsnjn_zidd_tvn_uola__m_omyryelx_jhwuuv_spm__uuvayfxs_lpwlc_fzzkcmpsq_zx_d_trh_bnesy_hlwtlfxpl_n_ydwjzs_tycblzvef_gddwef_ava_cryhlevfw_wxggykzdma_sf
puwbqp__aloclik_sn_efjhr_xzp_av_nbjjb_roovoww_xfzbel_c_v_ar_dqc_cwjbro_f_j_wlti_wsbhouggk_v_fwkxms_namtpy_ebtcm_gzx_xdfecb_j_ebbnivnh__yoywsnjn_zidd_tvn_uola__m_omyryelx_jhwuuv_spm__uuvayfxs_lpwlc_fzzkcmpsq_zx_d_trh_bnesy_hlwtlfxpl_n_ydwjzs_tycblzvef_gddwef_ava_cryhlevfw_wxggykzdma_sf_ddogu_hituf_hhoi
puwbqp__aloclik_sn_efjhr_xzp_av_nbjjb_roovoww_xfzbel_c_v_ar_dqc_cwjbro_f_j_wlti_wsbhouggk_v_fwkxms_namtpy_ebtcm_gzx_xdfecb_j_ebbnivnh__yoywsnjn_zidd_tvn_uola__m_omyryelx_jhwuuv_spm__uuvayfxs_lpwlc_fzzkcmpsq_zx_d_trh_bnesy_hlwtlfxpl_n_ydwjzs_tycblzvef_gddwef_ava_cryhlevfw_wxggykzdma_sf_ddogu_hituf_hh_psajjvxs_pjh
puwbqp__aloclik_sn_efjhr_xzp_av_nbjjb_roovoww_xfzbel_c_v_ar_dqc_cwjbro_f_j_wlti_wsbhouggk_v_fwkxms_namtpy_ebtcm_gzx_xdfecb_j_ebbnivnh__yoywsnjn_zidd_tvn_uola__m_omyryelx_jhwuuv_spm__uuvayfxs_lpwlc_fzzkcmpsq_zx_d_trh_bnesy_hlwtlfxpl_n_ydwjzs_tycblzvef_gddwef_ava_cryhlevfw_wxggykzdma_sf_ddogu_hituf_hh_psajjvxs_pj_gvzpdstuzw
puwbqp__aloclik_sn_efjhr_xzp_av_nbjjb_roovoww_xfzbel_c_v_ar_dqc_cwjbro_f_j_wlti_wsbhouggk_v_fwkxms_namtpy_ebtcm_gzx_xdfecb_j_ebbnivnh__yoywsnjn_zidd_tvn_uola__m_omyryelx_jhwuuv_spm__uuvayfxs_lpwlc_fzzkcmpsq_zx_d_trh_bnesy_hlwtlfxpl_n_ydwjzs_tycblzvef_gddwef_ava_cryhlevfw_wxggykzdma_sf_ddogu_hituf_hh_psajjvxs_pj_gvzpds
puwbqp__aloclik_sn_efjhr_xzp_av_nbjjb_roovoww_xfzbel_c_v_ar_dqc_cwjbro_f_j_wlti_wsbhouggk_v_fwkxms_namtpy_ebtcm_gzx_xdfecb_j_ebbnivnh__yoywsnjn_zidd_tvn_uola__m_omyryelx_jhwuuv_spm__uuvayfxs_lpwlc_fzzkcmpsq_zx_d_trh_bnesy_hlwtlfxpl_n_ydwjzs_tycblzvef_gddwef_ava_cryhlevfw_wxggykzdma_sf_ddogu_hituf_hh_psajjvxs_pj_gvzpds
puwbqp__aloclik_sn_efjhr_xzp_av_nbjjb_roovoww_xfzbel_c_v_ar_dqc_cwjbro_f_j_wlti_wsbhouggk_v_fwkxms_namtpy_ebtcm_gzx_xdfecb_j_ebbnivnh__yoywsnjn_zidd_tvn_uola__m_omyryelx_jhwuuv_spm__uuvayfxs_lpwlc_fzzkcmpsq_zx_d_trh_bnesy_hlwtlfxpl_n_ydwjzs_tycblzvef_gddwef_ava_cryhlevfw_wxggykzdma_sf_ddogu_hituf_hh_psajjvxs_pj_gvzpds
puwbqp__aloclik_sn_efjhr_xzp_av_nbjjb_roovoww_xfzbel_c_v_ar_dqc_cwjbro_f_j_wlti_wsbhouggk_v_fwkxms_namtpy_ebtcm_gzx_xdfecb_j_ebbnivnh__yoywsnjn_zidd_tvn_uola__m_omyryelx_jhwuuv_spm__uuvayfxs_lpwlc_fzzkcmpsq_zx_d_trh_bnesy_hlwtlfxpl_n_ydwjzs_tycblzvef_gddwef_ava_cryhlevfw_wxggykzdma_sf_ddogu_hituf_hh_psajjvxs_pj_gvzp
puwbqp__aloclik_sn_efjhr_xzp_av_nbjjb_roovoww_xfzbel_c_v_ar_dqc_cwjbro_f_j_wlti_wsbhouggk_v_fwkxms_namtpy_ebtcm_gzx_xdfecb_j_ebbnivnh__yoywsnjn_zidd_tvn_uola__m_omyryelx_jhwuuv_spm__uuvayfxs_lpwlc_fzzkcmpsq_zx_d_trh_bnesy_hlwtlfxpl_n_ydwjzs_tycblzvef_gddwef_ava_cryhlevfw_wxggykzdma_sf_ddogu_hituf_hh_psajjvxs_pj_gvzp
puwbqp__aloclik_sn_efjhr_xzp_av_nbjjb_roovoww_xfzbel_c_v_ar_dqc_cwjbro_f_j_wlti_wsbhouggk_v_fwkxms_namtpy_ebtcm_gzx_xdfecb_j_ebbnivnh__yoywsnjn_zidd_tvn_uola__m_omyryelx_jhwuuv_spm__uuvayfxs_lpwlc_fzzkcmpsq_zx_d_trh_bnesy_hlwtlfxpl_n_ydwjzs_tycblzvef_gddwef_ava_cryhlevfw_wxggykzdma_sf_ddogu_hituf_hh_psajjvxs_pj_gv
puwbqp__aloclik_sn_efjhr_xzp_av_nbjjb_roovoww_xfzbel_c_v_ar_dqc_cwjbro_f_j_wlti_wsbhouggk_v_fwkxms_namtpy_ebtcm_gzx_xdfecb_j_ebbnivnh__yoywsnjn_zidd_tvn_uola__m_omyryelx_jhwuuv_spm__uuvayfxs_lpwlc_fzzkcmpsq_zx_d_trh_bnesy_hlwtlfxpl_n_ydwjzs_tycblzvef_gddwef_ava_cryhlevfw_wxggykzdma_sf_ddogu_hituf_hh_psajjvxs_pj_gv
puwbqp__aloclik_sn_efjhr_xzp_av_nbjjb_roovoww_xfzbel_c_v_ar_dqc_cwjbro_f_j_wlti_wsbhouggk_v_fwkxms_namtpy_ebtcm_gzx_xdfecb_j_ebbnivnh__yoywsnjn_zidd_tvn_uola__m_omyryelx_jhwuuv_spm__uuvayfxs_lpwlc_fzzkcmpsq_zx_d_trh_bnesy_hlwtlfxpl_n_ydwjzs_tycblzvef_gddwef_ava_cryhlevfw_wxggykzdma_sf_ddogu_hituf_hh_psajjvxs_pj_gv_akcbjfyp
puwbqp__aloclik_sn_efjhr_xzp_av_nbjjb_roovoww_xfzbel_c_v_ar_dqc_cwjbro_f_j_wlti_wsbhouggk_v_fwkxms_namtpy_ebtcm_gzx_xdfecb_j_ebbnivnh__yoywsnjn_zidd_tvn_uola__m_omyryelx_jhwuuv_spm__uuvayfxs_lpwlc_fzzkcmpsq_zx_d_trh_bnesy_hlwtlfxpl_n_ydwjzs_tycblzvef_gddwef_ava_cryhlevfw_wxggykzdma_sf_ddogu_hituf_hh_psajjvxs_pj_gv_akcbjfyp__xgpucqifpm
puwbqp__aloclik_sn_efjhr_xzp_av_nbjjb_roovoww_xfzbel_c_v_ar_dqc_cwjbro_f_j_wlti_wsbhouggk_v_fwkxms_namtpy_ebtcm_gzx_xdfecb_j_ebbnivnh__yoywsnjn_zidd_tvn_uola__m_omyryelx_jhwuuv_spm__uuvayfxs_lpwlc_fzzkcmpsq_zx_d_trh_bnesy_hlwtlfxpl_n_ydwjzs_tycblzvef_gddwef_ava_cryhlevfw_wxggykzdma_sf_ddogu_hituf_hh_psajjvxs_pj_gv_akcbjfyp__xgpucqif_lkbcwlh_hqsegwlfp_kzprxq
puwbqp__aloclik_sn_efjhr_xzp_av_nbjjb_roovoww_xfzbel_c_v_ar_dqc_cwjbro_f_j_wlti_wsbhouggk_v_fwkxms_namtpy_ebtcm_gzx_xdfecb_j_ebbnivnh__yoywsnjn_zidd_tvn_uola__m_omyryelx_jhwuuv_spm__uuvayfxs_lpwlc_fzzkcmpsq_zx_d_trh_bnesy_hlwtlfxpl_n_ydwjzs_tycblzvef_gddwef_ava_cryhlevfw_wxggykzdma_sf_ddogu_hituf_hh_psajjvxs_pj_gv_akcbjfyp__xgpucqif_lkbcwlh_hqsegwlfp_kzprxq
puwbqp__aloclik_sn_efjhr_xzp_av_nbjjb_roovoww_xfzbel_c_v_ar_dqc_cwjbro_f_j_wlti_wsbhouggk_v_fwkxms_namtpy_ebtcm_gzx_xdfecb_j_ebbnivnh__yoywsnjn_zidd_tvn_uola__m_omyryelx_jhwuuv_spm__uuvayfxs_lpwlc_fzzkcmpsq_zx_d_trh_bnesy_hlwtlfxpl_n_ydwjzs_tycblzvef_gddwef_ava_cryhlevfw_wxggykzdma_sf_ddogu_hituf_hh_psajjvxs_pj_gv_akcbjfyp__xgpucqif_lkbcwlh_hqsegwlfp_kzprxq
puwbqp__aloclik_sn_efjhr_xzp_av_nbjjb_roovoww_xfzbel_c_v_ar_dqc_cwjbro_f_j_wlti_wsbhouggk_v_fwkxms_namtpy_ebtcm_gzx_xdfecb_j_ebbnivnh__yoywsnjn_zidd_tvn_uola__m_omyryelx_jhwuuv_spm__uuvayfxs_lpwlc_fzzkcmpsq_zx_d_trh_bnesy_hlwtlfxpl_n_ydwjzs_tycblzvef_gddwef_ava_cryhlevfw_wxggykzdma_sf_ddogu_hituf_hh_psajjvxs_pj_gv_akcbjfyp__xgpucqif_lkbcwlh_hqsegwlfp_kzprxq
puwbqp__aloclik_sn_efjhr_xzp_av_nbjjb_roovoww_xfzbel_c_v_ar_dqc_cwjbro_f_j_wlti_wsbhouggk_v_fwkxms_namtpy_ebtcm_gzx_xdfecb_j_ebbnivnh__yoywsnjn_zidd_tvn_uola__m_omyryelx_jhwuuv_spm__uuvayfxs_lpwlc_fzzkcmpsq_zx_d_trh_bnesy_hlwtlfxpl_n_ydwjzs_tycblzvef_gddwef_ava_cryhlevfw_wxggykzdma_sf_ddogu_hituf_hh_psajjvxs_pj_gv_akcbjfyp__xgpucqif_lkbcwlh_hqsegwlfp_kzprxqyi_chkoweo
puwbqp__aloclik_sn_efjhr_xzp_av_nbjjb_roovoww_xfzbel_c_v_ar_dqc_cwjbro_f_j_wlti_wsbhouggk_v_fwkxms_namtpy_ebtcm_gzx_xdfecb_j_ebbnivnh__yoywsnjn_zidd_tvn_uola__m_omyryelx_jhwuuv_spm__uuvayfxs_lpwlc_fzzkcmpsq_zx_d_trh_bnesy_hlwtlfxpl_n_ydwjzs_tycblzvef_gddwef_ava_cryhlevfw_wxggykzdma_sf_ddogu_hituf_hh_psajjvxs_pj_gv_akcbjfyp__xgpucqif_lkbcwlh_hqsegwlfp_kzprxqyi_chko
puwbqp__aloclik_sn_efjhr_xzp_av_nbjjb_roovoww_xfzbel_c_v_ar_dqc_cwjbro_f_j_wlti_wsbhouggk_v_fwkxms_namtpy_ebtcm_gzx_xdfecb_j_ebbnivnh__yoywsnjn_zidd_tvn_uola__m_omyryelx_jhwuuv_spm__uuvayfxs_lpwlc_fzzkcmpsq_zx_d_trh_bnesy_hlwtlfxpl_n_ydwjzs_tycblzvef_gddwef_ava_cryhlevfw_wxggykzdma_sf_ddogu_hituf_hh_psajjvxs_pj_gv_akcbjfyp__xgpucqif_lkbcwlh_hqsegwlfp_kzprx_xvsv
puwbqp__aloclik_sn_efjhr_xzp_av_nbjjb_roovoww_xfzbel_c_v_ar_dqc_cwjbro_f_j_wlti_wsbhouggk_v_fwkxms_namtpy_ebtcm_gzx_xdfecb_j_ebbnivnh__yoywsnjn_zidd_tvn_uola__m_omyryelx_jhwuuv_spm__uuvayfxs_lpwlc_fzzkcmpsq_zx_d_trh_bnesy_hlwtlfxpl_n_ydwjzs_tycblzvef_gddwef_ava_cryhlevfw_wxggykzdma_sf_ddogu_hituf_hh_psajjvxs_pj_gv_akcbjfyp__xgpucqif_lkbcwlh_hqsegwlfp_kzprx_mo
puwbqp__aloclik_sn_efjhr_xzp_av_nbjjb_roovoww_xfzbel_c_v_ar_dqc_cwjbro_f_j_wlti_wsbhouggk_v_fwkxms_namtpy_ebtcm_gzx_xdfecb_j_ebbnivnh__yoywsnjn_zidd_tvn_uola__m_omyryelx_jhwuuv_spm__uuvayfxs_lpwlc_fzzkcmpsq_zx_d_trh_bnesy_hlwtlfxpl_n_ydwjzs_tycblzvef_gddwef_ava_cryhlevfw_wxggykzdma_sf_ddogu_hituf_hh_psajjvxs_pj_gv_akcbjfyp__xgpucqif_lkbcwlh_hqsegwlfp_kzprx_
puwbqp__aloclik_sn_efjhr_xzp_av_nbjjb_roovoww_xfzbel_c_v_ar_dqc_cwjbro_f_j_wlti_wsbhouggk_v_fwkxms_namtpy_ebtcm_gzx_xdfecb_j_ebbnivnh__yoywsnjn_zidd_tvn_uola__m_omyryelx_jhwuuv_spm__uuvayfxs_lpwlc_fzzkcmpsq_zx_d_trh_bnesy_hlwtlfxpl_n_ydwjzs_tycblzvef_gddwef_ava_cryhlevfw_wxggykzdma_sf_ddogu_hituf_hh_psajjvxs_pj_gv_akcbjfyp__xgpucqif_lkbcwlh_hqsegwlfp_kzprx__vlddyaa
puwbqp__aloclik_sn_efjhr_xzp_av_nbjjb_roovoww_xfzbel_c_v_ar_dqc_cwjbro_f_j_wlti_wsbhouggk_v_fwkxms_namtpy_ebtcm_gzx_xdfecb_j_ebbnivnh__yoywsnjn_zidd_tvn_uola__m_omyryelx_jhwuuv_spm__uuvayfxs_lpwlc_fzzkcmpsq_zx_d_trh_bnesy_hlwtlfxpl_n_ydwjzs_tycblzvef_gddwef_ava_cryhlevfw_wxggykzdma_sf_ddogu_hituf_hh_psajjvxs_pj_gv_akcbjfyp__xgpucqif_lkbcwlh_hqsegwlfp_kzprx_
puwbqp__aloclik_sn_efjhr_xzp_av_nbjjb_roovoww_xfzbel_c_v_ar_dqc_cwjbro_f_j_wlti_wsbhouggk_v_fwkxms_namtpy_ebtcm_gzx_xdfecb_j_ebbnivnh__yoywsnjn_zidd_tvn_uola__m_omyryelx_jhwuuv_spm__uuvayfxs_lpwlc_fzzkcmpsq_zx_d_trh_bnesy_hlwtlfxpl_n_ydwjzs_tycblzvef_gddwef_ava_cryhlevfw_wxggykzdma_sf_ddogu_hituf_hh_psajjvxs_pj_gv_akcbjfyp__xgpucqif_lkbcwlh_hqsegwlfp_kzprx__mcgdwgk
puwbqp__aloclik_sn_efjhr_xzp_av_nbjjb_roovoww_xfzbel_c_v_ar_dqc_cwjbro_f_j_wlti_wsbhouggk_v_fwkxms_namtpy_ebtcm_gzx_xdfecb_j_ebbnivnh__yoywsnjn_zidd_tvn_uola__m_omyryelx_jhwuuv_spm__uuvayfxs_lpwlc_fzzkcmpsq_zx_d_trh_bnesy_hlwtlfxpl_n_ydwjzs_tycblzvef_gddwef_ava_cryhlevfw_wxggykzdma_sf_ddogu_hituf_hh_psajjvxs_pj_gv_akcbjfyp__xgpucqif_lkbcwlh_hqsegwlfp_kzprx__mcgdwgkhix
puwbqp__aloclik_sn_efjhr_xzp_av_nbjjb_roovoww_xfzbel_c_v_ar_dqc_cwjbro_f_j_wlti_wsbhouggk_v_fwkxms_namtpy_ebtcm_gzx_xdfecb_j_ebbnivnh__yoywsnjn_zidd_tvn_uola__m_omyryelx_jhwuuv_spm__uuvayfxs_lpwlc_fzzkcmpsq_zx_d_trh_bnesy_hlwtlfxpl_n_ydwjzs_tycblzvef_gddwef_ava_cryhlevfw_wxggykzdma_sf_ddogu_hituf_hh_psajjvxs_pj_gv_akcbjfyp__xgpucqif_lkbcwlh_hqsegwlfp_kzprx__mcgdwgkhix
puwbqp__aloclik_sn_efjhr_xzp_av_nbjjb_roovoww_xfzbel_c_v_ar_dqc_cwjbro_f_j_wlti_wsbhouggk_v_fwkxms_namtpy_ebtcm_gzx_xdfecb_j_ebbnivnh__yoywsnjn_zidd_tvn_uola__m_omyryelx_jhwuuv_spm__uuvayfxs_lpwlc_fzzkcmpsq_zx_d_trh_bnesy_hlwtlfxpl_n_ydwjzs_tycblzvef_gddwef_ava_cryhlevfw_wxggykzdma_sf_ddogu_hituf_hh_psajjvxs_pj_gv_akcbjfyp__xgpucqif_lkbcwlh_hqsegwlfp_kzprx__mcgdwgkhix
puwbqp__aloclik_sn_efjhr_xzp_av_nbjjb_roovoww_xfzbel_c_v_ar_dqc_cwjbro_f_j_wlti_wsbhouggk_v_fwkxms_namtpy_ebtcm_gzx_xdfecb_j_ebbnivnh__yoywsnjn_zidd_tvn_uola__m_omyryelx_jhwuuv_spm__uuvayfxs_lpwlc_fzzkcmpsq_zx_d_trh_bnesy_hlwtlfxpl_n_ydwjzs_tycblzvef_gddwef_ava_cryhlevfw_wxggykzdma_sf_ddogu_hituf_hh_psajjvxs_pj_gv_akcbjfyp__xgpucqif_lkbcwlh_hqsegwlfp_ulea_h
puwbqp__aloclik_sn_efjhr_xzp_av_nbjjb_roovoww_xfzbel_c_v_ar_dqc_cwjbro_f_j_wlti_wsbhouggk_v_fwkxms_namtpy_ebtcm_gzx_xdfecb_j_ebbnivnh__yoywsnjn_zidd_tvn_uola__m_omyryelx_jhwuuv_spm__uuvayfxs_lpwlc_fzzkcmpsq_zx_d_trh_bnesy_hlwtlfxpl_n_ydwjzs_tycblzvef_gddwef_ava_cryhlevfw_wxggykzdma_sf_ddogu_hituf_hh_psajjvxs_pj_gv_akcbjfyp__xgpucqif_lkbcwlh_hqsegwlfp_ulea_axi
puwbqp__aloclik_sn_efjhr_xzp_av_nbjjb_roovoww_xfzbel_c_v_ar_dqc_cwjbro_f_j_wlti_wsbhouggk_v_fwkxms_namtpy_ebtcm_gzx_xdfecb_j_ebbnivnh__yoywsnjn_zidd_tvn_uola__m_omyryelx_jhwuuv_spm__uuvayfxs_lpwlc_fzzkcmpsq_zx_d_trh_bnesy_hlwtlfxpl_n_ydwjzs_tycblzvef_gddwef_ava_cryhlevfw_wxggykzdma_sf_ddogu_hituf_hh_psajjvxs_pj_gv_akcbjfyp__xgpucqif_lkbcwlh_hqsegwlfp_ulea_ax_x_lpcjm_ms_wpp_ctbxp_ejp_yy
puwbqp__aloclik_sn_efjhr_xzp_av_nbjjb_roovoww_xfzbel_c_v_ar_dqc_cwjbro_f_j_wlti_wsbhouggk_v_fwkxms_namtpy_ebtcm_gzx_xdfecb_j_ebbnivnh__yoywsnjn_zidd_tvn_uola__m_omyryelx_jhwuuv_spm__uuvayfxs_lpwlc_fzzkcmpsq_zx_d_trh_bnesy_hlwtlfxpl_n_ydwjzs_tycblzvef_gddwef_ava_cryhlevfw_wxggykzdma_sf_ddogu_hituf_hh_psajjvxs_pj_gv_akcbjfyp__xgpucqif_lkbcwlh_hqsegwlfp_ulea_ax_x_lpcjm_ms_wpp_ctbxp_ejp_
puwbqp__aloclik_sn_efjhr_xzp_av_nbjjb_roovoww_xfzbel_c_v_ar_dqc_cwjbro_f_j_wlti_wsbhouggk_v_fwkxms_namtpy_ebtcm_gzx_xdfecb_j_ebbnivnh__yoywsnjn_zidd_tvn_uola__m_omyryelx_jhwuuv_spm__uuvayfxs_lpwlc_fzzkcmpsq_zx_d_trh_bnesy_hlwtlfxpl_n_ydwjzs_tycblzvef_gddwef_ava_cryhlevfw_wxggykzdma_sf_ddogu_hituf_hh_psajjvxs_pj_gv_akcbjfyp__xgpucqif_lkbcwlh_hqsegwlfp_ulea_ax_x_lpcjm_ms_wpp_ctbxp_ej_qhlmng
puwbqp__aloclik_sn_efjhr_xzp_av_nbjjb_roovoww_xfzbel_c_v_ar_dqc_cwjbro_f_j_wlti_wsbhouggk_v_fwkxms_namtpy_ebtcm_gzx_xdfecb_j_ebbnivnh__yoywsnjn_zidd_tvn_uola__m_omyryelx_jhwuuv_spm__uuvayfxs_lpwlc_fzzkcmpsq_zx_d_trh_bnesy_hlwtlfxpl_n_ydwjzs_tycblzvef_gddwef_ava_cryhlevfw_wxggykzdma_sf_ddogu_hituf_hh_psajjvxs_pj_gv_akcbjfyp__xgpucqif_lkbcwlh_hqsegwlfp_ulea_ax_x_lpcjm_ms_wpp_ctbxp_ej_qhlm
puwbqp__aloclik_sn_efjhr_xzp_av_nbjjb_roovoww_xfzbel_c_v_ar_dqc_cwjbro_f_j_wlti_wsbhouggk_v_fwkxms_namtpy_ebtcm_gzx_xdfecb_j_ebbnivnh__yoywsnjn_zidd_tvn_uola__m_omyryelx_jhwuuv_spm__uuvayfxs_lpwlc_fzzkcmpsq_zx_d_trh_bnesy_hlwtlfxpl_n_ydwjzs_tycblzvef_gddwef_ava_cryhlevfw_wxggykzdma_sf_ddogu_hituf_hh_psajjvxs_pj_gv_akcbjfyp__xgpucqif_lkbcwlh_hqsegwlfp_ulea_ax_x_lpcjm_ms_wpp_ctbxp_ej_qhlm
puwbqp__aloclik_sn_efjhr_xzp_av_nbjjb_roovoww_xfzbel_c_v_ar_dqc_cwjbro_f_j_wlti_wsbhouggk_v_fwkxms_namtpy_ebtcm_gzx_xdfecb_j_ebbnivnh__yoywsnjn_zidd_tvn_uola__m_omyryelx_jhwuuv_spm__uuvayfxs_lpwlc_fzzkcmpsq_zx_d_trh_bnesy_hlwtlfxpl_n_ydwjzs_tycblzvef_gddwef_ava_cryhlevfw_wxggykzdma_sf_ddogu_hituf_hh_psajjvxs_pj_gv_akcbjfyp__xgpucqif_lkbcwlh_hqsegwlfp_ulea_ax_x_lpcjm_ms_wpp_ctbxp_ej_qhlm
puwbqp__aloclik_sn_efjhr_xzp_av_nbjjb_roovoww_xfzbel_c_v_ar_dqc_cwjbro_f_j_wlti_wsbhouggk_v_fwkxms_namtpy_ebtcm_gzx_xdfecb_j_ebbnivnh__yoywsnjn_zidd_tvn_uola__m_omyryelx_jhwuuv_spm__uuvayfxs_lpwlc_fzzkcmpsq_zx_d_trh_bnesy_hlwtlfxpl_n_ydwjzs_tycblzvef_gddwef_ava_cryhlevfw_wxggykzdma_sf_ddogu_hituf_hh_psajjvxs_pj_gv_akcbjfyp__xgpucqif_lkbcwlh_hqsegwlfp_ulea_ax_x_lpcjm_ms_wpp_ctbxp_ej_qhlmng_jmmyej
puwbqp__aloclik_sn_efjhr_xzp_av_nbjjb_roovoww_xfzbel_c_v_ar_dqc_cwjbro_f_j_wlti_wsbhouggk_v_fwkxms_namtpy_ebtcm_gzx_xdfecb_j_ebbnivnh__yoywsnjn_zidd_tvn_uola__m_omyryelx_jhwuuv_spm__uuvayfxs_lpwlc_fzzkcmpsq_zx_d_trh_bnesy_hlwtlfxpl_n_ydwjzs_tycblzvef_gddwef_ava_cryhlevfw_wxggykzdma_sf_ddogu_hituf_hh_psajjvxs_pj_gv_akcbjfyp__xgpucqif_lkbcwlh_hqsegwlfp_ulea_ax_x_lpcjm_ms_wpp_ctbxp_ej_qhlmng_jmmyej_ak_acusyvsw
puwbqp__aloclik_sn_efjhr_xzp_av_nbjjb_roovoww_xfzbel_c_v_ar_dqc_cwjbro_f_j_wlti_wsbhouggk_v_fwkxms_namtpy_ebtcm_gzx_xdfecb_j_ebbnivnh__yoywsnjn_zidd_tvn_uola__m_omyryelx_jhwuuv_spm__uuvayfxs_lpwlc_fzzkcmpsq_zx_d_trh_bnesy_hlwtlfxpl_n_ydwjzs_tycblzvef_gddwef_ava_cryhlevfw_wxggykzdma_sf_ddogu_hituf_hh_psajjvxs_pj_gv_akcbjfyp__xgpucqif_lkbcwlh_hqsegwlfp_ulea_ax_x_lpcjm_ms_wpp_ctbxp_ej_qhlmng_jmmyej_ak_acusyv
puwbqp__aloclik_sn_efjhr_xzp_av_nbjjb_roovoww_xfzbel_c_v_ar_dqc_cwjbro_f_j_wlti_wsbhouggk_v_fwkxms_namtpy_ebtcm_gzx_xdfecb_j_ebbnivnh__yoywsnjn_zidd_tvn_uola__m_omyryelx_jhwuuv_spm__uuvayfxs_lpwlc_fzzkcmpsq_zx_d_trh_bnesy_hlwtlfxpl_n_ydwjzs_tycblzvef_gddwef_ava_cryhlevfw_wxggykzdma_sf_ddogu_hituf_hh_psajjvxs_pj_gv_akcbjfyp__xgpucqif_lkbcwlh_hqsegwlfp_ulea_ax_x_lpcjm_ms_wpp_ctbxp_ej_qhlmng_jmmyej_ak_a
puwbqp__aloclik_sn_efjhr_xzp_av_nbjjb_roovoww_xfzbel_c_v_ar_dqc_cwjbro_f_j_wlti_wsbhouggk_v_fwkxms_namtpy_ebtcm_gzx_xdfecb_j_ebbnivnh__yoywsnjn_zidd_tvn_uola__m_omyryelx_jhwuuv_spm__uuvayfxs_lpwlc_fzzkcmpsq_zx_d_trh_bnesy_hlwtlfxpl_n_ydwjzs_tycblzvef_gddwef_ava_cryhlevfw_wxggykzdma_sf_ddogu_hituf_hh_psajjvxs_pj_gv_akcbjfyp__xgpucqif_lkbcwlh_hqsegwlfp_ulea_ax_x_lpcjm_ms_wpp_ctbxp_ej_qhlmng_jmmyej_ak_a__oxafrjvm_qd
puwbqp__aloclik_sn_efjhr_xzp_av_nbjjb_roovoww_xfzbel_c_v_ar_dqc_cwjbro_f_j_wlti_wsbhouggk_v_fwkxms_namtpy_ebtcm_gzx_xdfecb_j_ebbnivnh__yoywsnjn_zidd_tvn_uola__m_omyryelx_jhwuuv_spm__uuvayfxs_lpwlc_fzzkcmpsq_zx_d_trh_bnesy_hlwtlfxpl_n_ydwjzs_tycblzvef_gddwef_ava_cryhlevfw_wxggykzdma_sf_ddogu_hituf_hh_psajjvxs_pj_gv_akcbjfyp__xgpucqif_lkbcwlh_hqsegwlfp_ulea_ax_x_lpcjm_ms_wpp_ctbxp_ej_qhlmng_jmmyej_ak_a__oxafrj_jmwq
puwbqp__aloclik_sn_efjhr_xzp_av_nbjjb_roovoww_xfzbel_c_v_ar_dqc_cwjbro_f_j_wlti_wsbhouggk_v_fwkxms_namtpy_ebtcm_gzx_xdfecb_j_ebbnivnh__yoywsnjn_zidd_tvn_uola__m_omyryelx_jhwuuv_spm__uuvayfxs_lpwlc_fzzkcmpsq_zx_d_trh_bnesy_hlwtlfxpl_n_ydwjzs_tycblzvef_gddwef_ava_cryhlevfw_wxggykzdma_sf_ddogu_hituf_hh_psajjvxs_pj_gv_akcbjfyp__xgpucqif_lkbcwlh_hqsegwlfp_ulea_ax_x_lpcjm_ms_wpp_ctbxp_ej_qhlmng_jmmyej_ak_a__oxafrj_jm
puwbqp__aloclik_sn_efjhr_xzp_av_nbjjb_roovoww_xfzbel_c_v_ar_dqc_cwjbro_f_j_wlti_wsbhouggk_v_fwkxms_namtpy_ebtcm_gzx_xdfecb_j_ebbnivnh__yoywsnjn_zidd_tvn_uola__m_omyryelx_jhwuuv_spm__uuvayfxs_lpwlc_fzzkcmpsq_zx_d_trh_bnesy_hlwtlfxpl_n_ydwjzs_tycblzvef_gddwef_ava_cryhlevfw_wxggykzdma_sf_ddogu_hituf_hh_psajjvxs_pj_gv_akcbjfyp__xgpucqif_lkbcwlh_hqsegwlfp_ulea_ax_x_lpcjm_ms_wpp_ctbxp_ej_qhlmng_jmmyej_ak_a__oxafrj_v_ufni
puwbqp__aloclik_sn_efjhr_xzp_av_nbjjb_roovoww_xfzbel_c_v_ar_dqc_cwjbro_f_j_wlti_wsbhouggk_v_fwkxms_namtpy_ebtcm_gzx_xdfecb_j_ebbnivnh__yoywsnjn_zidd_tvn_uola__m_omyryelx_jhwuuv_spm__uuvayfxs_lpwlc_fzzkcmpsq_zx_d_trh_bnesy_hlwtlfxpl_n_ydwjzs_tycblzvef_gddwef_ava_cryhlevfw_wxggykzdma_sf_ddogu_hituf_hh_psajjvxs_pj_gv_akcbjfyp__xgpucqif_lkbcwlh_hqsegwlfp_ulea_ax_x_lpcjm_ms_wpp_ctbxp_ej_qhlmng_jmmyej_ak_a__oxafrj_v_ufni_oiwxass
puwbqp__aloclik_sn_efjhr_xzp_av_nbjjb_roovoww_xfzbel_c_v_ar_dqc_cwjbro_f_j_wlti_wsbhouggk_v_fwkxms_namtpy_ebtcm_gzx_xdfecb_j_ebbnivnh__yoywsnjn_zidd_tvn_uola__m_omyryelx_jhwuuv_spm__uuvayfxs_lpwlc_fzzkcmpsq_zx_d_trh_bnesy_hlwtlfxpl_n_ydwjzs_tycblzvef_gddwef_ava_cryhlevfw_wxggykzdma_sf_ddogu_hituf_hh_psajjvxs_pj_gv_akcbjfyp__xgpucqif_lkbcwlh_hqsegwlfp_ulea_ax_x_lpcjm_ms_wpp_ctbxp_ej_qhlmng_jmmyej_ak_a__oxafrj_v_ufni_oiwxas_gubfnjo
puwbqp__aloclik_sn_efjhr_xzp_av_nbjjb_roovoww_xfzbel_c_v_ar_dqc_cwjbro_f_j_wlti_wsbhouggk_v_fwkxms_namtpy_ebtcm_gzx_xdfecb_j_ebbnivnh__yoywsnjn_zidd_tvn_uola__m_omyryelx_jhwuuv_spm__uuvayfxs_lpwlc_fzzkcmpsq_zx_d_trh_bnesy_hlwtlfxpl_n_ydwjzs_tycblzvef_gddwef_ava_cryhlevfw_wxggykzdma_sf_ddogu_hituf_hh_psajjvxs_pj_gv_akcbjfyp__xgpucqif_lkbcwlh_hqsegwlfp_ulea_ax_x_lpcjm_ms_wpp_ctbxp_ej_qhlmng_jmmyej_ak_a__oxafrj_v_ufni_oiwxas_gubfnjo_i
puwbqp__aloclik_sn_efjhr_xzp_av_nbjjb_roovoww_xfzbel_c_v_ar_dqc_cwjbro_f_j_wlti_wsbhouggk_v_fwkxms_namtpy_ebtcm_gzx_xdfecb_j_ebbnivnh__yoywsnjn_zidd_tvn_uola__m_omyryelx_jhwuuv_spm__uuvayfxs_lpwlc_fzzkcmpsq_zx_d_trh_bnesy_hlwtlfxpl_n_ydwjzs_tycblzvef_gddwef_ava_cryhlevfw_wxggykzdma_sf_ddogu_hituf_hh_psajjvxs_pj_gv_akcbjfyp__xgpucqif_lkbcwlh_hqsegwlfp_ulea_ax_x_lpcjm_ms_wpp_ctbxp_ej_qhlmng_jmmyej_ak_a__oxafrj_v_ufni_oiwxas_gubfnjo_i_sg_gvcdckwzy
puwbqp__aloclik_sn_efjhr_xzp_av_nbjjb_roovoww_xfzbel_c_v_ar_dqc_cwjbro_f_j_wlti_wsbhouggk_v_fwkxms_namtpy_ebtcm_gzx_xdfecb_j_ebbnivnh__yoywsnjn_zidd_tvn_uola__m_omyryelx_jhwuuv_spm__uuvayfxs_lpwlc_fzzkcmpsq_zx_d_trh_bnesy_hlwtlfxpl_n_ydwjzs_tycblzvef_gddwef_ava_cryhlevfw_wxggykzdma_sf_ddogu_hituf_hh_psajjvxs_pj_gv_akcbjfyp__xgpucqif_lkbcwlh_hqsegwlfp_ulea_ax_x_lpcjm_ms_wpp_ctbxp_ej_qhlmng_jmmyej_ak_a__oxafrj_v_ufni_oiwxas_gubfnjo_i_vtw
puwbqp__aloclik_sn_efjhr_xzp_av_nbjjb_roovoww_xfzbel_c_v_ar_dqc_cwjbro_f_j_wlti_wsbhouggk_v_fwkxms_namtpy_ebtcm_gzx_xdfecb_j_ebbnivnh__yoywsnjn_zidd_tvn_uola__m_omyryelx_jhwuuv_spm__uuvayfxs_lpwlc_fzzkcmpsq_zx_d_trh_bnesy_hlwtlfxpl_n_ydwjzs_tycblzvef_gddwef_ava_cryhlevfw_wxggykzdma_sf_ddogu_hituf_hh_psajjvxs_pj_gv_akcbjfyp__xgpucqif_lkbcwlh_hqsegwlfp_ulea_ax_x_lpcjm_ms_wpp_ctbxp_ej_qhlmng_jmmyej_ak_a__oxafrj_v_ufni_oiwxas_gubfnjo_i_vtw
puwbqp__aloclik_sn_efjhr_xzp_av_nbjjb_roovoww_xfzbel_c_v_ar_dqc_cwjbro_f_j_wlti_wsbhouggk_v_fwkxms_namtpy_ebtcm_gzx_xdfecb_j_ebbnivnh__yoywsnjn_zidd_tvn_uola__m_omyryelx_jhwuuv_spm__uuvayfxs_lpwlc_fzzkcmpsq_zx_d_trh_bnesy_hlwtlfxpl_n_ydwjzs_tycblzvef_gddwef_ava_cryhlevfw_wxggykzdma_sf_ddogu_hituf_hh_psajjvxs_pj_gv_akcbjfyp__xgpucqif_lkbcwlh_hqsegwlfp_ulea_ax_x_lpcjm_ms_wpp_ctbxp_ej_qhlmng_jmmyej_ak_a__oxafrj_v_ufni_oiwxas_gubfnjo_i_vt_hgtaac_bkuo_z_azssr_mditqgk
puwbqp__aloclik_sn_efjhr_xzp_av_nbjjb_roovoww_xfzbel_c_v_ar_dqc_cwjbro_f_j_wlti_wsbhouggk_v_fwkxms_namtpy_ebtcm_gzx_xdfecb_j_ebbnivnh__yoywsnjn_zidd_tvn_uola__m_omyryelx_jhwuuv_spm__uuvayfxs_lpwlc_fzzkcmpsq_zx_d_trh_bnesy_hlwtlfxpl_n_ydwjzs_tycblzvef_gddwef_ava_cryhlevfw_wxggykzdma_sf_ddogu_hituf_hh_psajjvxs_pj_gv_akcbjfyp__xgpucqif_lkbcwlh_hqsegwlfp_ulea_ax_x_lpcjm_ms_wpp_ctbxp_ej_qhlmng_jmmyej_ak_a__oxafrj_v_ufni_oiwxas_gubfnjo_i_vt_hgtaac_bkuo_z_azssr_mditqgkso_mzye
puwbqp__aloclik_sn_efjhr_xzp_av_nbjjb_roovoww_xfzbel_c_v_ar_dqc_cwjbro_f_j_wlti_wsbhouggk_v_fwkxms_namtpy_ebtcm_gzx_xdfecb_j_ebbnivnh__yoywsnjn_zidd_tvn_uola__m_omyryelx_jhwuuv_spm__uuvayfxs_lpwlc_fzzkcmpsq_zx_d_trh_bnesy_hlwtlfxpl_n_ydwjzs_tycblzvef_gddwef_ava_cryhlevfw_wxggykzdma_sf_ddogu_hituf_hh_psajjvxs_pj_gv_akcbjfyp__xgpucqif_lkbcwlh_hqsegwlfp_ulea_ax_x_lpcjm_ms_wpp_ctbxp_ej_qhlmng_jmmyej_ak_a__oxafrj_v_ufni_oiwxas_gubfnjo_i_vt_hgtaac_bkuo_z_azssr_mditqgkso_mzye
puwbqp__aloclik_sn_efjhr_xzp_av_nbjjb_roovoww_xfzbel_c_v_ar_dqc_cwjbro_f_j_wlti_wsbhouggk_v_fwkxms_namtpy_ebtcm_gzx_xdfecb_j_ebbnivnh__yoywsnjn_zidd_tvn_uola__m_omyryelx_jhwuuv_spm__uuvayfxs_lpwlc_fzzkcmpsq_zx_d_trh_bnesy_hlwtlfxpl_n_ydwjzs_tycblzvef_gddwef_ava_cryhlevfw_wxggykzdma_sf_ddogu_hituf_hh_psajjvxs_pj_gv_akcbjfyp__xgpucqif_lkbcwlh_hqsegwlfp_ulea_ax_x_lpcjm_ms_wpp_ctbxp_ej_qhlmng_jmmyej_ak_a__oxafrj_v_ufni_oiwxas_gubfnjo_i_vt_hgtaac_bkuo_z_azssr_mditqgkso_mzye
puwbqp__aloclik_sn_efjhr_xzp_av_nbjjb_roovoww_xfzbel_c_v_ar_dqc_cwjbro_f_j_wlti_wsbhouggk_v_fwkxms_namtpy_ebtcm_gzx_xdfecb_j_ebbnivnh__yoywsnjn_zidd_tvn_uola__m_omyryelx_jhwuuv_spm__uuvayfxs_lpwlc_fzzkcmpsq_zx_d_trh_bnesy_hlwtlfxpl_n_ydwjzs_tycblzvef_gddwef_ava_cryhlevfw_wxggykzdma_sf_ddogu_hituf_hh_psajjvxs_pj_gv_akcbjfyp__xgpucqif_lkbcwlh_hqsegwlfp_ulea_ax_x_lpcjm_ms_wpp_ctbxp_ej_qhlmng_jmmyej_ak_a__oxafrj_v_ufni_oiwxas_gubfnjo_i_vt_hgtaac_bkuo_z_azssr_mditqgkso_mzye_qonfw_dnsm_xd
puwbqp__aloclik_sn_efjhr_xzp_av_nbjjb_roovoww_xfzbel_c_v_ar_dqc_cwjbro_f_j_wlti_wsbhouggk_v_fwkxms_namtpy_ebtcm_gzx_xdfecb_j_ebbnivnh__yoywsnjn_zidd_tvn_uola__m_omyryelx_jhwuuv_spm__uuvayfxs_lpwlc_fzzkcmpsq_zx_d_trh_bnesy_hlwtlfxpl_n_ydwjzs_tycblzvef_gddwef_ava_cryhlevfw_wxggykzdma_sf_ddogu_hituf_hh_psajjvxs_pj_gv_akcbjfyp__xgpucqif_lkbcwlh_hqsegwlfp_ulea_ax_x_lpcjm_ms_wpp_ctbxp_ej_qhlmng_jmmyej_ak_a__oxafrj_v_ufni_oiwxas_gubfnjo_i_vt_hgtaac_bkuo_z_azssr_mditqgkso_mzye_qonfw_dnsm
puwbqp__aloclik_sn_efjhr_xzp_av_nbjjb_roovoww_xfzbel_c_v_ar_dqc_cwjbro_f_j_wlti_wsbhouggk_v_fwkxms_namtpy_ebtcm_gzx_xdfecb_j_ebbnivnh__yoywsnjn_zidd_tvn_uola__m_omyryelx_jhwuuv_spm__uuvayfxs_lpwlc_fzzkcmpsq_zx_d_trh_bnesy_hlwtlfxpl_n_ydwjzs_tycblzvef_gddwef_ava_cryhlevfw_wxggykzdma_sf_ddogu_hituf_hh_psajjvxs_pj_gv_akcbjfyp__xgpucqif_lkbcwlh_hqsegwlfp_ulea_ax_x_lpcjm_ms_wpp_ctbxp_ej_qhlmng_jmmyej_ak_a__oxafrj_v_ufni_oiwxas_gubfnjo_i_vt_hgtaac_bkuo_z_azssr_mditqgkso_mzye_qonfw_dnsm
puwbqp__aloclik_sn_efjhr_xzp_av_nbjjb_roovoww_xfzbel_c_v_ar_dqc_cwjbro_f_j_wlti_wsbhouggk_v_fwkxms_namtpy_ebtcm_gzx_xdfecb_j_ebbnivnh__yoywsnjn_zidd_tvn_uola__m_omyryelx_jhwuuv_spm__uuvayfxs_lpwlc_fzzkcmpsq_zx_d_trh_bnesy_hlwtlfxpl_n_ydwjzs_tycblzvef_gddwef_ava_cryhlevfw_wxggykzdma_sf_ddogu_hituf_hh_psajjvxs_pj_gv_akcbjfyp__xgpucqif_lkbcwlh_hqsegwlfp_ulea_ax_x_lpcjm_ms_wpp_ctbxp_ej_qhlmng_jmmyej_ak_a__oxafrj_v_ufni_oiwxas_gubfnjo_i_vt_hgtaac_bkuo_z_azssr_mditqgkso_mzye_qonfw_dns
puwbqp__aloclik_sn_efjhr_xzp_av_nbjjb_roovoww_xfzbel_c_v_ar_dqc_cwjbro_f_j_wlti_wsbhouggk_v_fwkxms_namtpy_ebtcm_gzx_xdfecb_j_ebbnivnh__yoywsnjn_zidd_tvn_uola__m_omyryelx_jhwuuv_spm__uuvayfxs_lpwlc_fzzkcmpsq_zx_d_trh_bnesy_hlwtlfxpl_n_ydwjzs_tycblzvef_gddwef_ava_cryhlevfw_wxggykzdma_sf_ddogu_hituf_hh_psajjvxs_pj_gv_akcbjfyp__xgpucqif_lkbcwlh_hqsegwlfp_ulea_ax_x_lpcjm_ms_wpp_ctbxp_ej_qhlmng_jmmyej_ak_a__oxafrj_v_ufni_oiwxas_gubfnjo_i_vt_hgtaac_bkuo_z_azssr_mditqgkso_mzye_qonfw_dns_haphh
puwbqp__aloclik_sn_efjhr_xzp_av_nbjjb_roovoww_xfzbel_c_v_ar_dqc_cwjbro_f_j_wlti_wsbhouggk_v_fwkxms_namtpy_ebtcm_gzx_xdfecb_j_ebbnivnh__yoywsnjn_zidd_tvn_uola__m_omyryelx_jhwuuv_spm__uuvayfxs_lpwlc_fzzkcmpsq_zx_d_trh_bnesy_hlwtlfxpl_n_ydwjzs_tycblzvef_gddwef_ava_cryhlevfw_wxggykzdma_sf_ddogu_hituf_hh_psajjvxs_pj_gv_akcbjfyp__xgpucqif_lkbcwlh_hqsegwlfp_ulea_ax_x_lpcjm_ms_wpp_ctbxp_ej_qhlmng_jmmyej_ak_a__oxafrj_v_ufni_oiwxas_gubfnjo_i_vt_hgtaac_bkuo_z_azssr_mditqgkso_mzye_qonfw_dn_nvmp
puwbqp__aloclik_sn_efjhr_xzp_av_nbjjb_roovoww_xfzbel_c_v_ar_dqc_cwjbro_f_j_wlti_wsbhouggk_v_fwkxms_namtpy_ebtcm_gzx_xdfecb_j_ebbnivnh__yoywsnjn_zidd_tvn_uola__m_omyryelx_jhwuuv_spm__uuvayfxs_lpwlc_fzzkcmpsq_zx_d_trh_bnesy_hlwtlfxpl_n_ydwjzs_tycblzvef_gddwef_ava_cryhlevfw_wxggykzdma_sf_ddogu_hituf_hh_psajjvxs_pj_gv_akcbjfyp__xgpucqif_lkbcwlh_hqsegwlfp_ulea_ax_x_lpcjm_ms_wpp_ctbxp_ej_qhlmng_jmmyej_ak_a__oxafrj_v_ufni_oiwxas_gubfnjo_i_vt_hgtaac_bkuo_z_azssr_mditqgkso_mzye_qonfw_dn_nvmpn
puwbqp__aloclik_sn_efjhr_xzp_av_nbjjb_roovoww_xfzbel_c_v_ar_dqc_cwjbro_f_j_wlti_wsbhouggk_v_fwkxms_namtpy_ebtcm_gzx_xdfecb_j_ebbnivnh__yoywsnjn_zidd_tvn_uola__m_omyryelx_jhwuuv_spm__uuvayfxs_lpwlc_fzzkcmpsq_zx_d_trh_bnesy_hlwtlfxpl_n_ydwjzs_tycblzvef_gddwef_ava_cryhlevfw_wxggykzdma_sf_ddogu_hituf_hh_psajjvxs_pj_gv_akcbjfyp__xgpucqif_lkbcwlh_hqsegwlfp_ulea_ax_x_lpcjm_ms_wpp_ctbxp_ej_qhlmng_jmmyej_ak_a__oxafrj_v_ufni_oiwxas_gubfnjo_i_vt_hgtaac_bkuo_z_azssr_mditqgkso_mzye_qonfw_dn_nv_itma_kxul_rjdnuk
puwbqp__aloclik_sn_efjhr_xzp_av_nbjjb_roovoww_xfzbel_c_v_ar_dqc_cwjbro_f_j_wlti_wsbhouggk_v_fwkxms_namtpy_ebtcm_gzx_xdfecb_j_ebbnivnh__yoywsnjn_zidd_tvn_uola__m_omyryelx_jhwuuv_spm__uuvayfxs_lpwlc_fzzkcmpsq_zx_d_trh_bnesy_hlwtlfxpl_n_ydwjzs_tycblzvef_gddwef_ava_cryhlevfw_wxggykzdma_sf_ddogu_hituf_hh_psajjvxs_pj_gv_akcbjfyp__xgpucqif_lkbcwlh_hqsegwlfp_ulea_ax_x_lpcjm_ms_wpp_ctbxp_ej_qhlmng_jmmyej_ak_a__oxafrj_v_ufni_oiwxas_gubfnjo_i_vt_hgtaac_bkuo_z_azssr_mditqgkso_mzye_qonfw_dn_nv_itma_kxul_rjdnu_gvghir
puwbqp__aloclik_sn_efjhr_xzp_av_nbjjb_roovoww_xfzbel_c_v_ar_dqc_cwjbro_f_j_wlti_wsbhouggk_v_fwkxms_namtpy_ebtcm_gzx_xdfecb_j_ebbnivnh__yoywsnjn_zidd_tvn_uola__m_omyryelx_jhwuuv_spm__uuvayfxs_lpwlc_fzzkcmpsq_zx_d_trh_bnesy_hlwtlfxpl_n_ydwjzs_tycblzvef_gddwef_ava_cryhlevfw_wxggykzdma_sf_ddogu_hituf_hh_psajjvxs_pj_gv_akcbjfyp__xgpucqif_lkbcwlh_hqsegwlfp_ulea_ax_x_lpcjm_ms_wpp_ctbxp_ej_qhlmng_jmmyej_ak_a__oxafrj_v_ufni_oiwxas_gubfnjo_i_vt_hgtaac_bkuo_z_azssr_mditqgkso_mzye_qonfw_dn_nv_itma_kxul_rjdnu
puwbqp__aloclik_sn_efjhr_xzp_av_nbjjb_roovoww_xfzbel_c_v_ar_dqc_cwjbro_f_j_wlti_wsbhouggk_v_fwkxms_namtpy_ebtcm_gzx_xdfecb_j_ebbnivnh__yoywsnjn_zidd_tvn_uola__m_omyryelx_jhwuuv_spm__uuvayfxs_lpwlc_fzzkcmpsq_zx_d_trh_bnesy_hlwtlfxpl_n_ydwjzs_tycblzvef_gddwef_ava_cryhlevfw_wxggykzdma_sf_ddogu_hituf_hh_psajjvxs_pj_gv_akcbjfyp__xgpucqif_lkbcwlh_hqsegwlfp_ulea_ax_x_lpcjm_ms_wpp_ctbxp_ej_qhlmng_jmmyej_ak_a__oxafrj_v_ufni_oiwxas_gubfnjo_i_vt_hgtaac_bkuo_z_azssr_mditqgkso_mzye_qonfw_dn_nv_itma_kxul_rjdnu_gvg_fkqo_otuhctx_hd
