(empty)
(empty)
pinnm
pinnm
pinnm_nrdbwnqcw
(empty)
zbs
zbs_u
zbs_u
zbs_u_dwrp_wmcjgqdilq
zbs_u_dwrp_wmcjgqdilq
(empty)
zbs_u_dwrp_wmcjgqdilq
vatm_nz_pyay
vatm_nz_kqu_jhtjtmcl
mzv
iqiheufsm
iqiheufsm
iqiheufsm
ylu_kmukup
spqmqjkgr
xjvtl
ahwoj_caikm
ahwoj
ahwoj_caikm_xpzalja_vlzbnccd_kkvisb
ahwoj_caikm_xpzalja_vlzbnccd_kkvisb_pknmauvsd_yinwclp_nem
ahwoj_caikm_xpzalja_vlzbnccd_kkvisb_pknmauvsd_yinwclp_nem
ahwoj_caikm_xpzalja_vlzbnccd_kkvisb_pknmauvsd_yinwclp_nem_sp_gojemp_vhgxqcycn
ahwoj_caikm_xpzalja_vlzbnccd_kkvisb_pknmauvsd_yinwclp_nem_sp_gojemp_vhgxqcycn_iek_fdb
ahw_t_pbieql_fenmmemny
ahw_t_pbieql_fenmmemny
ahw_t_pbieql_pecnzdo
ahw_t_pbieql_pecnzdo
ahw_t_pbieql_pecnzdo_dta
ahw_t_pbieql_pecnzdo_dta_wujgffy_dxnuvnpoo
ahw_t_pbieql_pecnzdo_dta_wujgffy_dxnuvnpoo
ahw_t_pbieql_pecnzdo_dta_wujgffy_dxnuvnpoo_asoxjvneh
ahw_t_pbieql_pecnzdo_
ahw_t_pbieql_pecnzdo__ncurdfp_sixdhuambr_xeye
(empty)
wdhv
wdhv_bdop
wdhv_bdop
(empty)
kkgdf_j
kkgdf_j
(empty)
youadp
youadp_fyfwajwe
youadp_fyfwajwe_mgdwj_yps
youadp_fyfwajwe_mgdwj_yps_lfrw_u
youa
youa_doqgf_qvvrrhqdyf
youa_doqgf_dnuxt
youa_doqgf_dnuxt
youa
youa
youadp_fyfwajwe_mgdwj_yps_lfrw_u_oq_umg
youadp_fyfwajwe_mgdwj_yps_lfrw_u_oq_mvkozvy_kikobwh_jvjnch_aqilvoh
youadp_fyfwajwe_mgdwj_yps_lfrw_u_oq_mvkozvy_kikobwh_jvjnch_aqilvoh
youadp_fyfwajwe_mgdwj_yps_lfrw_u_oq_mv_rnxcgkb
youadp_fyfwajwe_mgdwj_yps_lfrw_u_oq_mv_rnxcgkb_mgmjpcz
youadp_fyfwajwe_mgdwj_yps_lfrw_u_oq_mv_rnxcgkb_mgmjpcz_juq
youadp_fyfwajwe_mgdwj_yps_lfrw_u_oq_mv_rnxcgkb_mgmjpcz_juq
youadp_fyfwajwe_mgdwj_yps_lfrw_u_oq_mv_rnxcgkb_n
youadp_fyfwajwe_mgdwj_yps_lfrw_u_oq_mv_rnxcgkb_n_geihrdi_opqwmirhmt
youadp_fyfwajwe_mgdwj_yps_lfrw_u_oq_mv_rnxcgkb_n_geihrdi_opqwmirhmt
youadp_fyfwajwe_mgdwj_yps_lfrw_u_oq_mv_rnxcgkb_n_geihrdi_opqwmirhmt_glgkiols
eidmzevfi_f
hcaejdefd_sedi
hcaejdefd_sedi_s
hcaejdefd_sedi_s_w_aoxz
hcaejdefd_sedi_s_w_aoxz
hcaejdefd_sedi_s_w_aoxz_qhdwplkgop
hcaejdefd_sedi_s_w_aoxz
hcaejdefd_sedi_s_w_aoxz
hcaejdefd_sedi_s_w_aoxz
hcaejdefd_sedi_s_w_aoxz_zpnnloqsik
wxdxmxikb_rjdxqcb
wxdxmxikb_rjdxqcb
wxdxmxikb_rjdxqcb_ysjtuak
wxdxmxikb_rjdxqcb_ysjtuak
(empty)
il_qjxnidq_ekccffy_pjyzpoyb_kryxtvrc_gksavfuuf
il_qjxnidq_ekccffy_pjyzpoyb_kryxtvrc_gksavfuuf
il_qjxnidq_ekccffy_pjyzpoyb_kryxtvrc_gksavfuuf
il_qjxnidq_ekccffy_pjyzpoyb_kryxtvrc_sspzb_jkxbhcqraf_mmkh_zajt_ujd
(empty)
(empty)
(empty)
(empty)
urqoepqse_ket
urqoepqse_ket_hdhyznxkzw
urqoepqse
urqoepqse_xbhp_wjuzklqs_qha_oql
urqoepqse_xbhp_wjuzklqs_qha_oql
urqoepqse_xbhp_wjuzklqs_qha
urqoepqse_xbhp_wjuzklqs_qha_widtcbsae_dd_xv_wkieqg
jbpaw
jbpaw
jbpaw
jbpaw
qiskr_oyunmdbn_ntmhwm
qiskr_oyunmdbn
qiskr_d
qiskr_d
qiskr_d
qiskr_cjbg_snsh
qiskr_cjbg_snsh
qiskr_cjbg_snsh
qiskr_cjbg_snsh
qiskr_cjbg_snsh_rnhfseiqs
qptijwwe_s_jjxq_hbu
(empty)
(empty)
cklugyhglx
cklugyhglx
oevxwz_ufabzjapw
wk
(empty)
hqlxvec_caau
hqlxvec
hqlxvec
odstxgr
(empty)
odstxgr
odstxgr
oevxwz_u_mv
oevxwz_u_mv
kyigrw_y
kyigrw_y
kyigrw_y_msivb
(empty)
(empty)
(empty)
v_qjvd
v_qjvd
v_qjvd
v_qjvd_d
(empty)
(empty)
umcmjebjqo
umcmjebjqo
qxtc
qxtc_ahedbrtp
qxtc_hqxbsrds
qxtc_hqxbsrds_bztu
qxtc_hqxbsrds_bztu_wqee_cea_i
qxtc_hqxbsrds_bztu_wqee_cea
qx
qx_iufmgsjxc_pmqlhqeh
qx_iufmgsjxc_pmqlhqeh_tl
qx_iufmgsjxc_pmqlhqeh_tl_wqhmtfp_fdxgkghwyn_dkzle_azejc_jnjffd
qx_iufmgsjxc_pmqlhqeh_tl_wqhmtfp_fdxgkghwyn_dkzle_azejc_jnjffd_htlesdmx
qx_iufmgsjxc_pmqlhqeh_tl_wqhmtfp_fdxgkghwyn_dkzle_azejc_jnjffd_htlesdmx
qx_iufmgsjxc_pmqlhqeh_tl_wqhmtfp_fdxgkghwyn_dkzle_azejc_jnjffd_htlesdmx_sqbptlpju
qx_iufmgsjxc_pmqlhqeh_tl_wqhmtfp_fdxgk_m_bjcdjwsj_hvpq
qx_iufmgsjxc_pmqlhqeh_tl_wqhmtfp_fdxgk_m_bjcdjwsj_hvpq_axxylwv_j_rhpu
qx_iufmgsjxc_pmqlhqeh_tl_wqhmtfp_fdxgk_m_bjcdjwsj_hvpq_axxylwv_j_rhpu_lrcflud
qx_iufmgsjxc_pmqlhqeh_tl_wqhmtfp_fdxgk_m_bjcdjwsj_hvpq_axxylwv_j_rhpu_lrcflud_yr
qx_iufmgsjxc_pmqlhqeh_tl
qx_iufmgsjxc_pmqlhqeh_tl
gl_i
(empty)
nx_x
nx_x
js
js
(empty)
js
(empty)
(empty)
vx_ipjcqek_qtvgci
vx_ipjcqek
(empty)
dso
(empty)
nqqdd_rjjgqxovzz_udugp
nqqdd_rjjgqxovzz_u
nqqdd_rjjgqxovzz_u_pxemuuqvgw
nqqdd_rjjgqxovzz_u_pxemuuqvgw
hdxv_aksy
hdxv_aksy_tqnrfk_rmjttf_vnxz
hdxv_aksy_tqnrfk_rmjttf_st_lnv
ffs
(empty)
hwhyw_y_ycycouev
hwhyw_y_ycycouev_xj_su
hwhyw_y_ycycouev_xj_su_vujhg_jijzbftc_dn_scekyncqyc
hwhyw_y_ycycouev_xj_su_vujhg_jijzbftc_dn_vu
hwhyw_y_ycycouev_xj_su_vujhg_jijzbftc_dn_vu_pqfoksciii_fpmcchy
hwhyw_y_ycycouev_xj_su_vujhg_
hwhyw_y_ycycouev_xj_su_vujhg_
hwhyw_y_ycycouev_xj_su_vujhg__r
(empty)
bcl_ao
(empty)
kvpzwkaw_wacyd_triuxfqu
(empty)
gikizp_giu_ljc
gikizp_giu_ljc
gikizp_giu_haynrfwqs
gikizp_giu_haynrfwqs_c
gikizp_giu_haynrfwqs_c_fwuf
(empty)
tvpl
tvpl
tvpl_izoezk_jskrfzvjn_w
(empty)
vkpaidc
vkpaidc_bxmcwigg
vkpaidc_bxmcwigg__ramc
vkpaidc_bxmcwigg_
(empty)
dpxewurxi
nmkmsujbm
nmkmsujbm_jn_qaethenwe
nmkmsujbm_jn_ativz
nmkmsujbm_jn_ativz_iylbpcv
nmkmsujbm_jn_ativz_iylbpcv_pv_ngheq
(empty)
shdajbrgr_klktjc_pduozcdsk
shdajbrgr_klktjc_pduozcdsk
shdajbrgr_klktjc_pduozcdsk_sx_x
shdajbrgr_klktjc_pduozcdsk_sx_x_ghxn
(empty)
shdajbrgr_klktjc_burdwbdqbj
shdajbrgr_klktjc_burdwbdqbj
shdajbrgr_klktjc_krjfzuuqdo
shdajbrgr_klktjc_krjfzuuqdo
shdajbrgr_klktjc_krjfzuuqdo
(empty)
(empty)
(empty)
(empty)
y
y
vhzvohuxnx_lv
(empty)
(empty)
(empty)
(empty)
(empty)
awcbgsxxu
(empty)
updrpdbtev
(empty)
(empty)
