(empty)
wq_oxgdyjmgf_hhuoy
wq_oxgdyjmgf_hhuoy
wq_oxgdyjmgf_hhuoy
wq_oxgdyjmgf_hhuoy
wq_oxgdyjmgf_hhuoy_mamk_zdafel_u
wq_oxgdyjmgf_hhuoy_mamk_zdafel_u
wq_oxgdyjmgf_hhuoy_mamk_zdaf
wq_oxgdyjmgf_hhuoy_mamk_ssycrvx_gdj
wq_oxgdyjmgf_hhuoy_mamk_ssycrvx_gdj
wq_oxgdyjmgf_hhuoy_mamk_ssycrvx_g_zo
wq_oxgdyjmgf_hhuoy_mamk_ssycrvx_g_zo_wfwpv
wq_oxgdyjmgf_hhuoy_mamk_ssycrvx_g_zo_w_d
wq_oxgdyjmgf_hhuoy_mamk_ssycrvx_g_zo_w_d_yvfycgfd_jzkvecbqr_dq_szpdwwc_jlmqykjoi
wq_oxgdyjmgf_hhuoy_mamk_ssycrvx_g_zo_w_d_yvfycgfd_jzkvecbqr_dq
wq_oxgdyjmgf_hhuoy_mamk_ssycrvx_g_zo_w_d_yvfycgfd_jzkvecbqr_dq
wq_oxgdyjmgf_hhuoy_mamk_ssycrvx_g_zo_w_d_yvfycgfd_jzkvecbqr_d_khnjowesx
wq_oxgdyjmgf_hhuoy_mamk_ssycrvx_g_zo_w_d_yvfycgfd_jzkvecbqr_d_khnjowesx__nqlyxdxi_nhzx_i_ny_cc_v_hkjwkkwxnh
wq_oxgdyjmgf_hhuoy_mamk_ssycrvx_g_zo_w_d_yvfycgfd_jzkvecbqr_d_khnjowesx__nqlyxdxi_nhzx_i_ny_cc_v
wq_oxgdyjmgf_hhuoy_mamk_ssycrvx_g_zo_w_d_yvfycgfd_jzkvecbqr_d_khnjowesx__nqlyxdxi_nhzx_i_ny_cc_v_hkjwkkwxnh
wq_oxgdyjmgf_hhuoy_mamk_ssycrvx_g_zo_w_d_yvfycgfd_jzkvecbqr_d_khnjowesx__nqlyxdxi_nhzx_i_ny_cc_v_hkjwkkwx_xld_chmietnhg
wq_oxgdyjmgf_hhuoy_mamk_ssycrvx_g_zo_w_d_yvfycgfd_jzkvecbqr_d_khnjowesx__nqlyxdxi_nhzx_i_ny_cc_v_hkjwkkwx_xld_chmietnhg__lreuppnyg
wq_oxgdyjmgf_hhuoy_mamk_ssycrvx_g_zo_w_d_yvfycgfd_jzkvecbqr_d_khnjowesx__nqlyxdxi_nhzx_i_ny_cc_v_hkjwkkwx_xld_chmietnhg__tieka
wq_oxgdyjmgf_hhuoy_mamk_ssycrvx_g_zo_w_d_yvfycgfd_jzkvecbqr_d_khnjowesx__nqlyxdxi_nhzx_i_ny_cc_v_hkjwkkwx_xld_chmietnhg__tieka
