734152559 = 7 * 2659 * 39443
8
332877893 = 41 * 8118973
4
825 = 3 * 5^2 * 11
12
256296995 = 5 * 31 * 113 * 14633
16
728065263 = 3 * 821 * 295601
8
617 = 617
2
358365250 = 2 * 5^3 * 251 * 5711
32
470761412 = 2^2 * 11 * 31 * 345133
24
85843879 = 11 * 59 * 349 * 379
16
584 = 2^3 * 73
8
290554411 = 7 * 67 * 179 * 3461
16
36409421 = 359 * 101419
4
338379958 = 2 * 7 * 89 * 271573
16
287 = 7 * 41
4
866752765 = 5 * 4933 * 35141
8
636 = 2^2 * 3 * 53
12
134 = 2 * 67
4
532 = 2^2 * 7 * 19
12
356 = 2^2 * 89
6
