ITEM 1
ITEM 1 CHANGE 1
ITEM 1 CHANGE 2 1
ITEM 1 CHANGE 2 2
ITEM 1 CHANGE 5 1
ITEM 1 CHANGE 5 2
ITEM 1 CHANGE 5 2 1
ITEM 1 CHANGE 5 2 2
ITEM 2
ITEM 2 CHANGE 1
ITEM 2 CHANGE 2 1
ITEM 2 CHANGE 2 2
ITEM 2 CHANGE 5 1
ITEM 2 CHANGE 5 2
ITEM 2 CHANGE 5 2 1
ITEM 2 CHANGE 5 2 2
ITEM 3
ITEM 3 CHANGE 1
ITEM 3 CHANGE 2 1
ITEM 3 CHANGE 2 2
ITEM 3 CHANGE 5 1
ITEM 3 CHANGE 5 2
ITEM 3 CHANGE 5 2 1
ITEM 3 CHANGE 5 2 2
ITEM 4
ITEM 4 CHANGE 1
ITEM 4 CHANGE 2 1
ITEM 4 CHANGE 2 2
ITEM 4 CHANGE 5 1
ITEM 4 CHANGE 5 2
ITEM 4 CHANGE 5 2 1
ITEM 4 CHANGE 5 2 2
ITEM 5
ITEM 5 CHANGE 1
ITEM 5 CHANGE 2 1
ITEM 5 CHANGE 2 2
ITEM 5 CHANGE 5 1
ITEM 5 CHANGE 5 2
ITEM 5 CHANGE 5 2 1
ITEM 5 CHANGE 5 2 2
ITEM 6
ITEM 6 CHANGE 1
ITEM 6 CHANGE 2 1
ITEM 6 CHANGE 2 2
ITEM 6 CHANGE 5 1
ITEM 6 CHANGE 5 2
ITEM 6 CHANGE 5 2 1
ITEM 6 CHANGE 5 2 2
ITEM 7
ITEM 7 CHANGE 1
ITEM 7 CHANGE 2 1
ITEM 7 CHANGE 2 2
ITEM 7 CHANGE 5 1
ITEM 7 CHANGE 5 2
ITEM 7 CHANGE 5 2 1
ITEM 7 CHANGE 5 2 2
ITEM 8
ITEM 8 CHANGE 1
ITEM 8 CHANGE 2 1
ITEM 8 CHANGE 2 2
ITEM 8 CHANGE 5 1
ITEM 8 CHANGE 5 2
ITEM 8 CHANGE 5 2 1
SALES 280
