SOLD OUT
SOLD OUT
RETURN 26
RETURN 2
SOLD OUT
SOLD OUT
RETURN 2
NOT ENOUGH
NOT ENOUGH
RETURN 33
RETURN 0
REJECT 8
RETURN 12
REJECT 9
SOLD OUT
ITEM 7 CHANGE 10 10 10 5
SOLD OUT
RETURN 29
NOT ENOUGH
SOLD OUT
NOT ENOUGH
RETURN 11
SOLD OUT
REJECT 3
REJECT 11
ITEM 8 CHANGE 10 5 2 1
RETURN 10
SOLD OUT
RETURN 12
NOT ENOUGH
SOLD OUT
NOT ENOUGH
SOLD OUT
SOLD OUT
REJECT 15
SOLD OUT
ITEM 6 CHANGE 10 10 10 10 10 10 10 10 10 2 1
NOT ENOUGH
RETURN 20
RETURN 11
RETURN 32
REJECT 9
REJECT 7
RETURN 22
RETURN 10
SOLD OUT
SOLD OUT
REJECT 4
REJECT 20
ITEM 6 CHANGE 10 10 5 2
RETURN 0
NOT ENOUGH
SOLD OUT
RETURN 33
NOT ENOUGH
ITEM 6 CHANGE 10 5 2
NOT ENOUGH
SOLD OUT
RETURN 19
SOLD OUT
SOLD OUT
NOT ENOUGH
REJECT 11
SOLD OUT
ITEM 9 CHANGE 10 10 5 2
SOLD OUT
RETURN 12
REJECT 4
SALES 82
