NOT ENOUGH
NOT ENOUGH
NOT ENOUGH
ITEM 2 CHANGE 10 5
NOT ENOUGH
ITEM 4 CHANGE 10 10 10 10 2 1
NOT ENOUGH
NOT ENOUGH
RETURN 64
RETURN 41
NOT ENOUGH
REJECT 15
ITEM 9 CHANGE 10 10 5
NOT ENOUGH
NOT ENOUGH
RETURN 58
SOLD OUT
RETURN 11
NOT ENOUGH
ITEM 7 CHANGE 2
NOT ENOUGH
RETURN 0
RETURN 12
NOT ENOUGH
RETURN 20
NOT ENOUGH
NOT ENOUGH
NOT ENOUGH
ITEM 6 CHANGE 5
NOT ENOUGH
REJECT 7
RETURN 12
SOLD OUT
SOLD OUT
NOT ENOUGH
REJECT 6
ITEM 1 CHANGE 2 2
NOT ENOUGH
SOLD OUT
NOT ENOUGH
NOT ENOUGH
NOT ENOUGH
RETURN 49
NOT ENOUGH
NOT ENOUGH
NOT ENOUGH
NOT ENOUGH
SOLD OUT
ITEM 2 CHANGE 10 10 5 2 1
NOT ENOUGH
REJECT 7
SOLD OUT
NOT ENOUGH
SOLD OUT
NOT ENOUGH
NOT ENOUGH
SOLD OUT
ITEM 2 CHANGE 10 5 1
RETURN 13
SALES 301
