RETURN 12
NOT ENOUGH
SOLD OUT
SOLD OUT
SOLD OUT
NOT ENOUGH
SOLD OUT
SOLD OUT
REJECT 8
SOLD OUT
REJECT 20
SOLD OUT
REJECT 8
SOLD OUT
SOLD OUT
REJECT 9
SOLD OUT
REJECT 8
SOLD OUT
SOLD OUT
SOLD OUT
REJECT 15
SOLD OUT
SOLD OUT
SOLD OUT
SOLD OUT
REJECT 11
SOLD OUT
SOLD OUT
SOLD OUT
SOLD OUT
REJECT 9
SOLD OUT
SOLD OUT
SOLD OUT
SOLD OUT
REJECT 4
SOLD OUT
SOLD OUT
SOLD OUT
SOLD OUT
RETURN 45
SOLD OUT
SOLD OUT
SOLD OUT
SOLD OUT
SOLD OUT
RETURN 42
SOLD OUT
ITEM 2 CHANGE 10 10 10 10 10
SOLD OUT
SOLD OUT
SOLD OUT
SOLD OUT
REJECT 3
SOLD OUT
SOLD OUT
SOLD OUT
SOLD OUT
SOLD OUT
RETURN 33
REJECT 15
SOLD OUT
SOLD OUT
SOLD OUT
REJECT 8
SOLD OUT
SOLD OUT
SOLD OUT
SOLD OUT
SOLD OUT
RETURN 18
SOLD OUT
SOLD OUT
SOLD OUT
RETURN 10
SOLD OUT
REJECT 6
SOLD OUT
SOLD OUT
SOLD OUT
SOLD OUT
SOLD OUT
RETURN 26
SOLD OUT
SOLD OUT
REJECT 8
SOLD OUT
SOLD OUT
SOLD OUT
SOLD OUT
SOLD OUT
RETURN 35
SOLD OUT
SOLD OUT
RETURN 5
REJECT 8
SOLD OUT
SOLD OUT
RETURN 23
RETURN 0
RETURN 8
SOLD OUT
SOLD OUT
SOLD OUT
SOLD OUT
SOLD OUT
SOLD OUT
RETURN 15
RETURN 0
RETURN 12
SOLD OUT
SOLD OUT
SOLD OUT
SOLD OUT
RETURN 0
SALES 7
