RETURN 0
NOT ENOUGH
NOT ENOUGH
RETURN 9
NOT ENOUGH
NOT ENOUGH
REJECT 11
REJECT 4
REJECT 11
NOT ENOUGH
NOT ENOUGH
REJECT 3
ITEM 7 CHANGE 10 10 2 1
REJECT 20
RETURN 1
REJECT 3
REJECT 20
NOT ENOUGH
REJECT 6
REJECT 6
NOT ENOUGH
NOT ENOUGH
NOT ENOUGH
REJECT 7
REJECT 6
REJECT 7
ITEM 7 CHANGE 10 10 10 5
REJECT 20
NOT ENOUGH
REJECT 8
REJECT 7
REJECT 3
SOLD OUT
ITEM 1 CHANGE 10 10 10 1
REJECT 7
SOLD OUT
NOT ENOUGH
REJECT 3
REJECT 6
REJECT 4
REJECT 6
REJECT 6
SOLD OUT
ITEM 8 CHANGE 2 2
REJECT 7
REJECT 20
REJECT 15
REJECT 8
ITEM 7 CHANGE 10 10
NOT ENOUGH
REJECT 4
REJECT 9
NOT ENOUGH
REJECT 9
SOLD OUT
REJECT 8
REJECT 15
REJECT 15
RETURN 66
NOT ENOUGH
ITEM 7 CHANGE 10 2 2
REJECT 9
NOT ENOUGH
REJECT 11
REJECT 7
REJECT 9
REJECT 20
ITEM 9 CHANGE 5
NOT ENOUGH
REJECT 7
SOLD OUT
REJECT 8
REJECT 3
NOT ENOUGH
REJECT 4
NOT ENOUGH
SOLD OUT
REJECT 11
SOLD OUT
ITEM 6 CHANGE 1
REJECT 9
NOT ENOUGH
REJECT 11
REJECT 11
SOLD OUT
REJECT 7
REJECT 7
ITEM 6 CHANGE 2 2
SOLD OUT
NOT ENOUGH
NOT ENOUGH
SOLD OUT
REJECT 3
REJECT 4
REJECT 15
NOT ENOUGH
REJECT 4
SOLD OUT
ITEM 4 CHANGE 2 1
REJECT 15
NOT ENOUGH
NOT ENOUGH
SOLD OUT
SALES 212
