NOT ENOUGH
ITEM 1 CHANGE 10 10 5 1
RETURN 0
NOT ENOUGH
SOLD OUT
SOLD OUT
SOLD OUT
ITEM 2 CHANGE 5 2
ITEM 2 CHANGE 2 2
RETURN 10
SOLD OUT
NOT ENOUGH
SOLD OUT
NOT ENOUGH
NOT ENOUGH
REJECT 9
SOLD OUT
SOLD OUT
ITEM 2 CHANGE 2 1
ITEM 2 CHANGE 10 5 2
NOT ENOUGH
ITEM 2 CHANGE 2
SOLD OUT
SOLD OUT
NOT ENOUGH
NOT ENOUGH
RETURN 0
RETURN 0
NOT ENOUGH
NOT ENOUGH
ITEM 2 CHANGE 2 1
NOT ENOUGH
NOT ENOUGH
RETURN 0
NOT ENOUGH
ITEM 2 CHANGE 2
SOLD OUT
SOLD OUT
RETURN 7
SOLD OUT
SOLD OUT
SOLD OUT
SOLD OUT
SOLD OUT
SOLD OUT
SOLD OUT
SOLD OUT
SOLD OUT
SOLD OUT
SOLD OUT
SOLD OUT
SOLD OUT
SOLD OUT
REJECT 7
RETURN 32
SOLD OUT
SOLD OUT
SOLD OUT
SOLD OUT
SOLD OUT
SOLD OUT
SOLD OUT
SOLD OUT
SOLD OUT
SOLD OUT
SOLD OUT
SOLD OUT
REJECT 6
SOLD OUT
SOLD OUT
SOLD OUT
SOLD OUT
SOLD OUT
SOLD OUT
SOLD OUT
SOLD OUT
SOLD OUT
RETURN 66
SOLD OUT
SOLD OUT
SOLD OUT
SOLD OUT
SOLD OUT
SOLD OUT
SOLD OUT
SOLD OUT
SOLD OUT
SOLD OUT
SOLD OUT
SOLD OUT
RETURN 28
SOLD OUT
SOLD OUT
SOLD OUT
SOLD OUT
SOLD OUT
SOLD OUT
SOLD OUT
SOLD OUT
SOLD OUT
SOLD OUT
SOLD OUT
SOLD OUT
SOLD OUT
SOLD OUT
REJECT 3
SOLD OUT
SOLD OUT
SOLD OUT
SOLD OUT
SOLD OUT
SOLD OUT
SOLD OUT
SOLD OUT
SOLD OUT
SOLD OUT
SOLD OUT
SOLD OUT
SOLD OUT
SOLD OUT
SOLD OUT
SOLD OUT
SALES 59
