011101*1000000001112*311*102*2
12*10233111101111*13**111113*3
1*3201**11*112*22113*410001*4*
12*1012222211*3*1002*3221012*2
011111212*101133310223**100111
11123*2*3220001**312*222211000
*21**3312*321014*4*212112*3100
*3223*1124**1002*42102*23**111
2*102232*3*421122*3324*32*311*
11101*2*233*12*213***4*2111011
0000223111*213*302*54*32100000
00012*10011102*2012*212*210000
0013*3100111012210112122*21000
012**20013*2012*21101*234*2111
01*321001**201*22*10112**4*11*
1222211134421111111000123*3221
*11*2*11**2*100001232111212*10
111121112221100001***22*112210
001122210112110012334*3111*100
001*3**112*2*1012*213*21132211
0012*3322*221112*22*2222*2*22*
0001222*2110012*322233*22322*2
11113*42211112*22*23**433*2233
1*12**4*33*21*2112*3*4**4*21**
2333*33**3*211100112135*41224*
1**4322332111110001122**313*31
245**32*10002*31213*3*323*5*20
*2***3*210125*5*4*5*41102**210
23332211012***5*6*6*3000122222
1*10000001*3323**3**20000001**
581
