01**5***334***333322*22*34**3*
125***53*****5*****43*34***44*
3*5***43555*45**45**434**654*3
***57*5***33*4*312**5**44***5*
354***5*66*54*321124**4*3455**
*3*456*4*****34*2003*6545**5**
*645***544344*3*3124*******7**
*****53**211*2224*5***6*6****5
35***3223*223334****44*5*456**
3*444*21323*3****54335**5*4***
**32*55*5*424*5*6*32***6***55*
3*33******4*3333***4343**8**43
23*2346*64*3*2*457*5*345***5**
1*432*5*5*33354*****5***5546**
34**22**6*21***6*65*5*8**3***5
**43223**3114**5*3*35***7*7***
**42*235*4103**53422**7*******
***34*4***435**5**336*6*76**7*
**53**5*7*******6*6***4***4*6*
4*5*545**46**544****65445543**
*3**6**45*5*5*34**55***2***333
245***6*6*6*64**55*5*6433*44*2
3**7**6***6***6**5**4**3322**4
*******55**35**7**33*44**234**
**45*7**44323****3235*434*3*43
*644**5**2*13*7*411****13*413*
****544*43235*6*41347*645*314*
*45**4*3*23***6*6*4*******53**
333***5545****5***6*656*****53
**224*******423***4*3**34*5**1
450
