********4**44********5**4*****
*******6*****************6****
*8****7****8***8*77******5**8*
***66****************77**55***
***6********7************6****
************6*8***7**********5
************6*****7*77*****7**
**********65***********8*8**7*
**********6*****7*************
**7**************66*7*8*****7*
*7************8****5******8*7*
***77***********8***7*********
5*******7*****7***8*********7*
*******6**66**6********7*****4
***7*7**6*5***6********7******
****5***7**56**6**************
*****7*****5**7****8**********
*********8*7**********6*******
47****7*************8*66***6**
****6**6*6**76*************66*
*8*66***55****7*********8*****
**********6*****7************3
36****7*55******7**8*8****8*63
3******5*5***7**********8*****
******7**7***6******8*********
*************7********8*******
**********8*************7*8**5
***7*************8******6*****
***7***********8***8**55****8*
*********************4*3**5***
146
