96
c1 c28
c1 c30
c1 c61
c1 c65
c1 c74
c1 c87
c2 c13
c2 c19
c2 c91
c4 c8
c4 c31
c4 c33
c4 c93
c5 c19
c5 c91
c6 c55
c6 c80
c7 c45
c7 c75
c8 c31
c8 c33
c8 c93
c9 c82
c11 c25
c11 c54
c12 c85
c14 c56
c16 c17
c16 c18
c16 c51
c16 c68
c17 c18
c17 c51
c17 c68
c18 c68
c19 c91
c20 c45
c20 c89
c21 c86
c21 c98
c21 c99
c23 c46
c24 c34
c24 c50
c24 c96
c25 c42
c25 c54
c25 c95
c28 c30
c28 c61
c28 c65
c28 c74
c28 c87
c29 c80
c30 c61
c30 c65
c30 c74
c31 c33
c31 c93
c32 c38
c32 c88
c33 c93
c34 c50
c34 c81
c34 c96
c37 c83
c38 c88
c39 c59
c40 c69
c45 c75
c45 c89
c47 c58
c47 c97
c48 c62
c50 c78
c50 c79
c50 c96
c51 c68
c54 c100
c55 c80
c57 c62
c58 c97
c61 c65
c61 c74
c61 c87
c65 c74
c66 c92
c67 c78
c67 c79
c73 c94
c74 c87
c77 c92
c78 c79
c78 c96
c79 c96
c98 c99
MON 974
TUE 794
WED 945
THU 1049
FRI 1169
SAT 780
SUN 975
