88
c1 c12
c2 c22
c3 c95
c4 c87
c5 c46
c5 c48
c7 c57
c7 c90
c7 c94
c8 c12
c8 c49
c9 c17
c9 c58
c10 c33
c13 c100
c14 c24
c14 c61
c14 c67
c15 c32
c15 c63
c15 c98
c17 c58
c20 c99
c21 c97
c22 c25
c22 c47
c23 c31
c23 c62
c23 c96
c24 c61
c24 c67
c25 c47
c25 c79
c26 c82
c28 c85
c29 c69
c29 c70
c29 c84
c29 c88
c30 c43
c31 c62
c31 c96
c32 c43
c32 c63
c32 c98
c34 c41
c34 c74
c35 c76
c36 c95
c37 c78
c37 c86
c38 c49
c38 c55
c39 c60
c40 c80
c41 c74
c43 c89
c44 c50
c44 c54
c44 c83
c45 c86
c46 c48
c47 c51
c47 c79
c49 c55
c50 c54
c50 c83
c51 c79
c52 c81
c54 c83
c55 c64
c56 c72
c57 c90
c58 c66
c59 c65
c59 c92
c61 c67
c62 c96
c63 c98
c65 c92
c68 c82
c69 c70
c69 c84
c70 c84
c70 c88
c78 c86
c84 c88
c90 c91
MON 1019
TUE 959
WED 809
THU 929
FRI 1110
