1 rprDZiJNLZVyyPM 286
2 plVaKswyMll 284
3 VsDVQqsLAbVDRzS 275
4 xjmeCdQVG 273
5 pfvmfvda 272
6 lKnHitVzm 271
7 JmyjzpiF 270
8 ANISOkbbG 269
9 Bl 268
10 WeqxSJqcW 267
11 e 263
12 iBBvLkn 259
13 dNrGrCQLGmpW 259
14 DeT 258
15 rKfP 258
16 xqpcTrAmllErz 257
17 FMelbGqHivJj 257
18 PA 255
19 gaV 255
20 CVmHngfBOOEB 255
21 KLeleg 252
22 FnoapJn 252
23 exhZq 251
24 DmIeXhB 250
25 pnsmVAdGYBLSn 250
26 lKPRcWFkbvgRm 250
27 ArlxjrWJyrQDLG 246
28 OKCtLwJIG 246
29 lcOvogas 245
30 KCYDjZUdghlcXSa 244
31 qjZDoACVmvYOLO 244
32 AtXPBKhvAyDr 244
32 uXvR 244
34 lyTW 242
35 vurbbzOdml 241
36 D 240
37 APhQQLNdVZLbwzG 240
38 WE 240
39 gNQKDstPJcAMLk 240
40 kjGppWXyxNcyHrX 239
41 kBHvrtxvnOZNnC 239
42 eYjsH 239
43 UWCvLxrOPKVPfRe 238
44 sNer 238
45 iHQF 236
46 MZ 236
47 wGNKMq 236
48 MRUCqcIzAZX 236
49 gPFpQxs 235
50 RFIiZ 235
51 gDKK 234
52 qMAOS 234
53 NAWC 233
54 PeltGwvEVS 233
55 wTCIVv 233
56 ttPNOFrUcEFL 233
57 yaKjoqDG 232
58 HgHhCvmmSGmHy 232
59 AzlpLPRNlCtEOaK 232
60 snFIEPq 232
61 dzEbE 231
62 DmLKtJW 231
63 Co 231
64 fwqKwDkcGSsOhq 230
65 BP 229
66 dvOHyFYRk 228
67 bRUaUcytP 228
68 eW 228
69 YqjeOLLzratEjOl 228
69 qelGXGKP 228
71 FWCCUjQH 227
72 MUlSGy 227
73 A 227
74 avHfOco 227
75 YzGSiWGUQxLSit 225
76 Rgb 224
77 OTows 223
78 IlrSkCcYRw 223
79 FaIKKyMPkKf 222
80 UnbjlJaloU 222
81 Lin 222
82 FjYeYUEMooBksk 222
83 CuDA 222
84 oYWEZhuGSCT 222
85 TFcV 221
86 aTPUkLu 221
87 AlcJ 220
88 cqAp 220
89 kGaanVrcbhsfv 220
90 uT 219
91 et 219
92 lVK 217
93 tCl 216
94 hVhGcZwDctoCLf 216
95 qGqSIWMjer 215
96 ELEluc 215
97 GbaazFEMOQjvFo 215
98 hxtT 215
99 bpcLBErrgAhtNpJ 214
100 KOlh 214
101 jPQcpstpunW 214
102 rsVDPoTgktv 214
103 nte 214
104 UzWLrdeIrih 213
105 K 213
106 AM 212
107 mPlfEhHI 211
108 PpdGGCZc 210
109 jEdpAcKvJe 210
110 GBMNBy 210
111 KJrFBL 210
112 msntNQ 209
113 srlkPhdvJUjz 209
114 wGhaQS 208
115 fxaxxVzXuI 208
116 HSAwGcQCevtrI 208
116 uNVUO 208
118 tNKRaU 208
119 Trluwt 208
120 JIwSpYKOO 208
121 KtzgZJVQCBl 208
122 CZDa 208
123 WBXJKEUcNeCyfVi 207
124 pA 207
125 esIlw 207
126 HGudcC 207
127 jgsoya 207
128 JBpRcvtbSgZbOwJ 207
129 GaFIIRKlHHXIto 206
130 LizVdQyBgJY 206
131 LODntkEIHRcQtb 206
132 RSjSykFrrJTf 206
133 hcOnoqSxu 206
133 qGfuLXFBBOnV 206
135 FKpfNx 205
136 of 205
137 jj 205
138 ZjA 204
139 ZfgGJUkvCKGnSY 204
140 UDththT 204
141 ddGDqQNfpKCIQOS 204
142 SMeM 204
143 wXFj 204
144 IgnGSEL 204
145 xOUxF 203
146 AGyvwkkErAn 203
147 MhsxUW 203
148 pXt 202
149 ToFMXcwn 202
150 KKuayNanDOKEGKk 202
151 jak 202
152 QYCEWWsqprMN 201
153 EhDgYAgChqQbbH 201
154 drtHxP 201
155 ZnZTqNXTImh 201
156 gJbVPjYLafcM 201
157 YiPt 201
158 rBYUqpiOpBfuo 200
159 osJGRErnjURwX 199
160 eVpYCqUqZwkxmi 199
161 wLus 199
162 EsWKfL 199
162 vcOVUumxprdbO 199
164 YTyZ 199
165 YRvw 198
166 pAY 198
167 AQ 198
168 tqHGesckkWe 198
169 OOie 198
170 TpWcTZt 198
171 cJaFXTZisTnWygC 197
172 ZZdcKydqGcYOVxP 197
173 FADDXAGJ 197
174 rQwNbrqkpyNeTm 197
175 g 197
176 wDpxXCSpmjqqTiV 197
177 Av 197
178 MlaDwKIBYWHvu 197
179 LiVUpOlGpiUqv 196
180 FbkSWUrKqppR 196
181 AmejFaDestgRaj 196
182 vlG 196
183 hJEbeu 195
183 zmggG 195
185 QIEcB 195
186 kCN 195
187 kKMBGqKlGF 195
188 gBiA 194
189 aJZQgxZCAt 194
189 zyKYI 194
191 Ik 194
192 jrx 194
193 kUFf 194
194 mV 194
195 TvO 193
196 G 193
197 MvXwQUzdnTFF 193
198 YxbXnPXUmnU 193
199 OV 193
200 AyCLcfVW 192
201 uoeYynvAuU 192
202 ypqT 192
203 oIVMpV 192
204 hqzil 191
205 rToiZFHXZECyzN 191
206 XV 191
207 KjIbEAjiu 191
208 ITWZGlubX 191
209 WvAPomKjYIzyi 190
210 sSLkPj 190
211 GonYVpF 190
212 zFH 190
213 q 189
214 vulIskEBHWIn 189
215 ct 189
216 QYmHiNYRRkdt 189
217 VeVfkZMrrfQp 189
218 RcY 188
219 BsVk 188
220 TbaTZhde 188
221 rfqkSwAdZhP 188
222 FtTJkdhOM 188
223 fCDQSEW 187
224 sfq 187
225 LPebRgAQTSpsydE 187
226 iVdJtdECsfINN 187
227 CxLL 187
228 kgRAIK 187
229 xIiCBX 187
230 bOkOU 187
231 EwqqCl 187
232 JBkabNCirAO 187
233 sQf 187
234 jwJzBWaOIbPEJQG 187
235 Mo 186
236 jVjaMftXbQ 186
237 VrCCFHRFQzzMZyK 185
238 KDtayJhIyiPOS 185
239 WtBZNZNfCs 185
240 WkS 185
241 ksiNoKERaVC 185
242 BVAYhujukw 184
243 DfKgxt 184
244 Abm 184
245 vzZRlLWJ 184
246 Qx 183
246 dzIwhJSqVN 183
248 IUJwaSZiIUZ 183
249 UZkhocNpjNGmXjI 183
250 OhFwQWC 183
251 ii 183
252 TcZMr 183
253 LtkpUXRgBIiwn 183
254 nsJhGCLVNGrfZh 182
255 bkzeWxwQI 182
256 hzfQbkcEKChcuW 182
257 CGt 182
258 QGTYeAVHjLkoJhZ 182
259 oMqlDuQaJcNHvWK 182
260 DflwShBomBnwoLl 181
261 QR 181
262 iryfHSVKcTQgkLN 181
263 GZjoXpm 181
264 aLK 181
265 UOQnnhInSsuD 181
266 UgBOHNjwFJGLn 180
267 xweDsGfeOzRhP 180
268 ssWoOS 180
269 wqvdv 180
270 BgYYhQiHrcIgym 180
271 xwjN 180
272 RmWCvZiBTqeFNX 180
273 rq 180
274 zNjqhKUisHhe 180
275 pCHYr 180
276 BpgFFDP 180
277 UPUiFcT 179
278 xAHvV 179
279 dvznsRzqmDWo 179
280 ZDTT 178
281 RljjDnAVAcWD 178
282 nNppvTihJiH 178
283 JwLuVEOWMBEEdOE 178
284 gGtzlMJQ 178
284 yVGEK 178
286 Bz 178
287 fKFkSXrtBxnaC 177
288 UXJEc 177
289 hCXihfIjEFDO 177
290 AFqwcPllD 177
291 fWoSOFWZzhmQJ 176
292 TQRjLSiGyt 176
293 QIJmFvwzET 176
294 TQRPiKuW 176
295 jgdDBy 176
296 bScNuzuxq 175
297 wppQzJ 175
298 SovNGPaCjSaiC 175
299 AKN 174
299 OfJTc 174
301 KHZIZAuqsLt 174
302 OakJL 174
303 LZYpAfewNNTa 174
304 TOUXGanhHBspoR 173
305 jeSEQRiYSIKjn 173
306 zLi 173
307 gcgUdSOphTfkcA 173
308 LvkEWaTnTQQZqSn 173
309 mHeiiei 173
310 jKjBosARxcar 172
311 oQKeQ 172
312 iYwplmraUCtXNEZ 172
313 zLus 172
314 LFkrDaHzVec 172
315 RG 172
316 OAajRchrlB 172
317 ok 172
318 EAvDUMRbaU 171
319 KKtceeNmoZMqJmb 171
320 GLYuFMO 171
320 UK 171
322 cpAHBgKadNh 170
323 ccsCIGahdq 170
324 yBriCv 170
325 Isyai 170
326 fSk 170
327 borzk 170
328 m 170
329 uMTz 170
330 REBgzYWsuLbMEN 170
331 pGSqRO 170
332 WuupmNDz 170
333 yZwLURPnn 169
334 YlehTN 169
335 HMvf 169
336 nVFBEOiFRcuh 169
337 gQmpQuj 169
337 wIYDghfzDytZqx 169
339 KesVoP 169
340 zmHs 169
341 VWUxniA 169
342 avwlY 169
343 HdcqZwjgkY 168
344 gqhplj 168
345 BZvxtikNQka 168
346 nvRAyqLOhz 168
347 ikUoXztkYnIjyf 168
348 cQYktGNwAGMTZ 167
349 GUcajQBcXGLf 167
350 mlUopppKKJyhDdT 167
351 HVZGXwpVnHHAgDs 167
352 QSsDoGNolIQ 167
353 qiz 167
354 smeyFlFatnBLi 167
355 qubIdngw 166
356 EytHcXczXf 166
357 dDD 166
358 KxMVIXA 166
359 ohquubOIiDsihLT 166
360 lUG 166
361 lg 166
362 HPoXNVIxZLj 166
363 rwjivtMxCDkQ 166
364 qB 166
365 l 166
366 GxzrZbksCZEpcZ 165
367 WMvFov 165
368 DtxUIh 165
369 FVgrILQZ 165
370 GGMWNzk 165
371 sxpUSiphHiflE 165
372 v 165
373 ITlAYKzBsGNvQRE 165
374 BAYjc 165
375 cRXkOMvdX 164
376 TjxzwYwpbXTdo 164
377 rzEgpziIw 164
378 DQfMPpPcvKhO 164
378 FvEpqaQYu 164
380 PrBcsVaCFv 164
381 dvLdYhZ 164
382 rCvHgwLh 164
383 IZumWaODdCxVb 163
384 CUTOdTQEsPEq 163
385 dBEmfqDo 163
386 rtqYjrLJiaay 163
387 oTjDNO 163
388 LhTOAzKhrGMgpNk 163
389 tz 163
390 GrdlwhD 162
391 mYYELqm 162
392 qBAcOATyi 162
393 ZPoAY 162
394 PvT 162
395 nzuzFMsaOBst 161
396 ifeH 161
397 HEQmVlDoIjm 161
398 L 161
399 OQ 161
400 sohBkirlpKwqXxy 161
401 gopxTvWJcj 160
402 OHprallzoIm 160
403 lRLBvhAiyXGcV 160
404 xWwjmnXq 160
405 JlHO 160
405 iSizWU 160
407 TFKpJGUx 160
408 klxRbOZWNIAeBs 159
409 aH 159
410 pcuEpnOssIT 159
411 UQmIsAQt 159
412 qsXfcNzwowEOvs 159
413 GztyJZ 159
414 gHjeLXOOx 159
415 CM 159
416 hExvtxJDLwU 159
417 PmCQrPbMfenXs 158
418 ZNtq 158
419 xtIAwHiHbGsifen 158
420 aSIpsZnshZnO 158
421 wlmtrZYNme 158
422 uZEwLWnFoQ 158
423 QyYukUdIWWX 158
424 sPwj 158
425 IneWLrZvyUtU 158
426 rD 157
427 XyXHMLNqK 157
428 yINbPFYa 157
429 vyQpd 157
430 TKfIuqtJvBwrU 157
431 fTgb 157
432 sZwmcgeJ 157
433 pngbUNLy 157
434 NfZkvwvTfkotcYD 157
435 fLhPJf 156
436 QKTCPIqehVEcFl 156
437 vToSkyLg 156
438 ulyhrhr 156
439 PvpUCDiOla 156
440 QbrxzFXqDe 156
441 hGUkNeQtjAXee 155
442 PJtCp 155
443 PRccWatkxpPOp 155
444 BGxQfVjmAMjQtlY 155
445 TYzJYP 154
446 glJCOqq 154
447 onqGxHbCydGcgd 154
448 vRSBMypQXRTuqp 154
449 uRy 154
450 WAhjA 154
451 thIuDsGjSSxmC 154
452 YFBPTlIS 153
453 pTnzQv 153
454 YKD 153
455 VqAfgBARhUceLT 153
456 WbHNZr 153
457 KgNIypkpym 153
458 PCo 152
459 ZIlHQrqDX 152
460 OeSN 152
461 lrrGwtHSlfEEyQ 152
462 w 152
463 fYOnHgvVOs 152
464 oF 152
465 eqlzdylVJ 152
466 DIThKF 152
467 JqWNBDpfa 152
468 PbGpF 151
469 KI 151
470 mJVLxTFQcpUzH 151
471 bboDYGLdLKmoaZw 151
472 IvxkAwQ 151
472 mBRgBNoxJKuqqa 151
474 iPadIx 151
475 P 151
476 SHZwPIilxWuBRL 151
477 gzzWIQW 151
478 XNOqjIUOb 151
479 YFragf 150
480 mBGHTjk 150
481 itfiHRNgaemMy 150
482 LNZZipLBcqy 150
483 svltLZARmygPGXx 150
484 uqP 150
485 VLwHImOekEpjS 150
486 htLTlSW 150
487 ndJH 150
488 EX 150
489 ahrhNDVEvOOwR 149
490 ywc 149
491 TtRowkGbwr 149
492 DEk 149
493 MbcATAsRuMpet 149
494 KZOFl 149
495 Dg 149
496 o 149
497 urFmNIFzKIfvF 149
498 laoGxjqQJLjvbBt 148
499 zynQ 148
500 RtzUTWuGpPnIX 148
501 wzmq 148
502 vqzeywbbK 148
503 GxXaQGWpS 147
504 HKk 147
505 YG 147
506 GYwcsKaPlfbstXw 147
507 KsnEGtw 147
508 jlmmZgaZS 147
509 rKySiKeFfO 147
510 vk 147
511 mSGgjMbKeufaBH 147
512 QxPKSIUiig 146
513 HmS 146
513 zXdImqMWnHcwCj 146
515 T 146
516 nxbMxduPdH 146
517 NBoKanLWpCEe 146
518 MIGls 146
519 ZpWUoCFyrHfxrb 146
520 Be 146
521 fPjWkjWx 145
522 QOrveba 144
523 YwuDa 144
524 bFAmtTXq 144
525 hkKwCLbdwvRIJTY 144
526 kkyMhCINqCBe 144
527 fwjoMLnKL 144
528 XtmozJpjMmMEZNL 144
529 kaHB 144
530 Hbit 144
531 SYsTIIJEVGU 144
532 pr 144
533 bZWeKSgJvIxr 144
534 umypBfLO 143
535 lqcDN 143
536 EJMSoGXAt 143
537 z 143
538 ARdoikA 143
538 QISuvDUsCn 143
540 XCsiuTu 143
541 dJN 143
542 xmszqwFiJisTIX 143
543 yQszx 143
544 sAXgvSSgNFMf 143
545 LktlDNyzZgXk 143
546 lUQSmzztJcE 143
547 xtUavuKAbw 142
548 GmRoz 142
549 ZSBRHJBkSEqMX 142
550 mqz 142
551 lZkt 142
552 SjXyYEdanMc 142
553 SiJpfQY 142
554 IUbGajaLqNl 141
555 chwX 141
556 atYnssQYg 141
557 EerKGH 141
558 dsqkfNtiv 141
559 b 141
560 kiAnbl 141
561 Unc 140
562 zkkQxKtFUxqsRx 140
563 Wx 140
564 d 140
564 yBaWVNDsdtqmehc 140
566 KFS 140
567 cwNOTuuU 140
568 NjWKmWUVHzWAYSb 140
569 r 140
570 UP 140
571 FYPKPRSPjeYgaeO 140
572 gjxeHXXA 140
573 GVseNUIIpXYUWlP 140
574 egsLAI 140
575 TdkLhfLsbBCkoJ 139
576 haRMayd 139
577 c 139
578 zeLeiVAdie 139
579 PZogZQstWMNiWp 139
580 ypI 139
581 t 139
582 ZBD 139
583 VuEglNEDRpK 139
584 S 139
585 sOZwkvpPqagRh 138
586 oiOlGmkXAMvIOz 138
587 OJxLnnSPGNiiQ 138
588 zXeinDXDoPE 138
589 hrjfhLTHo 138
590 uwnTKNHzes 138
591 PMrzzsxKeAQF 138
592 wenckwte 138
593 qsLsafDJ 137
594 QvYkV 137
595 ZM 137
596 VzBGaIuYFy 137
597 vDtkjj 137
598 EVaZmtgCcHza 137
599 wPfMwreMRCPqHnJ 137
600 dzuVbJ 137
601 yVbkUAASqeijeO 137
602 RIEcQ 137
603 TrVTfbjvJdcjHF 137
604 zbjIrdAzd 137
605 OlpJKeW 136
606 ISLCicJbKPSFk 136
607 HDFPudFFPCA 136
608 GblyIaLvfIHSQmQ 136
609 vgpscrulKQfud 136
610 rgSXAc 136
611 dgqmypVqyNBZPn 136
612 mEjXhDFsEVzDz 136
613 jheB 135
614 lP 135
615 Ve 135
616 wF 135
617 sbxvtiP 135
618 TjhcF 135
619 ONgAeFULFQCc 134
620 qRDd 134
620 ziMHan 134
622 RnjIegyS 134
623 H 134
624 dTiBhOqb 133
625 E 133
626 ctUzZZPkpYE 133
627 RyBdeGEzOPGZ 132
628 msCJXzosk 132
629 u 132
630 SMHNKV 132
631 BCYKgrfj 132
632 wGGZMjpKzuEvWaT 132
633 SELMIQ 132
634 AFJdsJBO 132
635 xmgo 132
636 U 132
637 OevRZTZIYUCLVa 131
638 ZJptabsgu 131
639 dnQsDVdty 131
640 IFJkOpqIvhkdX 131
641 gqKncnC 130
642 qDT 130
643 TiktjFnuuZLr 130
644 J 130
645 lTGTbxpEaHIf 130
646 ZYdSMfU 129
647 lDLWgjWxVAW 129
648 HLkLoSgFXIUuey 129
649 yPpboP 129
650 smFZCujMdGfnVz 129
651 BJYS 129
652 fnGABQt 129
653 Wn 129
654 KeEOec 129
655 ngJYT 129
656 pXRaJDLuxC 129
657 rEmEZdIIyIM 128
658 vMhBVyMuv 128
659 TR 128
660 PpgDMSEA 128
661 MKurPubsWfoQv 128
662 jjoXxdz 128
663 Dm 128
664 HtXBuqBXAGYqUer 128
665 TpHPEbEaU 128
666 sxlsqEDze 128
667 BvMLEVz 128
668 wUBOxgWKbmeI 127
669 myeQj 127
670 IwDUdrArXH 127
671 FiddYRyP 127
672 KwtiaZX 127
673 SYT 126
674 NZx 126
675 PTm 126
676 npSbxvNgXyrZg 126
677 mPeooyaO 126
678 wfOK 126
679 DTApASLYz 126
680 LbShylxjR 125
681 rbXzQ 125
682 rMTnJ 125
683 AEBpKNe 125
684 PdItW 125
685 DpfZRTvxCsFn 125
686 qzWaHBKmEEka 125
687 X 124
688 qIoDbMEmQpl 124
689 qNWGJLuSQffks 124
690 VnwhAdNnF 124
691 kYht 124
692 xrpqRUGF 124
693 Si 124
694 TwyUxiHvz 123
695 eOxMhvDxiZVc 123
696 gJcdQmZZ 123
697 pqVUqqig 123
698 yCF 123
699 pCsVkxBqtcb 122
700 OkyICmyinWTitRS 122
701 lJOKLXJX 122
702 zzNhqYYEnYLHTyj 122
703 CPCHXDOqX 122
704 QdKAKfAQ 122
705 ouWAxaitQ 122
706 VeqmHHJWKqyZV 121
707 nOqQOqQd 121
708 fzd 121
709 BoWaZlULxKtmPNl 121
710 pFFwnWNK 121
711 AyuUbLOiUF 120
712 pwASoAF 120
713 ECNQMDSLwDZBQx 120
714 YwinFFuMoYR 120
715 BL 120
715 kOo 120
717 BWOv 120
718 DAn 120
719 XOEnbrNRkgjbOD 119
720 KGXSOSuTbTu 119
721 y 119
722 ADULOrVvO 119
723 wWkd 119
724 lXbScGmXl 119
725 TUGhLMvYkDFUi 119
726 RPgjRqkYuUqg 119
727 LTUHVwrUDir 118
728 la 118
729 Fx 118
730 vXgorVbVum 118
731 lYxzIl 118
732 F 117
733 ZcLlH 117
734 bXfrFPyMNsemFcc 117
735 zhCczMcTedVp 117
736 zUCKMF 117
737 TnLXYjmuKbs 117
738 zve 117
739 tnCYeb 117
740 QX 117
741 aDg 117
742 AnWWOAWVJezyPYg 116
743 NOfZoJPZHXw 116
744 ulxIJ 116
745 KUqGHJkDeoTaOTf 116
746 dqQyHQOboDzU 115
747 uYYJxEyL 115
748 iZSQlmdrlVRNx 115
749 bI 114
750 Rv 114
751 bzv 113
752 qpljoXMRskOQk 113
753 TBbjRLMCutysgfN 113
754 vZchA 113
755 cYTjjYF 113
756 YNPjhChettC 112
757 WDGE 112
758 ZuptlQbYCggms 112
759 QmsSeEWgUMZKo 112
760 PVriyGM 112
761 mYH 112
762 NwBtNEmmafvePN 111
763 PIAvPXwSvKt 111
764 da 110
765 GAxWxqttCnW 110
766 ejcy 110
767 qeZg 110
768 qkF 110
769 EQdF 110
770 xmCYckWHHiqLv 110
771 GzWpHfHAmw 109
772 LPVPlsG 109
772 PaWL 109
774 FZyC 109
775 iNEUyxvAh 109
776 oZxivVWarboB 109
777 iVxUgjIpdvzm 109
778 AZxSXUMOLMXCVhc 109
779 wkTxJf 109
780 SWbfliGPOO 108
781 mSQsUhXeKLB 108
782 CjHeMsBGEMie 108
783 tNAXibLN 108
784 BEDNuPcryvAc 108
785 GySLiNGpNhX 108
786 JwocQ 107
787 MFWsmBxFtpBuS 107
788 tYTIuESO 107
789 eNJxalCjpvwRI 107
789 fM 107
791 PXMBUrZONMEth 107
792 ekiyWWGPYBJot 106
793 xbJIr 106
794 JASUqmbZGC 106
795 AOP 106
796 DWJNYXnTJcQw 106
797 TYP 106
798 jAgKzebdrPkCy 106
799 zbIPq 106
800 KLniHx 106
801 HreXM 106
802 sbEFFrKmtO 106
803 vsXUXgWOKXuth 105
804 FJRKBUBRaIbXT 105
805 iaNSIROAVNYaN 105
806 VEbNnvcMQgWToLC 105
807 RK 105
808 a 105
809 vyYh 105
810 hsmuvPwMIrMync 104
811 nhkBjvvB 104
812 Y 104
813 DUuVXgSYivf 104
814 vBp 104
815 AHDkAOPfkJ 103
816 hjnnIMIa 103
817 jWOVcdEVwMW 103
818 ZLuXzMjwahHcMh 103
819 QjhBOmZbnxBB 103
820 p 102
821 XO 102
822 VxihY 101
823 iWtrROCcGKZm 101
824 jYS 101
825 oRPMzIOTa 101
826 uykPWikzJRde 101
827 BZzMV 101
828 V 101
829 SToeoMKPcq 101
830 sGyo 100
831 lfPtH 100
832 eSKlMPVXy 100
833 MObKZetHMgFCoJz 100
834 DXyFXBqETj 100
835 RJVC 99
836 LiBi 99
837 dFH 99
837 vGMOyv 99
839 QlnykVRpOm 99
840 i 99
841 YJq 98
842 gewZRDZrOM 98
843 LEHYcqSNRXU 98
844 pfmp 98
845 ZQDk 98
846 urMNnKth 98
847 AtVlGkXBT 98
848 WjmPAufw 97
849 usYauVIzmOgKLX 97
850 WLDIh 97
851 DKeDLC 97
852 baNncjnVPiyeGd 97
853 abecNkefDckw 96
854 fmOMIJvx 96
855 iunW 96
856 YLQZxQQBcSuJdnX 96
857 EGYG 95
858 VdjIoiOuAQ 95
859 aRvU 95
860 mEvckPtguHhft 95
861 GmAiT 94
861 eZCkJBBp 94
863 UacPNKhGsF 94
864 Mmj 94
865 AtLNwfznhrhTS 94
866 pB 94
867 ebpUbQYJWE 94
868 feYpFCghGTSINmI 93
869 fHp 93
869 ugSlPbNazybJBUd 93
871 xNhOsdIzwONgrC 92
872 xDYPlLAeBmsu 92
873 uyLXIvQUswa 92
874 zbircCYD 92
875 ssDazQozmBEQ 92
876 Mps 92
877 fiSpRxuHglIX 91
878 rBsjTYyGGRHbLx 90
879 gdpkdmiVtafFdhg 90
880 vgN 89
881 qQAOLEdtSfxePaA 89
882 RolTaBcYZD 89
883 gvGEnaDpsVwlp 88
884 NzeZgB 88
885 szmjFFtXDzsKNKs 87
886 yqhoxNEMeJcm 87
887 KOZqwCvPWiED 87
888 EOELPLlACEs 87
889 uELLFzQFStKPiW 87
890 uDdKfYAUqnPG 87
891 xrD 87
892 VWbUqDUsUw 86
893 vrgPDvqsy 86
894 lgBDcUbgo 86
895 sBZ 86
896 LpOnPU 85
897 MOd 85
898 tXP 84
899 AjskXqWh 84
900 x 83
901 lKV 83
902 KUwZd 83
903 iAvZSRRQaDVfl 83
904 QfoXUfo 83
905 WWs 83
906 gQaGitLAUqVrig 82
907 uLc 82
908 s 81
909 PVpc 81
910 XWQLbbIp 81
911 teEABhcR 81
912 duClWaRYiRu 80
913 nxnquH 80
914 lBcsvSdS 79
915 B 78
916 MPXZmPcpFCHL 78
917 tHQSiJqdJ 78
918 KWeqzQn 78
919 dfTDtdPZzZwRG 77
920 uKW 76
921 mWbTDBBZEoVfISn 76
922 KvuUoVUVDRcHnV 76
923 IaJmt 76
924 ApmLHczMubapxm 76
925 DHfSa 76
926 WhnZcFkSxwnU 75
927 nisrWO 75
928 j 75
929 hNWcQJS 74
930 CkOzfoPPcO 74
931 waFsaXsAH 73
932 vcdXrnXpqzGNWRI 73
933 qiy 73
934 rPuHnplSPzmcr 72
935 qvjKD 72
936 LgrGcJSCwyKqQJ 72
937 lZW 71
938 AgWaiYCbAIwGb 70
939 MFPEBzCCSDuBjc 70
940 BBNrnfda 69
941 lsmmou 69
942 cpdMdgRhpaAs 69
943 aGyhm 69
944 nR 68
945 Ehbbw 68
946 ZuthUGwbl 67
947 xwSY 67
948 qdfBPcDn 66
949 k 66
950 SGABzVdvTGRmadu 66
951 Np 65
952 bHepLABV 64
953 dJAAw 64
954 PeM 64
955 ggBxgoccohs 61
956 auWOhcuMrEcTO 61
957 oykxwKRhq 60
958 RoQNUAHGzejEXk 59
959 NuHxaLvU 59
960 eymftymyiLltH 59
961 LRy 58
962 OfxdLnlHtqeUO 58
963 cbYtlgoa 57
964 ZjXat 56
965 pXlN 55
966 ZvqOdfdkrNIMYw 55
967 ZjpGjWpZVTmuH 55
968 rDQWsgM 55
969 WyvLsjEOWM 54
970 tDYJvXQbUAs 54
971 LgYhMxhxSToFZ 54
972 JxrvymwOOKcJyaS 53
973 rzkC 52
974 UgDRvD 51
975 kyLYfRlHisd 51
976 Wjmcy 51
977 ksVOPwVFDH 49
978 JTxCeAtyb 49
979 PyBX 49
980 xRpW 47
981 ULUScwohV 45
982 dvnGfxmpxG 43
983 QHyeBIVPCJBpb 41
984 Zlo 39
985 NHoWCjeAI 39
986 eYXiaCPSPVc 39
987 iCdRlWVJICzbY 38
988 EZQg 36
989 EYeimkClI 35
990 lyGkqAEH 32
991 JAezgVRByhKQkX 31
992 grP 28
993 vGlsaLwM 27
994 LknTgvCxpg 24
995 BDjViaWVbUK 19
996 aSHKBOk 17
997 vncklHavqq 16
998 HKuAmmBDJg 16
999 JkPLMuHYscTgDE 13
999 xshcUxMsCyj 13
