1 BNiHyrAo 300
1 CHEqpYFOLpi 300
1 JtloTdU 300
1 RWYsL 300
5 HoLumj 299
5 Ni 299
5 RuaXC 299
5 UCRbbB 299
5 VXlGTtCHPudyM 299
5 YcnQjtcLOMtQ 299
5 YzfIsP 299
5 mnkTkjONqRPOcg 299
5 tYeKkZTQJRXweIH 299
14 HZVSBgQvwgL 299
14 RDo 299
14 dFRaGGpSjmGGGQ 299
14 kWKGVkglvHnM 299
14 m 299
14 wLtQMB 299
20 DfMyAqJpUEijfZ 298
20 KyyefBUaJBez 298
20 LBEI 298
20 Pwi 298
20 Q 298
20 VdtBxACk 298
20 X 298
20 eMhaEFOndIoD 298
20 ehkTsGOHQutF 298
20 mBCwiL 298
20 tDGpcdyniFUrw 298
20 vqQ 298
32 BsYRY 298
32 GRvzueElRWXwzYE 298
32 HWGvOBD 298
32 KvrLTDiry 298
32 MvCdRFEl 298
32 VFtCafKF 298
32 eETsiAUMcaNtRj 298
32 fumbWTdxCYunW 298
32 ikt 298
32 tTHDSEXjvYjDX 298
32 uIxN 298
43 FihxCH 298
43 HosSaIuMKYlz 298
43 doLCjzQpUN 298
43 iHmwDPc 298
43 kAeFMTripWgRw 298
43 mpqK 298
43 vmlQYRfndAMB 298
50 AOjBlBFcRwNSwi 297
50 CGIVpRfM 297
50 EoSo 297
50 HuohLDWQP 297
50 J 297
50 LoYF 297
50 LpCMzNblPSU 297
50 QTXNOXmV 297
50 SbNC 297
50 XuG 297
50 YfyahuAOFXImA 297
50 ZRqN 297
50 ZWfOTCbuMbf 297
50 eBHdclep 297
50 efZ 297
50 fCqOrKdLLwfyd 297
50 gFTuYQq 297
50 pBJYqDARq 297
50 s 297
69 BeSZFVSf 297
69 BjKtDuUJottaa 297
69 BuyMEZDH 297
69 EMPgBhWaOZ 297
69 H 297
69 IqKYwCpoge 297
69 LcryJehm 297
69 MXzhY 297
69 RGwerOqRn 297
69 RiT 297
69 WpdjKOATZivtdkN 297
69 exizSGPkKXHf 297
69 oNPzCHyCxaBU 297
69 vgK 297
83 BQCaVYoVm 297
83 DLmhsIzNJjB 297
83 PKaqYt 297
83 Vl 297
83 Vv 297
83 XkeCXCXZzFGoC 297
83 YLxNFOPMOor 297
83 jFHHwb 297
83 qCZyTb 297
83 rvfAgw 297
83 sPwjgGXt 297
83 u 297
95 IuUClURq 297
95 Jc 297
95 lpLCDeS 297
95 qvXNyXRHsVrkdE 297
95 sElwl 297
100 AoSFqBXAqXYKINc 296
100 FPIOJXGcSXHxqyF 296
100 FWOjKCALJvmgvAI 296
100 HgiEKJr 296
100 LcU 296
100 LpijiWNVhEaBIhj 296
100 MmmRVXfvxYpZYv 296
100 NmrloXMc 296
100 PtFBHM 296
100 SFRJzrZ 296
100 ULSbcXhHJnJQaE 296
100 ZDAYciwwRVgMK 296
100 aPoJrDtbM 296
100 avxdYcQMe 296
100 bRyoTGjNRGtMp 296
100 cHkHYgbNPCzc 296
100 ijSroexCTkg 296
100 lj 296
100 oFqJqDfJlXCAG 296
100 peiCBDqms 296
100 ssJeINrsiYkqv 296
100 uXxs 296
100 uwOTeULEnnp 296
100 wxXyrdCTrl 296
124 BKmjRLTCob 296
124 CiIuCDFg 296
124 EbqUx 296
124 GzlIpQFyEHSbz 296
124 LbVzaHEmKRTuO 296
124 MBX 296
124 MhPnYO 296
124 OfSlVQrkgj 296
124 PSktxfnGvEpal 296
124 RVNJKqvjy 296
124 RdFgnAzapCq 296
124 VNN 296
124 eF 296
124 gxlKgYVBuwRAh 296
124 leTHlrNT 296
124 pW 296
124 pfxXDG 296
124 ppqdpVzy 296
124 rwpCcgVdmjqm 296
124 saha 296
124 xXRYkfoPHwAFtQ 296
124 xZtRfEfox 296
124 xjJUnOm 296
124 yjQhIVT 296
148 BfWuZnUwmBn 296
148 JttYGcJWHpjtJkY 296
148 KizmeQuFGge 296
148 QBoyfiPLe 296
148 RYNPPMwmNtROfNo 296
148 SeZCmIiUqn 296
148 SqUrkE 296
148 jJWlsNstNlb 296
148 ntCSyVIiS 296
157 JPbolvxzYel 296
157 JZeZWkGaP 296
157 KA 296
157 MdLdEp 296
157 NaR 296
157 WBsQFkoStbZuz 296
157 ZwiffiH 296
157 aCcrtraFO 296
157 lJDvSNlElABvzMQ 296
157 nSLGslh 296
157 rmgSa 296
157 xiEaz 296
157 zdxdgr 296
170 IOzNGOrunOXiYX 296
170 aKotaVDeGRu 296
170 snRxfyuXRrlggeP 296
170 vqP 296
174 AoNRFXDg 295
174 EBLNWdse 295
174 FmPJhkCQYz 295
174 IBQmCwUavNNUiVM 295
174 IzsP 295
174 KOOZIgtks 295
174 NUdnuLt 295
174 RKoGPh 295
174 UZzAukBnIMfe 295
174 Ut 295
174 YJa 295
174 cGsEEZ 295
174 cyQghTCCjUJlOd 295
174 dfyrmiHNqtXuY 295
174 kBTgo 295
174 kGcGQPYvnwQKQ 295
174 njpCmQBJrjgZdKZ 295
174 nnLPmlNCnNhd 295
174 oEQBYVgt 295
174 py 295
174 tLegmZ 295
174 uazqjMuCsqpoE 295
174 vAUM 295
174 wsthNMROyQcI 295
198 FVQFUlweqOHPO 295
198 GIRx 295
198 GtBOyW 295
198 GzHpdht 295
198 HutvJZdp 295
198 OXmNKHtvuwX 295
198 RlcJYlRWWyWHE 295
198 UpTvo 295
198 VGmrrEuSHuwhj 295
198 YSJGCYlLoF 295
198 ZKUE 295
198 aRQBiZm 295
198 cGTWHCvhcbGsijJ 295
198 dYA 295
198 fgOpsyTzCOVI 295
198 lAHTYvyAKrrVXj 295
198 qquII 295
198 qzcTOgJcqg 295
198 rgUzUcRE 295
198 sCuZZH 295
218 CqtLZHYZn 295
218 DYWufjxqtrNqEzH 295
218 PbTcapN 295
218 PeFNjvOPwIJp 295
218 Tfhv 295
218 WrLQ 295
218 d 295
218 hkHUJmMoN 295
218 nOZGQfS 295
218 o 295
218 rYhcrrVacs 295
218 udbEVDfn 295
218 vLzs 295
218 wmComj 295
218 xZXTVV 295
233 MZ 295
233 PPfKFf 295
233 ULzUxvFLFgYOkzH 295
233 bm 295
233 mOB 295
238 CLahSqGJDuemxHU 295
238 Cvi 295
238 MClPWTDTY 295
238 QAzxqFUndU 295
238 SfiZHthpzojxWX 295
238 VCWUJRqARdgXmj 295
238 es 295
238 fRUHoXTBitcOd 295
238 g 295
238 irgEngdYMoIh 295
238 jhqdSztHQaXsSiN 295
249 APdHZPrPJOSrQpW 295
249 ELVNqM 295
249 YAgHg 295
249 eMJCVsYUDykJgI 295
249 eZQyiREkSJbCU 295
254 DgCtmrlsdm 294
254 EYwzZFSQDfUR 294
254 FJPGoqdpgCYG 294
254 Gbe 294
254 JPbRGLI 294
254 KQIN 294
254 KiRwyPlCeBdNZur 294
254 LJVjTjRUJlZUPsM 294
254 NogbWBPo 294
254 OYfdrcAThYNbwz 294
254 Suk 294
254 VSqznrRdtSbS 294
254 XqD 294
254 XwNzCLtpLUjs 294
254 aWXzjMkLwjjiJ 294
254 bwQgEXyOWPFEN 294
254 gBt 294
254 gRrWkvhUaetjAXX 294
254 gqZtFvXj 294
254 i 294
254 iGuBBRe 294
254 nDMDzrMgDihi 294
254 oRFSWcWsz 294
254 rYBoQufxheW 294
254 sbzpBOoyEvxP 294
254 t 294
280 EjCG 294
280 EpWNlbaIlQX 294
280 Fss 294
280 IsGGgJZsqtb 294
280 NQ 294
280 ONnMRNUdkbT 294
280 PKdhlqCdoEdMNuY 294
280 RsEEJNIH 294
280 VWAfBcMJZAEHNF 294
280 WqkSgkURpmqzfOX 294
280 XOqP 294
280 Xh 294
280 ZAoVSXjK 294
280 ZHvQKIHtZbU 294
280 fPKh 294
280 fmcvpLmw 294
280 icW 294
280 oqIvbebbia 294
280 uV 294
280 wdYscdFCD 294
280 xfI 294
280 xkNvtqAuhJFywe 294
302 AfUtFNSFqhxFDDn 294
302 BQplrazuqufZcBB 294
302 ClQPnGJx 294
302 FqXdOFHaTJ 294
302 LXj 294
302 OVKbakxUtOyH 294
302 QDzLnbninF 294
302 VpoFPNeyoRUZm 294
302 aj 294
302 aoN 294
302 bOQkbwotuKirDo 294
302 cCClBAdrWWnDwx 294
302 dBLnzLSbJK 294
302 gPdGWnaUttCUxKE 294
302 gWCQPFZBB 294
302 gZiQ 294
302 mLjasXdJf 294
302 rNGIrEeWyxpBZ 294
302 sjclSS 294
302 tRRBHFx 294
302 tU 294
302 wUhivvz 294
324 ByHoM 294
324 FnaBeYKe 294
324 GTjwDhHNPT 294
324 HEvryyBjBXJl 294
324 IaABRpGN 294
324 IhQQB 294
324 Ld 294
324 MMjlWoxhIIdixXO 294
324 MNAAFGfPvtR 294
324 UiOFGmzu 294
324 XtwlhcTNKM 294
324 cVUkBHSTHGTG 294
324 cvw 294
324 glRx 294
324 lSTULkkJsRPNww 294
324 lkpDUMtWUxprz 294
324 ppkwGEcCfDDG 294
324 r 294
324 xrbjIJRZWMsym 294
324 zpERvR 294
344 BBXUFqNDhPWKn 294
344 DLKsqxD 294
344 EJODraoAYszJv 294
344 IccNgKgcLczRD 294
344 Itswk 294
344 LnTJYTseCkhIZC 294
344 VrfUnAsE 294
344 XYim 294
344 ZkD 294
344 aJaBRxxHlF 294
344 mhFZl 294
344 qTYuRcJNimHrP 294
344 shiZj 294
344 ulJEAywwHGzDW 294
358 B 294
358 C 294
358 dIKL 294
358 kV 294
358 l 294
358 qaNbwZYSl 294
358 qpolkV 294
365 AJqKIzPPJj 293
365 AeEOjvEopt 293
365 CObOy 293
365 DBMuvkXUahr 293
365 DJBssrWslpijJrv 293
365 FWBgYhyEshVykP 293
365 HRpeUDq 293
365 ItSDn 293
365 KjOYj 293
365 LMLydFxEiJoD 293
365 PXEf 293
365 RvheWXocbNtJHx 293
365 TcFXPkNjjSzyDko 293
365 ThEUDX 293
365 UOuqluOc 293
365 VCGXNLHPlzI 293
365 VqYBx 293
365 YTsASLOSEhH 293
365 dg 293
365 e 293
365 fJuwxInUF 293
365 gCKFjbjBAvvVh 293
365 jhzZFe 293
365 kQ 293
365 luI 293
365 pRIcOzLmwjXTp 293
365 rEZIiixEZ 293
365 zzftm 293
393 AKZ 293
393 AlnRagUs 293
393 BLLAv 293
393 CUvknwQjhIZpT 293
393 FsXYTmJqJ 293
393 GZVegctRyMoSZTs 293
393 HfUn 293
393 JGOeOHm 293
393 KLeSdwtGn 293
393 PkF 293
393 QBWChKFP 293
393 RBilPFUy 293
393 RTjqcLbQnLlTx 293
393 VHNDIXuL 293
393 YnkGjpUf 293
393 bcepaHyoMha 293
393 cZ 293
393 fZuwqyYqmNLrEK 293
393 hhGHr 293
393 if 293
393 ktAvczdw 293
393 md 293
393 oczrWv 293
416 BVIrqJxQOYV 293
416 BVfXsONuLrYm 293
416 BuHaS 293
416 FdOWVKFsFaEZD 293
416 IYQYTk 293
416 IeweGTDdlRiVjT 293
416 Kszwyn 293
416 N 293
416 OWpUe 293
416 PoKsazps 293
416 UvDNmckqheeLu 293
416 ZMUSl 293
416 a 293
416 dF 293
416 dRNgQwk 293
416 djmSJNQvHWUIA 293
416 hHvfGoT 293
416 hXZVXrfmUOD 293
416 jPeclh 293
416 nKJTsXiUeG 293
416 ouhyPMnW 293
416 pkGguVqgt 293
416 wERHNbppdKf 293
416 xhjydGIdSY 293
416 yWbQnSDGKOFz 293
416 zOHN 293
442 DYv 293
442 FPvrYJ 293
442 KozUoozYr 293
442 Ou 293
442 TkwQnyaYnKh 293
442 Wj 293
442 YdtWxvA 293
442 daAsT 293
442 eyUKa 293
442 gIyNJURg 293
442 keGitZt 293
442 puYmYpeA 293
442 tJXtgNA 293
442 uVT 293
456 CIX 293
456 HcvOPYRqFGR 293
456 KFeO 293
456 KZMj 293
456 MVHpXCbXho 293
456 UPvlGBufXx 293
456 VmENCJu 293
456 VoxtnrzDFo 293
456 c 293
456 fPDxjRtPjtHhVx 293
456 guppAAyd 293
456 mJ 293
456 nB 293
456 nYLRJvpQurodfc 293
456 nurj 293
456 qbnAKL 293
456 rWOeEqZyIjY 293
456 sZeo 293
456 tDRCBpFiiYd 293
475 AjddzRZZyzU 293
475 CjmkjJQ 293
475 EzJOFP 293
475 FFICY 293
475 NjiSvvqvya 293
475 ODjhykxnEbl 293
475 OgAwQLhJnXH 293
475 UvIksoPlCzglUd 293
475 XATKTHSztjp 293
475 XzBXcOTiHflvXN 293
475 aorkvBIjaSDz 293
475 jg 293
475 mlvgAUMCrwYMhK 293
475 nMRpqDNmXtRbpm 293
475 sDYiCqJoTw 293
475 vPYaQoADTp 293
491 ANGdPh 292
491 IH 292
491 LhCxRBerI 292
491 QCVJNlu 292
491 QPbHR 292
491 T 292
491 YcToFKFtVSrLv 292
491 Z 292
491 butFPWHRmKCGjGB 292
491 enAAX 292
491 hiii 292
491 n 292
491 xVpauWbGgaYjH 292
504 EbjigQwi 292
504 Ji 292
504 MAKtGrzKQKPKYDT 292
504 PwLFatNQjHFYeN 292
504 QHqYrxfkO 292
504 RtDTvAbAdBhBCou 292
504 Sr 292
504 kRbeahqzRGzMMK 292
504 utuoVr 292
504 uwKzOQyapCVxUer 292
504 xXGYnAkm 292
504 xqvhhAY 292
504 zyszmBIo 292
517 AlOjCutmpeUmAE 292
517 DLBuRuYijuwD 292
517 DMELYBRDFaGA 292
517 Deb 292
517 HCDTIMDsjGK 292
517 HfaO 292
517 IPIsQtAN 292
517 IgwZBNBnCuhwMo 292
517 IxdJtMYurWqWQZ 292
517 JFapRKZ 292
517 KmMoEABHkqNc 292
517 MCNgF 292
517 NIm 292
517 OsGGSI 292
517 R 292
517 RpRrHLmbqEirxP 292
517 RzyiEMl 292
517 Tlm 292
517 VzDyqZxQ 292
517 WjnMXvRqbW 292
517 YGkQrNnox 292
517 YMhHrewGRXUaDG 292
517 aLuQDPFApWNgCJm 292
517 cDoSeK 292
517 cuEXpqPHtWDXg 292
517 dlx 292
517 edytNWh 292
517 hXSJLvo 292
517 jZduhsUdQ 292
517 jt 292
517 oAlKlcDE 292
517 oBLfDHU 292
517 pF 292
517 sNudKeJYtcgnyAI 292
517 sjbqgqkgnf 292
517 uKEXUCejO 292
517 vBhURwPQlxIXk 292
517 wXMOSVL 292
517 yhaPipjOY 292
556 AtQgz 292
556 DTtw 292
556 DasvqahIUUukU 292
556 DjHmdyMN 292
556 GDzxiXHnEtM 292
556 MoFeBvnRNqL 292
556 NYALOoHyeQRnTzA 292
556 RSuNICPyfqw 292
556 TgN 292
556 VlZRWquJd 292
556 WLdVSFpf 292
556 WonRuJeQALccUKY 292
556 YbpKwxmNvjQt 292
556 ZbSQklGdqDe 292
556 eyu 292
556 kWVrkzyWysA 292
556 mcQ 292
556 nLqSYCN 292
556 nklaxTqaxAi 292
556 qS 292
556 qx 292
556 sFCerXdgzzvTM 292
556 usfNGXBePIAgZZU 292
556 vyPK 292
556 wNeKMznFVuNw 292
556 xkhrErWWv 292
556 yKXu 292
556 ybg 292
584 ALUwMKAvvVwvP 292
584 Bo 292
584 CGSXNSLWT 292
584 HMceueMptePJTxx 292
584 Ii 292
584 LEgkYee 292
584 NK 292
584 QPdYtw 292
584 QVQSmR 292
584 RmXtRMuEkbspIBR 292
584 SL 292
584 XzPIk 292
584 ZdIzxnAOOMtjgy 292
584 jLpcYvxbwv 292
584 jcRkToRbnkgq 292
584 omXLTacbNtCGp 292
584 ppaSIe 292
584 sdcOrVZLCDuY 292
584 tRuJvERtKtPL 292
584 xpeHLzdB 292
604 BxFcmEs 292
604 EDvGZIuHnqKZEDA 292
604 EEmAAHjzMdjyV 292
604 GHJbzH 292
604 HCb 292
604 HgDsj 292
604 JGaXuFX 292
604 LSTL 292
604 LtcZAPSByOkz 292
604 PFNnQaxx 292
604 SwGOGy 292
604 VABwbYW 292
604 ZwixSBXVRMrMhX 292
604 bUcIbGcx 292
604 byklhYaatJOd 292
604 iNBZCSXBhcNMF 292
604 k 292
604 kPhT 292
604 lctBJYzpL 292
604 oBlWHGAKEmx 292
604 qqgpvFza 292
604 uNYxHnYnhJALSDI 292
604 vDJxulokjoQQun 292
604 wTemGEcVIWcvyD 292
604 x 292
604 xOhbolgCEYZo 292
630 EVgDGAeVabn 291
630 Exr 291
630 LUm 291
630 TDXtoXyLLoUDc 291
630 WahIr 291
630 oqxaVt 291
630 yfzkqSKURmy 291
637 OXPmI 291
637 PYnhXQIAFhT 291
637 PqIGGb 291
637 QKrErtjOz 291
637 TbfHXLTPRQQsD 291
637 U 291
637 XDDEFlgY 291
637 XTNVcu 291
637 bIRbmvuvqpc 291
637 dIjcDOduwWwu 291
637 eayFSQoAUbXyHh 291
637 h 291
637 hoDbE 291
637 lbSiEk 291
637 mRDJ 291
637 rxb 291
637 uhhMobOVShrdAQ 291
637 z 291
655 BwH 291
655 D 291
655 KpREKWhRW 291
655 MDYHy 291
655 MhKM 291
655 SuV 291
655 V 291
655 XjUiMAZKY 291
655 aCwT 291
655 bYdCjRkoFec 291
655 fkXeRoZUUChg 291
655 jpRBeJQrkCo 291
655 pcYrXLuG 291
655 pyO 291
655 vUw 291
655 xzEIEhFhy 291
671 AXChVnIaqdG 291
671 BkMoOjU 291
671 EoUqAEFsBnn 291
671 FdWPmsXR 291
671 FoymPkx 291
671 HDD 291
671 JXAZPvkNXlpHt 291
671 Jq 291
671 Jr 291
671 KGUr 291
671 KZSjgPYqZt 291
671 KlNKyiZkD 291
671 PkWsJPWudm 291
671 PwicCe 291
671 QQGC 291
671 UhLCZNiTCQdMfBo 291
671 WWJG 291
671 XSOGlqqlFkNU 291
671 bNWawQSAakRfnX 291
671 cZB 291
671 eaPgmsaGBd 291
671 fovzzmcX 291
671 hIsa 291
671 iOJS 291
671 jvdbcZaLub 291
671 lsCRJRBPm 291
671 nHWNCbO 291
671 nxE 291
671 pNHiPuQ 291
671 qZoirV 291
671 sBcqvfwHXPE 291
671 uCfkP 291
671 uWIBvAJ 291
671 uubCtOSUTiBwPJ 291
671 xFlAqdhAp 291
706 CHmiCqmLKLHy 291
706 CsTSZFaO 291
706 DHLiCkO 291
706 HupBRjEceObJ 291
706 KHLKsczi 291
706 KigdaWUAvM 291
706 Mj 291
706 OmFIXitiZO 291
706 PhAQzFroQxrJFU 291
706 Qm 291
706 TZWt 291
706 UhUcc 291
706 Va 291
706 bLLKxXmJshCR 291
706 cVgBIOJDDyJ 291
706 dxmrTlaMvw 291
706 gp 291
706 jFsEPdWCQfxF 291
706 kIos 291
706 lx 291
706 nJHi 291
706 nouJTjkPOFkmar 291
706 sAYJui 291
706 sDzSxSN 291
706 v 291
706 vx 291
732 BupwHlzukgq 291
732 CwNBeamtHJJsbGG 291
732 E 291
732 EHjgcnjEaEMBCo 291
732 Gqkj 291
732 JwrVtYULYcf 291
732 NIs 291
732 VtBbQ 291
732 YIjNL 291
732 drDxBRNjZRonAGP 291
732 jsPBgPYhDYFbB 291
732 pq 291
732 tQUNYzMQ 291
732 ulMtxinZPhPFHO 291
732 yyQr 291
747 BtRnXGFwIOfuHAj 290
747 kdvqYVTgTRPFy 290
747 rcMFYiAhFs 290
750 DFig 290
750 KoZwcMkYeONHI 290
750 lSvPgQcs 290
750 miNCBkAbabAWo 290
750 naXUIDziITSbhl 290
755 ADCJmPQjzKg 290
755 CtIgogl 290
755 Fsuxxjnx 290
755 MIzEisGDpcf 290
755 MzJSPYQuzqUXdBr 290
755 QADbdpq 290
755 QtJKVGouc 290
755 TR 290
755 dPDCpMukmh 290
755 dn 290
755 eveMHEMMBTv 290
755 gyBlteQudmLAu 290
755 kcSsPRezTgmh 290
755 kpgm 290
755 vrZeJUmTYMRtEx 290
770 ETrEJNzN 290
770 F 290
770 FdO 290
770 G 290
770 HPUH 290
770 HjIBJUoYYJu 290
770 ZK 290
770 acESOk 290
770 dSODoersOsoZFfD 290
770 dherXdSCYZl 290
770 kfdyxGewk 290
770 kgfEJeZtFvj 290
770 lRUUqZUJA 290
770 lvRCPDcGQn 290
770 pvyI 290
770 y 290
786 A 290
786 CJAF 290
786 CXlAqZNXnOYxCj 290
786 EeoyrAiAttvSWZ 290
786 FVkhyBASqXfHAF 290
786 FlsSlQa 290
786 ONUKXzpvcs 290
786 P 290
786 QDdurpK 290
786 QEvzLEtSXtWX 290
786 TNJ 290
786 TgdIi 290
786 VbAppsoFLo 290
786 egBjHtoJG 290
786 hxLJGnT 290
786 kvf 290
786 la 290
786 mDs 290
786 pHVXULsi 290
786 scwH 290
786 uQoNc 290
786 xlUFeuc 290
786 xunuvOtzk 290
786 ze 290
810 CBGaaYMZRVRmOK 290
810 CCRt 290
810 GQrRcEWRfoWgrXX 290
810 IvFdSKIPSsGm 290
810 KvngtYVo 290
810 NwH 290
810 RMROCndpqNDiOW 290
810 SJjrC 290
810 XWvansdQUHU 290
810 ZfoH 290
810 bPxP 290
810 bebyjMiKsKz 290
810 ddR 290
810 eFTeEqj 290
810 ehrDHWszYSgsbVC 290
810 gXWFeVcGiwiypL 290
810 jeGinGwKCLqGo 290
810 krtesLwtFkl 290
810 nYKF 290
810 oJNODD 290
810 rOlwGUjAJ 290
810 toMiovubzm 290
810 trcSHcNsOpF 290
810 vFcVqKlSsS 290
810 ybbZNGvabHgtsds 290
810 yiGWMNWq 290
836 GUvnwnass 289
836 XwyCTiMPZzEpsC 289
836 hKeRur 289
836 iubHq 289
836 nJHvdrsrW 289
841 RwHXVyKqeZbbK 289
841 TPWGkjswbwucjfr 289
841 cZK 289
841 ldYyYHq 289
841 qVhGqBHBswvs 289
841 zIRQyhPpmUx 289
847 EvSRB 289
847 FnOAjO 289
847 IGTkQpMLkWIN 289
847 K 289
847 PDPTePynlRGJB 289
847 VqlrVh 289
847 WNUWAGNbVSJsUT 289
847 ZxgfEWEDoRUkj 289
847 ehOKhbJQNq 289
847 iDexRqNITMzXUDH 289
847 ioUQZFiYOxz 289
847 tbkagxyJoGJid 289
847 xLjmPuMbdDZh 289
860 AHiLbpiIZVlIFQ 289
860 DU 289
860 DmIOvRWxrL 289
860 I 289
860 ImHKzQIc 289
860 JfH 289
860 KbGSCdz 289
860 KyRlROtFYoYpLUW 289
860 OMleREi 289
860 Pp 289
860 WB 289
860 WkMKxkDCieNWFTl 289
860 ZTloXAwsBd 289
860 beCGNPpHRWjA 289
860 dhNSsetnRgWv 289
860 hVzy 289
860 iXoIaAOEuiYvuqb 289
860 jvIWPHHNVlnjdBa 289
860 mCHUrvQoYZyTe 289
860 mnkcag 289
860 nTrqkzkulUZQwg 289
860 ocjUCd 289
860 rdTpIuVLIHBFAC 289
883 DYjNoPPlxCNXjT 289
883 ETVJGHkhP 289
883 ISKoOhPiX 289
883 IpeQKikk 289
883 MyA 289
883 S 289
883 TmTKNLNWfoROOa 289
883 UhuJV 289
883 VhPQQrx 289
883 YP 289
883 aVJALLUrY 289
883 b 289
883 cAKK 289
883 eNQnw 289
883 jmzLsiGg 289
883 kHxbVLf 289
883 qdSyphydeU 289
883 sIKaXajOPxbKzt 289
901 YjhtNM 288
901 pmomOwcMUVLNJq 288
903 CPnTssEpX 288
903 FGC 288
903 MmWwdQtDU 288
903 ORx 288
903 WdXxrCeCw 288
903 fXznEOznuCrbtZS 288
903 zLmqASFQ 288
910 FD 288
910 JpTenBUJR 288
910 LbA 288
910 LtSHWdfTyz 288
910 NFzfaFt 288
910 SgeMlNSFjgn 288
910 VAHhwtHDyRK 288
910 VrIk 288
910 VtghoBVBRPyP 288
910 mR 288
910 nnhooMAi 288
910 rFSubtxBVw 288
910 sahRgTgFoif 288
910 wZtWQcaxJ 288
910 wtlZzHwutVpesv 288
925 BIA 288
925 BzChVB 288
925 Do 288
925 GJAfGBk 288
925 IprefmoLqqvwW 288
925 JlwgmqATjBqje 288
925 NnuyNbcFpZwax 288
925 O 288
925 UCQH 288
925 UEOWeWztBj 288
925 WBNwxgO 288
925 XxNmc 288
925 ZodUXsfy 288
925 bQrTc 288
925 dLTa 288
925 dPAUoH 288
925 lwnMuqKhZaVQIzC 288
925 mAaHpcDgHeroE 288
925 mc 288
925 pAAiKMUlrBuN 288
925 rZWdDnrZIAw 288
925 vu 288
925 ylhAGFdYKbN 288
948 KcIBgsAzwAUkAC 287
948 cxUmUMxC 287
948 hFqun 287
948 zEFK 287
952 PNLKrUVHpwLivv 287
952 UgOOlOGJh 287
952 VrnBQbpObMeuPad 287
952 bAkTeGWesQNmH 287
952 duWkKNHmGqY 287
952 euGla 287
952 faZFVPd 287
952 skwtz 287
952 zKR 287
961 FaLWRnCezydm 287
961 HLkQEYrd 287
961 HsQuU 287
961 IYddIOi 287
961 MqYcjpoBWgk 287
961 NFHgBB 287
961 SsGrOOXFWMJAmTw 287
961 XEyMdJaKRG 287
961 cARZOaXDBbvDUF 287
961 cvZXgNwOaLlAl 287
961 cwDBsUhpFQg 287
961 dHrZneaq 287
961 eq 287
961 j 287
961 jvxqunqg 287
961 kx 287
961 mXj 287
978 FktxjZYF 286
978 IbtIdww 286
978 JqAjhYyDvAe 286
978 Pc 286
978 WoomkEGMF 286
978 ZSqZSiH 286
978 kpZfvENLUHgXReH 286
985 FH 286
985 TqrnEyARtzFYg 286
985 UunqpA 286
985 bVMqUupFUtAXHo 286
985 jSUr 286
985 kSSRH 286
985 nkMQcdiweNbJkOs 286
985 omBKCdB 286
993 Ar 285
993 EX 285
993 RWsAnpdy 285
993 RcyLDnoE 285
993 ucEFOL 285
993 usKRH 285
993 vOmyFRQJSS 285
993 yVzRiS 285
