1 AAaBAAaBbabbB 9
1 ABbccaAcc 9
1 AbbAAbAcaAab 9
1 BAc 9
1 BaBa 9
1 Bbcabb 9
1 aAB 9
1 aabcBBbb 9
1 abBbc 9
1 acaabABbBabaccA 9
1 bAABBbBbab 9
1 bBbAbcccb 9
1 bbcAbb 9
1 bcAA 9
1 cBcAAbaBa 9
16 AAbBacbc 8
16 AAcbaBBAbccbcaa 8
16 AB 8
16 ABAcaaB 8
16 ABBa 8
16 AaBcaaBbcBbbAAb 8
16 AacBBBcB 8
16 AacbbbcBBaAbBcB 8
16 AbB 8
16 AbcBA 8
16 AccbcbBbbbc 8
16 BABcAc 8
16 BAabcca 8
16 BAbabA 8
16 BBaAabb 8
16 BBcBbaABaabA 8
16 BbB 8
16 BccaaaBbBbcAaB 8
16 aAAbcAcBcBAcbA 8
16 aABAABacAcabBB 8
16 aBc 8
16 bbAAAaabBbb 8
16 bbbc 8
16 cAabAabBbbAccc 8
16 cAbccc 8
16 cBBBabbbBAbbb 8
16 cBacBabb 8
16 ccbabbcBAA 8
44 AAcAaacbcA 8
44 ABBbBbbaBaAcaa 8
44 AcBcaAA 8
44 AcaBccA 8
44 BAbbbaAb 8
44 BBAAaaBa 8
44 BacbAAbaAabAa 8
44 BbAABcBbc 8
44 BbaabBcbcaaac 8
44 aaabBBcaBBbbBbB 8
44 abcBB 8
44 abccb 8
44 acB 8
44 bABaBAccaA 8
44 bBAcAaBAAabcccA 8
44 bb 8
44 bcBacaa 8
44 cAbBbbAaaAcA 8
44 cAcAbABbAcb 8
44 cacaBBAc 8
64 A 7
64 AbAacAccAbaA 7
64 AbcbA 7
64 Acb 7
64 BAABcABAbbb 7
64 BAAaABABbaBaa 7
64 BaBbb 7
64 aAAA 7
64 aAAccBcaAB 7
64 aAbBAAAbcAbc 7
64 aBABcbaBcaacbbB 7
64 aaAAb 7
64 aaABaabB 7
64 aabBBBBAAaa 7
64 abAAcaaAAcbc 7
64 accaABaBbacc 7
64 bAcBcc 7
64 bBbAbBcaAaa 7
64 baAaaBAb 7
64 baBbAAaaAA 7
64 baaab 7
64 baba 7
64 babbaAaaacbA 7
64 bbAaBcaa 7
64 bbcaBABAB 7
64 bbcbBcAcABBc 7
64 bcBbaBBBAABcBAA 7
64 cABabbaabcbba 7
64 cBAABcaBbbAABB 7
64 cBacBc 7
64 cBcccbBA 7
64 caBAcbAccaBA 7
64 cabaBbBbaa 7
64 cbbbAcccc 7
64 cbcBAcABbAAac 7
64 ccBcBbaAacc 7
64 ccaAABA 7
64 ccaBAabBcbcbcBB 7
102 AAAAcaABcBbbc 7
102 AABBaBaB 7
102 AAacabaabc 7
102 AAbb 7
102 ABBAaBABB 7
102 ABbccbac 7
102 ABcBbBcabA 7
102 ABcBcBbaBacccAB 7
102 AaAabAcAAB 7
102 AacAccBa 7
102 BAaBaAcAac 7
102 BAbcaaAcaaccBAc 7
102 BBcaBA 7
102 BBcacBAa 7
102 BaBbcaacAc 7
102 BaacABaAaabc 7
102 BbAAabaaacA 7
102 BbBbabAbBaab 7
102 BbbAbbacBcacac 7
102 BbccBBbc 7
102 BcBcbacBaBcAaB 7
102 aABb 7
102 aAaccAb 7
102 aBABcBcbbBcbcab 7
102 aBBaAabA 7
102 aBccbabABcbcA 7
102 aaBAc 7
102 abA 7
102 abABac 7
102 abcAcbAaBabBAbc 7
102 abcBbAcb 7
102 accBaaBbBAAbb 7
102 accbcBaacbb 7
102 bBA 7
102 baa 7
102 cAcBaabAaBc 7
102 cBAcaAbb 7
102 cBabbcAa 7
102 caABabbaBaBb 7
102 cbAaBBBc 7
102 cbAcaaBA 7
102 cbaaaBbBbAbaA 7
102 ccAAAaBcA 7
102 ccBacbcbBBcab 7
102 cca 7
147 ABcBbcacbAc 7
147 AaABcBcacaAb 7
147 AbccbbBccBcAa 7
147 BBaABbbAc 7
147 Bca 7
147 aBa 7
147 aBaaa 7
147 aBcaaacaBc 7
147 aacBB 7
147 acABaabBbcABaBb 7
147 acaAcaa 7
147 bcacbABbBaBBccB 7
147 cABaacAAAbbAbA 7
147 cAcba 7
147 cccAcAAAccBcB 7
162 AABaBbcbbBcc 6
162 ABacBcccbbcAccc 6
162 ABccbBbBaABAA 6
162 AccBaccc 6
162 B 6
162 BABBbcaa 6
162 BABcabcabBccaa 6
162 BAcAAABBAcBA 6
162 BAcBB 6
162 BB 6
162 BaAacabcBBcaa 6
162 BaBbAc 6
162 BbAaBaaAAAAa 6
162 BbbaAb 6
162 BbbaccAaBbABAcb 6
162 BcABBBaABABcb 6
162 BcbAcAcBbAaBBbA 6
162 BcbaBbabccbBAb 6
162 BcbbbcBaABa 6
162 aABaacAAbBcAbcB 6
162 aAbbccAbABBAbb 6
162 aAc 6
162 aAcaBAaBAaBcAc 6
162 aBA 6
162 aBBcAAacacabBcb 6
162 aBcabc 6
162 aa 6
162 aaBbAaBAbcbAB 6
162 aaa 6
162 aabBacaABAbc 6
162 aabBcaBABAAB 6
162 aabcaAb 6
162 abABB 6
162 abABbcAbbb 6
162 abbbabaBca 6
162 abcaBAAbBcBcb 6
162 abccB 6
162 abccBaaBbccBbbc 6
162 ac 6
162 bAAbcbcBcAcc 6
162 bAabcc 6
162 baB 6
162 babBaA 6
162 bbAAbbbc 6
162 bbbAa 6
162 bbbBAbcbcABaAaa 6
162 bbbababbcb 6
162 bbcaa 6
162 bcc 6
162 cABabcba 6
162 cAcBABcBBaaAAb 6
162 cBcccBaB 6
162 caAAbBb 6
162 cabbc 6
162 cacBcaacaBBca 6
162 cacabAbcbcAAcc 6
162 cbAb 6
162 cbBbcaAabAaBaa 6
162 cbbBABcba 6
162 ccBBbAAAAbaAaA 6
162 cccAaAAcaA 6
223 AAAaaaaccacAAa 6
223 AAcBacABbbBBab 6
223 AAccaAcb 6
223 ABBaacaBBaa 6
223 ABaABaAABaBBBc 6
223 AacBBA 6
223 Aacbabac 6
223 AbABbB 6
223 AbbBB 6
223 Ac 6
223 AcAcAccbB 6
223 BAabAbbcc 6
223 BBaacAcca 6
223 BaABcBcAcBbcbA 6
223 BabAccc 6
223 BcBAA 6
223 BcBBabBcBABbacA 6
223 aAbbBbabaccac 6
223 aAcBAa 6
223 aBAa 6
223 aaacAaABcBaBa 6
223 aacbbb 6
223 abBA 6
223 acbcBaaaAaB 6
223 acc 6
223 bBaaBbB 6
223 babab 6
223 babba 6
223 bacAAABbAacb 6
223 bcAAaaccABAa 6
223 bcABcbBcbB 6
223 bcBbbaaaba 6
223 cBb 6
223 cBbcaA 6
223 cBcBBBAa 6
223 cab 6
223 cbaBBcAcAbc 6
223 ccAcBBB 6
223 ccBcBbcABB 6
223 cccacAbcBaaAcc 6
263 AAAcBBabcBbab 6
263 ABaBAabbcccBc 6
263 ABaaa 6
263 AaBca 6
263 AacabAAbAB 6
263 AcABBba 6
263 AcbbabAcBBB 6
263 BAABcBcaBcbcA 6
263 BAb 6
263 BaBBcbcaAbc 6
263 Baccbcabb 6
263 BbbBaAbAcaBcccb 6
263 BcBABAcABcBAAbA 6
263 BcBbcbbbcbcccb 6
263 BcbaBbABbcBc 6
263 aAcca 6
263 aaABBBacAccbAc 6
263 aaABbbAcab 6
263 aaABcc 6
263 bAAcAAAbABB 6
263 bAcBBbbaaBbc 6
263 bBBB 6
263 baBBcaBbBBbc 6
263 bbAaacaac 6
263 bcBAcBaba 6
263 bcaBcBaaBbcA 6
263 cBAcccABcBAb 6
263 cBBcA 6
263 cBaAaabaAAc 6
263 cBcbabc 6
263 caAcaAaaABb 6
263 cbabaB 6
263 ccB 6
263 ccbAbbacBBBBbA 6
263 cccABccaaABcB 6
298 AAAa 6
298 Aa 6
298 AaABBcABBcBbB 6
298 AaBBb 6
298 AbaAacBb 6
298 AcBaBBBbBbba 6
298 Acbaa 6
298 BABabABAcc 6
298 BAaAAcbBcAAAAc 6
298 BcAabAA 6
298 aacaacaAbAaac 6
298 aaccAbBABBbBca 6
298 baBcAABb 6
298 bcBBBb 6
298 cBBbBBBBcbBBb 6
298 cbBAacbA 6
298 cbbAAAacbBbB 6
315 AAABcBBAb 5
315 ABBaAc 5
315 ABBbca 5
315 ABcaaBBABaB 5
315 AabBcabBcAa 5
315 AacaBbAacAA 5
315 Aacbaaa 5
315 AaccbabaBAcb 5
315 AcAABbAbc 5
315 AcbacBBcBbc 5
315 Acc 5
315 AcccacB 5
315 BABc 5
315 BBBacaBAacAA 5
315 BBbAABAA 5
315 BaB 5
315 BbAcAabAAcaBbA 5
315 BbBaccaBcAA 5
315 BcBBAAccccbA 5
315 BcBabAcAbbAAAaA 5
315 BcbaAacaaAAb 5
315 aAcAbb 5
315 aAcab 5
315 aBabBaBcBcb 5
315 aaAcAa 5
315 aaBa 5
315 aabBb 5
315 abAcabbacAB 5
315 abcbccaBa 5
315 acbabaa 5
315 bB 5
315 bBBbBA 5
315 baABcAbaBa 5
315 babccb 5
315 bacaBcbcc 5
315 bacbbaAAAcccAB 5
315 bbAABAba 5
315 bbAccBbBBB 5
315 bbaAacbaBbbbBBa 5
315 bbb 5
315 bbbBbAc 5
315 bcbB 5
315 cAccAbbaAbbBBcA 5
315 cB 5
315 cBbbaA 5
315 cBccBcbbB 5
315 caacAcbABBcBbAb 5
315 cbAAABaabacBa 5
315 cbBcBB 5
315 cbBcb 5
315 cbabcacBaaA 5
315 ccabccABcAAaa 5
315 cccBBB 5
368 AAB 5
368 AAccbcbaa 5
368 ABBaABa 5
368 ABaccaABAb 5
368 ABbBBbcbBA 5
368 ABcABAcBabBc 5
368 ABcAbAbAaABBb 5
368 AaBcaBBAAaacacB 5
368 AabAaBAbba 5
368 AacAAa 5
368 AacabBbaccA 5
368 AacbAb 5
368 AbBB 5
368 AcaAAAbbcbc 5
368 BAABAAcbc 5
368 BAaABcaBcb 5
368 BAabaBAcc 5
368 BBABcbcA 5
368 BBabc 5
368 BaA 5
368 BaBcBaccbaacAAA 5
368 Bbab 5
368 Bbcac 5
368 BcABcABA 5
368 BcbbBabbcAb 5
368 BccAacaaBBAbAcB 5
368 aAAacacbc 5
368 aAAcbAAaAbABb 5
368 aABbcBBA 5
368 aAabAbbaBaacBBB 5
368 aAbcBABB 5
368 aabbbAcaBAbBc 5
368 abbacBA 5
368 abcbcBB 5
368 acaAabaAAAccc 5
368 acbAaccbbaacccc 5
368 accBBbAcac 5
368 bAAAbababBaAB 5
368 bAAabcccbbBabB 5
368 bAaABccBAaB 5
368 bAbAabccBbBacc 5
368 bAc 5
368 bBccbbacBb 5
368 baABBBBcBb 5
368 bacBbBAcA 5
368 bbB 5
368 bbBbbbbBBB 5
368 bbcB 5
368 bcAc 5
368 bcAcAc 5
368 cBBBBbbaBbb 5
368 cBaabccABBbaAa 5
368 cBbAABcBAAAb 5
368 cBbaAAbcBcaAb 5
368 cBccbABcAbA 5
368 caAAAABAbBaac 5
368 caAbcbb 5
368 ccBa 5
368 ccaAbAacAaaAAb 5
368 ccaaBbBabcccc 5
368 ccbbAAaBcaab 5
368 ccbcaAaBa 5
368 ccbcbb 5
431 AABAaAcbcbbBBaA 5
431 AAbcBAcBbbbA 5
431 ABbcccacacaBa 5
431 AaBbc 5
431 AbAcAcbcb 5
431 AbcBbaccBAaBBAb 5
431 AcccaBcAaabba 5
431 BAA 5
431 BAa 5
431 BBBaA 5
431 BBBccAaBcc 5
431 BabAbBbAAb 5
431 BbABABbbccb 5
431 Bbba 5
431 Bbc 5
431 BbcB 5
431 BcABBbcca 5
431 BcBAABABbcBcBcB 5
431 BcaAAabbBcaB 5
431 aA 5
431 aBBccbaA 5
431 aBaccAcbbcaca 5
431 aaABa 5
431 abBcbbBAaabAB 5
431 abaABBccBAaBbA 5
431 abcAAaAAa 5
431 acbcBaAbaAb 5
431 bA 5
431 bAcb 5
431 bAccb 5
431 bBAacAAAbc 5
431 bBBaAabbbb 5
431 bBc 5
431 baA 5
431 baBBbBbBAaaB 5
431 babAaacAcBBb 5
431 babccaacbcaaBBa 5
431 bacaAbb 5
431 bbAAbaacaacbbB 5
431 bbBcbAbccA 5
431 bbaBcAcb 5
431 bbbbBcAa 5
431 bbbbbbccbaA 5
431 cAb 5
431 cBAabcbbAb 5
431 caAcAABaBcaA 5
431 caBacBbB 5
431 cabcBBccABcab 5
431 cbBaBcbaBaaBbb 5
431 cbbbbABABa 5
481 AAcbBAb 5
481 ABABbbcAa 5
481 ABbAaB 5
481 AaBABAaBaAcbbAB 5
481 AaaBAbcbcaba 5
481 AacbBcBcB 5
481 AbabaBABA 5
481 Abb 5
481 AcB 5
481 AcBBABbbc 5
481 AccAAbB 5
481 BA 5
481 BAcBb 5
481 BabbbabAc 5
481 Bb 5
481 BcAbcBABAbbBb 5
481 Bcaabbcbc 5
481 Bcb 5
481 BcbBA 5
481 Bcba 5
481 aAaacAaAbbc 5
481 aAcBaBaBaBab 5
481 aaacbBb 5
481 abbbcbAcbbB 5
481 abcba 5
481 acbacAaacAc 5
481 bAAbaabcBBAB 5
481 bBBAabBabAc 5
481 baaB 5
481 bbaBBABccaBB 5
481 c 5
481 cAaca 5
481 cAcBbb 5
481 cBc 5
481 ccAabAcbBbaa 5
481 ccaccacaABAA 5
517 AABB 4
517 ABaAccbBaBa 4
517 ABabcBbcBacb 4
517 ABac 4
517 AaABcabbbcAab 4
517 AaBBcAaAb 4
517 AaccBABAaABc 4
517 AbcAB 4
517 BAB 4
517 BBaBaaBA 4
517 BcBaBbcbcaAaBca 4
517 BcBc 4
517 aABBba 4
517 aBBB 4
517 aBaBbaA 4
517 aaAB 4
517 aaBAB 4
517 aaccbbccBBb 4
517 abBcAcbccBAc 4
517 abbBAcaB 4
517 acbbbcbAacaAacB 4
517 bAccaacaa 4
517 bBb 4
517 cAbbbBAaBaBca 4
517 cBbAbba 4
517 cabBaaA 4
517 cacbbABcB 4
517 caccBABBaA 4
517 cbbB 4
546 AAAbca 4
546 ABcccBaaaABABA 4
546 AaaAb 4
546 Ab 4
546 AbBAcAAAc 4
546 AcaBbAaBBbaa 4
546 AcaacaBbcAcb 4
546 BAABABba 4
546 BBAAbcbAbcbA 4
546 BBBaaABaBa 4
546 BBBbBcBaa 4
546 BaAB 4
546 BbaAB 4
546 BbcAaccBabccaab 4
546 Bcbc 4
546 aAbAABabcAA 4
546 acBAbbA 4
546 acBcAc 4
546 bABBbca 4
546 bABbbcBA 4
546 bABcbbAbbc 4
546 bBAccbAaacbabb 4
546 bBcAA 4
546 baAAAAaAaaaBaAc 4
546 baaBbca 4
546 bbABBAacacaBAa 4
546 bbbA 4
546 bbbABaBBb 4
546 bbbbaabb 4
546 bcAabBaBBaAaa 4
546 bcAbaaacABAb 4
546 cAAaAbAcABaa 4
546 cAbBbcBbabc 4
546 cBAbBA 4
546 cBab 4
546 caBBcaABc 4
546 cabaabaAAAbAa 4
546 cbabcABbAA 4
546 ccaBbbacAB 4
546 ccabAcAAAb 4
546 ccc 4
587 AAbbBbAAcAbac 4
587 ABbcbA 4
587 AaAABAaabBa 4
587 AaBaccAAacAbccc 4
587 AacBA 4
587 AcBAacBaAcB 4
587 AcabcAAaaa 4
587 AcbABcca 4
587 BAaBb 4
587 BAaaBbcab 4
587 BBA 4
587 BBa 4
587 BBbBababac 4
587 BBcaBAaAcAbbBb 4
587 BaAababbABbA 4
587 BaaaBabaaAA 4
587 BbAAB 4
587 BbAbABBBAab 4
587 BbAcAbcAaA 4
587 BbBbaaAAb 4
587 BbbBcBabbc 4
587 BcAaBBaABbAAbbA 4
587 BcaaaABAba 4
587 BcacaaaBcac 4
587 BccAaAAac 4
587 aAAc 4
587 aAcaBcbbabAb 4
587 aB 4
587 aBBBAcccAaBA 4
587 aabbaAbcAABbAc 4
587 abbBaBbaAab 4
587 acbaAc 4
587 accAccbbAAb 4
587 bAaaAcaA 4
587 bAcBAABcaabbA 4
587 bBAaaabc 4
587 bBaAcBcBBBacBA 4
587 bBac 4
587 bBcBcBbAAB 4
587 bBcaBaAac 4
587 baAcAAa 4
587 baBBcbc 4
587 bbA 4
587 bbaaAaaBac 4
587 bbbcbaAaAABcAa 4
587 bbcBBAbabAbBA 4
587 bcAAacB 4
587 bcAcccAAb 4
587 bcaaa 4
587 bcacbc 4
587 cABcAbcA 4
587 cAbAabaAc 4
587 cAbAcaBaAcAabba 4
587 cBbbcccAb 4
587 caBBaBbabb 4
587 caabBAaBa 4
587 cabBA 4
587 cbABBABcABAb 4
587 cbacABcabbAacca 4
587 ccAcabcbcBcbAa 4
587 ccBacaaa 4
648 AA 4
648 ABBBcBcb 4
648 ABaAcAaBac 4
648 AaAcAAAabAb 4
648 AaBABbcbbcBbAaB 4
648 AaaaabAcbBcAAbb 4
648 AbAaAa 4
648 AbbABaabbb 4
648 AcAba 4
648 AcBa 4
648 AccAbAbBacbA 4
648 BAaccA 4
648 BBAccAbBBbaa 4
648 BaBBaabcc 4
648 BbcacAcac 4
648 BccaBaaA 4
648 aAA 4
648 aAABaaa 4
648 aAaB 4
648 aBAbccAaaBAAAcb 4
648 aBca 4
648 aabaaBAb 4
648 abBBABBABB 4
648 abBaABbBBcABb 4
648 abab 4
648 ababbAcb 4
648 acBcBAbcABabab 4
648 acbBcAA 4
648 b 4
648 bABcABAbaBbcb 4
648 bAbaccbcBcb 4
648 bAccbAcBaB 4
648 bbBcca 4
648 bbbcbcA 4
648 bcBBAB 4
648 bcbacacBbbcAb 4
648 cAAcbc 4
648 cABbcAa 4
648 cAaAABAcbAacA 4
648 cAaAa 4
648 cAbBcaBAcc 4
648 cBBAaabacc 4
648 caAABaacba 4
648 caBABcaaabbBbaB 4
648 caBAaAB 4
648 cabBbA 4
648 cba 4
695 AAbAcBBbcaAB 3
695 BBBc 3
695 BcAacBBccA 3
695 aBbBbBBbaaAAb 3
695 aaABcABccaacAB 3
695 abBaabBc 3
695 baaAABAaAbAaacc 3
695 baaAAbBacbaBa 3
695 bbbbaBcaccBcbcc 3
695 cAbacaBABb 3
695 cBaBcbc 3
695 ccAaac 3
707 AAacBcbaBbAbaba 3
707 AAbaBaAcA 3
707 AAbbaB 3
707 ABbcAcAaA 3
707 AccacaBcAa 3
707 BBBbcABcc 3
707 BBbB 3
707 BBbcAAc 3
707 BbbBABcbAb 3
707 Bbcb 3
707 aBBacBbc 3
707 aBbbAac 3
707 aaAAcb 3
707 aabaacbaB 3
707 abbAabcbcbc 3
707 acBcBBcBbbbA 3
707 acb 3
707 accBAbAbAAB 3
707 bAccAb 3
707 bBAb 3
707 bbBacbabcAccbcb 3
707 bbBbbacAa 3
707 bbaAaBaAAbA 3
707 bccc 3
707 cABBb 3
707 cABBbbaAb 3
707 cBaAcBaBBAccb 3
707 cBcAcabBAacaa 3
707 cBcbcaBABABbB 3
707 caABBbcbbBAaB 3
707 cbbcaccaBAaBcbB 3
707 ccBbaAcaccBaa 3
707 ccaBcbA 3
740 AAaBccca 3
740 ABAabAAAB 3
740 ABaccAccAcBbB 3
740 ABcbbaaccABbBBB 3
740 AaBAabbaa 3
740 AaccAcbBBBA 3
740 AbaAabBcba 3
740 AcbbAcAaaaB 3
740 BBBAcbAa 3
740 Ba 3
740 BabAbbBcb 3
740 BacbAcBcAc 3
740 BcAABAAaBcbBcc 3
740 BcAbABAcabc 3
740 BcbabAaacAaaA 3
740 aAbBABAb 3
740 aAbbAcBcccB 3
740 aBBaBaAcAcaaa 3
740 aBbbBc 3
740 aBbcBaBB 3
740 aaAAAAb 3
740 aaBabBcbbccAcca 3
740 aaaBAaAaac 3
740 aaacBAcbbabbbA 3
740 aacA 3
740 aacabBaBaaB 3
740 abAccA 3
740 abcaBbAaAbBAa 3
740 acBbABaAbccAc 3
740 acacb 3
740 bAA 3
740 bABbaaBbBBBaa 3
740 bAbBbacabAAcAc 3
740 baAabAbb 3
740 baaBBBBBcB 3
740 babBBbc 3
740 bbAaBbAAB 3
740 bcABbA 3
740 bcacbbBbAabbac 3
740 cAcAccaBc 3
740 caAcABa 3
740 caBBaaAba 3
740 cbAabBBAaBaBABb 3
740 cbac 3
740 cc 3
740 ccABcBbBB 3
740 ccBBAAABcAccab 3
740 ccaB 3
788 AAac 3
788 AAcb 3
788 ABAAacAaAa 3
788 ABAaaBcacAcaAAA 3
788 ABaAAaBbAc 3
788 ABaBBa 3
788 ABaBbcacBcaB 3
788 AaBbacABccAc 3
788 AbAAABcbBBaAcBb 3
788 AbaccAAABc 3
788 AbbBBcAAB 3
788 AbbacaBbAbaAAb 3
788 AbccAcBbccAc 3
788 Acac 3
788 AcbbbcAac 3
788 BBBBBABAA 3
788 BBBcbBABaAcaa 3
788 BBaAABa 3
788 BBbaB 3
788 Baabcb 3
788 Bab 3
788 BcBbBcBAcBabc 3
788 BccBA 3
788 aAAabA 3
788 aAAbbBbcacbAa 3
788 aBbBbAc 3
788 aBbbaAAbAAaB 3
788 aaAaABacAAAaba 3
788 aacBBBBAbA 3
788 ab 3
788 abABAAaaBbcaAaa 3
788 abBAAAcbacbBB 3
788 abbBcab 3
788 abbcab 3
788 abcABbacbABB 3
788 acBAc 3
788 bAAbBAa 3
788 bAcaaAB 3
788 bBAcBb 3
788 bBB 3
788 bBBAcbaAbBBAB 3
788 bBacabABBaAAB 3
788 bBcaABcbcbBAAc 3
788 baABB 3
788 baBcBcacabbc 3
788 bbaaBbb 3
788 bbcAAaaABBAb 3
788 bcBBBAAacaA 3
788 bcBaBbBbcbbBb 3
788 bcBccBacAb 3
788 bcaBBBacAccBbA 3
788 cAA 3
788 cAAb 3
788 cAaB 3
788 cAbbaaA 3
788 cBbAabBccAb 3
788 cBbBbaaAccb 3
788 cBbc 3
788 cBbcaaAccAcbcba 3
788 cBcbccbbcbaAa 3
788 cabbBBc 3
788 cacbccbb 3
788 cbaA 3
788 ccAaa 3
788 ccccB 3
853 AABaabAAaAabbca 2
853 AAcaBBBAbcbcab 2
853 ABBBbaAbAbbbbB 2
853 ABBbAbBbBAcabaa 2
853 AbbcAAaBcaaabc 2
853 AcBaacaBacAAbBa 2
853 BAcccabAAAcaBca 2
853 BccBBbabcaBbacc 2
853 acbaAbAcBbbcAAa 2
853 bAacBcaaaa 2
853 bBBAabBbbBABaA 2
853 bBa 2
853 ba 2
853 bba 2
853 cAbbb 2
853 cBaAccba 2
853 ccBcaaAbc 2
870 AAaa 2
870 ABBbBbcbAA 2
870 AaBaABA 2
870 AbABcAacbbb 2
870 AbBBccaABAba 2
870 Abc 2
870 AbcbcAbaaabcAa 2
870 BAcbbBAAbc 2
870 BaaBAAbBAccc 2
870 BcbaABac 2
870 aAacacabbc 2
870 abbbABBaacb 2
870 bAabB 2
870 bAbbaacAaAA 2
870 bBAbbA 2
870 baBBacBbc 2
870 bbABbbbaba 2
870 bbbacbcBcabBBa 2
870 bcBaacb 2
870 cABaBa 2
870 cAacAAB 2
870 cbBaabbcA 2
870 cccBbbc 2
893 AAaaacAacB 2
893 AAbcBABb 2
893 ABAabA 2
893 AaAcBaAaaac 2
893 AaccaaAAA 2
893 AbA 2
893 AbABaaabBcacaAb 2
893 AcAaaBc 2
893 AcAabbBabc 2
893 AcAbA 2
893 AcBabbabaAbAaAa 2
893 BBAcBbcaBbbb 2
893 BBAcaacAcAAa 2
893 BBaBB 2
893 BBbAAa 2
893 BBcb 2
893 BaABBA 2
893 BaaB 2
893 BbBc 2
893 BbbaAbbb 2
893 BbcBabAaAbAAb 2
893 BbcaaAbABAa 2
893 BcAbAaBAbabbB 2
893 aAAbA 2
893 aAbbBcB 2
893 aBBbcaBbAb 2
893 aBbcaaAaAA 2
893 aaAbBBBaAAaAc 2
893 aaB 2
893 aabaAbAbB 2
893 abbAaBcacBacc 2
893 acABbAc 2
893 acBcBccBcaB 2
893 bAabbBcb 2
893 baBc 2
893 bacBBBca 2
893 bcbcc 2
893 cA 2
893 cAac 2
893 cAbBaAbc 2
893 caAbBBabacbacBc 2
893 cabcABaaaccbb 2
893 cacAccbbAaBAA 2
893 cbAcBcAbAba 2
893 cbaaAcaABc 2
893 cbabBaAaBcb 2
893 ccaAc 2
940 AABaBcBBAbAAb 1
940 AAaBAcBcBaaa 1
940 AaAbBbBbcbcABa 1
940 AabBAAcabB 1
940 AccABABbcBbcaA 1
940 BAABBcAAaaBba 1
940 BbaBAAAAbab 1
940 aABaABBaAacaBaB 1
940 aaABBcAacbaBcc 1
940 aaABaacAAbc 1
940 aacbBbcABcAbaB 1
940 abaB 1
940 abbAb 1
940 bAaaabBbAAaa 1
940 bBbBaBcaacAB 1
940 bBbabBAac 1
940 caaa 1
940 cb 1
940 cbBbbBbBcbA 1
940 cbcbAcAAccAcacA 1
960 AAAcBbAcBacbc 1
960 AAb 1
960 ABcccaaBAa 1
960 AbbcAbca 1
960 AbcabbcAbcAbcb 1
960 BAaA 1
960 BbAaBbcbBBa 1
960 Bc 1
960 BcAa 1
960 BcbAAcBcaba 1
960 aAcbcbbbAAacB 1
960 aBBcbcaacBAaB 1
960 aBacBcbBbBaB 1
960 aabBcacaaab 1
960 abB 1
960 abcBbAaaB 1
960 bBAB 1
960 bBAcabaB 1
960 bBBbc 1
960 bacAc 1
960 bc 1
960 bccbBbbcAABcAb 1
960 bccbabaacBBB 1
960 cBbbabBBbBcBA 1
960 cacBbbAAbB 1
960 cbaBAcaaBcBa 1
960 cbcaaBbBAbB 1
960 ccAcBbBbbb 1
988 AABaBaaBBaacAA 0
988 ABBcAaB 0
988 Acaac 0
988 BBAAAbBBBbcb 0
988 BBacaABBaAAaaB 0
988 BaaaAbAbAAaaA 0
988 BbBcac 0
988 a 0
988 aaAccaa 0
988 bAbB 0
988 cBabcBBA 0
988 cbcBbccA 0
988 ccAbacAABb 0
