1 wxGNZGoe 174
2 TqOM 171
3 EICF 170
4 RXFpFJwPPGNTioJ 168
5 QAzyMILMnq 168
6 obbOcFKQ 168
7 Wv 168
8 CPiqiHWEHttzeA 167
9 X 167
10 MFFUtqvh 167
11 TvtJT 166
12 FulxRENbSVtFUC 165
12 OKNIGVozrINBSUQ 165
14 bLypElaDZBT 165
15 RxJ 165
16 B 164
17 P 164
18 Tu 164
19 y 163
20 DJpeeK 163
21 EgbEWRPu 163
22 yiqTEsujPh 162
23 TPYpcrV 162
24 uUA 162
25 lyTnzTTZ 162
26 nHbSicu 162
27 lmCiDhJABByZT 161
27 vqzvI 161
29 xqkYPndzm 161
30 sXMmxyfgJVoMgB 161
31 d 160
32 mGOqh 160
32 zuVUU 160
34 Gp 160
35 mmeZM 160
36 WmkFCnuvBWWqk 160
37 kNmOr 159
38 wTRdvneOLqo 159
39 GBugBtQwAJS 158
40 tCWtzCQJbSQa 158
41 XVyBvXsXai 158
42 YqaveMSxeB 158
43 YyIihL 158
43 gTWHVMoQRNsk 158
45 onAQuamfiqz 157
46 Qhk 157
46 zpkWTZBEB 157
48 Rk 157
49 BQqCdtIqcFTDa 157
49 YmbNvMDTO 157
49 iWMgAY 157
52 iR 157
53 ckLTdMf 157
54 RIq 157
55 LnxoyOmTMym 157
56 dccpPJLDTt 156
57 H 156
58 QXgonsjgHvyYnJX 156
59 mvNAIROTnViCw 156
60 pcyny 155
61 OvPGyBcqaREN 155
62 oGsdrUGRPUfLuoC 155
63 VKTskLUphZ 155
64 pekiVfRRgwnaZ 154
65 CUOfUeyufhK 154
66 MxOUBxVeeG 154
67 rKhvkOoYigcphkZ 154
68 IVimP 154
68 QpQwUgUTCOZ 154
70 eFzrPaiGThBa 154
71 cACPWhAsn 153
72 WxcS 153
73 sZDeRWBJRGJD 153
74 VYfzyvct 153
75 tR 153
76 PDvXhrtupYs 152
76 VifIX 152
78 Ud 152
78 qYIbEDmLbxLjVga 152
78 wqTkHBnjN 152
81 yrCt 152
82 tQIHtUnJ 152
83 tBtF 152
84 NAlkAcj 152
84 UVGGA 152
86 EewOIIjzHcjwtMG 151
87 ZNWscNXgqB 151
88 feXBnZDKDUQi 151
89 PsUHU 151
90 qJcLMRaKturpXW 151
91 MBAjELO 151
92 lsFoTe 151
93 NQm 150
94 mr 150
95 JMVD 150
96 UNbHPlgSlht 150
97 Js 150
98 VDSSuld 150
98 dQKggoduC 150
100 OhvwRBHkwVSLrK 150
101 mhdPxvkLwIZrlUp 150
102 mOKsLAYFUmJfSpi 149
103 mRENhnBjyqrLv 149
104 VXssLX 149
105 KOgNPdIapuEnxY 148
105 xd 148
107 fZxfHc 148
108 yxhxcw 148
109 eb 148
110 rX 148
111 AXiEQL 148
112 fKBcZTEAXxwX 147
113 AFKBx 147
114 MzxveYLKmIxJay 147
115 ZtwtvusyMl 147
116 Y 147
117 LTxi 146
118 xHK 146
119 ewlejWhY 146
120 KlolZNyZETrCS 146
121 YPyGgRSAxz 146
121 fZfUIPs 146
123 nJyRzIHtKe 146
124 QgacKw 146
125 TPsqrEBAVrRRuWc 145
126 aaCvOkbbCL 145
127 dAAxJJ 145
128 Ov 145
129 GEVsSCxnHc 145
130 gJScTqUYvHFO 145
131 ZJObYkdEjogsoNj 145
132 nzOTt 144
133 gSQRDqtvkqiAvLS 144
134 spyl 144
135 yNUFIDplFQiawv 144
136 yxBmPc 144
137 zVvL 144
138 KgvRxIL 144
139 wnTT 144
140 ScEGFLWZokqC 143
141 kjxVvzRb 143
142 ouXhJinpS 143
143 HWdc 143
144 JJOkjWjtaKsd 143
145 DN 143
145 JOZCTgoDE 143
145 b 143
148 rkOZpOTQjyN 142
149 sourHROglp 142
150 HfVLbiMWEHtOlh 142
150 KMch 142
152 vEV 142
153 nuwpoSlYBaDj 142
154 w 141
155 PvYQQkKjMaEEJi 141
156 seh 141
157 L 141
157 PmBuk 141
157 ZnMBzE 141
160 iRXLcUiAvCFx 141
161 FoXFxetMQkluACV 141
161 cIrTmYCWALY 141
163 eBuO 141
164 RUMhKeOnt 140
165 DyRXcZvEUqna 140
166 zfBKpbbBE 140
167 GxNrHmilWXvBsb 140
167 nTOtmwgjExoLlbP 140
169 NTELwJAa 140
169 v 140
171 bPOpFsNJhJIN 139
172 gAspm 139
173 VQlzDK 139
174 wbsiWQSeESJS 139
175 DBqFLIqzrSP 139
176 KYOsM 139
176 VKBupvI 139
178 hUBTYacTeyfPEP 138
179 NKerGhOPh 138
180 IjCuPkTeu 138
181 p 138
182 EVakXp 138
183 RsNUdQnS 137
184 t 136
185 MKNEKV 136
186 CyCytYcVc 136
187 EXrqBUuimlv 135
188 BMpSUKfUXeLZ 135
189 dLPwAsmLmXxbw 134
190 BZHnFUdBU 133
191 kyhSLZEHCtk 133
192 JyE 133
193 SvbKjOYlAlE 131
194 UEfTyoflEsa 130
195 BSuzabOy 130
196 E 130
197 ms 129
198 jiCRcTzhoZL 128
199 ATDKbPIFpySnlDT 126
200 QduSdgP 120
