1 AaaaAAaAaa 268
2 aAa 258
3 AaaAaAaAA 241
4 AaAaaaaaA 235
5 aaaaAa 233
6 AaAaaaaAAAa 225
7 AaaAAaA 207
8 a 195
9 aaaaaAAaaaAaA 190
10 aAAAaaAaAAAaaAa 189
11 AaaAaaAaaaaAAaA 189
12 aAAAaaaAAaAA 189
13 AAAaaaAaAAaa 188
14 AAaAAAAaaaaaAa 188
15 aAAaaaa 181
16 AAAaaaaAaaAaAaA 179
17 AaAaaaAa 177
18 AaaAAA 170
19 AaAa 168
20 aaAAaaAAAAA 165
21 aAAAAAAaaaaa 155
22 aaAaaAAAAAAaaAA 150
23 aaaAAAaaAAAaaaA 150
24 aAaaA 148
25 AaAaaAa 148
26 AAA 148
27 AaAAaaaaaA 145
28 aAAaAAA 141
29 AaaaAaaA 131
30 AaAAAa 130
31 aaaaaAAaAAaaA 128
32 AaAAAaaaaAaAaA 124
33 AAaAaAaaAaaA 124
34 A 120
35 AaA 112
36 aAAa 111
37 AaAaa 109
38 aAaAAaaaAaaAAa 107
39 AAaaAaaa 104
40 aAaAAaaAa 91
41 AAAaaAAA 90
42 aaAaAAaaAaa 88
43 Aaaaa 82
44 AaaA 81
45 aAaaaaaAaaA 73
46 aaaAA 72
47 aAaAaaAaAAAaa 64
48 aaAA 60
49 AaAAaAAaaAaAaA 56
50 aAAAaAAaaAaaAaa 30
