1 AAKPsopjLgEmxk 300
1 ABTCCkQ 300
1 ABamqMTev 300
1 AC 300
1 ADOlTgxmCxG 300
1 ADuUubz 300
1 AKY 300
1 AKufyMe 300
1 AMnKOICNFFxv 300
1 AMnPWgJ 300
1 AOMTQiU 300
1 ARJ 300
1 ARzfdimMM 300
1 AXygvcEOCO 300
1 Abwcl 300
1 AekdMandvKT 300
1 Afuo 300
1 Aqlpe 300
1 AqzM 300
1 AsYydcgOZo 300
1 AyKaUCCUJbM 300
1 B 300
1 BC 300
1 BKJKsDGXDDXOrkf 300
1 BKuubSrayKHbX 300
1 BOFdjqhi 300
1 BXA 300
1 BbCmYLrmnnNsile 300
1 BepawrN 300
1 BeqwPiLHJr 300
1 BmlXoCaU 300
1 BnEhtIZ 300
1 BrNkLyQtjRqGnC 300
1 BsjFBaDrIAhli 300
1 BtMtESPAgBlbq 300
1 BugdkesmjHbYeLt 300
1 BwBdBsMK 300
1 C 300
1 CJZVpvYpzq 300
1 CMoJzgENHDDppQ 300
1 CNrKlqBqZf 300
1 COnRXVAXSuoPaHW 300
1 CQEsRoZL 300
1 CQbOKvBUqqP 300
1 CRMILxGgpCp 300
1 CcTrBF 300
1 CcigciahZoiDo 300
1 CfXiBKehYcMBIi 300
1 ChBTVNkOfWWHeh 300
1 Cl 300
1 CmW 300
1 CpaNCXhgEFhDgTV 300
1 CqEXmat 300
1 CssZqYPu 300
1 CunelzZixLpT 300
1 CvqtMS 300
1 CyAuTrIutIDdy 300
1 DEAlMzJBEeO 300
1 DGotdMtW 300
1 DOTjvX 300
1 DSUAUlJ 300
1 DUNJoimEsgFCL 300
1 DVfozYVDTbeEL 300
1 Dd 300
1 DdOvAhbAdQGkli 300
1 DmQ 300
1 DmZfBKyHjIXN 300
1 DmivuaXIcXuyNbm 300
1 DpqHNAeZXsIT 300
1 DszidpKMCwzaNg 300
1 DtXWKPuPOTy 300
1 DuB 300
1 Dv 300
1 E 300
1 EBiAyjKttdU 300
1 ECctb 300
1 EFiMHKJUINmIed 300
1 EIRXNtWJb 300
1 EJ 300
1 EKgByWrRfQMh 300
1 EQ 300
1 ESZtNzG 300
1 ETrhnAhg 300
1 EaRxI 300
1 EjcoO 300
1 EjdNxW 300
1 Eju 300
1 EjzqElHaZv 300
1 Elqya 300
1 EmAOwBwcxoAF 300
1 EnNoKyLzMXH 300
1 EqApIdaSbQloUZ 300
1 EwpSAydlc 300
1 EzB 300
1 Ezid 300
1 F 300
1 FERAJgDYQM 300
1 FFihnJRqcDqV 300
1 FFlDxVFFoqe 300
1 FMNE 300
1 FOweAyWkQY 300
1 FPTyuC 300
1 FSAieWYr 300
1 FVSscKPQGr 300
1 FXfPqKS 300
1 FZBivFQEdbfPZB 300
1 FZI 300
1 FbWETZL 300
1 FgBQmpKkdg 300
1 Fiz 300
1 FkxyAUihrppzl 300
1 FpW 300
1 Fr 300
1 FsZGFOQdvtnomGa 300
1 FsrLmJMw 300
1 FtB 300
1 FvnKJFxlb 300
1 Fy 300
1 G 300
1 GBzhYNiuAldgpX 300
1 GIZGn 300
1 GIcCfptWOpzs 300
1 GJmRbfJUqIEwteP 300
1 GNm 300
1 GP 300
1 GQl 300
1 GT 300
1 GTtyqzbWLrZfc 300
1 GV 300
1 GY 300
1 GYwGfsrfxVr 300
1 GcK 300
1 GdwCdVHaGc 300
1 GeyXNocImx 300
1 GhOgV 300
1 GjHdxuUsr 300
1 GtV 300
1 GzVBGci 300
1 GzqLaKRxkIYUj 300
1 H 300
1 HAoR 300
1 HBFCkZfAxrPH 300
1 HCbCmmb 300
1 HCnUyNTxzANjfVZ 300
1 HHdgeoVTmza 300
1 HJGozek 300
1 HNSoEy 300
1 HOJXb 300
1 HQQQqml 300
1 HRqGEfmMxGDLr 300
1 HScx 300
1 HYq 300
1 HaqeANtEF 300
1 HfOaArGIWiFNub 300
1 HhRzJ 300
1 HiaSPkxkZQLGk 300
1 Hofp 300
1 Hsmc 300
1 HuHeLDhpvedGP 300
1 HwdDOktkMtyyr 300
1 HzFosyjukGQIemp 300
1 IBpgerj 300
1 ICUbJnQekxpn 300
1 IKbMZTvNc 300
1 ILqEq 300
1 IOqRRMdMlxu 300
1 IQbNzeLbcq 300
1 ITEFAtXByS 300
1 IVl 300
1 IZa 300
1 IcTTEDkXnV 300
1 IdTLRQZKLNqZ 300
1 Ievi 300
1 If 300
1 IfQqfaFtKtXmDU 300
1 InteXKgRa 300
1 IrYbdBovZKWtRl 300
1 IteKMWfFqyJ 300
1 IyS 300
1 J 300
1 JDwOAGixJtfSD 300
1 JLIRPKt 300
1 JPNjRZ 300
1 JQDreZfkZtLwQ 300
1 JavbAeKWTtKf 300
1 JbyFguaLAQtHXVR 300
1 JdrvFdzgTqhozt 300
1 JktatLESTcOLwEo 300
1 JlaweQVPOvN 300
1 JnoUoxAzrQ 300
1 JqpWMyMPKIjE 300
1 Jr 300
1 JsEGTZwaV 300
1 JszWVqkkp 300
1 JuAZhBhskMe 300
1 Juw 300
1 JwFgMwQJFmMHpL 300
1 JwXeM 300
1 JxFjUuXOKqe 300
1 JyTFwS 300
1 K 300
1 KH 300
1 KL 300
1 KMLyyx 300
1 KOuZPYCUAKAgs 300
1 KVnunUFNfPd 300
1 KWq 300
1 KYrVsVaKvdign 300
1 KaABJmzUJiF 300
1 KcMclzsTKcH 300
1 KgLy 300
1 KiEgFbxIkKp 300
1 KiL 300
1 KiwPHEsAqhcT 300
1 KmPQlbY 300
1 KmoDEpV 300
1 KnlymM 300
1 Ko 300
1 KoH 300
1 KpICWcGRmON 300
1 KpIuAPyL 300
1 KqgoZrzI 300
1 Ksrjaurup 300
1 KtfZrYJdopef 300
1 KwqgHpXKH 300
1 L 300
1 LAMI 300
1 LApKZHxTBMkwT 300
1 LDzMLKZmYtvaBD 300
1 LFgZmkpIiy 300
1 LKT 300
1 LKl 300
1 LSW 300
1 LSk 300
1 LVvQ 300
1 LcVJKzzkDE 300
1 LiBXwuIIAgn 300
1 LskdejoVEOzR 300
1 LuRHkLkfj 300
1 LvGNaus 300
1 LzYsCWaJViX 300
1 MCxKerGPgQzs 300
1 MJLHwnGxncE 300
1 MQ 300
1 MVYnvsidHzi 300
1 MVpmwsd 300
1 MXGqSyYMAF 300
1 MZb 300
1 MZtqGgKAU 300
1 MbHKmJQr 300
1 MeQsMJ 300
1 MfwlrXqkG 300
1 MhB 300
1 MoLBAqcSOJ 300
1 MrVXChahdXbZM 300
1 MufAgMDSAwmzbd 300
1 MyUYYIUyG 300
1 NB 300
1 NCktjBackYNECUJ 300
1 NJtTzaDJKHU 300
1 NLIPPgokGr 300
1 NMZeBkl 300
1 NQbhRtEJ 300
1 NRweoMcSeWcp 300
1 NXPxnlqvIGws 300
1 NYGEphfeEmnOBHE 300
1 NbeWOTjfR 300
1 NhQWJxXIfcEn 300
1 Nhrgox 300
1 NjKYIeMo 300
1 NloOuYjjurUjdD 300
1 NmndZXJYjfS 300
1 NxgCEmTAm 300
1 O 300
1 OFPOUtQcKhFmT 300
1 OFVu 300
1 OKPqhBVtKDCR 300
1 OOxHAsGRVtKLx 300
1 OPnQyrIUbl 300
1 OQ 300
1 OQDT 300
1 OS 300
1 OUMM 300
1 OUxdQs 300
1 OVPqWbjz 300
1 OXurXC 300
1 OYRD 300
1 ObmXNurLyQgWHx 300
1 Oe 300
1 OgYt 300
1 OhUyuLJm 300
1 Olk 300
1 OmDzCvaSIP 300
1 Omu 300
1 OnWbeiKQrzzGb 300
1 OqZbS 300
1 OriZAbrqkvbyHgT 300
1 Ovrxkc 300
1 OxZDQgjbRAHzBFb 300
1 OzYmp 300
1 PBHqWK 300
1 PDtbxlqflrlcAX 300
1 PFDun 300
1 PItlE 300
1 PLYcazsK 300
1 PLdv 300
1 POahkdc 300
1 PQmudnnzaiaNz 300
1 PXf 300
1 PbeQsirOtIqn 300
1 Pkvfc 300
1 Pnbvm 300
1 Pp 300
1 PsDdmF 300
1 PvVl 300
1 PzYmieYbZf 300
1 PzfEE 300
1 QAmCM 300
1 QFsLzEpEEQrfFT 300
1 QKTV 300
1 QKiqhzYuPW 300
1 QLsUMxkQ 300
1 QMLZuj 300
1 QNw 300
1 QOUICjFSWblsC 300
1 QSncQkyirscFlB 300
1 QVkqj 300
1 QW 300
1 QZdf 300
1 QglKAz 300
1 QheT 300
1 QjxSGVe 300
1 QmhaZruXN 300
1 QpwadmDtndTcl 300
1 QtX 300
1 Qvy 300
1 QxGIFNviHY 300
1 R 300
1 RBBAKfBfzC 300
1 RBccutfjKINkxbj 300
1 RDs 300
1 RJC 300
1 RPAgmZduiGsrqN 300
1 RPSBnNZUzF 300
1 RPtmvjPOYg 300
1 RRicsYFNRBx 300
1 RRyPpltEQOw 300
1 RSkRgyTw 300
1 RVGkfatHyZxP 300
1 RVnKzMsHuP 300
1 RX 300
1 RXWEGONLCH 300
1 RcxxpfB 300
1 RguEPKjd 300
1 RhZlX 300
1 RjCtKJYiicLXirl 300
1 RlUhQvDsmU 300
1 RrR 300
1 RrfPIk 300
1 RxxWBatXvJJWcJ 300
1 SEQkk 300
1 SEh 300
1 SFnZAFNvR 300
1 SGO 300
1 SGq 300
1 SHlVj 300
1 SLBSxVUbVSgz 300
1 SLZEYd 300
1 SS 300
1 SSZtjr 300
1 SaTiU 300
1 SaUHep 300
1 Sf 300
1 SfCYZn 300
1 Siatt 300
1 SjqbN 300
1 SkULksWlwoFBtMB 300
1 SkmY 300
1 SoLqwWRgGblTop 300
1 SodR 300
1 SqznDHAxwVdikSV 300
1 SuupV 300
1 T 300
1 TARxIoiVMVHjMs 300
1 TIuGVpdi 300
1 TNgUlQAvQKs 300
1 TQOSnSxeUyVj 300
1 TQQCKO 300
1 TSGnkGMyqVHYWAj 300
1 TSpONFJVDRGCX 300
1 TUvD 300
1 TVGGda 300
1 Tb 300
1 TdFxOihILnVo 300
1 Te 300
1 TlsV 300
1 TpFW 300
1 TryTg 300
1 TsaeKhBZwHXHc 300
1 TtSBcdXniXP 300
1 TwMGuYOJ 300
1 UDyhoEH 300
1 UHs 300
1 UNWJaJVC 300
1 UO 300
1 UOxtEH 300
1 UVn 300
1 UcCz 300
1 UhlPXBsy 300
1 UiK 300
1 UoSgXxwytHjMmm 300
1 UrOmHC 300
1 Us 300
1 UsNChXik 300
1 UttU 300
1 UuTFRLHypQUvV 300
1 UvErZ 300
1 UvomQEB 300
1 UynYUH 300
1 V 300
1 VBQ 300
1 VEcGjcSdZvLuHb 300
1 VGwGRE 300
1 VIYok 300
1 VJveOwbqgf 300
1 VLgAFrh 300
1 VPfkZajN 300
1 VRvy 300
1 VTwWiAkSUnlb 300
1 VZmw 300
1 VcXgsojqTBYKZ 300
1 VeafgXeysWG 300
1 VguJsPVt 300
1 VlByMTsXL 300
1 VsbXAdlAYSV 300
1 Vyy 300
1 W 300
1 WBvVNrjGxmD 300
1 WIKkWuFeqtQ 300
1 WQTOuVGj 300
1 WSTQ 300
1 WWlMSqttOWMM 300
1 WaREYxvEn 300
1 WbvHZJncRmpJKmM 300
1 WcFQVrtmgtdJ 300
1 WezxhqGdb 300
1 WfBBqdPoddKqfy 300
1 WjNajVD 300
1 WomI 300
1 Wv 300
1 WwUJwla 300
1 WxdCgtn 300
1 WzmtZjU 300
1 X 300
1 XFfcO 300
1 XFyk 300
1 XGbpvpfOwAJe 300
1 XHPVil 300
1 XKhQxuo 300
1 XLQYBcvuYeO 300
1 XNt 300
1 XQgDJxSfxlnAUn 300
1 XTtMkDwr 300
1 XVXRwuDfzcQg 300
1 XVkGrZ 300
1 Xckpi 300
1 XdhLOkOzjxw 300
1 Xe 300
1 XgSTvbxgNl 300
1 XkMfFgJQaARiRj 300
1 XkYrIbJa 300
1 XleivhDuwTbUbWi 300
1 XqM 300
1 XxJxBpSIENsy 300
1 Xz 300
1 XzL 300
1 Y 300
1 YGHYoTJYx 300
1 YKTKZlP 300
1 YQNiKL 300
1 YSpuvcZdCvAfT 300
1 YVDCbuS 300
1 YXZcdtbvzFVSpQ 300
1 YYd 300
1 YZqpnKm 300
1 YcVID 300
1 YgAxcHJJVtALO 300
1 YiCfJDDoQeLPI 300
1 YktjYCmgR 300
1 YryuRHzvax 300
1 YvL 300
1 ZDbeDVaTVgPxrD 300
1 ZHKMMoluCCs 300
1 ZRVRzOQPpQoVDNt 300
1 ZSHZAnCoYUQfY 300
1 ZUHpQZWlALHkIb 300
1 ZWeotEAXiI 300
1 ZYdPSodFYKMGt 300
1 ZYnYRTFDQGxEo 300
1 Zb 300
1 ZbNsBvKvwmYbSSi 300
1 ZhfBcrPY 300
1 ZluFiSC 300
1 ZsEq 300
1 ZuDmh 300
1 ZvHoX 300
1 ZyMPVglTKJ 300
1 ZzzmYXHbJRmGDz 300
1 a 300
1 aChceW 300
1 aEhKlucyTs 300
1 aMs 300
1 aP 300
1 aPkvfdnzVhWofB 300
1 aUzywVVNOk 300
1 aYBGsWn 300
1 aiSuZvQnirwRiZ 300
1 ajxlbZBbwRvrD 300
1 almqf 300
1 aptg 300
1 aqZ 300
1 b 300
1 bAXHeRGPshqErS 300
1 bDqzkG 300
1 bIWmTm 300
1 bNtkUya 300
1 bOOxMt 300
1 bSxGxS 300
1 bYNjIz 300
1 bacrC 300
1 bakRyUPXwuntcT 300
1 bck 300
1 bdxkIFgIvVJLacq 300
1 biGfd 300
1 bkAeW 300
1 blUmYxgsQVXOdTK 300
1 bnBXPJjySHl 300
1 bz 300
1 bzDillnMWh 300
1 c 300
1 cAXgLVMNMQrOKFB 300
1 cDCb 300
1 cEFU 300
1 cJZVJxt 300
1 cMDvrcRCnl 300
1 cNjzNXrIXxFK 300
1 cThqDdpLlOA 300
1 cWSdoApsTIXl 300
1 cWcB 300
1 cYstNbRX 300
1 cZIPlaYCh 300
1 clMz 300
1 cpxRrqhiwMMPzyx 300
1 cqIJj 300
1 csxKxbiRxZwUf 300
1 ctbwKcgwv 300
1 cu 300
1 cvov 300
1 czKeppg 300
1 d 300
1 dFuwOeqqFLJvtM 300
1 dHSlyRkLMOzaMX 300
1 dMUyKKdSWrjih 300
1 dMxWIQpkmYugc 300
1 dPqM 300
1 dRpABIth 300
1 dSFkHJnlV 300
1 dZVpXnxaTF 300
1 dZYQYRA 300
1 dsanGpitDAr 300
1 dutGDfrc 300
1 dvAwpFkPrE 300
1 e 300
1 eEFOgIkeUMo 300
1 eHEotIq 300
1 eHkwLEKCkoasBN 300
1 eJxgLQuBE 300
1 eKsxVrdwRwOLb 300
1 eMDSrAoxrAG 300
1 eOXnglp 300
1 eRlUVsllUwrFfcV 300
1 eVjBYZeRkUPQje 300
1 eXl 300
1 eXniGUYnRl 300
1 eezPGvM 300
1 ekAyC 300
1 eniGMiYcFAp 300
1 ep 300
1 er 300
1 erOWfTMUjvbTTCt 300
1 et 300
1 etcKmMNTCAZ 300
1 ev 300
1 evPDKFqWkxDocyc 300
1 evcnDdHdonFdOF 300
1 exsJXfUPuXxgKXI 300
1 ey 300
1 eyvZHSCs 300
1 fBeNMQrKw 300
1 fICeZWrEykoGhW 300
1 fLn 300
1 fQ 300
1 fTlU 300
1 fZ 300
1 fZRXHNCJXdiU 300
1 ffJmqYvgNhQ 300
1 fgJzddgdwICFIZL 300
1 fjVbPVUayCt 300
1 fkeMn 300
1 flrJIRUaNKav 300
1 fnKpuaF 300
1 foNOB 300
1 fpfpSVrwmea 300
1 frORJsLBApMMD 300
1 fwKiobbP 300
1 fyPv 300
1 fyTsBaXzkdIV 300
1 gAslIQT 300
1 gBryjKBiKsRxUoc 300
1 gERJgJCtZVGs 300
1 gOJdow 300
1 gSX 300
1 gTEoJSeNgqZ 300
1 gTZq 300
1 gUGZCoPdxMz 300
1 gZJJONr 300
1 gZMB 300
1 gdGvgNgI 300
1 gdWcdrvpvHQKCiL 300
1 giUfKvozUV 300
1 gkEbjvOwm 300
1 gmLHJa 300
1 gwWKOJJIKZoC 300
1 gxsZvxJWotQq 300
1 gytWpTWCBRRcf 300
1 h 300
1 hACuCm 300
1 hIF 300
1 hJ 300
1 hOMIZbHZgfL 300
1 hTFZh 300
1 hWnkzTteek 300
1 hahusCVvgSDadUu 300
1 hdmozgA 300
1 hfXlHXTVz 300
1 hs 300
1 hv 300
1 hvmXEfBv 300
1 hwnIJjcUSveLRf 300
1 i 300
1 iCUtOlTMxulInRX 300
1 iCsTnpzEcOXdG 300
1 iDEbGmy 300
1 iEbHdIx 300
1 iIqn 300
1 iIteevFohicJ 300
1 iJ 300
1 iQICoHaELinRWB 300
1 iQnzmWYoTSo 300
1 iQoYKeniszDB 300
1 iTMinr 300
1 iXN 300
1 iZkoeJoGrrmTT 300
1 ifrZwJAjSBS 300
1 igAsDzMKYWOweD 300
1 iqeMMM 300
1 irOzhOKmmHE 300
1 ivSfMRG 300
1 j 300
1 jAqjuoMmdWN 300
1 jDERfiYVFLKhhCQ 300
1 jFQBBcmGuKQUhQ 300
1 jHXVRqesKW 300
1 jJXcYG 300
1 jKnlXdvOrC 300
1 jLDyYZoQA 300
1 jMHDY 300
1 jPC 300
1 jSjzYGKnIqmEZLI 300
1 jTulSPqSfwj 300
1 jUrzyvG 300
1 jVeFHv 300
1 jbHjjGHSLXz 300
1 jeMSckZIj 300
1 jgF 300
1 jgXzhBkv 300
1 jlyzEdaVnIb 300
1 jojn 300
1 jprhM 300
1 juFw 300
1 jvTVNP 300
1 k 300
1 kA 300
1 kCFR 300
1 kChR 300
1 kI 300
1 kLBlnK 300
1 kM 300
1 kOsmITEiFtl 300
1 kSaCOD 300
1 kUqIJgwFZ 300
1 kZnheEnTk 300
1 kbIxPX 300
1 kd 300
1 kf 300
1 kfMY 300
1 kgSYbhOZ 300
1 kqAUMNqQz 300
1 krqaKFpCg 300
1 kvFIBmtxdvfYjgW 300
1 kzUumzNpyEeNaC 300
1 kzsduytnRUFcTQa 300
1 lAsfJfZOK 300
1 lCXpexYgALwS 300
1 lEVmikraifiaKC 300
1 lKVvVwBvjfGYNtE 300
1 lKfVzj 300
1 lMYNFaQADUb 300
1 lPizAVocn 300
1 lQvKxKwEWIfG 300
1 lTtW 300
1 lX 300
1 lXPwdcoVixbptqV 300
1 lcnGtOrXU 300
1 lgCusrVU 300
1 ligxAzidyADueW 300
1 llIK 300
1 llYTyTiKKmDb 300
1 lrLVUkuPoqJjy 300
1 mCvay 300
1 mEVOxPpyrqKgn 300
1 mKZfddDvo 300
1 mLLfVsZyodF 300
1 mNHZa 300
1 mRrsjoFb 300
1 mShhkZfCBpiaAb 300
1 mSySwRiTbOW 300
1 mTnspWZaurir 300
1 mW 300
1 mXRE 300
1 maJynhWA 300
1 mfGTswhawlyFH 300
1 mfzshHgXKfCv 300
1 mnfShO 300
1 mqlKcmVhu 300
1 mrJjNNGgOU 300
1 muoJkVW 300
1 mwwuheOPMQeMf 300
1 mxBQDtTIqT 300
1 mzZNAM 300
1 nA 300
1 nABYaQQx 300
1 nErYAspNMp 300
1 nGpJ 300
1 nHghMLQulqamos 300
1 nIaGcgwH 300
1 nK 300
1 nKWUJ 300
1 nNCbqUqSzn 300
1 nObHLGgd 300
1 nYOQNNZK 300
1 nZVE 300
1 ncIbS 300
1 neHRamkCpEXKOT 300
1 nepiSXpSXAb 300
1 niCAX 300
1 nnihDekCL 300
1 nrdAZDAgxI 300
1 nvwOJvRt 300
1 o 300
1 oCgOOTJxbXD 300
1 oGAm 300
1 oHaqvSSsiw 300
1 oIsmXFKnQFy 300
1 oLnyS 300
1 oOLOFE 300
1 oPnIu 300
1 oXyEEdTyYpOVAGy 300
1 oYFSJMJI 300
1 ocAVQcoZPBd 300
1 oeuZAkLBfqMqrL 300
1 ortKv 300
1 otRJjOJEhe 300
1 owfmDNFW 300
1 oxaoQJVytrncy 300
1 p 300
1 pDAbOGnyds 300
1 pFiip 300
1 pGGvyxSP 300
1 pGStbsPsoCe 300
1 pKNfzDicDVVyfyQ 300
1 pKlKMyQAcpq 300
1 pNOMfNfnsoc 300
1 pNfWqNW 300
1 pPgxQAqisAJrJJA 300
1 pRRD 300
1 pUxImVodMsjof 300
1 pVvaVKQHlfLNobM 300
1 pWjxINpsYleiYGN 300
1 pZbIyWCGTca 300
1 paamQhDBBcHo 300
1 pbaEO 300
1 phuTIqrOySIYN 300
1 plRyhiFcYzLLgT 300
1 plrsgFhE 300
1 pnfM 300
1 podNIcfkkOXp 300
1 prsQ 300
1 pxgCbRrj 300
1 qE 300
1 qHCELnPdNbZyN 300
1 qLDHUIiSaJrc 300
1 qMdiAK 300
1 qOzuNjYRWJ 300
1 qRnlsGn 300
1 qRyKX 300
1 qdQjeWHyO 300
1 qeNamOwzEciw 300
1 qegG 300
1 qekiQvDpWLvi 300
1 qhePVzjizWg 300
1 qkWQz 300
1 qklESr 300
1 qmEgcjOQvnLgJQY 300
1 qmFaYwzwPimjclQ 300
1 qowQAtgj 300
1 qsiyn 300
1 qt 300
1 qtmQSf 300
1 qvr 300
1 qzoaPbUGy 300
1 qzwqNfSwVk 300
1 r 300
1 rDDDuuqcqmAyRCD 300
1 rFurkqDvZTL 300
1 rJsXuXKmx 300
1 rTDRMREqvHhWpW 300
1 rgdkeulhPoWX 300
1 rhdIEuKlqDamhdz 300
1 rhmOd 300
1 riLwPtxTpsI 300
1 rjACGh 300
1 rjbIkGIyLhKOC 300
1 rlJTdIyABswXxaT 300
1 rmj 300
1 roJYV 300
1 rzSuuoNQsdEdr 300
1 s 300
1 sHKTqSPUj 300
1 sHohsFKOu 300
1 sJRSEzA 300
1 sKEOAqALwtc 300
1 sKLZqzfbQdoy 300
1 sKNy 300
1 sLdEXcxFVTDn 300
1 sNlYVlq 300
1 sQiaFczoozG 300
1 sSpKXlZdz 300
1 sUPfIYhEAptjvE 300
1 sVgGyFcqHw 300
1 sXRQogCviyvbV 300
1 sZSMWlquwzUCiv 300
1 sduIcUXC 300
1 seaSbSV 300
1 slVlCETvGBc 300
1 slxIRnRZsm 300
1 sseqhLckTknh 300
1 sskLMicYKaVJ 300
1 syQGpf 300
1 t 300
1 tFlIYPtaAZe 300
1 tL 300
1 tOQrRaiyfMEQz 300
1 tRgguTcuSiq 300
1 tS 300
1 tWePR 300
1 tZG 300
1 tcWUbbiYzjcXDv 300
1 tdIecprbEtZ 300
1 teatIZ 300
1 terD 300
1 tflQSMHIMHVd 300
1 tmazQrFfzhveKT 300
1 tmcZvweZKqvRGK 300
1 tnVDIqBMMr 300
1 tqghJS 300
1 tu 300
1 tugxot 300
1 uAQXuo 300
1 uB 300
1 uBGInUtDtSBdlT 300
1 uEVLOsMtpj 300
1 uFA 300
1 uLMpMJI 300
1 uMTWVNqJWDVS 300
1 uQyspnxJPkkiWWp 300
1 uaxCOjkjMcf 300
1 ucCeOsV 300
1 ucewPPdgbrZFr 300
1 uiBmQyE 300
1 uidTfTLX 300
1 ujvJzXI 300
1 ukjS 300
1 ulCC 300
1 ulpLL 300
1 uvl 300
1 vDXUY 300
1 vFnHapscn 300
1 vGvfDGkoY 300
1 vHRkZ 300
1 vKV 300
1 vObt 300
1 vUUye 300
1 vUWcGTOdGeCwZK 300
1 vaASxb 300
1 vjm 300
1 vmD 300
1 vmveqvusaW 300
1 vtzICxWlhO 300
1 vuD 300
1 vviKgWTlhLfP 300
1 vxRrWFqgJmw 300
1 vzNTgzZmsM 300
1 vzQkwuag 300
1 wBxHOizC 300
1 wDnVXZ 300
1 wESZdWIfwkHfE 300
1 wGVqmJZy 300
1 wHmhKhmtkAQlWaN 300
1 wK 300
1 wKOCeMPNtJp 300
1 wLhDHskAfhVtecS 300
1 wPbYjbjOaVIAm 300
1 wQN 300
1 wYbVnARNDnDhs 300
1 wZmMlK 300
1 wcjTEgnnMjPLmIJ 300
1 wfINwtClabEGEo 300
1 wfjHGQsGZmS 300
1 wkcpSdeTrTagE 300
1 wonwNdZBAT 300
1 wyKtNaUZLTQArAP 300
1 x 300
1 xAtHvnwnVWjxht 300
1 xEITICcZpaqEWhp 300
1 xJtxtW 300
1 xaBnu 300
1 xaPu 300
1 xchmtRtjfIaOZJ 300
1 xjGDlZNhWEtOqB 300
1 xjah 300
1 xkjQFrzb 300
1 xqnd 300
1 xtEsNWc 300
1 y 300
1 yCAKSRWwnhFd 300
1 yFryoaiLA 300
1 yHLvihePyi 300
1 yHZsGIUrXYFZa 300
1 yKO 300
1 yLRudZzoYwIkhGc 300
1 yMe 300
1 yNUsV 300
1 yOAmXxqIagGWoyO 300
1 yPX 300
1 yXmJjHmjtg 300
1 yZimujLF 300
1 ycvCiyKcnGRC 300
1 yfXYlk 300
1 yjvqFUBHfMIRF 300
1 yklrWdfCfog 300
1 ymhJpIZJ 300
1 ynaGQZDTSTGb 300
1 ynjhxPQ 300
1 ypJvnVLfdRA 300
1 ytL 300
1 yxcSvGiDlVV 300
1 yzXCgivECu 300
1 z 300
1 zABepD 300
1 zDXAfpvdDxR 300
1 zDnONwXZqnBN 300
1 zEXqHPGxsl 300
1 zI 300
1 zIsFfImEPfPSTLq 300
1 zWlMOfjRZkfTT 300
1 zc 300
1 zdnpVz 300
1 zfPKqL 300
1 zgFPazf 300
1 zkAVTZWit 300
1 zkUbvnq 300
1 znWNeUXki 300
1 zp 300
1 zqkq 300
1 ztJ 300
1 zvuyE 300
1 zxR 300
1 zyTlq 300
1 zyxmnpZRsGd 300
