1 1001000
2 1001000
1 1002000
2 1002000
1 1003000
2 1003000
1 1004000
2 1004000
1 1005000
2 1005000
1 1006000
2 1006000
1 1007000
2 1007000
1 1008000
2 1008000
1 1009000
2 1009000
1 1010000
2 1010000
1 1011000
2 1011000
1 1012000
2 1012000
1 1013000
2 1013000
1 1014000
2 1014000
1 1015000
2 1015000
1 1016000
2 1016000
1 1017000
2 1017000
1 1018000
2 1018000
1 1019000
2 1019000
1 1020000
2 1020000
1 1021000
2 1021000
1 1022000
2 1022000
1 1023000
2 1023000
1 1024000
2 1024000
1 1025000
2 1025000
1 1026000
2 1026000
1 1027000
2 1027000
1 1028000
2 1028000
1 1029000
2 1029000
1 1030000
2 1030000
1 1031000
2 1031000
1 1032000
2 1032000
1 1033000
2 1033000
1 1034000
2 1034000
1 1035000
2 1035000
1 1036000
2 1036000
1 1037000
2 1037000
1 1038000
2 1038000
1 1039000
2 1039000
1 1040000
2 1040000
1 1041000
2 1041000
1 1042000
2 1042000
1 1043000
2 1043000
1 1044000
2 1044000
1 1045000
2 1045000
1 1046000
2 1046000
1 1047000
2 1047000
1 1048000
2 1048000
1 1049000
2 1049000
1 1050000
2 1050000
49000
