1 1
1 1001
1 2001
1 3001
1 4001
1 5001
1 6001
1 7001
1 8001
1 9001
1 10001
1 11001
1 12001
1 13001
1 14001
1 15001
1 16001
1 17001
1 18001
1 19001
1 20001
1 21001
1 22001
1 23001
1 24001
1 25001
1 26001
1 27001
1 28001
1 29001
1 30001
1 31001
1 32001
1 33001
1 34001
1 35001
1 36001
1 37001
1 38001
1 39001
1 40001
1 41001
1 42001
1 43001
1 44001
1 45001
1 46001
1 47001
1 48001
1 49001
1 50001
1 51001
1 52001
1 53001
1 54001
1 55001
1 56001
1 57001
1 58001
1 59001
1 60001
1 61001
1 62001
1 63001
1 64001
1 65001
1 66001
1 67001
1 68001
1 69001
1 70001
1 71001
1 72001
1 73001
1 74001
1 75001
1 76001
1 77001
1 78001
1 79001
1 80001
1 81001
1 82001
1 83001
1 84001
1 85001
1 86001
1 87001
1 88001
1 89001
1 90001
1 91001
1 92001
1 93001
1 94001
1 95001
1 96001
1 97001
1 98001
1 99001
0
