1 5
2 13
1 12
1 15
2 21
1 19
1 27
2 22
2 29
1 30
2 32
1 31
1 37
2 34
2 39
1 38
1 41
2 46
1 45
1 55
2 47
2 49
2 59
1 65
2 61
2 65
1 71
2 74
1 78
2 75
2 82
1 84
2 92
1 92
1 102
2 95
2 99
2 109
1 112
2 113
1 115
2 123
1 125
2 133
1 126
1 135
2 134
2 135
1 136
2 141
1 146
2 150
1 148
1 158
2 158
1 162
2 168
1 166
1 167
1 176
2 169
2 179
1 182
2 186
1 186
1 192
2 187
2 191
2 195
1 195
1 200
2 199
2 209
1 201
1 211
2 216
1 216
1 218
2 218
1 225
2 228
1 233
2 233
1 241
2 236
2 244
1 245
2 246
1 246
1 253
2 252
2 253
1 262
2 257
2 266
1 271
2 267
2 275
1 281
2 281
122
