1 3
1 5
1 7
1 15
2 17
1 30
2 43
1 59
2 47
2 57
2 78
1 87
2 92
1 116
2 114
2 133
1 125
1 154
2 156
1 168
2 175
1 186
2 187
1 213
2 215
1 219
2 232
1 245
2 262
1 251
1 280
2 272
2 299
1 288
1 307
2 313
1 330
2 339
1 345
2 368
1 349
1 369
2 370
1 396
2 396
1 402
2 423
1 430
2 444
1 436
1 465
2 472
1 489
2 490
1 490
1 514
2 504
2 509
2 539
1 524
1 530
1 552
2 550
2 566
1 566
1 586
2 584
2 585
2 615
1 604
1 632
2 625
2 649
1 644
1 662
2 664
1 689
2 686
2 715
1 692
1 707
1 733
2 723
2 724
2 734
1 736
2 754
1 764
2 757
2 763
2 767
1 765
1 769
2 775
1 798
2 791
2 794
2 820
1 815
1 845
335
