1 771
2 721
1 1716
2 1933
1 2135
2 2559
1 3122
2 2707
2 3470
1 3281
1 4083
2 4446
1 4091
1 4547
2 5216
1 5215
1 6211
2 6045
2 7010
1 6470
1 7092
2 7928
1 7856
1 7946
2 8746
1 8194
1 8475
1 8721
1 9264
2 9110
2 9243
2 9694
1 9290
1 10190
2 9815
2 10721
1 11062
2 11547
1 11700
2 12006
1 12229
2 12221
2 12272
1 12300
2 12562
1 12640
2 13523
1 12801
1 12863
1 13453
1 13877
2 13746
1 14283
1 14904
2 15290
1 15001
1 16175
2 15431
2 16218
1 16783
2 16866
1 17009
2 17430
1 17663
2 18051
1 18232
2 18763
1 18437
1 19421
2 19156
2 19881
1 20061
2 20454
1 21010
2 20548
2 21045
1 21826
2 21383
2 22039
1 22463
2 22613
1 22767
2 23383
1 23513
2 24293
1 23915
1 24866
2 24309
2 24737
2 25616
1 25405
1 25811
2 26011
1 26543
2 26713
1 27540
2 26984
2 27948
1 28384
2 28713
2632
