1 999993
2 999645
2 1000053
1 1000667
2 1000885
1 1000709
1 1001177
2 1001364
1 1001558
2 1002326
1 1002554
2 1002904
1 1002789
1 1003148
2 1003863
1 1004104
2 1004720
1 1004675
1 1005360
2 1005540
1 1005688
2 1005784
1 1005994
2 1006183
1 1006149
1 1006895
2 1006413
2 1006820
2 1007137
1 1007714
2 1007155
2 1007945
1 1008283
2 1008494
1 1009238
2 1008738
2 1009467
1 1009888
2 1009916
1 1010672
2 1010508
2 1010822
1 1011152
2 1011027
2 1011660
1 1011955
2 1012511
1 1012479
1 1013300
2 1013117
2 1014100
1 1013679
1 1013702
1 1014109
2 1014781
1 1014530
1 1015034
2 1015279
1 1015197
1 1015707
2 1015901
1 1016210
2 1016135
2 1016862
1 1016302
1 1017079
2 1017680
1 1017939
2 1018322
1 1018493
2 1019111
1 1019407
2 1019247
2 1019671
1 1019956
2 1020190
1 1020487
2 1020936
1 1020972
2 1021104
1 1021149
2 1021836
1 1022135
2 1022024
2 1022269
1 1022722
2 1022939
1 1023421
2 1023385
2 1023554
1 1024313
2 1024120
2 1024975
1 1024921
1 1025424
2 1025130
2 1025632
1 1025870
2 1025908
1 1026463
26777
