1 6
2 3
2 4
2 9
1 10
2 13
1 12
1 13
1 18
2 18
1 24
2 21
2 23
2 28
1 25
1 26
1 28
1 33
2 31
2 32
2 38
1 36
1 38
1 42
2 42
1 49
2 48
2 50
1 52
2 56
1 58
2 61
1 65
2 68
1 67
1 68
1 69
2 69
1 74
2 73
2 78
1 78
1 83
2 84
1 90
2 89
2 93
1 91
1 95
2 96
1 101
2 98
2 99
2 105
1 102
1 109
2 106
2 108
2 112
1 113
2 115
1 120
2 117
2 119
2 125
1 125
1 131
2 128
2 131
1 133
2 134
1 138
2 137
2 138
1 143
2 141
2 143
1 146
2 144
2 151
1 147
1 149
1 155
2 156
1 161
2 160
2 164
1 162
1 165
2 171
1 170
1 173
2 175
1 178
2 179
1 185
2 184
2 190
1 187
1 191
187
