39808
2967
348847
3833
54234
362 549
345 337
491 81
110 613
30175
42 677
31578
417809
9100
9272
227 463
231 243
221 281
332 290
234560
634 198
186 227
168 709
145598
168 730
112 756
140411
287 643
412744
92177
345396
8391
283567
218 753
5523
18 34
151182
39082
3
234784
55614
40 792
334 411
401885
66 292
575 345
37419
350113
105 522
97 564
318 285
20914
47 452
30 546
240 400
6 85
400 191
434728
183 213
452 256
23 495
107 240
925 76
315731
321 617
279107
502 58
12425
412 282
166558
474 214
208949
322 463
626 129
600 101
259 46
25 624
24501
8 145
41 478
439 464
1562
129243
277956
284 24
5 526
464 138
109577
123 433
411 72
891 28
461577
248 752
214658
467 145
378878
63 128
175783
84983
228
