168760404 39771145
904516493053847146
291982735 147911434
159961751 1097124228
46123526 975437354
476682872 562952782
499180494026143171
1124955431 4726100
700862768 376067833
1282752889846166498
403772052048781237
61506765 1004608832
1384006341371002809
617126308 221918275
462085922566903798
406849092 37881102
69521816 905243389
249003104785028892
444164331300016651
99106827979881155
38462927 547227109
506823290508257391
858908683 198366151
409915903 431913734
222786348339855310
780258080 487905113
1140648162243325263
50522789 961737260
5936382785158732
95586258981613876
792118874251910977
589036017296930428
131172999 616594807
50059103890238391
624638523 128866142
1088658677370289167
795814588 168989743
563606862431207849
339717372064656144
265617659 159144717
1118697037760010355
937305337 406424006
348970195 659343494
621147052 110635009
1139380796 264638942
195054330 499345834
304540500593237503
509982999 842549663
310041399 922208233
1075783163803452182
735676285815620751
6925129 978949265
486547045818892446
541578298 440119318
173769233076202122
474930986 238195697
120008191 54961262
533808108 394446587
366856399604074991
844849077 127157174
138049516 951208400
384681602077656565
465659801 445902191
247871577 362544258
600064373652158984
448804031785466257
846731990229119510
366911173 17100653
299946049 77443881
691430318 410088253
487135392 270408999
215762806488412689
205895937009440459
1186836093380162593
657679899310126229
205535756 1114742510
354225788758926070
76123086939568488
686950185 606583533
469208265 486702160
446506924851086349
1596910581282026575
876238569667887563
333698004373877483
1133809913629619133
587842861468644704
397488749529664891
984839521 166822127
827868815 263462048
1119065949 253227278
565429842958780552
1297996062 61558608
793896556 111206802
195194639 227302190
261940727 798118995
51652007 454249304
277290550831343265
1107927102833014210
216579936296573822
75600503564669670
