103101219207974687
592251603026072817
692313026303594012
26086024643264623
1328847807006287298
1093571511865529994
968096762576449045
416265198645101448
45257792226385657
456987215057316518
1591505300715846355
863351306015202243
409714006014561337
601452593796747780
453539721898882694
523187755381744053
15896319034374189
96685408393182593
562903846324565027
1194033444120154647
925820935656685476
1138210077329906846
782597250325089379
24467748056784009
406436380095632132
1501523580583233628
323113407103278896
644476593193587292
553432108389897902
658197423332534373
177623299297360800
308062982895248650
632133954692841250
1393744801531974792
161804477955659410
200919673667614420
357930643836552112
544071378070799054
201464064436181781
1061309714701296943
715540978840198583
419249199197380100
182019539150867335
107512022738240884
1418176362150682572
791246094574637218
453041915146090833
739191506523974572
59781007078851782
1682846017885489397
817141472797180392
47984963764122103
1315220889960198349
1054524341484892282
352305575125382110
387950360814745437
1184819946285123683
675756215455156640
803048415842710552
1029187006461619868
754688247441362548
1277793414322116045
325546283496729466
1073888517383996903
94278283083714143
956764344488521652
244487130916877302
86435175063000265
41584766924251810
1002119150426300096
14138254517112377
880063342910647089
639977911630389218
1135384927572342137
352531152780820412
47701507759671304
1382574585649012137
607823493091721491
826573541869006754
816370550781532105
1612338919001915994
274780197735970336
555033478293170521
1260213031075107001
423811029849254311
86662843056609121
754626164178587757
1088892683596506579
1505690935270954661
1087545395132714804
1096613844184731034
509073226773618350
252844571206122067
1098572859124887626
232061617207009791
1133660387603382168
862314162872667274
1027585440397624256
602266392307751326
916119923290440455
