2 1414213536
1 1414213537
1 1414213538
1414213537 2
1414213538 1
1414213539 1
2 1414213538
1 1414213539
1 1414213540
1414213539 2
1414213540 1
1414213541 1
2 1414213540
1 1414213541
1 1414213542
1414213541 2
1414213542 1
1414213543 1
2 1414213542
1 1414213543
1 1414213544
1414213543 2
1414213544 1
1414213545 1
2 1414213544
1 1414213545
1 1414213546
1414213545 2
1414213546 1
1414213547 1
2 1414213546
1 1414213547
1 1414213548
1414213547 2
1414213548 1
1414213549 1
2 1414213548
1 1414213549
1 1414213550
1414213549 2
1414213550 1
1414213551 1
2 1414213550
1 1414213551
1 1414213552
1414213551 2
1414213552 1
1414213553 1
2 1414213552
1 1414213553
1 1414213554
1414213553 2
1414213554 1
1414213555 1
2 1414213554
1 1414213555
1 1414213556
1414213555 2
1414213556 1
1414213557 1
2 1414213556
1 1414213557
1 1414213558
1414213557 2
1414213558 1
1414213559 1
2 1414213558
1 1414213559
1 1414213560
1414213559 2
1414213560 1
1414213561 1
2 1414213560
1 1414213561
1 1414213562
1234742859 179470704
1234742858 179470705
1234742857 179470706
1234742856 179470707
1234742855 179470708
1234742854 179470709
1234742853 179470710
1234742852 179470711
1234742851 179470712
1234742850 179470713
1234742849 179470714
1234742848 179470715
1234742847 179470716
1234742846 179470717
1234742845 179470718
1234742844 179470719
1234742843 179470720
1234742842 179470721
1234742841 179470722
1234742840 179470723
1234742839 179470724
1234742838 179470725
1234742837 179470726
1234742836 179470727
1234742835 179470728
