1999999998000000001
1999999996000000003
1999999994000000004
1999999992000000010
1999999990000000011
1999999996000000002
1999999994000000005
1999999992000000009
1999999990000000012
1999999988000000020
1999999994000000006
1999999992000000008
1999999990000000013
1999999988000000019
1999999986000000024
1999999992000000007
1999999990000000014
1999999988000000018
1999999986000000025
1999999984000000033
1999999990000000015
1999999988000000017
1999999986000000026
1999999984000000032
1999999982000000041
499999999500000001
499999999500000000
499999997500000004
499999997500000003
499999995500000011
499999995500000010
499999993500000022
499999993500000021
499999991500000037
499999991500000036
500000000500000000
499999998500000002
499999998500000001
499999996500000007
499999996500000006
499999994500000016
499999994500000015
499999992500000029
499999992500000028
499999990500000046
500000000500000000
500000000499999999
500000000499999998
500000000499999997
500000000499999996
500000000499999995
500000000499999994
500000000499999993
500000000499999992
500000000499999991
