999999990 1
999999991 1
1 999999991
1 999999992
999999992 1
999999993 1
1 999999993
1 999999994
999999994 1
999999995 1
1 999999995
1 999999996
999999996 1
999999997 1
1 999999997
1 999999998
999999998 1
999999999 1
1 999999999
1 1000000000
1000000000 1
1000000001 1
1 1000000001
1 1000000002
1000000002 1
1000000003 1
1 1000000003
1 1000000004
1000000004 1
1000000005 1
1 1000000005
1 1000000006
1000000006 1
1000000007 1
1 1000000007
1 1000000008
1000000008 1
1000000009 1
1 1000000009
1 1000000010
499999999500000000
499999999499999999
499999999499999998
499999998500000003
499999998500000002
499999999500000001
499999999500000002
499999999500000003
500000000499999999
500000000500000000
