410970019732361958
590155284045059587
896047783604568646
1036623496522518373
512899590738900674
291036355310886903
391809992 206698703
785408545 389697032
551384690 842932756
35957775 803229670
633320369105853869
986595080 421200100
768634467378304301
273346609 605285186
1565123384454969265
196514562416908204
372142604 176973548
1091410079 91675710
384888873 67573771
633240165 196010964
748875804400447183
523952248484982936
315056320328493015
663486551 574555328
1136853664968290082
385760075680565634
498951237 721028116
105677273047556395
941689464 161378642
637557280 614512038
305 439
623 114
192854
389 8
196930
487208
267 617
337250
36803
288579
762 25
6568
406 437
80284
696 127
330995
301239
255 565
51 320
83 140
226820
488 236
421 471
281 434
696 28
6451
219 254
322 239
403063
465885
574334534 476988371
582445746 280610925
297251516 288232346
885988780 115214360
175966685 1071858396
828739854 228019894
507894047 460172800
261374453 348936677
784773423 187971242
606866011 318696599
7791175 1068939940
882157888 30911371
75407900 777459112
1080951037 315456877
39778820 776991564
368120626 716543178
1189972627 38196650
438804097 401102415
360641627 727207449
390182623 658852698
590660979 724064520
617319471 663331816
903941570 190860479
624186051 564998049
1171787209 94207454
952294897 355621370
571306766 28590077
1047048678 233389252
889344427 370383917
392696716 919999396
469016810 213985961
918802297 358249243
848658236 272286372
262988624 430176595
1165823887 175935782
283026250 814696077
55392426 886805166
118332279 486680682
738695142 22209237
348809875 158557870
