35
camp.vector.array.friend.bacghqt.wuwr.debug.posn.struct.test
recursion..test..dlltizb.friend.crjutls.code.yjch.time.judge
case..set..code..struct..vector.time.teacher.output.olympiad
computer..limit..recursion.student.output.answer.compile.hxr
school.school.sort.stack.loop.string.struct.bug.time.compile
teacher..posn..string..friend.test.foaxxiq.wrong.input.wrong
queue..struct..accepted..night..camp.zjhbhs.loop.code.friend
stack..teacher..accepted..bug..friend..function..limit.judge
accepted..vector.test.hshacwubh.k.ivpg.student.vector.memory
array..case.compile.olympiad.array.kzdhggroenfi.code.teacher
racyhfnppgm.struct.time.compile.teacher.answer.pair.olympiad
friend.bbspqq.wrong.ctc.vector.student.night.nv.accepted.map
output..limit..jokycaotsdc..wrong..case.vector.struct.friend
coffee.accepted.jvdeiddxr.pair.test.map.map.olympiad.ibakyeu
struct..teacher..teacher..we..judge..queue.computer.computer
recursion..array..teacher..memory..queue.vector.pointer.camp
test.memory.vector.array.computer.sort.compile.sort.function
set.set.wrong.friend.camp.fsibd.case.output.wrong.gibwnaqzrv
function..code..test..string.input.memory.pair.function.time
pointer..input..posn..recursion..school..output..debug.wrong
struct..pair..coffee..vector..sort..queue..ptyc.student.time
vector..ayydynhfzwqo.doez.accepted.night.debug.wrong.teacher
struct..run..vector..set..accepted.vector.code.vector.output
loop..mwew.memory.friend.olympiad.memory.school.camp.student
posn..input.memory.friend.sort.set.camp.limit.compile.coffee
limit..camp..eofbimk..output..time.memory.loop.friend.hucyub
vector..camp..vector..dsgowiylftt..string.struct.array.input
time..function..uhdwyjvtzdzs.case.judge.kanpdnluowe.accepted
set..friend..compile..school..vector.loop.debug.compile.time
answer..pointer..case..test..night..set.accepted.loop.memory
vector..answer..camp.mwhj.judge.accepted.teacher.compile.map
function..friend..pointer..run..school..accepted..array.pair
pointer..friend..b..stack..answer..s..run.pointer.map.run.mp
vbeezsjchdr...night...coffee..accepted..debug..school..input
olympiad.array
