246
recursion
map.struct
teacher..n
night
computer
pair
compile
izzu
function
friend
queue
queue..zjt
student
debug
wmiqr.loop
bug..night
loop
student
camp...set
pointer
debug
pointer
bug.answer
run...test
array.test
answer
limit
teacher.ki
limit.posn
friend
olympiad
judge
answer
olympiad
teacher
owpda
night
struct
posn..loop
string
string
queue.pair
set....run
vector
queue
night
stack..set
memory
wrong.posn
input
school
answer
debug.case
friend
output
vector
sort
memory
wzmmvzue
computer
kdodqoaxen
queue
ktwmu
vrmkuw
answer
computer
vector
pair..loop
array
array
input
computer
olympiad
judge
vector
student
pointer
loop..time
vector
school
uioivazo
friend
debug
school.bug
compile
function
run
slsjwja
limit
student
olympiad
answer
pair..sort
case
function
stack
computer
debug
xecjkx
function
lqqifipzj
test
compile
queue.sort
limit
teacher
limit
dolvxvism
judge.patr
coffee
code
compile
input
string...j
string
emolvxwrn
queue
array
coffee.set
goohld
judge.case
gdocv
night
olympiad
vector
student
teacher
recursion
sort.queue
night..eri
string
camp
zzhska
olympiad
qdxcpoy
school
htbxzvqjo
camp
mnvdpwoc
output
code
usrwkmtqjo
bug.....uu
teacher
recursion
sort
compile
array
output
judge..run
cn..zerbsr
string.bug
olympiad
night
array
recursion
run..array
teacher
set....bug
coffee
teacher
afiwy.test
pointer
student
code.....c
recursion
compile
judge
output
student
olympiad
coffee..io
answer
memory
wrong
djvvspq
computer
night.jgye
pair..posn
bug...time
sort..case
n.ks.limit
memory
limit
fztowl..hn
accepted
xkhky
wrong
accepted
case.queue
queue
pointer
code
answer
student
debug
student
coffee
output
code.input
school
cjoobbljc
loop.wrong
school
computer
student
output
wrong
olympiad
test..loop
pointer
oqqtfllj
test
olympiad
test....rv
map..night
test...lju
limit...jr
test
accepted
qlaljfg
answer
stack.pair
array
friend
accepted
ytetme
coffee
struct
computer
vector
coffee
debug
vector.run
function
student
compile
time
memory
function
stack
olympiad
judge
array
accepted
pair
