69
ioq...cholanb
judge....loop
camp....array
test....stack
weywpota.camp
queue...night
string.vector
olympiad
coffee.string
answer...camp
student.queue
posn...vector
pointer..loop
judge
rqzqrampb
judge....camp
code....array
test...rkufyv
run.....stack
objgbzgbkjqmr
computer
function
olympiad.test
judge...limit
time..pointer
answer
accepted.loop
loop..pointer
output.vjjotw
debug
computer.case
bug..olympiad
mlqzxvfaetv
computer.yull
student...vol
code.accepted
output.vector
camp...answer
teacher
iwogtjwpgdeco
debug..output
code.....pair
struct
pointer.wrong
function
vector...camp
student
teacher....cj
run....memory
code...ucoovq
teacher
pointer.stack
olympiad
accepted
struct...sort
accepted.loop
teacher.input
loop...struct
school.coffee
night.student
c.ysiugysntua
friend..input
limit....code
struct....run
test...output
output...case
stack...wrong
output.string
vector
