48
test.answer.answer.case.friend.friend
olympiad....code....olympiad...memory
hcweagqolbt..coffee..answer.rnaaqxirj
wvnzfddqehgtqi..set.loop.limit.vector
sort..loop..computer..mrpbuaw..answer
test..array.computer.student.computer
set..student.pointer.output.seyw.code
student..time..friend.stack.loop.case
hcktytt.output.zophl.time.school.loop
pair..code..mwz..time.array.olyid.nor
memory..lr..zkmajnmycx..vector.struct
struct...ipecf...memory..code..vector
answer..function..stack..limit.coffee
test..bug..night.twgpkf.output.answer
vector...set...limit..student..friend
teacher.owgozjwczznv.input.queue.time
psmrqwnrbz..friend.loop.vvlf.computer
limit..test..bug..ih.accepted.student
judge..school..queue..camp..pair.loop
eljkozgqplpd.debug.input.dakudvzfxhqf
test.compile.limit.pointer.bug.coffee
debug..time..giyw..code.friend.output
string..answer..output..coffee.string
compile...input..school..kdh..pointer
queue..memory..student.pointer.friend
pointer..answer..pointer..debug..case
answer..mrqupnvpnwopfc..sort.set.pair
compile...answer...string..set..judge
computer...debug..bug..uyhjboilcodyzh
school....coffee...struct...recursion
olympiad.friend.friend.pair.set.wrong
array...znbiuewehewkh..limit..student
memory..code..loop..set..judge.answer
posn..loop..compile..case..friend.bug
answer..pair..student..pzkvybbduzoadf
posn...bug..stack..input..set..iclvuf
jxwyhnucwda..code..qvoa..dnwepc..loop
array..jemyye.queue.atufolxgux.memory
debug..loop..stack.school.case.output
vector..loop..night..night.camp.input
night..limit..olympiad..vector.string
night...alkemsnlrvfypyc..ai..olympiad
limit..wrong..bug..loop.friend.set.qg
queue..limit.code.bug.vector.nd.night
xvxfdawewaf.case.map.stack.set.string
camp..bug..code..student.answer.judge
sflfiydsvxdhxq..ahbplmefbrzwxu.output
output.code
