1
1.1.1.1.1.1.1.1.1.1.1.1.1.1.1.
..............................
1.1.1.1.1.1.1.1.1.1.1.1.1.1.1.
..............................
1.1.1.1.1.1.1.1.1.1.1.1.1.1.1.
..............................
1.1.1.1.1.1.1.1.1.1.1.1.1.1.1.
..............................
1.1.1.1.1.1.1.1.1.1.1.1.1.1.1.
..............................
1.1.1.1.1.1.1.1.1.1.1.1.1.1.1.
..............................
1.1.1.1.1.1.1.1.1.1.1.1.1.1.1.
..............x...............
1.1.1.1.1.1.1xxx1.1.1.1.1.1.1.
..............x...............
1.1.1.1.1.1.1.1.1.1.1.1.1.1.1.
..............................
1.1.1.1.1.1.1.1.1.1.1.1.1.1.1.
..............................
1.1.1.1.1.1.1.1.1.1.1.1.1.1.1.
..............................
1.1.1.1.1.1.1.1.1.1.1.1.1.1.1.
..............................
1.1.1.1.1.1.1.1.1.1.1.1.1.1.1.
..............................
1.1.1.1.1.1.1.1.1.1.1.1.1.1.1.
..............................
1.1.1.1.1.1.1.1.1.1.1.1.1.1.1.
..............................
