8
7...x...x9......#............5
..#.x...x....32...6.6.......#.
..#xxxxxxxxx.#..........#.....
9#..x...x........7...#....#...
....x.#2##...............##...
....x.#...#.#.......8.#8.....1
.5.#x....6............#.7.....
1#xxxxxxxxxxxx........#......9
.1..x................#..#.....
....x.........8.......6.##.#..
....x....6.........#.3...1...#
....x..#..#....#...2.##.......
#xxxxxxxxxxxxxx.......2...#..#
....x.#x..#.................#.
4...x..x..x....#...2..........
..3.xxxxxxxx#......8....#.#1..
xxxxxxxxxxxxxxx#....9...#5...4
.1...9.x#.x..............3.#..
#......x..x................2#.
......#x..x.#.......#.........
....#..x#.#.#.................
.5##...x.............3...3....
5......x................3..#.#
.6...1.x........7......#.1...6
......5x#....3.5..##.#.....4..
8......x.##........##..#.#..9.
..............9.....#.....3...
..#.#2...#...#.#....2....##.#.
.8....#.3..5......#........57.
..........#.2.....74..........
