3
..............................
.....#......................#.
...........4....4.....#.#.....
..................#.........#.
.........8...............#....
............#.................
........#....8.#...1..........
#................#.......#....
...........##.................
.............35...............
..............................
................#.............
..............................
.............#................
........#....9................
...#.....#......#..7..........
.......8#...................#.
.......#......................
..#.................4.........
...6..#.#.....................
...........##.................
..............................
................1.............
.......x.#........#....#2.#..8
.3.....x.....x....6...........
.......x#...xxx.4...#........3
.#.....x.....x....4...........
.......x.....x......#.........
..#....x.....x......4.........
6xxxxxxxxxxxxxxxxx..........#.
