12
xxxx##....2###..13......2..#.#
xxxxx2.#.....#32.#............
#xx####32.##.#..1..1#....##...
.xx#xxx#.#..3....#1#.#3#....#.
#xxxx#x....3.....#..#..3.#...#
#xxxxxxx.#.3##...#....2#...#1#
1xx#xxx#..#.#........3.3.#....
2#x.x3x..2.2..#..21#1..#3.#.#.
.1#2..x..#.#.2#...#.2.3##.....
#...#..#.2.2.##............#..
2.#.##..31...##....#..#.1.....
21.#.3#2.3.....#......##.1....
3#2...2.2.................#.#2
..#..1......2..#3#3#..2..##...
...2#.2.#....##...1..3.....1..
#...#..2.#.3......#....23.....
.#........###2##...#..1.....#1
1....1......1##....1#.#.3.....
2..#.3...3...#2.1.####.1.#3#..
.........2..3...13#..###...##.
2..#1.32#.#......#.1...#.#.#3.
..1...#......#..1...#..#2##.#.
#23...1..2..##.3...#.#13.211.1
..##....###3.....3....#......#
.....#.#..#.........#....#....
.....#.1.1....2#.1....#......1
....#...#..#3#...##.....1.....
#....#.2.3##.....12........2.#
.#....##.....#.#.3.....#...#..
#........#......2..#1.3...2..3
