8
1...2................4...
..4..2................1..
.........................
..3..3.......1.........1.
..................3......
.......1.................
.............42...2......
...2x..x.....1...........
...xxx.x...2...1.........
xxx.x..x........3......4.
xxx.x..x......44......2..
xxxxxxxxxxxx.....2.......
xxxxx22x........1...4.2..
xxxxxxxxx.3..............
xx..x..x....1............
xx..x..x1................
.x..x....1............1.3
.x..x......44....4.......
.2...3..4....3.........4.
........12.......4.......
