32
..#.1..#2..###2.2.1.2###.1.###
#.2.#....2##2..#.##..#2#.2.22.
#11...11#.#22...#11.1##..#2.##
.11..#2#1#...##.1.##.#2##.#21.
#..211..#..##.#.#111.1.1#.##1.
#11..1.2.#..1..#1112..#..#.#21
...1.2...2.#1#1x#1#.21####2...
#...##1x.#2xxx#xx1#21##1.21##2
#.2.#1#x#x#xxxxxxxx.#1.211...#
##.#.#xxxx#xxxx#x.1..#.#1#.#..
#...#.2#xxxxx#####12###.12..##
2...1.1.#xxxxxxxx#2.1#2..##2.#
#2#..11#2x#xxxxxx#1...21##.2.#
2#.#1.#xxxxxxx#x11.121###1#1..
..#212#xxxxxxx121..##2..12.122
2#.1.1##xx#x#x.2#1#22#22..2..#
...##.11.##..221#1#1#212..#1..
..#.###22.11...11#..#.#1.1#.#.
..#.#12#..121##2..#.2#12#.#.#.
..#..#.22#1...##.2.##.2.2#....
2####2#1...2#2###.##1#...2#.#2
1..2.22.#1.11...#...##.###...#
...1.2#..112..###..#.2##.##1##
.#2##1.##...###2#122#...111##.
.1.....11##1#.#.#1#....#1##1.2
#.###1..#1.22...2#.1.12#.11#12
.#1#..2.#22.##.##11#2#22.##.##
1211.12..#..1.2.1.221#.1#..#.#
#.#.#.....1#1.....2122#.##..##
.#112.2####..2##2#....#.#1.#..
