13
..............................
..............................
..............................
..............................
..............................
..............x...............
.............xxx..............
..............x...............
..............x...............
..............x...............
.............xxx..............
..............x...............
..............x...............
......x...x..xxx..x...x.......
.....xxxxxxxxxxxxxxxxxxx2..1..
......x...x..xxx..x...x.......
..............x.........#.....
..............x...............
.............xxx..............
..............x...............
..............x...............
..............x...............
.............xxx..............
..............x...............
..............................
..............................
..............................
..............................
..............................
..............................
