สามพันสี่สิบล้านสองหมื่นสี่ร้อยแปดสิบเอ็ด
สามแสนสามร้อย
เจ็ดแสนล้านเจ็ดร้อยหก
ห้าร้อยล้านหกพันแปดสิบ
สามแสนหกหมื่นหนึ่งร้อยแปด
ห้าแสนเจ็ดพันล้านเก้าแสนเอ็ด
แปดแสนห้าร้อยสี่
เจ็ดร้อยเจ็ดสิบห้าล้านสองแสนหนึ่งพันห้า
สี่พันยี่สิบล้านหกหมื่นสองพันสามร้อยสามสิบ
สามล้านสองหมื่นสองร้อย
เก้าหมื่นสองร้อยหกสิบล้านแปดพันหกร้อยเอ็ด
เก้าแสนสี่พันสองร้อยสิบสาม
เก้าแสนแปดหมื่นสามพันยี่สิบห้าล้านหกร้อยสี่
สี่สิบล้านหนึ่งแสนสามร้อยห้าสิบเอ็ด
สี่สิบเก้าล้านหนึ่งหมื่นสี่สิบเอ็ด
หนึ่งล้านเก้าพันสี่ร้อย
สี่พันสี่ร้อยล้านสี่สิบ
สามแสนเก้าหมื่นสี่พันเก้าสิบแปดล้านหนึ่งแสนห้าพันห้าร้อยหกสิบ
แปดแสนห้าหมื่นหนึ่งพันเจ็ดร้อยห้าล้านหนึ่งหมื่นสิบเอ็ด
หกแสนสี่หมื่นหกร้อย
