สองแสนหนึ่งหมื่นสี่พันแปดร้อยเจ็ดสิบสามล้านหนึ่งหมื่นเก้าพันหนึ่งร้อยเก้าสิบ
สามแสนห้าพันห้าร้อยเจ็ดสิบห้าล้านแปดแสนแปดหมื่นห้าร้อยเก้าสิบ
ห้าหมื่นสามพันสี่ร้อยหกสิบแปดล้านเจ็ดแสนสี่หมื่นแปดพันสี่ร้อยยี่สิบเจ็ด
สามแสนแปดหมื่นห้าพันหนึ่งร้อยแปดสิบห้าล้านเจ็ดแสนแปดหมื่นห้าพันหกร้อยหกสิบสอง
เก้าแสนแปดหมื่นหนึ่งพันหกร้อยสี่สิบสามล้านสองแสนหกหมื่นสามพันหนึ่งร้อยเจ็ดสิบเก้า
แปดแสนสองหมื่นสองพันแปดสิบสามล้านสี่แสนเจ็ดหมื่นห้าร้อยยี่สิบสอง
แปดแสนหกหมื่นหนึ่งพันสามร้อยยี่สิบเก้าล้านหกแสนหนึ่งหมื่นเจ็ดพันเจ็ดร้อยสามสิบห้า
สองแสนสองพันหกร้อยสี่สิบแปดล้านเจ็ดแสนสองร้อยยี่สิบเจ็ด
เก้าแสนสามหมื่นเจ็ดร้อยแปดสิบสามล้านหนึ่งแสนสองหมื่นสามพันแปดร้อยเจ็ดสิบเอ็ด
สองแสนสองหมื่นสี่พันเจ็ดร้อยเจ็ดล้านหนึ่งแสนเก้าหมื่นหกพันสามร้อยหกสิบหก
หกแสนสองหมื่นหนึ่งพันแปดร้อยหกสิบห้าล้านสามแสนห้าหมื่นเจ็ดพันสามร้อยหกสิบเจ็ด
แปดแสนสองหมื่นเก้าร้อยหกล้านหนึ่งแสนหนึ่งหมื่นห้าพันสี่ร้อยยี่สิบหก
หนึ่งแสนหกหมื่นหนึ่งพันแปดร้อยแปดสิบล้านสามแสนเจ็ดหมื่นเก้าพันห้าร้อยสิบสี่
สองแสนหนึ่งพันห้าล้านห้าแสนแปดหมื่นสี่พันยี่สิบสาม
เจ็ดแสนสองหมื่นเก้าร้อยเอ็ดล้านห้าแสนสามหมื่นเจ็ดพันสามร้อยหกสิบสาม
หนึ่งแสนสี่หมื่นหกพันหนึ่งร้อยเจ็ดสิบเจ็ดล้านสองแสนสี่หมื่นเจ็ดร้อยสี่
หนึ่งแสนสามหมื่นหนึ่งพันสี่ร้อยยี่สิบห้าล้านสองแสนสองหมื่นหกพันสามร้อยสี่สิบเจ็ด
แปดแสนสามหมื่นสองพันแปดร้อยเจ็ดสิบสองล้านห้าแสนแปดหมื่นหกพันสามร้อยยี่สิบเอ็ด
แปดแสนเจ็ดหมื่นหนึ่งพันเก้าร้อยสามสิบหกล้านหนึ่งแสนห้าหมื่นหนึ่งพันหกร้อยห้าสิบเจ็ด
หนึ่งแสนห้าหมื่นสองพันสิบแปดล้านสามแสนห้าหมื่นสองพันแปดร้อยสามสิบเก้า
