25 CLOSED
4 CLOSED
29 CLOSED
6 CLOSED
51 CLOSED
8 CLOSED
14 CLOSED
60 CLOSED
34 CLOSED
10 CLOSED
11 CLOSED
55 CLOSED
10 CLOSED
30 CLOSED
1 CLOSED
0 CLOSED
35 CLOSED
10 CLOSED
14 CLOSED
42 CLOSED
7 CLOSED
4 CLOSED
5 CLOSED
18 CLOSED
37 CLOSED
1 CLOSED
9 CLOSED
17 CLOSED
7 CLOSED
33 CLOSED
23 CLOSED
45 CLOSED
51 CLOSED
17 CLOSED
22 CLOSED
4 CLOSED
20 CLOSED
13 CLOSED
10 CLOSED
31 CLOSED
3 CLOSED
49 CLOSED
8 CLOSED
2 CLOSED
37 CLOSED
28 CLOSED
28 CLOSED
14 CLOSED
20 CLOSED
44 CLOSED
39 CLOSED
40 CLOSED
7 CLOSED
26 CLOSED
43 CLOSED
19 CLOSED
5 CLOSED
15 CLOSED
58 CLOSED
36 CLOSED
65 CLOSED
30 CLOSED
34 CLOSED
5 CLOSED
47 CLOSED
44 CLOSED
56 CLOSED
28 CLOSED
22 CLOSED
5 CLOSED
10 CLOSED
25 CLOSED
15 CLOSED
10 CLOSED
22 CLOSED
1 CLOSED
8 CLOSED
10 CLOSED
15 CLOSED
4 CLOSED
9 CLOSED
22 CLOSED
8 CLOSED
20 CLOSED
22 CLOSED
24 CLOSED
11 CLOSED
40 OPEN
27 CLOSED
30 CLOSED
7 CLOSED
6 CLOSED
31 CLOSED
28 CLOSED
22 CLOSED
2 CLOSED
14 CLOSED
25 CLOSED
2 CLOSED
45 CLOSED
