14 CLOSED
10 CLOSED
36 CLOSED
21 CLOSED
33 CLOSED
47 CLOSED
6 CLOSED
31 CLOSED
48 CLOSED
26 CLOSED
41 CLOSED
3 CLOSED
16 CLOSED
30 CLOSED
57 CLOSED
14 CLOSED
3 CLOSED
12 CLOSED
8 CLOSED
48 CLOSED
35 CLOSED
31 OPEN
12 CLOSED
25 CLOSED
75 CLOSED
17 CLOSED
17 CLOSED
5 CLOSED
16 CLOSED
59 CLOSED
47 CLOSED
57 CLOSED
71 CLOSED
47 CLOSED
28 CLOSED
25 CLOSED
52 CLOSED
31 CLOSED
9 CLOSED
35 CLOSED
10 CLOSED
18 CLOSED
21 CLOSED
59 CLOSED
1 CLOSED
7 CLOSED
63 CLOSED
53 CLOSED
53 CLOSED
66 CLOSED
1 OPEN
1 OPEN
1 OPEN
1 OPEN
1 OPEN
1 OPEN
1 OPEN
1 OPEN
1 OPEN
1 OPEN
1 OPEN
1 OPEN
1 OPEN
1 OPEN
1 OPEN
1 OPEN
1 OPEN
1 OPEN
1 OPEN
1 OPEN
1 OPEN
1 OPEN
1 OPEN
1 OPEN
1 OPEN
1 OPEN
1 OPEN
1 OPEN
1 OPEN
1 OPEN
1 OPEN
1 OPEN
1 OPEN
1 OPEN
1 OPEN
1 OPEN
1 OPEN
1 OPEN
1 OPEN
1 OPEN
1 OPEN
1 OPEN
1 OPEN
1 OPEN
1 OPEN
1 OPEN
1 OPEN
1 OPEN
1 OPEN
1 OPEN
