1 OPEN
1 CLOSED
1 OPEN
1 CLOSED
1 OPEN
1 CLOSED
1 OPEN
1 CLOSED
1 OPEN
1 CLOSED
1 OPEN
1 CLOSED
1 OPEN
1 CLOSED
1 OPEN
1 CLOSED
1 OPEN
1 CLOSED
1 OPEN
1 CLOSED
1 OPEN
1 CLOSED
1 OPEN
1 CLOSED
1 OPEN
1 CLOSED
1 OPEN
1 CLOSED
1 OPEN
1 CLOSED
1 OPEN
1 CLOSED
1 OPEN
1 CLOSED
1 OPEN
1 CLOSED
1 OPEN
1 CLOSED
1 OPEN
1 CLOSED
1 OPEN
1 CLOSED
1 OPEN
1 CLOSED
1 OPEN
1 CLOSED
1 OPEN
1 CLOSED
1 OPEN
1 CLOSED
1 OPEN
1 CLOSED
1 OPEN
1 CLOSED
1 OPEN
1 CLOSED
1 OPEN
1 CLOSED
1 OPEN
1 CLOSED
1 OPEN
1 CLOSED
1 OPEN
1 CLOSED
1 OPEN
1 CLOSED
1 OPEN
1 CLOSED
1 OPEN
1 CLOSED
1 OPEN
1 CLOSED
1 OPEN
1 CLOSED
1 OPEN
1 CLOSED
1 OPEN
1 CLOSED
1 OPEN
1 CLOSED
1 OPEN
1 CLOSED
1 OPEN
1 CLOSED
1 OPEN
1 CLOSED
1 OPEN
1 CLOSED
1 OPEN
1 CLOSED
1 OPEN
1 CLOSED
1 OPEN
1 CLOSED
1 OPEN
1 CLOSED
1 OPEN
1 CLOSED
1 OPEN
1 CLOSED
