102216171 CLOSED
173290331 CLOSED
82506856 CLOSED
53774250 CLOSED
106818591 CLOSED
154227161 CLOSED
408880156 CLOSED
610025566 CLOSED
307050523 CLOSED
524384657 CLOSED
629457401 CLOSED
738236791 CLOSED
20469750 CLOSED
230606203 CLOSED
421075705 CLOSED
29618081 CLOSED
25827687 CLOSED
365127001 CLOSED
286348142 CLOSED
570074956 CLOSED
203096477 CLOSED
281382215 CLOSED
90578410 CLOSED
507636957 CLOSED
10197108 CLOSED
704212782 CLOSED
153866102 CLOSED
506919341 CLOSED
223550149 CLOSED
31483565 CLOSED
472259743 CLOSED
161051569 CLOSED
230284908 CLOSED
246825867 CLOSED
548599451 CLOSED
77864823 CLOSED
334118464 CLOSED
348049698 CLOSED
124834734 CLOSED
500747953 CLOSED
38368368 CLOSED
570061894 CLOSED
204271138 CLOSED
852534446 CLOSED
240426492 CLOSED
694748 CLOSED
319640985 CLOSED
649243973 CLOSED
488836019 CLOSED
226769382 CLOSED
362315998 CLOSED
239122602 CLOSED
205810180 CLOSED
331707986 CLOSED
111335902 CLOSED
220264861 CLOSED
190504192 CLOSED
284085011 CLOSED
240848868 CLOSED
261114814 CLOSED
758476435 CLOSED
252160506 CLOSED
416217522 CLOSED
457252477 CLOSED
9281552 CLOSED
196839396 CLOSED
85970287 CLOSED
15296889 CLOSED
105590759 CLOSED
775290272 CLOSED
380781648 CLOSED
148867063 CLOSED
173927654 CLOSED
625896383 CLOSED
151261161 CLOSED
39473584 CLOSED
23903486 CLOSED
205246481 CLOSED
667185666 CLOSED
88796101 CLOSED
127769548 CLOSED
84908696 CLOSED
812096662 CLOSED
85110884 CLOSED
268101298 CLOSED
556576446 CLOSED
330962665 CLOSED
462682185 CLOSED
443382638 CLOSED
473689909 CLOSED
355632846 CLOSED
122572663 CLOSED
622059720 CLOSED
499674072 CLOSED
473994627 CLOSED
240646781 CLOSED
416112329 CLOSED
178976765 CLOSED
582077549 CLOSED
233276513 CLOSED
