999999383 CLOSED
999999219 CLOSED
999999401 CLOSED
999998953 CLOSED
999999377 CLOSED
999999012 CLOSED
999999595 CLOSED
999999714 CLOSED
999999304 CLOSED
999999076 CLOSED
999999137 CLOSED
999999212 CLOSED
999999427 CLOSED
999999237 CLOSED
999999588 CLOSED
999998964 CLOSED
999999488 CLOSED
999999074 CLOSED
999999101 CLOSED
999999710 CLOSED
999998962 CLOSED
999999145 CLOSED
999999685 CLOSED
999998990 CLOSED
999999631 CLOSED
999999529 CLOSED
999999002 CLOSED
999999246 CLOSED
999998993 CLOSED
999999798 CLOSED
999999129 CLOSED
999999079 CLOSED
999999005 CLOSED
999999463 CLOSED
999999392 CLOSED
999999172 CLOSED
999999372 CLOSED
999999234 CLOSED
999999443 CLOSED
999999035 CLOSED
999999332 CLOSED
999999587 CLOSED
999999730 CLOSED
999999267 CLOSED
999999312 CLOSED
999998979 CLOSED
999999097 CLOSED
999999264 CLOSED
999999059 CLOSED
999999590 CLOSED
999999727 CLOSED
999999355 CLOSED
999999020 CLOSED
999999494 CLOSED
999999512 CLOSED
999999274 CLOSED
999999754 CLOSED
999999018 CLOSED
999999076 CLOSED
999999539 CLOSED
999999098 CLOSED
999999046 CLOSED
999999079 CLOSED
999998989 CLOSED
999999371 CLOSED
999999082 CLOSED
999999054 CLOSED
999999345 CLOSED
999999175 CLOSED
999999067 CLOSED
999999280 CLOSED
999999313 CLOSED
999999171 CLOSED
999999621 CLOSED
999999521 CLOSED
999999638 CLOSED
999999924 CLOSED
999999045 CLOSED
999999229 CLOSED
999999061 CLOSED
999999055 CLOSED
999999030 CLOSED
999999431 CLOSED
999999077 CLOSED
999999877 CLOSED
999999481 CLOSED
999999007 CLOSED
999999335 CLOSED
999999373 CLOSED
999999266 CLOSED
999999038 CLOSED
999999217 CLOSED
999999029 CLOSED
999999309 CLOSED
999999541 CLOSED
999999500 CLOSED
999999757 CLOSED
999999059 CLOSED
999999119 CLOSED
999999146 CLOSED
