131488076 CLOSED
198558047 CLOSED
3019925 CLOSED
36773732 CLOSED
17901074 CLOSED
358338146 CLOSED
52492449 CLOSED
308529185 CLOSED
162917692 CLOSED
77289270 CLOSED
241180033 CLOSED
241994840 CLOSED
186560366 CLOSED
257947963 CLOSED
280561104 CLOSED
60713966 CLOSED
211709944 CLOSED
35152094 CLOSED
14450288 CLOSED
69916508 CLOSED
142553043 CLOSED
56991374 CLOSED
273876957 CLOSED
26034113 CLOSED
124364216 CLOSED
139435362 CLOSED
249315187 CLOSED
49871027 CLOSED
152982452 CLOSED
80342595 CLOSED
218501627 CLOSED
104253958 CLOSED
32801966 CLOSED
259537315 CLOSED
501044777 CLOSED
385720438 CLOSED
96780196 CLOSED
16764290 CLOSED
19931957 CLOSED
264871221 CLOSED
85670 CLOSED
107003730 CLOSED
283339112 CLOSED
235379612 CLOSED
101159079 CLOSED
131958367 CLOSED
6146917 CLOSED
122527629 CLOSED
39400701 CLOSED
108667130 CLOSED
39723482 CLOSED
14248535 CLOSED
26712779 CLOSED
363754171 CLOSED
261575023 CLOSED
112297239 CLOSED
59167779 CLOSED
387599898 CLOSED
297509867 CLOSED
420286526 CLOSED
127153140 CLOSED
187248408 CLOSED
17897533 CLOSED
94150021 CLOSED
236322078 CLOSED
241690523 CLOSED
20631196 CLOSED
27968986 CLOSED
346247317 CLOSED
486898382 CLOSED
255556826 CLOSED
219805796 CLOSED
50112835 CLOSED
158147893 CLOSED
54094467 CLOSED
213364007 CLOSED
154526451 CLOSED
45818960 CLOSED
336391650 CLOSED
5663994 CLOSED
91626100 CLOSED
221862392 CLOSED
202551922 CLOSED
338785925 CLOSED
411900987 CLOSED
147825187 CLOSED
155033413 CLOSED
356591210 CLOSED
78350077 CLOSED
285740573 CLOSED
314403116 CLOSED
185723635 CLOSED
327096308 CLOSED
237206134 CLOSED
230875545 CLOSED
235832390 CLOSED
53192413 CLOSED
256863880 CLOSED
176603454 CLOSED
52350540 CLOSED
