7 OPEN
7 OPEN
7 OPEN
7 OPEN
7 OPEN
7 OPEN
7 OPEN
7 OPEN
7 OPEN
7 OPEN
7 OPEN
7 OPEN
7 OPEN
7 OPEN
7 OPEN
7 OPEN
7 OPEN
7 OPEN
7 OPEN
7 OPEN
7 OPEN
7 OPEN
7 OPEN
7 OPEN
7 OPEN
7 OPEN
7 OPEN
7 OPEN
7 OPEN
7 OPEN
7 OPEN
7 OPEN
7 OPEN
7 OPEN
7 OPEN
7 OPEN
7 OPEN
7 OPEN
7 OPEN
7 OPEN
7 OPEN
7 OPEN
7 OPEN
7 OPEN
7 OPEN
7 OPEN
7 OPEN
7 OPEN
7 OPEN
7 OPEN
3 CLOSED
3 CLOSED
3 CLOSED
3 CLOSED
3 CLOSED
3 CLOSED
3 CLOSED
3 CLOSED
3 CLOSED
3 CLOSED
3 CLOSED
3 CLOSED
3 CLOSED
3 CLOSED
3 CLOSED
3 CLOSED
3 CLOSED
3 CLOSED
3 CLOSED
3 CLOSED
3 CLOSED
3 CLOSED
3 CLOSED
3 CLOSED
3 CLOSED
3 CLOSED
3 CLOSED
3 CLOSED
3 CLOSED
3 CLOSED
3 CLOSED
3 CLOSED
3 CLOSED
3 CLOSED
3 CLOSED
3 CLOSED
3 CLOSED
3 CLOSED
3 CLOSED
3 CLOSED
3 CLOSED
3 CLOSED
3 CLOSED
3 CLOSED
3 CLOSED
3 CLOSED
3 CLOSED
3 CLOSED
3 CLOSED
3 CLOSED
