22552 CLOSED
126651 CLOSED
176797 CLOSED
18211 CLOSED
201543 CLOSED
347811 CLOSED
131084 CLOSED
21370 CLOSED
124108 CLOSED
159005 CLOSED
252591 CLOSED
52313 CLOSED
5451 CLOSED
159377 CLOSED
450986 CLOSED
311111 CLOSED
474849 CLOSED
73200 CLOSED
120122 CLOSED
769274 CLOSED
333641 CLOSED
579413 CLOSED
743771 CLOSED
54185 CLOSED
33663 CLOSED
236191 CLOSED
139757 CLOSED
206343 CLOSED
363950 CLOSED
165187 CLOSED
156651 CLOSED
356113 CLOSED
364955 CLOSED
626147 CLOSED
11744 CLOSED
50536 CLOSED
141790 CLOSED
421272 CLOSED
321241 CLOSED
180938 CLOSED
671950 CLOSED
203806 CLOSED
516110 CLOSED
155821 CLOSED
145622 CLOSED
120050 CLOSED
189104 CLOSED
325053 CLOSED
49945 CLOSED
238973 CLOSED
1000000 OPEN
1 OPEN
