jzjqvsmx 70
y 70
isnobva 67
lp 67
xspljwc 67
dqmx 65
dlkhgc 63
f 63
ushprp 63
ikidmoc 62
glptlzmm 60
kqlmpdsof 60
uirsxkyq 60
vnh 59
ealasvnpz 57
oijzvthz 57
zfarz 57
dwix 56
jpedcx 56
qpvcpowwlx 56
xbvsbczcwtslvx 56
bcuhviqno 55
gtafkcpseok 55
ly 55
smonbcrdey 55
umvqqcntpgqgxy 55
dzxdhvera 54
eqyhtrjve 54
idrtjuui 54
jukmkberpj 54
tnxkppfdrkl 54
bhswjwsae 53
jyttzuzhfle 53
noxmfmdokz 53
u 53
zrdidwmqmhjdkz 53
dcew 52
gzqinoayyexcjy 52
kttnuccwtkzwun 52
mbzdjzuiizhlzpy 52
oxpbio 52
wzcahtsccyhcc 52
bvmgnocptjjlwr 51
fsqptu 51
hsoejz 51
ngkaj 51
ouwr 51
zrpwdmxekmljwd 51
binynqorhafw 50
frqehja 50
gziynxvzoqvw 50
hdbrltuxvob 50
kcmwuqrsi 50
rlpjzuech 50
ucnhliokjmj 50
dbakstbrcqc 49
g 49
jknoviufpcdplpv 49
urpfin 49
vrce 49
yaxjrdz 49
zieywfzzrdb 49
astjof 48
dixiqkhbnsifs 48
nkqvtkojouu 48
rtimdwqejq 48
taikvtatyljvv 48
vhnqzzudgf 48
dgezqfjnh 47
fya 47
orayeh 47
sccsylxgm 47
suauovdqmwdyo 47
ehcdg 46
pqe 46
vxlaf 46
yd 46
ysfpndxz 46
meefzdhuphi 45
z 45
zfnul 45
gahgzpjwv 44
hbrpf 44
ouzdvltvawxqbtm 44
tknydqpo 44
urzhfxsdeimzhk 44
zdk 44
fyk 43
nkrqdpwdvgf 43
xbwtwpnyruaq 43
zcgzxaavpdjzqip 43
jbsyamxyi 42
ryzshpalku 42
teaxcyi 42
za 42
awjcc 41
caocsj 41
eczffypmpk 41
gt 41
hpqukgeztn 41
ttmrnn 41
ebrwzynzl 40
hpiqghw 40
imkrzokmvm 40
ljjdlsetpfgqxuc 40
okawdpr 40
xj 40
zogfxjxjpm 40
jpiuakybemrwt 39
ljieyezux 39
n 39
sqgu 39
vbkdv 39
yzxrekcq 39
r 38
vhjaznceg 38
vwkm 38
bbhzd 37
cxlylb 37
fsnw 37
hvfrgv 37
mkaxse 37
quoqsfxojtagur 37
qyvbgtucpnzegjk 37
cyfjlbkupjgfyjg 36
gnjssoiuogxa 36
igajttcv 36
krpjnsiw 36
qmgkjkxuk 35
bxenrngnc 34
hsvgh 34
krpd 34
lgjzjplehqpxwyq 34
mmefrp 33
mnlrehaq 33
o 33
rzrkrunnpra 33
txzoiomqoyccx 33
dnfsybsrcn 32
quz 32
ruiur 32
vnytgjujnnkt 32
vozalhn 32
yhjiwvyllxuhsot 32
anqirzft 31
fqpqqitrhdyerl 31
qpveilbcbysfx 31
skgotptjyezlkuz 31
tzwllhxrnaqwz 31
wduzrpnqrvepsqj 31
bxqe 30
qicxeapfqqxip 30
rwpijremyecoi 30
usgctusbpih 30
kjm 29
lowiqmlirxtfita 29
nycxjnltqlgtt 29
qibdhxcutedsrv 29
xllqgrjwlnxqm 28
bdccklomdp 27
bznhwrnxehgslf 27
nbeyz 27
quxvvucsztpgnj 27
rk 27
saycvsmy 27
hjmapo 26
i 26
iznwdg 26
oqvwar 26
pi 26
ama 25
tmxnixtu 25
cpfzikzc 24
grdnowzxndjakv 24
imtnixethoqqti 24
mvpawjqt 24
shdtnyyxb 24
thwtgnasbqvmvm 24
uro 24
ywvpgaziijbbxx 24
pgbmfgdobxgzx 23
rkaqnkhvmt 23
ssw 23
tmqesebqg 23
tvtqjnwec 23
vbuswhx 23
ljdfuxmbw 22
sshtkrtehice 22
mh 21
naii 21
udfyhccizcm 21
e 20
jrwid 20
olkingigktnq 20
xqhuid 20
hxmqxoqf 19
lieykeljfa 19
lkfcox 19
mg 18
okfhufgzv 18
oukbkhfhqlayvl 18
bjknndfpfcwgjn 17
eeuwgj 17
msfyqyvtdtki 17
mwoyamuebdtzjy 17
myrbqjpd 17
rxjrdxgo 17
wp 17
bea 16
chedwodixpgflm 16
dsihpauhbqemj 16
ennyq 16
kopjhgefc 16
nmqgbcurqe 16
ocqkeen 16
zncd 16
acovusajklruv 15
bcnehnjcs 15
izwceenpt 15
juvpxcfwld 15
oiwsoeitgrsdnvt 15
ycdlwh 15
aewk 14
j 14
lt 14
nympcmdlby 14
oqwt 14
tchbzdxagnewkab 14
tdmtfrxvterwa 14
jjtmpzygd 13
pqejpzyldggxs 13
wdvwepv 13
bhaxwcrzokrz 12
mwziqrddrcadju 12
orsmmvayxm 12
pwjqfovynztzxpr 12
ubvrpwz 12
wou 12
fxays 11
pcjfngdvc 11
qyweujwtamy 11
h 10
k 10
myoywkilsnubnk 10
pxm 10
squqm 10
bdcylmtabm 9
gtbvhexpbkf 9
kvhuw 9
ocsxfwf 9
pcokrsl 9
zupxrjkks 9
kotoqmok 8
l 8
mhtoywvi 8
ngsflrpogbjtvz 8
ozdturmkjbshmd 8
tjctnzft 8
ungeklmpxkzca 8
wcwouklpoluy 8
d 7
sowynwaxoimrsu 7
vd 7
dzqlbjquedyawc 6
suquihp 6
fxxiei 5
zseamtghndrbr 5
doejqjxl 4
iluhwpyk 4
odbjia 4
ogtobtyylex 4
sslyvhx 4
xx 4
eolidznun 3
ffcfnk 3
geusyzj 3
grr 3
kromlpvjwk 3
qbwabcqzgfrm 3
sozcipsf 3
uurrdgbl 3
yekl 3
amxmhy 2
dmwssfbfwmmv 2
dqeqfzurlb 2
gqnabdxawfiujxu 2
xkjyjteir 2
yfa 2
cwpgp 1
jj 1
mikvlkj 1
nlrdydbnoz 1
wtlxxr 1
yudjhkydy 1
tie
novote 1012
