abbbaababbbb 29
aaaabbabbbb 28
aaababaaaa 28
bbbbbaaab 28
aa 27
aaababaab 27
bbaaaabaabaa 27
bbaaabbabbb 27
bbbaaaba 27
abbababbb 26
baaabaaaaaba 26
bbbabbbbab 26
aba 25
abbaaaaabbab 25
abbaaaaba 25
abbbabbbaa 25
babaabbbaba 25
babababbab 25
babbaabbb 25
bbbaabababb 25
abbaaab 24
abbaaabaaa 24
abbaababbb 24
abbbabbaab 24
bbaabab 24
bbaabbabba 24
bbabbbabbaa 24
aaaaabbab 23
aabab 23
aababbaabba 23
abaaaabaaa 23
abaabbbaa 23
abbaab 23
babaababa 23
babbaaaa 23
babbb 23
babbbabaa 23
bbbabbab 23
aaaaaabaaa 22
aaaabbbaaabb 22
aaababbbbba 22
aaabbbbb 22
aabbaaaa 22
aabbabba 22
aabbbaaaabb 22
abababa 22
baaaaaaaaaa 22
baabbbaabaab 22
babaababb 22
babbab 22
babbbabb 22
babbbbbababb 22
bbbbababbab 22
aaaabaaabbb 21
aaabaaaa 21
aaabbbbbab 21
aabaa 21
aababaaba 21
aababbaaaab 21
aabbaabbb 21
aabbabaabbb 21
aabbabbaabba 21
aabbbabbb 21
aabbbb 21
abaabbbbb 21
ababba 21
abbaaabbb 21
baaabaa 21
baaabba 21
baaabbba 21
baabababbb 21
babaabaaba 21
babaabbbaabb 21
babababb 21
babbababbabb 21
bbaaabbbba 21
bbabbaaaaab 21
bbabbbaaa 21
bbbababab 21
bbbababbbb 21
bbbabb 21
aaaaaaabbb 20
aaaabbaaaba 20
aababababa 20
ababaabba 20
abbaaaaaa 20
abbabbbaaaab 20
abbbaba 20
baaabbbaabbb 20
baaabbbbabaa 20
baababbb 20
baabbbbbabb 20
babaababbaa 20
bababbaa 20
bababbbbbb 20
babbbababb 20
bbaaaaaababb 20
bbaabbbaab 20
bbabaa 20
bbabbabbbbbb 20
bbbabbbba 20
aaaa 19
aaaaaaaba 19
aaaaaab 19
aaaababbab 19
aababaaaa 19
aabababbaa 19
aabbabaa 19
aabbabbaaaab 19
ababbb 19
abbabbbabaa 19
baaabaab 19
baababaa 19
bbaaaaaabaab 19
bbaaababbabb 19
bbaabaabaaba 19
bbaababaab 19
bbbaaaaa 19
bbbaaaaab 19
bbbbabbba 19
aaaaabb 18
aaaabaaba 18
aaaabbaba 18
aaaabbabba 18
aaabbbbbaa 18
aaabbbbbbbab 18
aababbab 18
aabbbabba 18
abaaaabbbba 18
abaaaabbbbba 18
abababaa 18
abababbabbba 18
abbbaabba 18
abbbabaa 18
baaaaaabaaba 18
baaaaab 18
baaaabababba 18
baaaabbaabaa 18
baaabaabab 18
baaabbbaa 18
baabbaabab 18
baabbaabba 18
baabbabba 18
baabbbaa 18
baabbbababaa 18
bab 18
babaaabab 18
babbaaabbaaa 18
babbbbaabaa 18
bbbaaaaba 18
bbbbbaabbaaa 18
aaaababaab 17
aaabaabaab 17
aaabbbba 17
aaabbbbab 17
aabaaaaaaaa 17
aabaaababb 17
aababaaa 17
aabbaaabb 17
abaaa 17
abaaaab 17
abababb 17
ababbbb 17
ababbbba 17
abbaaabb 17
abbaabababb 17
abbaabbb 17
abbabbabbba 17
abbabbbbb 17
abbbabaabbb 17
abbbabababab 17
baaaabaaaba 17
baaaabb 17
baaabbbbbab 17
baabaababb 17
baabaabba 17
baabaabbbaaa 17
babaabbb 17
bababbbb 17
babbaabba 17
babbaabbabb 17
babbbabbaabb 17
bbaaa 17
bbaaabbababb 17
bbaaba 17
bbaabaaabba 17
bbabaababb 17
bbabbbbaba 17
bbba 17
bbbbbbaa 17
aaaaaaabbba 16
aaaaabaaa 16
aaabaaaabb 16
aaabababaab 16
aabbaaaabbb 16
aabbba 16
aabbbaaabbb 16
aabbbaab 16
abaabaababa 16
ababababba 16
ababbaaaa 16
ababbabab 16
ababbba 16
ababbbbabb 16
abbaaaaa 16
abbaabaa 16
abbbab 16
abbbbbbaabb 16
baaaaaababaa 16
baaaaabb 16
baaabaaa 16
baaabbbabba 16
baabaaabaa 16
baabab 16
babaaaaaabbb 16
babaaaabbb 16
babaab 16
bababaa 16
bababbaab 16
babbaaababbb 16
bbaaaabbbaab 16
bbaabbabab 16
bbabaaaab 16
bbabaaab 16
bbabababaaaa 16
bbababbab 16
bbabbaba 16
bbabbbaaba 16
bbbaaabbbab 16
bbbababbbab 16
bbbbaaabbbb 16
bbbbbabaaaa 16
aaa 15
aaaaa 15
aaabb 15
aaabbababaaa 15
aaabbbabbab 15
aababbaaab 15
aabbabaaaa 15
aabbabbba 15
abaaabbaaab 15
ababbabbbaa 15
ababbbab 15
abbaaaabb 15
abbaba 15
abbabaab 15
abbababbabab 15
abbababbabba 15
abbba 15
abbbaaaaaba 15
abbbbaabb 15
baaaaabbba 15
baaaabaa 15
baaababba 15
baaabb 15
baaabbaababa 15
baabaaa 15
baabbaaa 15
baabbaab 15
baabbabbbabb 15
babaaabb 15
babbbaabb 15
bba 15
bbaabaaa 15
bbaabbbabab 15
bbabbbaaaab 15
bbbaba 15
bbbabbaa 15
bbbbaaa 15
aaaaaaa 14
aaaaabbba 14
aaaab 14
aaaabbbaaba 14
aaaba 14
aaabbbabbaa 14
aabaaabbaa 14
aababaabb 14
aababaabbabb 14
aababab 14
aabbabbaabb 14
aabbbbb 14
abaabaaabbbb 14
abaabaabb 14
abaabababbbb 14
abaabbaabbba 14
ababaaaa 14
ababbbababa 14
ababbbbbbba 14
abbaababbab 14
abbbaaaa 14
abbbabaabbbb 14
baaaabaaabbb 14
baaabaaba 14
baaabaabbaba 14
baabbaa 14
babaaaaaba 14
babaaaabbbb 14
babaaababaa 14
babaaabbaaa 14
bababbbbaab 14
babbababbb 14
babbabbabbba 14
babbbaaaa 14
babbbabaaaba 14
babbbbaab 14
babbbbbab 14
bbaaabbb 14
bbab 14
bbabaaaa 14
bbabbaaaab 14
bbabbabbb 14
bbbaabba 14
bbbaabbaaa 14
bbbbaaba 14
bbbbabab 14
aaaaaabbbaba 13
aaaaabaa 13
aaaabaa 13
aaaabb 13
aaabaabbab 13
aaababaaa 13
aaabbab 13
aaabbbbbbab 13
aabaababbbb 13
aabaabbababb 13
aabbaaab 13
aabbbababb 13
aabbbbaabbba 13
abaa 13
abaaaabb 13
abaaabbba 13
abaabaaaa 13
ababaaaabbba 13
ababaabaaba 13
ababaababbaa 13
ababaabbbbab 13
ababab 13
abbababaaaa 13
abbabbabaab 13
abbbabbab 13
abbbbaabbab 13
abbbbbbaa 13
baaaabbababb 13
baaab 13
baaabaababb 13
baababa 13
baabbabbbaa 13
babababab 13
bababbabaab 13
bababbabbbba 13
babbaabbba 13
babbabbba 13
babbbaaabaa 13
bbaaaabaaaaa 13
bbaaaba 13
bbaaabaaa 13
bbaabbab 13
bbabbabab 13
bbabbbababb 13
bbabbbbaabb 13
bbabbbbbba 13
bbbaaabbbbaa 13
bbbaababbbb 13
bbbabab 13
bbbbabaabaa 13
bbbbbbabaab 13
aaaaaabaabb 12
aaaabaabb 12
aaaababbba 12
aaabba 12
aaabbaaaa 12
aaabbaababba 12
aaabbabbbb 12
aaabbbab 12
aaabbbabaaaa 12
aabaabaaa 12
aabbaaaba 12
aabbaabba 12
aabbabbaba 12
aabbbaaaaab 12
aabbbabbaba 12
abaaababbbbb 12
abaabaaabba 12
ababbabb 12
abbababaab 12
abbb 12
abbbaabbba 12
abbbabaab 12
abbbabbbbab 12
abbbbbabaab 12
baaaaaababab 12
baaaaaababba 12
baaaabaabb 12
baaaabbbbb 12
baaabbbababb 12
baaba 12
baabababbab 12
babaaaabbba 12
babaaabaaa 12
babaabb 12
bababaaabba 12
babbaabbaba 12
babbaabbbb 12
babbbaaa 12
babbbabaaa 12
bbaaaaab 12
bbaab 12
bbabbbbbbabb 12
bbbaaaaaa 12
bbbbabbbbaa 12
bbbbbaabaabb 12
bbbbbbbbba 12
aaaaabaaabbb 11
aaaabaabbbaa 11
aaababbaa 11
aabaaaaaba 11
aabaaabb 11
aabaababbb 11
aabababaab 11
aabababab 11
aababbba 11
aabbaabbba 11
aabbabbbbbba 11
aabbbabab 11
abaaaaba 11
abaaaabaaaa 11
abaaaababaaa 11
abaaab 11
abaaababbaa 11
abaaabbbaaa 11
abaabaaa 11
abaabbb 11
ababa 11
ababaaaabaa 11
ababaaaba 11
abababbaa 11
ababbbbbba 11
abbaaa 11
abbaaba 11
abbaabbbab 11
abbabbbab 11
abbabbbb 11
abbabbbba 11
abbbaaaaab 11
abbbabbaba 11
abbbb 11
abbbbaaaa 11
abbbbaaba 11
abbbbbbbba 11
baaaabaabab 11
baaaabbbabbb 11
baaabaaaabb 11
baaabababab 11
baaababbba 11
baaabbbaab 11
baababbaab 11
baabbab 11
babbaabbabba 11
babbabaaaaa 11
babbbaabba 11
babbbbbaba 11
bbaaaabbaba 11
bbaaabaabba 11
bbaabbaaaabb 11
bbababaaaab 11
bbababaab 11
bbababababab 11
bbababba 11
bbababbbb 11
bbabbaabbb 11
bbabbb 11
bbabbbba 11
bbbaabbaba 11
bbbbba 11
aaaabbbba 10
aaabaaab 10
aaabaabaabba 10
aaababaabb 10
aabaaaabbb 10
aabaaabaa 10
aabaaabbaaab 10
aabaababbaab 10
aabaabbaaba 10
aabb 10
aabbabbaabbb 10
aabbabbab 10
abaaaaaa 10
abaabaa 10
abaabaaabb 10
ababaababab 10
abababbbba 10
abb 10
abba 10
abbabab 10
abbababa 10
abbababb 10
abbbabaaaa 10
abbbabbbbaba 10
abbbbaab 10
baabbbbbbaba 10
babaa 10
babaaaa 10
babaaaaabab 10
babaabbaba 10
bababaabbb 10
bababba 10
bababbaaaba 10
babbabaabab 10
bbaabaa 10
bbabaab 10
bbabbaaaaabb 10
bbabbba 10
bbbaaabaaba 10
bbbabababa 10
bbbbaabba 10
bbbbbaaabaa 10
bbbbbaabab 10
aaaaaa 9
aaaaabaaaaba 9
aaababbabaa 9
aaabbaabbbb 9
aababb 9
aababbbba 9
aabbb 9
aabbbabaaaab 9
ab 9
abaaabaa 9
abaaabb 9
ababaaababaa 9
ababababbb 9
abbaaaa 9
abbaababa 9
abbbaabbaa 9
abbbabbaabb 9
abbbbaaabbab 9
abbbbab 9
baaaa 9
baaaaaa 9
baaaaaab 9
baaaabbbaaab 9
baabbaaaab 9
babaaaababba 9
babaaab 9
babaabbaab 9
babaabbaabbb 9
bababbaaaaab 9
bababbaaabbb 9
babb 9
bbaaabbaaa 9
bbabaabbbaab 9
bbbaaaaaabbb 9
bbbbbaaaa 9
bbbbbbababb 9
aaaabaaa 8
aaababaa 8
aab 8
aabaabbb 8
aababbbbbab 8
abaabababab 8
abaabbbb 8
abababbbb 8
ababbaabaaa 8
ababbaba 8
ababbbbb 8
abbaaabbabb 8
abbaabaaa 8
abbababaabba 8
abbbaa 8
abbbabaababb 8
abbbabab 8
abbbabbba 8
baaabbaaaa 8
baaabbab 8
baabaa 8
baabbbbaaabb 8
bababab 8
bababbababa 8
babbbb 8
bbababababa 8
bbabb 8
bbabbaaa 8
bbabbabaaabb 8
bbbaaa 8
bbbaaabbabbb 8
bbbaabaa 8
bbbaabb 8
bbbabaaabaa 8
bbbababaaa 8
bbbabbbaa 8
bbbbaba 8
bbbbbabaa 8
aaaababbabb 7
aaabababba 7
aaabbbaaaaab 7
aabaaaaabbb 7
aabaaab 7
aabaaabaaba 7
aabaaababa 7
aabaaabababa 7
aababbaabaab 7
aababbbab 7
aababbbb 7
aabbaaabbaaa 7
aabbaaabbbaa 7
aabbaba 7
aabbbbbabbab 7
abaababbaba 7
abaabba 7
abababaab 7
ababbaab 7
abbaababab 7
abbabbbaa 7
abbabbbbbaaa 7
abbbaab 7
ba 7
baa 7
baaabaabbbb 7
baaababab 7
baabaabab 7
baabba 7
baabbaaaa 7
baabbaaaaba 7
baabbb 7
baabbbabb 7
baabbbbababa 7
baba 7
babaaababbbb 7
babaababaaab 7
babbaabb 7
bbaabaaabbb 7
bbabaaaaabba 7
bbababb 7
bbabbaabb 7
bbabbabbbba 7
bbabbbbaaaa 7
bbabbbbb 7
bbb 7
bbbaaaaaab 7
bbbaabaaaa 7
bbbabbaba 7
bbbbabaaa 7
bbbbbb 7
aaaaababb 6
aaaabaab 6
aaaababb 6
aaaabbba 6
aaab 6
aaabaaa 6
aaababab 6
aabaaabaaaaa 6
aabba 6
aabbaab 6
aabbbbbab 6
abaaaaaaaaba 6
abaaababbba 6
abaababb 6
abaabb 6
abab 6
ababbabbba 6
ababbabbbb 6
abbaabaaba 6
abbabbab 6
abbabbb 6
abbbaaaabba 6
abbbbaa 6
baaaab 6
baaaabba 6
baaabbbabaab 6
baabaababa 6
baabbbb 6
bababbbabbaa 6
babbbbbaaa 6
bbaaababa 6
bbaabbaaa 6
bbbaaaababba 6
bbbaaabaaabb 6
bbbababaabbb 6
bbbbaa 6
bbbbbababbab 6
bbbbbbb 6
aaaabaaaab 5
aaababa 5
aaabbabaaa 5
aaabbababbb 5
aaabbbbbbb 5
aabaaaab 5
aabaabbbabbb 5
aabbaaaaa 5
aabbaaaaab 5
aabbabaaaab 5
aabbabaabaaa 5
aabbabbaa 5
abaaaaaaabbb 5
abaabab 5
abaabbbaab 5
ababbaa 5
abbabaa 5
abbbaababab 5
abbbbba 5
baaaabbbaa 5
baab 5
baabaaaa 5
babaaabaa 5
babaabbaaabb 5
bababbaaaab 5
babbaaa 5
babbba 5
babbbaba 5
bbaaabbab 5
bbaabb 5
bbaabbb 5
bbaabbba 5
bbaba 5
bbababaa 5
bbababbb 5
bbabbaabaaa 5
bbabbab 5
bbbaaaaaaaa 5
bbbaaaaabb 5
bbbaabaaab 5
bbbaabbba 5
bbbabaa 5
bbbabbb 5
bbbbaaabbaa 5
bbbbabaabbaa 5
bbbbabbaa 5
bbbbabbbbaba 5
bbbbbaaaabba 5
bbbbbbaab 5
aaaaaaaaaaab 4
aaaaaabba 4
aaaaabba 4
aaaaabbabaa 4
aaaabbabbaba 4
aaabaa 4
aaabbabbb 4
aabaaaa 4
aabaab 4
aabaabababa 4
aababbabbab 4
aababbbbab 4
aabbaa 4
aabbababb 4
aabbabbabbab 4
aabbabbb 4
aabbbaabbaa 4
aabbbbaabaaa 4
aabbbbabbab 4
abaaabab 4
abaaabba 4
abababaaabb 4
abababab 4
abababbaabaa 4
abbaaabbaa 4
abbabaabbaab 4
abbbabbabb 4
abbbabbbabba 4
baaaabbaabab 4
baaaabbbbba 4
baabaabbab 4
baababaaab 4
baabbaaaba 4
baabbba 4
baabbbbaa 4
babaaa 4
babaabbaaaba 4
babab 4
bababababbaa 4
bababbabbb 4
babbaabbabbb 4
bbaaaabaaba 4
bbaababbbb 4
bbaabba 4
bbabbbbbabb 4
bbbbaaab 4
bbbbabba 4
bbbbabbaaa 4
bbbbbaaaabbb 4
bbbbbababb 4
a 3
aaaaaaaa 3
aaaaaaab 3
aaaaaabbbbb 3
aabaaba 3
aababbbaabaa 3
aabbbbbabbba 3
abaaaaaaaaaa 3
abaababa 3
ababaaaab 3
ababb 3
ababbaaaabab 3
ababbaaba 3
abbaabbbbaaa 3
abbababbaab 3
abbabbaabb 3
abbbbabbaa 3
abbbbb 3
abbbbbbbaaa 3
baaaaba 3
baaaabab 3
baaaabbbaaa 3
baaabbaaaaaa 3
baabaababaa 3
baabaabbb 3
baababaabba 3
baabababbbaa 3
baababbabaab 3
baabbaaaabb 3
babaaaaaab 3
bababa 3
bababb 3
babba 3
babbaa 3
babbaba 3
babbabaaaaab 3
babbbabbb 3
bbaa 3
bbaaaaaaab 3
bbaaab 3
bbaaabbabab 3
bbaabaaaabba 3
bbaabaabb 3
bbaabababaa 3
bbaababbabb 3
bbaabbbaaabb 3
bbabaaaaaba 3
bbabab 3
bbababaaab 3
bbabba 3
bbabbabaaa 3
bbbbaaaabb 3
aaababbbba 2
aaabbabab 2
aaabbbbbbaaa 2
aabaababaa 2
aababbb 2
aababbbbaaaa 2
aabbbba 2
aabbbbba 2
aabbbbbbaba 2
abaaaaaba 2
abaaabbbbab 2
abaab 2
abaabaaabaa 2
abaabbaaa 2
ababaaabb 2
ababaab 2
ababaabbbba 2
ababababa 2
ababbabbbbb 2
abbab 2
abbabaaabbb 2
abbbaaab 2
abbbaaabbbbb 2
abbbbabbba 2
baaaaa 2
baaaaababa 2
baaabbbbbaa 2
baababbbaaba 2
baabbbbba 2
babbaabbbba 2
babbbab 2
babbbba 2
babbbbb 2
bbaaaabbbb 2
bbaababba 2
bbabaaababa 2
bbbaa 2
bbbaaab 2
bbbaaabbbb 2
bbbaab 2
bbbaabbb 2
bbbabaababa 2
bbbbab 2
bbbbababbbba 2
bbbbabbbab 2
bbbbbaabb 2
bbbbbab 2
bbbbbbabbb 2
aaaabbbaaab 1
aaabababaa 1
aaababb 1
aaababbbb 1
aaabbaabbab 1
aaabbb 1
aaabbba 1
aaabbbaaaab 1
aaabbbbbb 1
aaba 1
aabaababa 1
aabababaa 1
aabbaaaabb 1
aabbaabaabb 1
aabbab 1
abaaaa 1
abaaabaaaaa 1
abaaababb 1
abaabbbab 1
ababaaba 1
ababbaaab 1
ababbaabb 1
abbabbaaa 1
b 1
baaaababbbbb 1
baaaba 1
baaabbabab 1
baababaaabbb 1
baabbbaababb 1
babaaaba 1
babbbaab 1
bb 1
bbaaaaba 1
bbaaababbb 1
bbaaabbbaa 1
bbabaaa 1
bbabaaba 1
bbabbbaab 1
bbabbbaabbab 1
bbbaaaa 1
bbbaaba 1
bbbabbbb 1
bbbbbabba 1
bbbbbba 1
bbbbbbbaabb 1
winner abbbaababbbb
novote 0
