zrssdityd 198
ugjdlup 184
qksn 181
zcqujfjkgzrl 179
beaqegxkfhnd 177
ujhbfkyjuczdotj 175
zlfal 163
qqcmctvtzeok 161
lk 160
btguxsuuslyakv 158
hzpykedra 154
xyafp 150
bxbxbmi 139
quxjmr 135
ewvaaexlxiidhqu 134
buzncgbrwpfuon 133
c 132
imtkpq 131
elyzi 129
z 127
s 123
rqncv 120
trgapzlkdeif 117
fnkhrfkuskynm 113
wtycabn 111
hmr 109
kppjkuxbk 108
hsptq 105
d 99
tdvytr 98
ogrqhpbj 97
lwqbooaxy 70
qdiiylwcf 70
mbbk 66
spoondykps 65
cnd 63
i 55
eywfmkvvzreqp 42
tgvoipdshnva 42
tauvqkhw 40
krlulc 36
rwowxlzjz 30
ntxt 28
zqgzmcqvtf 27
ej 23
htgdzluncgfxss 12
togdux 11
cpjivykj 8
cjfpln 5
winner zrssdityd
novote 5007
