ethflfhwxchve 5
vwkglubusdwsj 5
kgwtreulq 4
op 4
coelqijlw 3
shqpgbxtekt 3
sncwmzcvvzr 3
dbbhucowdl 2
gbwyuxsl 2
gjpl 2
gwbdjoqxtxs 2
h 2
hwayhucyoy 2
j 2
kci 2
ktgmevxmjvkse 2
l 2
mxcdykjckkh 2
ncvuycgf 2
ollzvrwfvstj 2
phqy 2
rgdcxyexvrwbdc 2
vmi 2
xs 2
zmrmmbhgj 2
buviha 1
cila 1
dg 1
ezptgwkqlmp 1
fakhhyxgshbyhq 1
ggdzubaornxqswg 1
glyusxiax 1
hvznze 1
ibflpp 1
jgcashzij 1
jmw 1
lcaqmhdyqfxftd 1
moptqplhcz 1
mukprbwrrlhvs 1
nclbfdc 1
parqhp 1
qduocjvd 1
qkega 1
rbcfwfqibimfzh 1
rdtlcenrsoh 1
rgvbear 1
rtsijtmu 1
rvyel 1
tcxkkgrz 1
twatlkgqpx 1
uuqlbj 1
uytknz 1
vuouilivt 1
wlakkh 1
xzqkgmttdqs 1
yemib 1
yp 1
zkhcwnloegbrbl 1
tie
novote 4
