1 1
2 2
4 4
7 8
11 15
16 26
22 42
29 64
37 93
46 130
56 176
67 232
79 299
92 378
106 470
121 576
137 697
154 834
172 988
191 1160
211 1351
232 1562
254 1794
277 2048
301 2325
326 2626
352 2952
379 3304
407 3683
436 4090
466 4526
497 4992
529 5489
562 6018
596 6580
631 7176
667 7807
704 8474
742 9178
781 9920
821 10701
862 11522
904 12384
947 13288
991 14235
1036 15226
1082 16262
1129 17344
1177 18473
1226 19650
1276 20876
1327 22152
1379 23479
1432 24858
1486 26290
1541 27776
1597 29317
1654 30914
1712 32568
1771 34280
1831 36051
1892 37882
1954 39774
2017 41728
2081 43745
2146 45826
2212 47972
2279 50184
2347 52463
2416 54810
2486 57226
2557 59712
2629 62269
2702 64898
2776 67600
2851 70376
2927 73227
3004 76154
3082 79158
3161 82240
3241 85401
3322 88642
3404 91964
3487 95368
3571 98855
3656 102426
3742 106082
3829 109824
3917 113653
4006 117570
4096 121576
4187 125672
4279 129859
4372 134138
4466 138510
4561 142976
4657 147537
4754 152194
4852 156948
4951 161800
5051 166751
5152 171802
5254 176954
5357 182208
5461 187565
5566 193026
5672 198592
5779 204264
5887 210043
5996 215930
6106 221926
6217 228032
6329 234249
6442 240578
6556 247020
6671 253576
6787 260247
6904 267034
7022 273938
7141 280960
7261 288101
7382 295362
7504 302744
7627 310248
7751 317875
7876 325626
8002 333502
8129 341504
8257 349633
8386 357890
8516 366276
8647 374792
8779 383439
8912 392218
9046 401130
9181 410176
9317 419357
9454 428674
9592 438128
9731 447720
9871 457451
10012 467322
10154 477334
10297 487488
10441 497785
10586 508226
10732 518812
10879 529544
11027 540423
11176 551450
11326 562626
11477 573952
11629 585429
11782 597058
11936 608840
12091 620776
12247 632867
12404 645114
12562 657518
12721 670080
12881 682801
13042 695682
13204 708724
13367 721928
13531 735295
13696 748826
13862 762522
14029 776384
14197 790413
14366 804610
14536 818976
14707 833512
14879 848219
15052 863098
15226 878150
15401 893376
15577 908777
15754 924354
15932 940108
16111 956040
16291 972151
16472 988442
16654 1004914
16837 1021568
17021 1038405
17206 1055426
17392 1072632
17579 1090024
17767 1107603
17956 1125370
18146 1143326
18337 1161472
18529 1179809
18722 1198338
18916 1217060
19111 1235976
19307 1255087
19504 1274394
19702 1293898
19901 1313600
20101 1333501
20302 1353602
20504 1373904
20707 1394408
20911 1415115
21116 1436026
21322 1457142
21529 1478464
21737 1499993
21946 1521730
22156 1543676
22367 1565832
22579 1588199
22792 1610778
23006 1633570
23221 1656576
23437 1679797
23654 1703234
23872 1726888
24091 1750760
24311 1774851
24532 1799162
24754 1823694
24977 1848448
25201 1873425
25426 1898626
25652 1924052
25879 1949704
26107 1975583
26336 2001690
26566 2028026
26797 2054592
27029 2081389
27262 2108418
27496 2135680
27731 2163176
27967 2190907
28204 2218874
28442 2247078
28681 2275520
28921 2304201
29162 2333122
29404 2362284
29647 2391688
29891 2421335
30136 2451226
30382 2481362
30629 2511744
30877 2542373
31126 2573250
31376 2604376
31627 2635752
31879 2667379
32132 2699258
32386 2731390
32641 2763776
32897 2796417
33154 2829314
33412 2862468
33671 2895880
33931 2929551
34192 2963482
34454 2997674
34717 3032128
34981 3066845
35246 3101826
35512 3137072
35779 3172584
36047 3208363
36316 3244410
36586 3280726
36857 3317312
37129 3354169
37402 3391298
37676 3428700
37951 3466376
38227 3504327
38504 3542554
38782 3581058
39061 3619840
39341 3658901
39622 3698242
39904 3737864
40187 3777768
40471 3817955
40756 3858426
41042 3899182
41329 3940224
41617 3981553
41906 4023170
42196 4065076
42487 4107272
42779 4149759
43072 4192538
43366 4235610
43661 4278976
43957 4322637
44254 4366594
44552 4410848
44851 4455400
45151 4500251
45452 4545402
45754 4590854
46057 4636608
46361 4682665
46666 4729026
46972 4775692
47279 4822664
47587 4869943
47896 4917530
48206 4965426
48517 5013632
48829 5062149
49142 5110978
49456 5160120
49771 5209576
50087 5259347
50404 5309434
50722 5359838
51041 5410560
51361 5461601
51682 5512962
52004 5564644
52327 5616648
52651 5668975
52976 5721626
53302 5774602
53629 5827904
53957 5881533
54286 5935490
54616 5989776
54947 6044392
55279 6099339
55612 6154618
55946 6210230
56281 6266176
56617 6322457
56954 6379074
57292 6436028
57631 6493320
57971 6550951
58312 6608922
58654 6667234
58997 6725888
59341 6784885
59686 6844226
60032 6903912
60379 6963944
60727 7024323
61076 7085050
61426 7146126
61777 7207552
62129 7269329
62482 7331458
62836 7393940
63191 7456776
63547 7519967
63904 7583514
64262 7647418
64621 7711680
64981 7776301
65342 7841282
65704 7906624
66067 7972328
66431 8038395
66796 8104826
67162 8171622
67529 8238784
67897 8306313
68266 8374210
68636 8442476
69007 8511112
69379 8580119
69752 8649498
70126 8719250
70501 8789376
70877 8859877
71254 8930754
71632 9002008
72011 9073640
72391 9145651
72772 9218042
73154 9290814
73537 9363968
73921 9437505
74306 9511426
74692 9585732
75079 9660424
75467 9735503
75856 9810970
76246 9886826
76637 9963072
77029 10039709
77422 10116738
77816 10194160
78211 10271976
78607 10350187
79004 10428794
79402 10507798
79801 10587200
80201 10667001
80602 10747202
81004 10827804
81407 10908808
81811 10990215
82216 11072026
82622 11154242
83029 11236864
83437 11319893
83846 11403330
84256 11487176
84667 11571432
85079 11656099
85492 11741178
85906 11826670
86321 11912576
86737 11998897
87154 12085634
87572 12172788
87991 12260360
88411 12348351
88832 12436762
89254 12525594
89677 12614848
90101 12704525
90526 12794626
90952 12885152
91379 12976104
91807 13067483
92236 13159290
92666 13251526
93097 13344192
93529 13437289
93962 13530818
94396 13624780
94831 13719176
95267 13814007
95704 13909274
96142 14004978
96581 14101120
97021 14197701
97462 14294722
97904 14392184
98347 14490088
98791 14588435
99236 14687226
99682 14786462
100129 14886144
100577 14986273
101026 15086850
101476 15187876
101927 15289352
102379 15391279
102832 15493658
103286 15596490
103741 15699776
104197 15803517
104654 15907714
105112 16012368
105571 16117480
106031 16223051
106492 16329082
106954 16435574
107417 16542528
107881 16649945
108346 16757826
108812 16866172
109279 16974984
109747 17084263
110216 17194010
110686 17304226
111157 17414912
111629 17526069
112102 17637698
112576 17749800
113051 17862376
113527 17975427
114004 18088954
114482 18202958
114961 18317440
115441 18432401
115922 18547842
116404 18663764
116887 18780168
117371 18897055
117856 19014426
118342 19132282
118829 19250624
119317 19369453
119806 19488770
120296 19608576
120787 19728872
121279 19849659
121772 19970938
122266 20092710
122761 20214976
123257 20337737
123754 20460994
124252 20584748
124751 20709000
125251 20833751
125752 20959002
126254 21084754
126757 21211008
127261 21337765
127766 21465026
128272 21592792
128779 21721064
129287 21849843
129796 21979130
130306 22108926
130817 22239232
131329 22370049
131842 22501378
132356 22633220
132871 22765576
133387 22898447
133904 23031834
134422 23165738
134941 23300160
135461 23435101
135982 23570562
136504 23706544
137027 23843048
137551 23980075
138076 24117626
138602 24255702
139129 24394304
139657 24533433
140186 24673090
140716 24813276
141247 24953992
141779 25095239
142312 25237018
142846 25379330
143381 25522176
143917 25665557
144454 25809474
144992 25953928
145531 26098920
146071 26244451
146612 26390522
147154 26537134
147697 26684288
148241 26831985
148786 26980226
149332 27129012
149879 27278344
150427 27428223
150976 27578650
151526 27729626
152077 27881152
152629 28033229
153182 28185858
153736 28339040
154291 28492776
154847 28647067
155404 28801914
155962 28957318
156521 29113280
157081 29269801
157642 29426882
158204 29584524
158767 29742728
159331 29901495
159896 30060826
160462 30220722
161029 30381184
161597 30542213
162166 30703810
162736 30865976
163307 31028712
163879 31192019
164452 31355898
165026 31520350
165601 31685376
166177 31850977
166754 32017154
167332 32183908
167911 32351240
168491 32519151
169072 32687642
169654 32856714
170237 33026368
170821 33196605
171406 33367426
171992 33538832
172579 33710824
173167 33883403
173756 34056570
174346 34230326
174937 34404672
175529 34579609
176122 34755138
176716 34931260
177311 35107976
177907 35285287
178504 35463194
179102 35641698
179701 35820800
180301 36000501
180902 36180802
181504 36361704
182107 36543208
182711 36725315
183316 36908026
183922 37091342
184529 37275264
185137 37459793
185746 37644930
186356 37830676
186967 38017032
187579 38203999
188192 38391578
188806 38579770
189421 38768576
190037 38957997
190654 39148034
191272 39338688
191891 39529960
192511 39721851
193132 39914362
193754 40107494
194377 40301248
195001 40495625
195626 40690626
196252 40886252
196879 41082504
197507 41279383
198136 41476890
198766 41675026
199397 41873792
200029 42073189
200662 42273218
201296 42473880
201931 42675176
202567 42877107
203204 43079674
203842 43282878
204481 43486720
205121 43691201
205762 43896322
206404 44102084
207047 44308488
207691 44515535
208336 44723226
208982 44931562
209629 45140544
210277 45350173
210926 45560450
211576 45771376
212227 45982952
212879 46195179
213532 46408058
214186 46621590
214841 46835776
215497 47050617
216154 47266114
216812 47482268
217471 47699080
218131 47916551
218792 48134682
219454 48353474
220117 48572928
220781 48793045
221446 49013826
222112 49235272
222779 49457384
223447 49680163
224116 49903610
224786 50127726
225457 50352512
226129 50577969
226802 50804098
227476 51030900
228151 51258376
228827 51486527
229504 51715354
230182 51944858
230861 52175040
231541 52405901
232222 52637442
232904 52869664
233587 53102568
234271 53336155
234956 53570426
235642 53805382
236329 54041024
237017 54277353
237706 54514370
238396 54752076
239087 54990472
239779 55229559
240472 55469338
241166 55709810
241861 55950976
242557 56192837
243254 56435394
243952 56678648
244651 56922600
245351 57167251
246052 57412602
246754 57658654
247457 57905408
248161 58152865
248866 58401026
249572 58649892
250279 58899464
250987 59149743
251696 59400730
252406 59652426
253117 59904832
253829 60157949
254542 60411778
255256 60666320
255971 60921576
256687 61177547
257404 61434234
258122 61691638
258841 61949760
259561 62208601
260282 62468162
261004 62728444
261727 62989448
262451 63251175
263176 63513626
263902 63776802
264629 64040704
265357 64305333
266086 64570690
266816 64836776
267547 65103592
268279 65371139
269012 65639418
269746 65908430
270481 66178176
271217 66448657
271954 66719874
272692 66991828
273431 67264520
274171 67537951
274912 67812122
275654 68087034
276397 68362688
277141 68639085
277886 68916226
278632 69194112
279379 69472744
280127 69752123
280876 70032250
281626 70313126
282377 70594752
283129 70877129
283882 71160258
284636 71444140
285391 71728776
286147 72014167
286904 72300314
287662 72587218
288421 72874880
289181 73163301
289942 73452482
290704 73742424
291467 74033128
292231 74324595
292996 74616826
293762 74909822
294529 75203584
295297 75498113
296066 75793410
296836 76089476
297607 76386312
298379 76683919
299152 76982298
299926 77281450
300701 77581376
301477 77882077
302254 78183554
303032 78485808
303811 78788840
304591 79092651
305372 79397242
306154 79702614
306937 80008768
307721 80315705
308506 80623426
309292 80931932
310079 81241224
310867 81551303
311656 81862170
312446 82173826
313237 82486272
314029 82799509
314822 83113538
315616 83428360
316411 83743976
317207 84060387
318004 84377594
318802 84695598
319601 85014400
320401 85334001
321202 85654402
322004 85975604
322807 86297608
323611 86620415
324416 86944026
325222 87268442
326029 87593664
326837 87919693
327646 88246530
328456 88574176
329267 88902632
330079 89231899
330892 89561978
331706 89892870
332521 90224576
333337 90557097
334154 90890434
334972 91224588
335791 91559560
336611 91895351
337432 92231962
338254 92569394
339077 92907648
339901 93246725
340726 93586626
341552 93927352
342379 94268904
343207 94611283
344036 94954490
344866 95298526
345697 95643392
346529 95989089
347362 96335618
348196 96682980
349031 97031176
349867 97380207
350704 97730074
351542 98080778
352381 98432320
353221 98784701
354062 99137922
354904 99491984
355747 99846888
356591 100202635
357436 100559226
358282 100916662
359129 101274944
359977 101634073
360826 101994050
361676 102354876
362527 102716552
363379 103079079
364232 103442458
365086 103806690
365941 104171776
366797 104537717
367654 104904514
368512 105272168
369371 105640680
370231 106010051
371092 106380282
371954 106751374
372817 107123328
373681 107496145
374546 107869826
375412 108244372
376279 108619784
377147 108996063
378016 109373210
378886 109751226
379757 110130112
380629 110509869
381502 110890498
382376 111272000
383251 111654376
384127 112037627
385004 112421754
385882 112806758
386761 113192640
387641 113579401
388522 113967042
389404 114355564
390287 114744968
391171 115135255
392056 115526426
392942 115918482
393829 116311424
394717 116705253
395606 117099970
396496 117495576
397387 117892072
398279 118289459
399172 118687738
400066 119086910
400961 119486976
401857 119887937
402754 120289794
403652 120692548
404551 121096200
405451 121500751
406352 121906202
407254 122312554
408157 122719808
409061 123127965
409966 123537026
410872 123946992
411779 124357864
412687 124769643
413596 125182330
414506 125595926
415417 126010432
416329 126425849
417242 126842178
418156 127259420
419071 127677576
419987 128096647
420904 128516634
421822 128937538
422741 129359360
423661 129782101
424582 130205762
425504 130630344
426427 131055848
427351 131482275
428276 131909626
429202 132337902
430129 132767104
431057 133197233
431986 133628290
432916 134060276
433847 134493192
434779 134927039
435712 135361818
436646 135797530
437581 136234176
438517 136671757
439454 137110274
440392 137549728
441331 137990120
442271 138431451
443212 138873722
444154 139316934
445097 139761088
446041 140206185
446986 140652226
447932 141099212
448879 141547144
449827 141996023
450776 142445850
451726 142896626
452677 143348352
453629 143801029
454582 144254658
455536 144709240
456491 145164776
457447 145621267
458404 146078714
459362 146537118
460321 146996480
461281 147456801
462242 147918082
463204 148380324
464167 148843528
465131 149307695
466096 149772826
467062 150238922
468029 150705984
468997 151174013
469966 151643010
470936 152112976
471907 152583912
472879 153055819
473852 153528698
474826 154002550
475801 154477376
476777 154953177
477754 155429954
478732 155907708
479711 156386440
480691 156866151
481672 157346842
482654 157828514
483637 158311168
484621 158794805
485606 159279426
486592 159765032
487579 160251624
488567 160739203
489556 161227770
490546 161717326
491537 162207872
492529 162699409
493522 163191938
494516 163685460
495511 164179976
496507 164675487
497504 165171994
498502 165669498
499501 166168000
500501 166667501
