CITY 38 21 6 11 108 81 27 69
SPURS 38 22 2 14 108 94 14 68
ARSENAL 38 20 5 13 86 70 16 65
EVERTON 38 20 4 14 108 103 5 64
VILLA 38 18 7 13 97 73 24 61
PALACE 38 18 7 13 98 85 13 61
UNITED 38 18 6 14 94 77 17 60
BRIGHTON 38 18 6 14 117 104 13 60
FOREST 38 17 7 14 96 94 2 58
BOURNEMOUT 38 17 6 15 90 86 4 57
LEEDS 38 16 6 16 89 89 0 54
NEWCASTLE 38 17 2 19 86 101 -15 53
CHELSEA 38 14 8 16 94 98 -4 50
LUTON 38 12 11 15 93 99 -6 47
BURNLEY 38 14 4 20 88 96 -8 46
FULHAM 38 14 3 21 93 109 -16 45
LIVERPOOL 38 12 8 18 89 103 -14 44
WOLVES 38 12 7 19 78 91 -13 43
BRENTFORD 38 12 5 21 68 100 -32 41
WESTHAM 38 9 8 21 80 107 -27 35
