UNITED 13 10 0 3 157 116 41 30
LIVERPOOL 13 8 0 5 151 134 17 24
LUTON 13 7 1 5 126 122 4 22
PALACE 11 7 0 4 85 83 2 21
SPURS 16 7 0 9 163 171 -8 21
CITY 11 6 0 5 109 85 24 18
WESTHAM 11 5 2 4 125 97 28 17
CHELSEA 16 5 1 10 158 167 -9 16
VILLA 8 5 0 3 103 81 22 15
BRIGHTON 8 5 0 3 91 81 10 15
BRENTFORD 8 5 0 3 83 73 10 15
EVERTON 9 5 0 4 91 109 -18 15
FOREST 11 4 1 6 91 125 -34 13
BOURNEMOUT 9 4 0 5 70 70 0 12
BURNLEY 10 4 0 6 89 96 -7 12
LEEDS 4 3 0 1 51 33 18 9
WOLVES 4 3 0 1 39 21 18 9
ARSENAL 7 2 0 5 60 55 5 6
NEWCASTLE 11 2 0 9 70 143 -73 6
FULHAM 7 0 1 6 38 88 -50 1
