touch 0 17
separate 0 41
separate 0 44
inside 2 28
overlap 6 20
overlap 4 56
separate 0 14
inside 4 32
overlap 12 54
overlap 10 59
overlap 6 68
separate 0 21
separate 0 9
separate 0 18
separate 0 10
separate 0 16
overlap 15 55
overlap 4 26
touch 0 9
overlap 2 9
overlap 14 50
separate 0 18
overlap 1 20
separate 0 16
touch 0 26
separate 0 12
inside 14 70
inside 12 24
overlap 6 24
separate 0 35
separate 0 16
overlap 2 21
overlap 10 44
separate 0 34
touch 0 41
overlap 4 37
touch 0 20
separate 0 50
separate 0 12
separate 0 6
overlap 1 11
separate 0 20
separate 0 22
overlap 16 40
separate 0 20
separate 0 36
overlap 4 49
separate 0 8
separate 0 13
touch 0 15
separate 0 17
overlap 6 34
separate 0 11
inside 2 64
inside 16 60
touch 0 16
touch 0 39
overlap 20 65
separate 0 14
separate 0 8
separate 0 17
touch 0 50
overlap 4 60
separate 0 19
separate 0 9
overlap 1 12
touch 0 15
separate 0 9
separate 0 21
overlap 6 28
inside 10 56
overlap 2 26
separate 0 48
overlap 6 55
overlap 8 70
overlap 6 29
separate 0 12
touch 0 39
overlap 6 23
separate 0 10
overlap 6 39
separate 0 17
overlap 5 51
separate 0 10
touch 0 47
separate 0 19
separate 0 47
touch 0 5
touch 0 25
overlap 4 42
touch 0 9
overlap 2 37
overlap 8 26
inside 15 49
inside 2 16
separate 0 34
separate 0 33
overlap 4 14
touch 0 24
separate 0 3
