overlap 33019452 158092731
overlap 1090856 118032391
separate 0 70324991
separate 0 88360317
overlap 67121439 287768376
overlap 50876870 113082579
overlap 3078042 22361333
overlap 15424452 100279500
overlap 733062 15172507
inside 63437256 152748828
overlap 31475675 91708192
overlap 3193710 48682285
overlap 40553100 239029698
inside 3800704 252788910
separate 0 71979960
separate 0 69296730
separate 0 42891944
overlap 4554624 79720212
overlap 6070428 72100672
separate 0 41693600
inside 3890368 171746640
separate 0 154481633
overlap 6760010 114929365
separate 0 74859939
overlap 11735360 51207032
overlap 7230223 121767283
separate 0 2291636
overlap 24582495 132731077
overlap 75028275 251484597
separate 0 18911244
separate 0 17061756
inside 17184341 178538514
separate 0 31497448
overlap 21730335 56184917
separate 0 72536406
overlap 231488 142918083
overlap 2143572 60997187
separate 0 44739058
separate 0 1549760
separate 0 235187544
separate 0 68859182
overlap 4216839 149998983
separate 0 136630753
overlap 3476112 90038220
overlap 5058864 92063660
separate 0 75656984
inside 12041106 73868453
separate 0 122233768
separate 0 8788337
separate 0 104676515
separate 0 67721692
overlap 4003801 125824882
overlap 972040 69589168
separate 0 29439540
separate 0 40927797
separate 0 22363041
overlap 51509682 151401704
separate 0 85120833
separate 0 29411416
separate 0 11476372
separate 0 74699262
separate 0 97290153
inside 94412112 245307537
separate 0 39856675
separate 0 4464054
overlap 498960 48954990
overlap 64662884 202345176
separate 0 36204342
separate 0 8474500
overlap 57387836 135240497
separate 0 104421238
inside 1799936 101002379
separate 0 7239742
separate 0 107338321
overlap 8507616 86301394
separate 0 22355106
overlap 1042440 29211306
separate 0 30647892
separate 0 50948408
separate 0 79659120
separate 0 38252333
overlap 13049856 115421216
overlap 1858534 43565273
separate 0 126399648
separate 0 72541205
inside 36339612 149122350
separate 0 47599432
separate 0 16814204
overlap 27448840 94334896
overlap 596570 114912354
separate 0 84226134
separate 0 35607732
overlap 524536 69143103
inside 23972459 165068946
separate 0 3776252
separate 0 27087276
separate 0 159034974
overlap 11293405 102799173
separate 0 5525363
overlap 360570 8693573
