same 130 130
separate 0 6870
touch 0 1617
inside 7 224
touch 0 3870
touch 0 595
touch 0 134
touch 0 214
same 26 26
same 1078 1078
same 20 20
inside 96 1040
touch 0 667
touch 0 2906
touch 0 592
touch 0 1160
touch 0 104
inside 60 1240
touch 0 1068
same 357 357
touch 0 252
touch 0 6759
same 1176 1176
touch 0 409
touch 0 386
same 406 406
inside 84 196
touch 0 1344
touch 0 1572
inside 36 406
touch 0 1157
inside 9 1560
touch 0 1841
touch 0 161
touch 0 446
same 1184 1184
same 324 324
same 462 462
same 175 175
same 2142 2142
separate 0 215
touch 0 2851
touch 0 4451
separate 0 2736
inside 663 4350
inside 51 450
touch 0 1194
touch 0 2184
same 5278 5278
same 5550 5550
inside 960 1634
inside 26 94
inside 144 5700
touch 0 2104
same 855 855
separate 0 131
touch 0 952
inside 2 22
touch 0 365
touch 0 36
touch 0 865
same 189 189
separate 0 1252
same 496 496
touch 0 1482
same 684 684
inside 84 480
touch 0 1498
same 3094 3094
touch 0 272
touch 0 1082
touch 0 1274
inside 500 1140
inside 270 420
inside 1050 1377
same 154 154
same 2176 2176
same 4836 4836
touch 0 523
same 2 2
same 1472 1472
touch 0 819
separate 0 1850
separate 0 1456
same 1377 1377
inside 310 2553
touch 0 1494
touch 0 2992
inside 24 148
same 768 768
touch 0 1661
inside 19 2400
same 20 20
same 162 162
inside 550 2730
touch 0 455
touch 0 1708
separate 0 2855
touch 0 2883
inside 210 770
