inside 9651490 100000000
inside 48640440 100000000
inside 39363615 100000000
inside 9370816 100000000
inside 29622197 100000000
inside 94514825 100000000
inside 7921694 100000000
inside 44574960 100000000
inside 43960077 100000000
inside 5868984 100000000
inside 2143295 100000000
inside 54330140 100000000
inside 12251200 100000000
inside 12263445 100000000
inside 40000256 100000000
inside 7276234 100000000
inside 1412019 100000000
inside 17013950 100000000
inside 18201915 100000000
inside 62809016 100000000
inside 16545718 100000000
inside 13648941 100000000
inside 3216896 100000000
inside 19096675 100000000
inside 8497592 100000000
inside 24808556 100000000
inside 191613 100000000
inside 5306597 100000000
inside 35455573 100000000
inside 2583960 100000000
inside 316970 100000000
inside 57977688 100000000
inside 51776375 100000000
inside 16909395 100000000
inside 27238770 100000000
inside 17948980 100000000
inside 1291689 100000000
inside 10998318 100000000
inside 13854268 100000000
inside 51459792 100000000
inside 42934528 100000000
inside 8230896 100000000
inside 18358204 100000000
inside 46710196 100000000
inside 6847646 100000000
inside 68729634 100000000
inside 4092642 100000000
inside 13589800 100000000
inside 15706158 100000000
inside 57687714 100000000
