inside 2 10
separate 0 13
touch 0 27
separate 0 9
separate 0 18
inside 24 36
touch 0 13
touch 0 20
separate 0 14
inside 3 25
overlap 4 24
inside 4 10
separate 0 15
touch 0 5
separate 0 4
overlap 1 3
separate 0 10
overlap 3 17
touch 0 14
separate 0 5
separate 0 7
touch 0 9
overlap 6 16
separate 0 16
overlap 8 26
overlap 1 13
separate 0 8
overlap 2 32
overlap 2 11
touch 0 31
inside 1 24
touch 0 18
separate 0 13
overlap 16 34
separate 0 5
inside 2 10
overlap 4 14
inside 8 25
touch 0 17
touch 0 22
touch 0 17
overlap 1 12
touch 0 11
inside 2 15
separate 0 5
touch 0 13
separate 0 3
overlap 2 10
touch 0 7
separate 0 5
overlap 1 7
overlap 8 20
overlap 5 21
inside 1 15
inside 1 20
touch 0 8
separate 0 18
overlap 3 13
inside 2 10
separate 0 18
inside 2 4
overlap 1 17
touch 0 7
inside 3 36
separate 0 7
touch 0 14
touch 0 11
overlap 4 21
touch 0 17
overlap 8 14
overlap 16 28
separate 0 5
separate 0 6
overlap 2 7
separate 0 2
touch 0 12
inside 2 24
touch 0 9
overlap 2 16
separate 0 9
inside 2 15
separate 0 9
inside 10 30
touch 0 14
touch 0 4
overlap 1 15
inside 9 15
touch 0 24
overlap 4 22
overlap 2 20
same 12 12
inside 1 18
separate 0 4
touch 0 3
touch 0 7
overlap 4 23
touch 0 10
overlap 8 23
overlap 2 9
overlap 6 22
