ERROR
ERROR
34 15 2
ERROR
2 47 15 38 49
ERROR
ERROR
ERROR
2 37 33 47 7 38 49
49 38 48 7 47 33 37 2
37 47 49 38 48 7 33 22 2 27
ERROR
ERROR
ERROR
2 37 47 49 38 48 7 34 27 39
ERROR
ERROR
ERROR
48 49 22 11 17 31 30 35 39 33 34 5 10 38 2 47 43 27 20 7
ERROR
ERROR
ERROR
ERROR
3 17 48 49 22 11 31 30 35 39 33 34 10 38 2 47 43 27 20 7 1
ERROR
ERROR
ERROR
21 3 17 48 49 22 11 31 30 35 39 33 34 10 2 47 43 27 20 7 1
ERROR
ERROR
ERROR
ERROR
ERROR
ERROR
30 3 48 49 11 31 2 35 39 34 10 47 16 43 27 50 7 1 15
ERROR
ERROR
ERROR
ERROR
ERROR
ERROR
ERROR
ERROR
16 3 30 48 49 11 31 35 39 34 10 47 43 27 50 1 7
38 7 1 50 27 4 43 47 10 34 39 35 31 11 49 48 30 33 3 16
ERROR
ERROR
ERROR
ERROR
ERROR
ERROR
ERROR
ERROR
47 4 11 43 16 3 33 30 49 12 31 39 34 10 9 50 7 38 37 21
ERROR
ERROR
ERROR
ERROR
47 4 11 16 3 6 33 30 49 19 12 31 39 34 10 9 50 7 38 37 21 42
ERROR
30 47 4 11 16 3 6 1 33 49 19 12 31 39 34 10 9 50 7 38 37 21 42 27
ERROR
ERROR
21 47 30 4 11 16 3 6 1 33 49 19 12 31 39 10 9 50 7 38 37 42 46 27 24 28
ERROR
ERROR
ERROR
ERROR
ERROR
ERROR
ERROR
31 17 21 30 4 11 16 29 6 33 49 19 12 2 39 10 50 7 38 34 37 42 46 27 24 28 32
31 21 30 4 11 16 29 6 33 49 19 12 25 2 39 10 50 26 7 38 34 37 42 46 27 24 28 32
ERROR
ERROR
ERROR
ERROR
ERROR
ERROR
ERROR
ERROR
ERROR
20 10 3 31 21 30 8 45 11 16 29 33 49 18 44 19 12 25 2 39 50 26 38 34 37 42 46 27 24 28 32 7 4
ERROR
ERROR
ERROR
ERROR
ERROR
ERROR
ERROR
27 30 4 22 32 28 24 46 42 37 34 26 50 2 25 12 19 44 18 49 33 29 16 11 45 8 21 31 3 10 20
ERROR
ERROR
ERROR
ERROR
ERROR
ERROR
ERROR
45 28 2 34 27 30 4 22 32 24 42 37 26 50 25 12 19 44 18 49 33 29 40 16 11 21 31 3 10 20
ERROR
42 45 28 2 34 27 30 4 22 32 24 37 26 50 25 12 19 44 18 49 33 29 40 16 11 21 31 3 10 20
ERROR
ERROR
ERROR
ERROR
ERROR
22 20 10 3 31 21 11 16 40 29 49 18 19 12 25 26 37 24 32 4 27 34 36 2 43 28 45 42 17
ERROR
ERROR
ERROR
ERROR
ERROR
ERROR
ERROR
ERROR
ERROR
ERROR
ERROR
ERROR
ERROR
ERROR
ERROR
ERROR
17 42 48 45 43 2 36 34 27 4 32 24 37 26 8 13 12 19 18 1 49 40 11 21 31 3 10 20 22 23 16 35 14
ERROR
16 17 48 45 43 2 36 34 27 4 32 24 37 26 8 13 12 19 18 1 49 40 11 21 31 3 10 20 22 23 35 14
ERROR
ERROR
ERROR
ERROR
ERROR
ERROR
ERROR
ERROR
ERROR
ERROR
ERROR
ERROR
ERROR
ERROR
ERROR
ERROR
ERROR
36 16 7 18 1 5 8 29 17 48 45 34 4 42 24 37 26 13 49 40 11 21 44 31 10 20 22 23 35 14 43
ERROR
ERROR
ERROR
ERROR
ERROR
ERROR
ERROR
ERROR
ERROR
ERROR
ERROR
ERROR
ERROR
ERROR
ERROR
ERROR
ERROR
ERROR
ERROR
ERROR
ERROR
ERROR
29 33 7 45 35 49 13 12 8 32 43 14 15 23 20 31 21 11 40 26 46 37 42 4 34 5 36 30 10 1 18
ERROR
ERROR
ERROR
ERROR
33 5 18 1 10 30 36 34 4 42 37 46 47 26 40 11 21 31 23 15 14 43 32 12 13 49 35 45 7 29 8 25 22
ERROR
ERROR
ERROR
ERROR
ERROR
ERROR
ERROR
20 33 5 18 10 30 34 4 42 37 46 47 26 24 40 11 21 31 23 15 14 43 28 32 13 49 35 7 29 25 22 8 36
20 33 5 18 10 30 34 4 42 37 46 47 26 24 40 11 21 31 23 15 14 43 28 32 13 49 35 7 29 25 22 8 36
ERROR
ERROR
ERROR
ERROR
ERROR
36 8 25 29 7 35 49 32 28 43 15 9 23 21 11 40 24 26 47 46 37 42 4 34 30 10 18 5 33 20 14
ERROR
ERROR
ERROR
9 33 36 8 25 29 7 35 49 32 28 43 15 23 21 11 40 24 26 47 46 37 42 4 34 30 10 18 5 20 14
ERROR
ERROR
ERROR
11 9 36 33 8 25 29 7 35 27 49 32 28 43 15 21 40 24 26 47 46 37 42 4 34 10 18 5 20 14 41
ERROR
ERROR
ERROR
ERROR
ERROR
42 11 9 36 33 8 25 29 7 35 27 32 28 43 15 21 40 24 26 47 31 6 46 37 4 34 10 18 20 14 41 13 2
ERROR
ERROR
ERROR
ERROR
ERROR
ERROR
ERROR
ERROR
ERROR
ERROR
ERROR
ERROR
ERROR
14 4 42 11 9 36 33 8 25 29 7 35 32 28 43 15 21 40 48 24 26 47 31 6 46 37 34 10 5 18 20 41 13 2 19 22 49 27
ERROR
ERROR
ERROR
ERROR
ERROR
18 20 14 4 42 11 9 17 36 8 25 29 7 35 32 28 43 15 21 40 48 24 26 50 31 6 46 37 34 10 23 5 41 13 2 19 22 49
23 18 20 14 4 42 11 9 17 36 8 25 29 7 35 32 28 43 15 21 40 48 24 26 50 31 6 46 37 34 10 5 41 13 2 19 22 49
ERROR
ERROR
ERROR
ERROR
ERROR
ERROR
ERROR
ERROR
4 21 5 23 18 20 14 42 11 9 17 36 8 25 29 7 35 32 43 15 40 48 24 26 50 31 6 46 37 34 10 41 13 2 19 22 49 47
ERROR
ERROR
47 49 22 19 2 13 41 10 34 37 46 6 31 50 26 24 48 40 15 43 32 35 7 29 25 8 36 17 9 11 42 14 20 18 23 5 21 4
ERROR
47 49 22 19 2 13 41 10 34 37 46 6 31 50 26 24 48 40 15 43 32 35 7 29 25 8 36 17 9 11 42 14 20 18 23 5 21 4
36 47 49 22 19 2 13 41 10 34 37 46 6 31 50 26 24 48 40 15 43 32 35 7 29 25 8 17 9 11 42 14 20 18 23 5 21 4
ERROR
ERROR
ERROR
ERROR
18 21 5 23 20 42 11 9 17 25 29 7 35 32 43 15 40 24 26 50 31 33 6 37 34 10 41 13 2 22 49 47 36 4 19 14
ERROR
ERROR
ERROR
ERROR
ERROR
ERROR
ERROR
ERROR
ERROR
ERROR
ERROR
ERROR
ERROR
ERROR
ERROR
ERROR
ERROR
ERROR
ERROR
ERROR
11 40 13 25 10 35 23 17 29 7 43 15 24 26 50 6 37 34 41 2 22 49 4 14 48 1 38 8 18 31 45 5 20
26 11 40 13 25 10 35 23 17 29 7 43 15 24 50 6 37 34 41 2 22 49 4 14 48 1 38 8 18 31 45 5 20
ERROR
ERROR
ERROR
ERROR
ERROR
ERROR
40 18 11 1 26 13 25 35 23 17 29 7 43 15 24 50 6 33 37 21 34 41 2 22 49 4 14 48 38 46 31 45 39 5 20
ERROR
ERROR
ERROR
ERROR
ERROR
ERROR
ERROR
ERROR
12 40 13 25 44 17 29 7 15 24 50 6 33 37 21 41 2 22 49 4 14 38 46 31 45 39 20 18 30 16 35 43 1
ERROR
ERROR
ERROR
35 13 5 8 14 50 12 40 25 17 29 7 15 24 6 33 37 21 41 2 22 49 38 46 31 45 39 20 18 30 16 43 1 48
ERROR
ERROR
35 13 5 8 14 50 12 40 25 17 29 7 15 24 6 33 37 21 41 2 22 49 38 46 31 45 39 20 18 30 16 43 1 48 3 27
35 13 5 8 14 50 12 40 25 17 29 7 15 24 6 33 37 21 41 2 22 49 38 46 31 45 39 20 18 30 16 43 1 48 3 27
ERROR
35 13 5 8 14 50 12 40 25 17 29 7 15 24 6 33 37 21 41 2 22 49 38 31 45 39 20 18 30 16 43 1 48 3 27
ERROR
ERROR
ERROR
ERROR
ERROR
ERROR
35 13 5 8 14 50 12 40 25 17 29 7 15 24 6 33 37 41 2 22 49 38 31 45 39 20 18 30 16 43 1 48 3 27
ERROR
ERROR
35 13 5 8 14 50 12 40 25 17 29 7 15 24 6 33 37 41 2 47 22 49 38 31 45 39 20 18 30 16 43 1 48 3 27 9 21
35 13 5 8 14 50 12 40 25 17 29 7 15 24 6 33 37 41 2 47 22 49 38 31 45 39 20 18 30 16 43 1 48 3 27 9 21
20 35 13 5 8 14 50 12 40 25 17 29 7 15 24 6 33 37 41 2 47 22 49 38 31 45 39 18 30 16 43 42 1 48 3 27 9 21
ERROR
21 35 13 5 8 14 50 12 40 25 29 7 15 24 6 33 37 41 2 22 49 38 31 45 39 18 30 16 43 42 1 48 3 27 9
ERROR
ERROR
ERROR
ERROR
ERROR
ERROR
ERROR
ERROR
9 49 18 27 42 22 30 47 3 48 1 16 39 45 31 2 41 37 33 6 24 15 7 29 25 40 50 14 8 5 13 21 23
ERROR
ERROR
ERROR
ERROR
ERROR
ERROR
ERROR
ERROR
32 23 21 13 5 8 50 40 25 29 7 24 6 33 37 41 2 31 45 39 16 1 48 3 47 22 42 27 18 49 9
9 49 18 27 42 22 47 3 48 1 16 39 45 31 2 41 37 33 6 24 7 29 25 40 50 8 5 13 21 23 32
ERROR
ERROR
ERROR
33 48 32 23 21 13 5 8 50 40 25 29 7 24 6 37 41 2 31 45 39 16 1 43 3 47 22 42 27 18 49 9 28
ERROR
ERROR
ERROR
ERROR
ERROR
ERROR
ERROR
ERROR
ERROR
ERROR
ERROR
ERROR
ERROR
ERROR
ERROR
11 2 28 19 9 49 18 27 42 22 47 3 43 15 1 39 45 17 41 37 6 24 7 29 40 50 5 48 23 32 33 16 31 13 25
11 2 28 19 9 49 18 27 42 22 47 3 43 15 1 39 45 17 41 37 20 6 24 7 29 40 50 5 48 23 32 35 33 16 31 13 25 44
ERROR
ERROR
ERROR
ERROR
45 11 2 28 19 9 49 18 27 42 22 47 3 43 15 1 39 17 41 37 20 6 24 7 29 40 50 5 48 23 32 35 38 33 16 31 13 25 44 34
ERROR
ERROR
ERROR
ERROR
37 34 44 25 13 31 16 33 38 35 32 23 48 5 50 40 29 7 24 6 20 41 17 39 1 15 43 3 47 22 42 27 18 49 9 19 28 2 11 45 10
ERROR
ERROR
ERROR
ERROR
ERROR
ERROR
ERROR
16 10 45 11 2 28 19 9 49 18 27 42 22 47 3 43 15 1 39 17 41 20 6 7 40 50 5 48 23 32 35 38 33 31 13 25 44 34 37
ERROR
ERROR
2 14 37 34 44 25 13 31 33 38 35 32 23 48 5 50 40 7 6 20 41 17 39 1 15 43 3 47 22 42 27 18 49 19 28 11 45 10 16
ERROR
ERROR
48 21 16 10 45 11 28 19 49 18 27 42 22 47 3 43 15 1 39 17 41 20 6 7 40 50 5 23 32 35 38 33 31 13 25 44 34 37 8 14 2 9 30
48 21 16 10 45 11 28 19 49 18 27 42 22 47 3 43 15 1 39 17 41 20 6 7 40 50 5 23 32 35 38 33 31 13 25 44 34 37 8 14 2 9 30
ERROR
ERROR
ERROR
ERROR
ERROR
ERROR
ERROR
ERROR
ERROR
ERROR
9 27 48 16 10 11 28 19 49 18 42 47 3 43 15 1 39 17 29 41 20 6 7 40 50 5 23 32 35 38 33 21 13 25 44 34 37 8 14 2 30
ERROR
ERROR
9 27 16 10 11 28 19 49 18 42 47 3 43 15 1 39 17 29 41 20 6 7 40 5 23 32 35 36 38 33 21 13 25 44 34 37 8 14 30
ERROR
ERROR
9 27 16 10 11 28 19 49 18 42 47 3 43 15 1 39 17 29 41 20 6 7 40 5 23 32 35 36 38 33 21 13 25 44 34 37 8 14 30
ERROR
ERROR
ERROR
ERROR
ERROR
ERROR
9 27 16 10 11 19 49 18 42 47 3 43 15 1 39 17 29 41 20 6 7 40 5 23 32 35 36 38 33 21 13 25 34 37 8 14 30 24
ERROR
ERROR
9 27 16 10 11 19 49 18 42 47 3 43 15 1 39 17 29 41 20 6 7 40 5 23 32 35 36 38 33 21 13 25 34 37 8 14 30 24
ERROR
ERROR
ERROR
ERROR
ERROR
ERROR
ERROR
ERROR
19 9 27 16 10 11 49 18 42 47 3 43 15 1 23 39 17 29 41 20 6 7 40 5 32 38 33 21 13 25 34 37 8 14 30 24 31 44 48
48 44 31 24 30 14 8 37 34 25 13 21 33 38 32 5 40 7 6 20 41 29 17 39 23 1 15 43 3 47 42 18 49 11 10 16 27 9 19
ERROR
48 44 31 24 30 14 8 37 34 25 13 21 33 38 32 5 40 7 6 20 41 29 17 39 23 1 15 43 3 47 42 18 49 11 10 16 27 9 19
48 44 31 24 30 14 8 37 34 25 13 21 33 38 32 5 40 7 6 20 41 29 17 39 23 15 43 3 47 42 18 49 11 10 16 27 9 19
ERROR
ERROR
ERROR
ERROR
30 21 19 9 27 16 10 11 49 18 47 43 15 23 39 17 29 41 20 7 40 5 32 45 33 25 34 37 14 31 44 48 6 13 24 42 38 35
ERROR
ERROR
ERROR
ERROR
ERROR
19 9 37 30 27 16 10 11 49 18 47 43 15 23 39 17 29 41 20 26 7 40 5 32 45 33 25 34 14 31 44 48 6 13 24 38 35
19 9 37 30 27 16 10 11 49 18 47 43 15 23 39 17 29 41 20 26 7 40 5 32 45 33 25 34 14 31 44 48 6 13 24 38 35
ERROR
ERROR
ERROR
ERROR
ERROR
ERROR
ERROR
ERROR
ERROR
ERROR
45 26 35 38 24 13 48 44 31 14 34 25 33 46 32 5 40 7 20 41 29 17 39 23 15 43 18 49 11 10 16 27 30 9 19 37
37 19 9 30 27 16 10 11 49 18 43 15 23 39 17 29 41 20 7 40 5 32 46 33 25 34 14 31 44 48 13 24 38 35 26 45 21
ERROR
ERROR
ERROR
ERROR
40 47 21 45 26 35 38 24 13 48 44 31 14 34 25 33 12 46 32 5 20 41 29 17 39 23 15 43 18 49 11 10 16 27 30 9 37 19
ERROR
