ERROR
ERROR
ERROR
389 949 355 883 577 381 484
389 949 355 883 577 66 133 381 484 120 228 946 744
ERROR
ERROR
ERROR
ERROR
ERROR
ERROR
ERROR
ERROR
ERROR
ERROR
77 447 640 198 8 331 486 724 796 936 105 389 451 599 949 65 355 577 612 66 133 381 484 120 135 659 228 946 444 79 594 744 38 67 433 853 975 498 126 175 276 644 622 566 739 231 456 511 688 387 277 488 600
126 437 600 488 277 387 688 511 456 231 739 566 622 644 276 175 498 975 853 433 67 38 744 594 79 444 946 228 659 135 120 484 381 133 66 612 577 355 65 949 599 451 389 105 936 796 724 486 331 8 198 640 447 77 832 779
ERROR
451 126 437 600 488 277 387 688 511 710 456 231 739 566 622 644 276 175 498 975 853 433 67 38 744 594 79 444 946 228 659 135 120 484 381 133 66 612 577 188 355 65 949 599 389 105 936 796 724 317 486 331 8 198 640 447 77 832 310 779 496 56 61
ERROR
456 61 56 496 779 310 832 77 447 640 198 8 331 486 317 724 657 796 936 105 389 599 949 65 355 188 577 612 66 133 381 484 120 135 659 228 946 444 79 594 744 38 67 433 853 975 498 175 276 644 622 566 739 231 710 511 688 387 277 488 600 437 126 451
ERROR
ERROR
276 133 374 456 61 56 496 779 310 804 832 77 447 640 198 8 331 486 317 724 657 796 936 105 389 599 949 65 355 188 577 612 66 381 484 120 135 659 228 946 444 79 594 744 38 67 433 529 853 975 498 225 175 644 622 566 739 231 710 511 688 387 277 488 600 437 126 451 350 469 45
ERROR
600 276 133 374 456 61 56 496 779 310 804 832 77 447 640 198 8 72 331 486 317 724 657 796 936 105 389 599 949 65 355 188 577 612 66 381 484 120 135 659 228 946 444 79 594 744 38 67 433 529 853 975 498 225 175 644 622 566 739 231 710 511 688 387 277 488 437 126 451 350 469 45 820 238 211
ERROR
ERROR
ERROR
ERROR
ERROR
277 72 518 214 98 211 238 820 45 469 350 451 126 437 488 387 688 511 710 231 739 912 566 622 644 175 225 975 853 529 433 67 38 744 594 79 444 946 228 659 135 120 484 381 66 612 577 188 355 65 949 599 389 105 936 796 657 724 317 486 331 8 198 640 447 77 832 804 310 779 496 56 61 456 374 133 276 600 631 340 32
277 72 518 214 98 211 238 820 45 469 350 451 126 437 488 387 688 511 710 231 739 912 566 622 644 175 225 975 853 529 433 67 38 744 594 79 444 946 228 659 135 120 484 381 66 612 577 188 355 65 949 599 389 105 936 796 657 724 317 486 331 8 198 640 447 77 832 804 310 779 496 56 61 456 374 133 276 600 631 340 32
277 72 518 214 98 211 238 820 45 469 350 451 126 437 488 387 688 511 710 231 739 912 566 622 644 175 225 975 853 529 33 433 67 38 744 594 79 444 946 228 659 135 120 484 381 66 612 577 188 355 65 949 599 389 105 936 796 657 724 317 486 331 8 198 640 447 77 832 804 310 779 496 56 61 456 374 133 276 600 631 340 32 819
ERROR
ERROR
ERROR
ERROR
ERROR
518 574 21 933 813 995 26 167 539 812 52 819 32 340 631 600 276 133 206 456 61 56 496 233 779 310 804 832 358 77 447 640 198 8 331 486 633 724 657 796 936 105 389 599 949 65 355 188 577 612 66 334 381 484 120 659 228 946 444 79 594 744 38 751 67 433 717 33 529 853 975 225 175 644 622 566 912 739 231 710 511 688 387 488 437 451 350 469 63 45 820 238 211 98 214 72 277 135 419 173
ERROR
ERROR
ERROR
ERROR
ERROR
ERROR
ERROR
ERROR
ERROR
ERROR
500 1000 224 438 603 826 112 923 983 623 963 248 428 753 592 939 173 419 135 277 72 214 98 716 211 238 820 45 63 469 451 437 488 387 688 511 710 231 739 912 566 622 644 175 225 975 853 529 33 717 433 767 67 751 712 38 79 444 946 228 659 120 484 381 334 454 612 577 188 355 65 949 599 389 105 936 796 657 724 633 486 8 198 640 447 77 832 804 310 779 233 496 56 61 456 206 133 276 600 631 340 32 819 52 812 167 26 995 813 933 21 574 518 358 331 744
500 1000 224 438 603 826 112 923 983 623 963 248 428 753 592 939 173 419 135 277 72 214 98 716 211 238 820 45 63 469 451 437 488 387 688 511 710 231 739 912 566 622 644 175 225 975 853 529 33 717 433 767 67 751 712 38 79 444 946 228 659 120 556 484 381 334 454 612 577 188 355 65 949 599 389 105 936 796 657 724 633 486 8 198 447 77 832 804 310 779 233 496 56 61 456 206 133 276 600 631 340 32 819 52 812 167 26 995 813 933 21 574 518 358 331 744
500 1000 224 438 603 826 112 923 983 623 963 248 428 753 592 939 173 419 135 277 72 214 98 716 211 238 820 45 312 63 469 451 437 488 387 688 511 710 231 739 912 566 622 644 175 225 975 853 529 33 717 433 767 67 751 712 38 79 444 946 228 659 120 556 484 381 334 454 612 577 188 355 65 949 599 389 105 936 796 657 724 633 486 8 198 447 77 832 804 310 648 779 233 496 56 61 456 206 133 276 986 600 631 340 32 819 52 812 167 26 995 813 933 21 574 518 358 331 744
ERROR
ERROR
ERROR
ERROR
ERROR
ERROR
ERROR
717 331 631 383 744 910 358 518 574 21 933 813 995 415 26 167 812 52 819 32 340 600 986 276 133 206 456 439 61 56 496 233 779 648 310 804 561 832 77 447 198 486 633 724 657 796 936 105 389 599 949 65 355 188 577 612 454 334 381 484 556 120 659 242 702 228 946 573 444 79 38 712 751 67 767 433 33 529 853 975 225 175 644 622 566 912 739 231 710 511 688 387 488 437 451 469 63 312 45 820 238 211 716 98 207 214 72 277 135 419 514 173 939 592 753 428 248 963 623 983 923 112 826 402 680 603 438 224 1000 500 343 579 626 498 651 493 647
ERROR
ERROR
717 331 631 383 744 910 358 518 574 21 933 813 995 415 26 167 812 52 819 32 340 600 986 276 133 206 456 439 61 56 496 233 779 648 310 804 561 832 77 447 198 486 633 724 657 796 936 105 389 599 949 65 355 188 577 612 454 334 381 484 556 120 659 242 702 228 946 573 444 79 38 712 751 67 767 433 33 529 853 975 225 175 644 622 566 912 739 231 710 511 688 387 488 437 451 469 63 312 45 820 238 211 716 98 207 214 72 277 135 419 514 173 939 592 753 428 248 963 623 983 923 112 826 402 680 603 438 224 1000 500 343 579 626 498 651 493 647 920 746
ERROR
ERROR
577 281 746 920 647 493 651 498 626 579 343 500 1000 224 438 603 680 402 826 112 923 983 623 963 248 428 753 592 939 173 514 419 135 277 72 214 207 98 716 211 238 820 45 312 63 469 451 437 488 387 688 511 710 231 739 912 566 622 644 175 225 853 529 33 433 767 67 751 712 38 79 444 573 946 228 702 242 659 120 556 484 381 334 454 612 188 355 65 949 599 389 105 936 796 657 724 633 486 198 447 77 832 561 804 310 648 779 233 496 56 61 439 456 206 133 276 986 600 340 32 819 52 812 167 26 415 995 813 933 21 574 518 358 910 744 383 631 331 717 975 262 284 980
ERROR
ERROR
ERROR
82 57 565 24 810 980 284 262 975 717 331 631 383 744 910 358 518 574 21 933 813 995 415 26 167 812 52 819 32 340 600 986 276 133 206 439 61 56 496 233 779 648 310 804 561 832 77 447 198 486 633 724 657 796 936 105 389 599 949 65 355 188 612 454 334 381 484 556 120 659 242 702 228 946 573 444 79 38 712 751 67 767 433 33 529 853 225 175 644 622 566 912 739 231 710 511 688 387 488 437 451 469 63 312 45 820 238 211 716 98 207 214 72 277 135 347 419 514 173 939 592 753 428 248 963 623 983 923 112 826 402 680 603 438 224 1000 500 343 579 626 498 651 493 647 920 746 281 577 456 695
ERROR
405 695 456 577 281 920 647 493 651 498 626 579 343 500 1000 224 438 603 680 402 826 112 923 983 623 963 248 428 753 592 939 173 514 419 347 135 277 72 214 207 98 716 211 238 820 45 312 63 469 451 437 488 387 688 511 710 231 739 912 566 622 644 175 225 853 529 33 433 767 67 751 712 38 79 444 573 946 228 702 242 659 120 556 484 381 334 454 612 188 355 65 949 599 389 105 936 796 657 724 633 486 198 447 77 832 561 804 310 648 779 233 56 61 439 206 133 276 986 600 340 32 819 52 812 167 26 415 995 813 933 668 21 574 518 358 910 744 383 631 331 717 975 262 284 980 810 24 565 57 82 496
405 695 456 577 281 920 647 493 651 498 626 579 343 500 1000 224 438 603 680 402 826 112 923 983 623 963 248 428 753 592 939 173 514 419 347 135 277 72 214 207 98 716 211 238 820 45 312 63 469 451 437 488 387 688 511 710 231 739 912 566 622 644 175 225 853 529 33 433 767 67 751 712 38 79 444 573 946 228 702 242 659 120 556 484 381 334 454 612 188 355 65 949 599 389 105 936 796 657 724 633 486 198 447 77 832 561 804 310 648 779 233 56 61 439 206 133 276 986 600 340 32 819 52 812 167 26 415 995 813 933 668 21 574 518 358 910 744 383 631 331 717 975 262 284 980 810 24 565 57 82 496
ERROR
498 405 695 456 577 281 920 647 493 651 626 579 343 500 1000 224 438 603 680 402 826 112 923 983 623 963 248 428 753 592 939 173 514 419 347 135 277 72 214 207 98 716 211 238 820 45 312 63 469 451 437 488 387 688 511 710 231 739 912 566 622 644 175 225 853 529 33 433 767 67 751 712 38 79 444 573 946 228 702 242 659 120 556 484 381 334 454 612 188 355 65 949 599 389 105 936 796 657 724 633 486 198 447 77 832 561 804 310 648 779 233 56 61 439 206 133 276 986 600 340 32 819 52 812 167 26 415 995 813 933 668 21 574 518 358 910 744 383 631 331 717 975 262 284 980 810 24 565 57 82 496
835 496 82 57 565 24 810 980 284 262 975 717 331 631 383 744 910 358 518 574 21 668 933 813 995 415 26 167 812 52 819 32 340 600 986 276 777 206 439 61 56 233 779 648 310 804 561 832 77 447 198 486 633 724 657 796 936 105 389 599 949 65 355 188 612 454 334 381 484 556 120 659 242 702 228 946 573 444 79 38 712 751 67 767 433 33 529 853 225 175 644 622 566 912 739 231 710 511 688 387 488 437 451 469 63 312 45 820 238 211 716 98 207 214 72 277 135 347 419 514 173 939 592 753 428 248 963 623 983 923 112 826 402 680 603 438 224 1000 500 343 579 626 651 493 647 920 281 577 456 695 405 498 133
ERROR
835 496 82 57 565 24 810 980 284 262 975 717 331 631 383 744 910 358 518 574 21 668 933 813 995 415 26 167 812 52 819 32 340 600 986 276 777 206 439 61 56 233 779 648 310 804 561 832 77 447 198 486 633 724 657 796 936 105 389 599 949 65 355 188 612 454 334 381 90 484 556 120 659 242 702 228 946 573 444 79 38 712 751 67 767 433 33 529 853 225 175 644 622 566 912 739 231 710 511 688 387 488 437 451 469 63 312 45 820 238 211 716 98 207 214 72 277 135 347 419 514 173 939 592 753 428 248 963 623 983 923 112 826 402 680 603 438 224 1000 500 343 579 626 651 758 493 647 920 281 577 456 695 405 498 133 889
835 496 82 57 565 24 810 980 284 262 975 717 331 631 383 744 910 358 518 574 21 668 933 813 995 415 26 167 812 52 819 32 340 600 986 276 777 206 439 61 56 233 779 648 310 804 561 832 77 447 198 486 633 724 657 796 936 105 389 599 949 65 355 188 612 454 334 381 90 484 556 120 659 242 702 228 946 573 444 79 38 712 751 67 767 433 33 529 853 225 175 644 622 566 912 739 231 710 511 688 387 488 437 451 469 63 312 45 820 238 211 716 98 207 214 72 277 135 347 419 514 173 939 592 753 428 248 963 623 983 923 112 826 402 680 603 438 224 1000 500 343 579 626 651 758 493 647 920 281 577 456 695 405 498 133 889 649
ERROR
ERROR
ERROR
184 169 874 311 649 889 133 498 405 695 456 577 281 920 647 493 758 651 626 579 343 500 1000 224 438 603 680 402 826 112 923 983 623 963 915 248 428 753 592 939 173 514 419 347 135 277 72 214 207 98 716 211 238 820 45 312 63 469 451 437 488 688 511 710 231 739 912 566 622 644 175 225 853 529 33 737 433 767 67 751 712 38 79 444 573 946 228 702 242 659 120 556 484 90 381 334 454 612 188 355 65 949 599 389 105 936 796 657 724 633 486 198 447 77 832 561 804 310 648 779 233 56 61 439 206 777 276 986 600 340 32 819 809 52 812 167 26 415 995 813 933 668 21 574 518 358 910 744 383 631 331 717 975 262 284 980 810 24 565 57 82 496 835 541 283 741
ERROR
ERROR
741 283 541 835 496 82 57 565 24 810 980 284 262 975 717 331 631 383 744 910 358 518 574 21 668 933 813 995 415 26 167 812 52 809 819 32 340 600 986 276 777 206 439 61 56 233 779 648 310 804 561 832 77 447 198 486 793 633 724 657 796 936 105 389 599 949 65 355 188 612 454 334 381 90 484 556 120 659 242 702 228 946 573 444 79 38 712 751 67 767 433 737 33 529 853 225 175 644 622 566 912 739 231 710 511 688 488 437 451 469 63 312 45 820 238 211 716 98 207 214 72 277 135 347 419 514 173 939 592 753 428 248 915 963 623 983 923 112 826 402 680 603 438 224 1000 500 343 579 626 651 758 493 647 920 281 577 695 405 498 133 889 649 311 874 169 184 456 840
ERROR
ERROR
ERROR
ERROR
ERROR
ERROR
ERROR
657 832 79 949 42 424 864 639 530 840 456 184 169 874 311 649 889 133 498 405 695 577 281 920 647 493 758 651 626 579 343 500 1000 224 438 603 680 402 826 112 923 983 623 963 915 248 428 753 592 255 939 173 514 419 347 135 277 72 214 207 98 716 211 238 820 45 312 63 469 451 437 488 688 511 710 231 739 912 566 622 644 175 225 853 529 33 737 433 767 67 751 712 38 444 573 946 228 702 242 659 120 556 484 90 381 334 454 612 188 355 65 599 389 105 936 796 724 633 793 486 198 447 77 561 804 310 984 648 779 233 56 61 439 206 777 276 986 600 340 32 819 809 52 812 167 26 415 995 813 933 668 21 574 518 358 910 744 383 631 331 717 975 262 284 980 810 24 565 57 82 496 835 541 283 741 974 441 142 821 249 778 781 661 150
ERROR
ERROR
633 980 657 903 832 79 949 42 424 864 639 530 840 456 184 169 874 311 649 889 133 498 405 695 577 281 920 647 493 758 651 626 579 343 500 1000 224 438 603 680 402 826 112 923 983 623 963 915 248 428 753 592 255 939 173 514 419 347 135 277 72 214 207 98 716 211 238 820 45 312 63 469 451 437 488 688 511 710 231 739 912 566 622 644 175 225 853 529 33 737 433 767 67 712 38 444 573 946 228 702 242 659 120 556 484 90 381 334 454 612 188 355 65 599 105 936 796 724 793 486 198 447 77 561 804 310 984 648 779 233 56 61 439 206 777 276 986 600 340 32 819 809 52 812 167 26 415 995 813 933 668 21 574 518 358 910 744 383 631 331 717 975 262 284 810 24 565 57 82 496 835 541 283 741 974 142 821 249 778 781 661 150 811 5 827 878 534
ERROR
286 534 878 827 5 811 150 661 781 778 249 821 142 974 741 283 541 835 496 82 57 565 24 810 284 262 975 717 331 631 383 744 910 358 518 574 21 668 933 813 995 415 26 167 812 52 809 819 32 340 600 986 276 777 206 439 61 56 233 779 648 984 310 804 561 77 447 198 486 793 796 936 105 599 65 355 188 612 454 334 381 90 484 556 120 659 242 702 228 946 573 444 38 712 67 767 433 737 33 529 853 225 175 644 622 566 912 739 231 710 511 688 488 437 451 469 63 312 45 820 238 211 716 98 207 214 72 277 135 347 419 514 173 939 255 592 753 428 248 915 963 623 983 923 112 826 402 680 603 438 224 1000 500 343 579 626 651 758 493 647 920 281 577 695 405 498 133 889 649 311 874 169 184 456 840 530 639 864 424 42 949 79 832 903 657 980 633 724
ERROR
ERROR
ERROR
ERROR
ERROR
ERROR
ERROR
ERROR
ERROR
ERROR
ERROR
ERROR
383 943 397 746 370 791 301 724 633 980 657 903 832 79 949 42 424 864 639 530 840 456 184 169 874 311 649 889 133 498 405 695 577 281 920 647 493 758 651 626 579 343 500 1000 224 438 603 680 402 826 112 923 983 623 963 915 248 428 753 592 255 939 173 514 419 430 347 135 277 72 214 455 483 207 98 716 211 238 820 312 63 948 469 451 437 488 688 511 710 231 739 912 566 622 644 175 225 853 529 33 737 433 767 712 38 444 573 946 228 702 242 659 120 556 484 90 381 334 454 612 188 355 65 599 105 936 796 102 793 486 198 447 77 561 977 804 310 984 648 779 233 56 61 439 206 777 276 986 600 340 32 819 809 52 812 167 26 119 415 995 813 933 668 21 574 518 358 910 744 631 331 717 975 262 284 810 24 565 57 82 496 835 541 283 741 142 821 249 778 781 661 150 811 5 827 878 534 286 67 904 426 95 237 287 479 261
52 630 261 479 287 237 95 426 904 67 286 534 878 827 5 811 150 661 781 778 249 821 142 741 283 541 835 496 82 57 565 24 810 284 262 975 717 331 631 744 910 358 518 574 21 668 933 813 995 415 119 26 167 812 809 819 32 340 600 986 276 777 206 439 61 56 233 779 648 984 310 804 977 561 77 447 198 486 793 102 796 936 105 599 65 355 188 612 221 454 334 381 90 484 556 120 659 242 702 228 946 573 444 38 712 767 433 737 33 529 853 225 175 644 622 566 912 739 231 710 511 688 488 437 451 469 948 63 607 312 820 238 211 716 98 207 483 455 214 72 277 135 347 430 419 514 173 939 255 592 753 428 248 915 963 623 983 923 112 826 402 680 603 438 224 1000 500 343 579 626 651 758 493 647 920 281 577 695 405 498 133 889 649 311 874 169 184 456 840 530 639 864 424 42 949 79 832 903 657 980 633 724 301 791 370 746 397 943 383
ERROR
ERROR
ERROR
ERROR
ERROR
ERROR
52 630 261 479 287 237 95 426 904 67 286 534 878 5 811 150 661 781 778 249 821 142 741 283 541 835 496 82 57 565 24 810 284 262 975 717 331 631 744 910 358 518 574 21 668 933 813 995 415 119 26 183 167 812 809 819 32 340 600 986 276 777 206 439 61 56 233 779 648 984 310 804 977 561 77 447 198 486 793 102 796 936 105 599 65 355 188 612 221 454 640 334 381 90 484 556 120 659 242 702 228 946 573 444 38 712 767 433 737 33 529 853 225 175 644 622 566 912 739 231 710 511 688 488 437 451 469 948 63 607 312 820 238 211 716 98 207 483 455 386 214 72 277 135 347 430 419 514 173 939 255 592 753 428 248 915 963 623 983 923 112 826 402 680 603 438 224 48 1000 500 343 579 626 795 651 758 493 647 920 281 577 695 405 498 133 889 649 311 874 169 184 456 840 530 639 864 424 42 949 79 832 903 657 980 16 633 302 724 164 791 370 746 397 943 383 896 147 773 848 924 359 448 927
52 630 261 479 287 237 95 426 904 67 286 534 878 5 811 150 661 781 778 249 821 142 741 283 541 835 496 82 57 565 24 810 284 262 975 717 331 631 744 910 358 518 574 21 668 933 813 995 415 119 26 183 167 812 809 819 32 340 600 986 276 777 206 439 61 56 233 779 648 984 310 804 977 561 77 447 198 486 793 102 796 936 105 599 65 355 188 612 221 454 640 334 381 90 484 556 120 659 242 702 228 946 573 444 38 712 767 433 737 33 529 853 225 175 644 622 566 912 739 231 710 511 688 488 437 451 469 948 63 607 312 820 238 211 716 98 207 483 455 386 214 72 277 135 347 430 419 514 173 939 255 592 753 428 248 915 963 623 983 923 112 826 402 680 603 438 224 48 1000 500 343 579 626 795 651 758 493 647 920 281 577 695 405 498 133 889 649 311 874 169 184 456 840 530 639 864 424 42 949 79 832 903 657 980 16 633 302 724 164 791 370 746 397 943 383 896 147 773 848 924 359 448 927
ERROR
ERROR
ERROR
ERROR
ERROR
ERROR
ERROR
ERROR
ERROR
ERROR
927 451 599 753 61 500 607 355 864 729 448 359 924 848 773 147 896 383 943 397 746 735 370 791 164 724 727 302 633 16 980 903 832 79 949 42 424 639 530 840 456 184 916 169 874 311 649 889 133 498 405 695 577 281 920 647 493 758 651 795 626 579 343 1000 48 224 438 603 680 402 826 112 923 983 623 963 915 248 428 247 592 255 173 514 230 591 419 430 347 135 277 72 214 386 455 483 207 98 716 211 238 820 312 63 948 469 437 488 688 511 710 231 739 912 566 622 644 175 225 853 529 33 737 433 6 767 712 38 444 573 946 228 702 242 659 120 556 484 90 381 334 640 454 221 612 188 65 105 936 796 102 793 486 198 768 447 77 561 977 804 310 984 648 779 233 56 439 206 777 276 986 600 340 32 819 809 812 167 183 26 897 119 415 995 813 933 668 21 574 518 358 910 744 631 331 717 975 262 284 810 24 565 57 82 496 835 541 283 741 142 821 249 778 781 661 150 811 5 878 534 286 67 904 426 95 662 237 287 479 261 630 52 950 442 234 470 138 722 274 257 315 308 364
ERROR
ERROR
592 119 809 437 927 451 599 753 61 500 607 355 864 729 448 359 924 848 773 147 896 383 943 397 746 735 370 791 164 724 727 302 633 16 980 903 832 79 949 42 424 639 530 840 456 184 916 169 874 311 649 889 133 498 405 695 577 281 920 647 493 758 651 795 626 579 343 1000 48 224 438 603 680 402 826 112 923 983 623 963 915 248 428 247 255 173 514 230 591 419 430 347 135 277 72 214 386 455 207 98 716 211 238 820 312 63 948 469 488 688 511 710 231 739 912 566 622 644 175 225 853 529 33 737 433 6 767 712 38 444 573 946 228 702 242 659 682 120 556 484 90 381 334 640 454 221 612 188 914 65 105 936 796 102 793 486 198 768 447 77 561 977 804 310 984 648 779 233 56 439 206 777 276 986 600 340 32 819 812 167 183 26 897 415 995 813 933 668 21 574 518 358 910 744 631 331 717 975 262 284 810 24 565 57 82 496 835 541 283 741 142 821 249 778 781 661 150 811 5 878 534 286 67 904 426 95 662 237 287 479 261 630 52 950 442 234 470 138 722 274 257 315 308 364 815 634 461
461 634 815 364 308 315 257 274 722 138 470 234 442 950 52 630 261 479 287 237 662 95 426 904 67 286 534 878 5 811 150 661 781 778 249 821 142 741 283 541 835 496 82 57 565 24 810 284 262 975 717 331 631 744 910 358 518 574 21 668 933 813 995 415 897 26 183 167 812 819 32 340 600 986 276 777 206 439 56 233 779 648 984 310 804 977 561 77 447 768 198 486 793 102 796 936 105 65 914 188 612 221 454 640 334 381 90 484 556 120 682 659 242 702 228 946 573 444 38 712 767 6 433 737 33 529 853 225 175 644 622 566 912 739 231 710 511 688 488 469 948 63 312 820 238 211 716 98 207 455 386 214 72 277 135 347 430 419 591 230 514 173 255 247 428 248 915 963 623 983 923 112 826 402 680 603 438 224 48 1000 343 579 626 795 651 758 493 647 920 281 577 695 405 498 133 889 649 311 874 169 916 184 456 840 530 639 424 42 949 79 832 903 980 16 633 302 727 724 164 791 370 735 746 397 943 383 896 147 773 848 924 359 448 729 864 355 607 500 61 753 599 451 927 437 809 119 592
461 634 815 364 308 315 257 274 722 138 470 234 442 950 52 630 261 479 287 237 662 95 426 904 67 286 534 878 5 811 150 661 781 778 249 821 142 741 283 541 835 496 82 57 565 24 810 284 262 975 717 331 631 744 910 358 518 574 21 668 933 813 995 415 897 26 183 167 812 819 32 340 600 986 276 777 206 113 439 56 233 779 648 984 310 804 977 561 77 447 768 198 486 793 102 796 936 105 65 914 188 612 221 454 640 334 381 90 484 556 120 682 659 242 702 228 946 573 444 38 712 767 6 433 737 33 529 853 225 175 644 622 566 912 739 231 710 511 688 488 469 948 63 312 820 238 211 716 98 207 455 386 214 72 277 135 347 430 419 591 230 514 173 255 247 428 248 915 963 623 983 923 112 826 402 680 603 438 224 48 1000 343 579 626 795 651 758 493 647 920 281 577 695 405 498 133 889 649 311 874 169 916 184 456 840 530 639 424 42 949 79 832 903 980 16 633 302 727 724 164 791 370 735 746 397 943 383 896 147 773 848 924 359 448 729 864 355 607 500 61 753 599 451 927 437 809 119 592 296
ERROR
ERROR
ERROR
ERROR
ERROR
ERROR
ERROR
ERROR
ERROR
ERROR
ERROR
ERROR
ERROR
ERROR
ERROR
ERROR
ERROR
ERROR
ERROR
ERROR
ERROR
ERROR
ERROR
276 245 958 466 253 999 998 570 431 244 508 791 48 429 355 461 634 815 364 308 315 257 274 722 138 470 234 442 950 52 261 479 287 237 662 95 426 904 67 286 534 878 5 811 150 661 781 778 249 821 142 741 283 541 835 496 82 57 565 24 810 284 262 331 631 744 910 358 518 574 21 668 933 813 995 415 897 26 183 167 812 819 32 340 986 220 777 206 974 113 439 56 233 779 648 984 310 804 480 977 561 77 447 768 198 486 793 102 796 936 105 65 914 188 612 221 454 640 334 381 90 484 556 120 682 659 242 702 228 946 573 444 38 712 767 588 6 433 737 33 529 853 175 644 622 566 739 509 231 710 511 688 488 842 469 948 63 312 820 238 60 211 716 98 207 455 386 214 72 277 135 347 430 419 591 230 514 173 255 247 428 248 915 963 623 983 923 112 826 402 680 603 438 224 1000 343 579 626 795 651 493 647 920 281 577 695 405 498 889 649 311 874 169 916 184 456 840 530 639 424 42 949 79 684 832 903 980 16 633 302 727 724 164 370 735 746 397 943 383 896 147 773 848 924 726 359 764 729 864 607 500 61 753 599 927 437 809 119 592 296 389 528 780 55 216 501 879 643 451 557 531 717 975 600 758 225 912 448 630 568
ERROR
ERROR
ERROR
ERROR
ERROR
ERROR
ERROR
451 465 568 630 448 912 225 758 600 975 717 531 557 643 879 501 216 55 780 528 389 296 592 119 809 437 927 599 753 61 500 607 864 729 764 359 726 924 848 773 147 896 383 943 397 746 735 370 164 724 727 302 633 16 980 903 832 684 79 949 42 424 209 639 530 840 456 184 916 169 874 311 12 649 889 498 405 695 577 281 920 647 493 651 795 626 769 579 343 1000 224 438 603 680 402 826 112 923 983 623 963 915 248 428 247 255 173 514 230 591 419 430 347 135 277 72 214 386 455 207 98 716 211 60 238 820 312 63 948 469 842 488 688 511 710 231 509 739 566 622 644 175 853 529 33 737 433 6 588 767 712 38 692 444 573 946 228 702 242 608 659 682 120 556 484 90 381 334 640 454 221 612 188 914 65 105 936 796 102 793 486 198 768 447 77 561 977 480 804 310 984 648 779 233 56 439 113 974 206 777 220 986 340 32 819 812 167 183 26 897 415 995 813 933 668 21 574 518 358 910 744 631 331 262 284 810 24 565 57 82 496 835 541 283 741 142 821 249 778 781 661 150 366 811 5 878 534 286 67 904 426 95 662 237 287 479 261 52 950 442 234 470 138 722 274 257 315 308 364 815 634 461 355 429 48 791 508 244 431 570 998 999 253 466 958 245 535 276 763 391 955
ERROR
ERROR
ERROR
ERROR
426 268 955 391 763 276 535 245 958 466 253 999 998 570 431 244 508 791 48 429 355 461 634 815 364 308 315 257 274 722 138 470 234 442 950 52 261 479 287 237 662 95 904 67 286 534 878 5 811 366 150 661 781 778 249 821 142 741 283 541 835 496 82 57 565 24 810 284 262 331 631 744 910 358 518 574 21 668 933 813 995 415 897 26 183 167 812 819 32 340 986 220 777 206 974 113 847 439 56 233 779 648 984 310 804 480 977 561 77 447 768 198 486 793 102 796 936 105 65 914 188 612 221 454 640 334 381 90 484 556 120 682 659 608 242 702 228 946 573 444 692 38 712 767 588 6 433 737 33 529 853 175 644 622 566 739 509 231 710 511 688 488 842 469 948 63 312 820 238 60 211 716 98 207 455 386 214 72 277 135 347 430 419 591 230 514 173 255 247 428 248 915 963 623 983 923 112 826 402 680 603 438 224 1000 343 615 579 769 626 795 651 493 647 920 281 577 695 405 498 889 649 12 311 874 169 916 184 456 840 530 639 209 424 42 949 79 684 832 903 980 16 633 302 727 724 36 164 370 735 746 397 943 383 896 147 773 848 924 726 359 764 729 864 266 607 500 61 753 599 927 437 119 592 296 389 528 780 55 216 501 879 643 557 531 717 975 600 758 225 912 448 630 568 465 451 239 29 595
ERROR
426 268 955 391 763 276 535 245 958 466 253 999 998 570 431 244 508 791 48 429 355 461 634 815 364 308 315 257 274 722 138 470 234 442 950 52 261 479 287 237 662 95 904 67 286 534 878 5 811 366 150 661 781 778 249 821 142 741 283 541 835 496 82 57 565 24 810 284 262 331 631 744 910 358 518 574 21 668 933 813 995 415 897 26 183 167 812 819 32 340 986 220 777 206 974 113 847 439 56 233 779 648 984 310 804 480 977 561 77 447 768 198 486 793 102 796 936 105 65 914 188 612 221 454 640 334 381 90 484 556 120 682 659 608 242 702 228 946 573 444 692 38 712 767 588 6 433 737 33 529 853 175 644 622 566 739 509 231 710 511 688 488 842 469 948 63 312 820 238 60 211 716 98 207 455 386 214 72 277 135 347 430 419 591 230 514 173 255 247 428 248 915 963 623 983 923 112 826 402 680 603 438 224 1000 343 615 579 769 626 795 651 493 647 920 281 577 695 405 498 889 649 12 311 874 169 916 184 456 840 530 639 209 424 42 949 79 684 832 903 980 16 633 302 727 724 36 164 370 735 746 397 943 383 896 147 773 848 924 726 359 764 729 864 266 607 500 61 753 599 927 437 119 592 296 389 528 780 55 216 501 879 643 557 531 717 975 600 758 225 912 448 630 568 465 451 239 29 595 413 549
ERROR
ERROR
ERROR
ERROR
676 467 113 102 651 426 268 955 391 763 276 535 245 958 466 253 999 998 570 431 244 508 791 48 429 355 461 634 815 364 308 315 257 274 722 138 470 234 442 950 52 261 479 287 153 237 662 95 904 67 286 534 878 5 811 366 150 661 781 778 249 821 142 741 283 541 835 496 82 57 565 24 810 284 262 331 631 744 910 358 518 574 21 668 933 813 995 415 897 26 183 167 812 819 32 340 986 220 777 206 974 847 439 56 233 779 648 984 310 804 480 977 561 908 77 447 768 198 486 793 796 936 105 65 914 188 612 221 454 640 334 381 90 484 556 120 682 659 608 242 702 228 946 573 692 38 712 767 588 6 433 737 33 529 853 175 644 622 566 739 509 231 511 688 488 842 469 948 63 312 820 238 60 211 716 98 207 455 386 214 72 277 135 347 219 430 419 503 591 230 514 173 255 247 248 915 963 623 983 923 112 826 738 402 680 438 1000 343 615 579 769 626 795 493 647 920 281 577 695 405 498 889 649 12 311 874 169 916 184 456 840 530 639 209 424 42 949 79 684 832 903 980 16 633 302 727 724 36 164 370 735 746 397 943 383 896 147 773 848 924 726 359 764 729 864 266 607 500 61 753 599 927 437 119 592 296 389 528 780 55 216 501 879 643 557 531 717 975 600 758 225 912 448 630 568 465 451 239 29 595 413 549 540 288 801 603
ERROR
ERROR
ERROR
ERROR
ERROR
811 496 549 676 467 113 102 651 268 955 391 763 276 535 245 958 466 253 999 998 570 431 244 508 791 48 429 355 461 634 815 364 308 315 257 274 722 138 470 234 442 950 52 261 479 316 287 153 237 662 95 904 67 286 534 878 5 366 150 661 781 778 249 821 142 741 283 541 835 82 57 565 24 810 284 262 331 631 744 910 358 518 574 21 668 933 813 995 415 897 26 183 167 812 819 32 340 986 220 777 206 974 847 439 56 233 779 648 984 310 804 480 977 561 908 77 447 768 198 486 793 796 936 105 65 914 188 612 221 454 640 334 381 90 484 556 120 682 659 608 242 702 228 946 573 692 38 712 767 588 6 433 737 33 529 853 175 644 622 566 739 509 231 511 688 488 842 469 948 63 312 820 238 60 211 716 98 207 455 386 214 72 277 135 347 219 430 419 503 591 230 514 173 255 247 248 915 963 623 983 923 112 826 738 402 680 438 1000 343 615 579 769 626 795 493 647 920 281 577 695 405 498 889 649 12 311 874 169 916 184 456 840 530 639 209 424 42 949 79 684 832 903 980 16 633 302 727 724 36 164 370 735 746 397 943 383 896 147 773 848 924 726 449 359 764 729 864 266 607 500 61 753 599 927 437 119 592 296 389 528 780 55 216 501 879 643 557 531 717 975 600 758 225 912 448 630 568 465 451 239 29 595 413 540 288 801 603 754 860 585 422 705
ERROR
ERROR
84 705 422 585 860 754 603 801 288 540 413 595 29 239 451 465 568 630 448 912 225 758 600 975 717 531 557 643 879 501 216 55 780 528 389 296 592 119 437 927 599 753 61 500 607 266 864 729 764 359 449 726 924 848 773 147 896 383 943 397 746 735 370 164 36 724 727 302 633 16 980 903 832 684 79 949 42 424 209 639 530 840 456 184 916 169 874 311 12 649 889 498 405 695 577 281 920 647 493 795 626 769 579 615 343 1000 438 680 402 738 826 112 923 983 623 963 915 248 247 255 173 514 230 591 503 419 430 219 347 135 277 72 214 386 455 207 98 716 211 60 238 820 312 63 948 469 842 488 688 511 231 509 739 566 622 644 175 853 529 33 737 433 6 588 767 712 38 692 573 946 228 702 242 608 659 682 120 556 484 90 381 334 640 454 221 612 188 914 65 105 936 796 793 486 198 768 447 77 908 561 977 480 804 310 984 648 779 233 56 439 847 974 206 777 220 986 340 32 819 812 167 183 26 897 415 995 813 933 668 21 574 518 358 910 744 631 331 262 284 810 24 565 57 82 835 541 283 741 142 821 249 778 781 661 150 366 5 878 534 286 67 904 95 662 237 153 287 316 479 261 52 950 442 234 470 138 722 274 257 315 308 364 815 634 461 355 429 48 791 508 244 431 570 998 999 253 466 958 245 535 276 763 391 955 268 651 102 113 467 676 549 496 811 881
ERROR
ERROR
ERROR
ERROR
ERROR
ERROR
ERROR
ERROR
84 705 422 585 860 754 603 801 288 540 413 595 29 239 451 465 568 630 448 912 718 225 758 600 975 717 531 557 643 879 501 216 55 780 528 389 296 592 119 437 927 599 753 61 500 607 266 864 729 764 359 449 726 924 848 773 147 896 383 943 397 746 735 370 164 36 724 727 302 633 16 980 903 832 684 79 949 42 424 209 639 530 840 456 184 916 169 874 311 12 649 889 498 405 695 577 281 920 647 493 795 626 769 579 615 343 1000 438 680 402 738 826 112 923 983 623 963 915 248 247 255 173 514 230 591 503 419 430 219 347 135 277 72 214 386 455 207 98 716 211 60 238 820 312 63 948 469 842 488 688 511 231 509 739 566 622 644 175 853 529 33 737 433 6 588 767 712 38 692 573 946 228 702 242 608 659 682 120 556 484 90 381 334 640 454 221 612 188 914 65 105 936 796 793 486 198 768 447 77 908 561 977 480 804 310 984 648 779 233 56 439 847 974 206 777 220 986 340 32 819 812 167 183 26 897 415 995 813 933 668 21 574 518 358 910 744 631 331 262 284 810 24 565 57 82 835 541 283 741 142 821 249 778 781 661 150 366 5 878 534 286 67 904 95 662 237 153 287 316 479 261 52 950 442 234 470 138 722 274 257 315 308 364 815 634 461 355 429 48 791 508 244 431 570 998 999 253 466 958 245 535 276 763 391 955 268 651 102 113 467 676 549 496 811 881 679
84 705 422 585 860 754 603 801 288 540 413 595 29 239 451 465 568 630 448 912 718 225 758 600 975 717 531 557 643 879 501 216 55 780 528 389 296 592 119 437 927 599 753 61 500 607 266 864 729 764 359 449 726 924 848 773 147 896 383 943 397 746 735 370 164 36 724 727 302 633 16 980 903 832 684 79 949 42 424 209 639 530 840 456 184 916 169 874 311 12 649 889 498 405 695 577 281 920 647 493 795 626 769 579 615 343 1000 438 680 402 738 826 112 923 983 623 963 915 248 247 255 173 514 230 591 503 419 430 219 347 135 277 72 214 386 455 207 98 716 211 60 238 820 312 63 948 469 842 488 688 511 231 509 739 566 622 644 175 853 529 33 737 433 6 588 767 712 38 692 573 946 228 702 242 608 659 682 120 556 484 90 381 334 640 454 221 612 188 914 65 105 936 796 793 486 198 768 447 77 908 561 977 480 804 310 984 648 779 233 56 439 847 974 206 777 220 986 340 32 819 812 167 183 26 897 415 995 813 933 668 21 574 518 358 910 744 631 331 262 284 810 24 565 57 82 835 541 283 741 142 821 249 778 781 661 150 366 5 878 534 286 67 904 95 662 237 153 287 316 479 261 52 950 442 234 470 138 722 274 257 315 308 364 815 634 461 355 429 48 791 508 244 431 570 998 999 253 466 958 245 535 276 763 391 955 268 651 102 113 467 676 549 496 811 881 679 106
ERROR
ERROR
847 682 84 705 422 585 860 754 603 801 288 540 413 595 29 239 451 465 568 630 448 912 718 225 758 600 975 717 531 557 643 879 473 501 216 55 780 528 389 296 592 457 119 437 927 599 657 753 61 500 607 266 864 729 764 359 449 726 924 848 773 147 896 383 943 397 746 735 370 164 36 724 727 302 633 16 980 903 832 684 79 949 42 424 209 639 530 840 456 184 916 169 874 311 12 649 889 498 405 695 577 281 920 647 493 795 626 769 579 615 343 1000 438 680 402 738 826 112 923 983 623 963 915 248 247 255 173 514 230 591 503 419 430 219 347 135 277 72 214 386 455 207 98 716 211 60 238 820 312 63 948 469 842 488 688 511 231 509 739 566 622 644 175 853 529 33 737 433 6 588 767 712 38 692 573 946 228 702 242 608 659 120 556 484 90 381 334 640 454 221 612 188 914 65 105 936 796 793 486 198 768 447 908 561 977 480 804 310 984 648 779 233 56 439 974 206 777 220 986 340 32 819 812 167 183 26 897 415 995 813 933 668 21 574 518 358 910 744 631 331 262 284 810 24 565 57 82 835 541 283 741 142 821 249 778 781 294 661 150 366 5 878 534 286 67 904 95 662 237 153 287 316 479 261 52 950 442 234 470 138 722 274 257 315 308 364 815 634 461 355 429 48 791 508 244 431 570 998 999 253 466 958 245 535 276 763 391 955 268 651 102 113 467 676 549 496 811 881 679 106 50 893 669
ERROR
ERROR
ERROR
ERROR
ERROR
847 682 84 705 422 585 860 754 603 801 288 540 413 595 29 239 451 465 568 630 448 912 718 225 758 600 975 717 531 557 643 879 473 501 216 55 780 528 389 296 592 457 119 437 927 599 657 753 61 500 607 266 864 729 764 359 449 726 924 848 773 147 896 383 943 397 746 735 370 164 36 724 727 302 633 16 980 903 832 684 79 949 42 424 209 639 530 840 456 184 916 169 874 311 12 649 889 498 405 695 577 281 920 647 493 795 626 769 579 615 343 1000 438 680 402 738 826 112 983 623 963 915 248 247 255 173 514 230 591 503 419 430 219 347 135 277 72 214 386 455 207 98 716 211 60 238 820 312 63 948 469 842 488 688 511 231 509 739 566 622 644 175 853 529 33 737 433 6 588 767 712 38 692 573 946 228 702 242 608 659 120 556 484 90 381 334 640 454 221 612 188 914 65 105 936 796 793 486 198 768 447 908 561 977 480 804 310 984 648 779 233 56 439 974 206 777 220 986 340 32 819 812 167 183 26 897 415 995 813 933 668 21 574 518 358 910 744 631 331 262 284 810 24 565 57 82 835 541 283 741 142 821 249 778 781 294 661 150 366 5 878 534 286 67 904 95 662 237 153 287 316 479 261 52 950 442 234 470 138 722 274 257 315 308 364 815 634 461 355 429 48 791 508 244 431 570 998 999 253 466 958 245 535 276 763 391 955 268 651 102 113 467 676 549 496 811 881 679 106 50 893 669 843 704
ERROR
ERROR
ERROR
ERROR
ERROR
ERROR
264 591 847 682 84 705 422 585 860 754 603 801 288 540 413 595 29 239 451 465 568 630 448 912 718 225 758 600 975 717 531 557 643 879 473 501 216 55 780 528 389 296 592 457 119 437 927 599 657 753 61 500 607 266 864 729 764 359 449 726 924 848 773 147 896 383 943 397 746 735 370 164 36 724 727 302 633 16 980 903 832 684 79 949 42 424 209 639 530 840 456 184 916 169 874 311 12 649 889 498 405 695 577 281 920 647 493 795 626 769 579 615 343 1000 438 680 402 738 826 112 983 623 963 915 248 247 255 173 514 230 503 419 430 219 347 135 277 72 214 386 455 207 98 716 211 60 238 820 312 63 948 469 842 488 688 511 231 509 739 566 622 644 175 853 529 33 737 433 6 588 767 712 38 692 573 946 228 702 242 608 659 120 556 484 90 381 334 640 454 221 612 188 914 65 105 936 796 793 486 198 768 447 908 561 977 480 804 310 984 648 779 233 56 439 974 206 777 220 986 340 32 819 812 167 183 26 897 415 995 813 933 668 21 574 518 358 910 744 631 331 262 284 810 24 565 57 82 835 541 283 741 142 821 249 778 781 294 661 150 366 5 878 534 286 67 904 95 662 237 153 287 316 479 261 52 950 442 234 470 138 722 274 257 315 308 364 815 634 461 355 429 48 791 508 244 431 570 998 999 253 466 958 245 535 276 763 391 955 268 651 102 113 467 676 549 496 811 881 679 106 50 893 669 843 704 320 928 131 379 979
ERROR
ERROR
ERROR
ERROR
ERROR
ERROR
ERROR
454 381 264 591 847 682 84 705 422 585 860 754 603 801 288 540 413 595 29 239 451 465 568 630 448 718 225 758 600 975 717 531 557 643 879 473 501 216 55 780 528 389 296 592 457 119 437 927 599 657 753 61 500 607 266 864 729 764 359 449 726 924 848 773 147 896 383 943 397 746 735 370 164 36 724 727 302 633 16 980 903 832 684 79 949 42 424 209 639 530 840 456 184 916 169 874 311 12 649 889 498 405 695 577 281 920 647 493 795 626 769 579 615 343 1000 438 680 402 738 826 112 983 623 963 915 248 247 255 173 514 230 503 419 430 219 347 135 277 72 214 386 455 207 98 716 211 60 238 820 312 63 948 469 842 488 688 511 231 509 739 566 622 644 175 853 529 33 737 433 6 588 767 712 38 692 573 946 228 702 242 608 659 120 556 484 90 334 640 221 612 188 914 65 105 796 793 486 198 768 447 908 561 977 480 804 310 984 648 779 233 56 439 974 206 220 986 340 32 819 812 167 183 26 897 415 995 813 933 668 21 574 518 358 910 744 631 331 262 284 810 24 565 57 82 835 541 283 741 142 821 249 778 781 294 661 150 366 5 878 534 286 67 904 95 662 237 153 287 316 109 479 261 836 52 950 442 234 470 138 722 274 257 315 308 364 815 634 461 355 429 48 791 508 244 431 570 998 999 253 466 958 245 535 276 763 391 955 268 651 102 113 467 676 549 496 811 881 679 106 50 893 669 843 704 320 928 131 379 979 513 907 450 471 567 697 655 857 116
ERROR
454 381 264 591 847 682 84 705 422 585 860 754 357 603 801 288 540 413 595 29 239 451 465 568 630 448 718 225 758 600 975 717 531 557 643 879 473 501 216 55 780 528 389 296 592 457 119 437 927 599 657 753 61 500 607 266 864 729 764 359 449 726 924 848 773 147 896 383 943 397 746 735 370 164 36 724 727 302 633 16 980 903 832 684 79 949 42 424 209 639 530 840 456 184 916 169 874 311 12 649 889 498 405 695 577 281 920 647 493 795 626 769 579 615 343 1000 438 680 402 738 826 112 983 623 963 915 248 247 255 173 514 230 503 419 430 219 347 135 277 72 214 386 455 207 98 716 211 60 238 820 312 63 948 469 842 488 688 511 231 509 739 566 622 644 175 853 529 33 737 433 6 588 767 712 38 692 573 946 228 702 242 608 659 120 556 484 90 334 640 221 612 188 914 65 105 796 793 486 198 768 447 908 561 977 480 804 310 984 648 779 233 56 439 974 206 220 986 340 32 819 812 167 183 26 897 415 995 813 933 668 21 574 518 358 910 744 631 331 262 284 810 24 565 57 82 835 541 283 741 142 821 249 778 781 294 661 150 366 5 878 534 286 67 904 95 662 404 237 153 287 316 109 479 261 836 52 950 442 234 470 138 722 274 257 315 308 364 815 634 461 355 429 48 791 508 244 431 570 998 999 253 466 958 245 535 276 763 391 955 268 651 102 113 467 676 549 496 811 881 679 106 50 893 669 843 704 320 928 131 379 979 513 907 450 471 567 697 655 857 116 636 441 140
ERROR
ERROR
ERROR
ERROR
ERROR
ERROR
ERROR
ERROR
ERROR
ERROR
ERROR
ERROR
ERROR
ERROR
ERROR
ERROR
ERROR
ERROR
ERROR
ERROR
ERROR
ERROR
ERROR
ERROR
ERROR
ERROR
ERROR
ERROR
ERROR
ERROR
ERROR
ERROR
ERROR
ERROR
ERROR
ERROR
ERROR
ERROR
ERROR
557 344 202 873 602 581 283 112 659 63 405 565 491 474 85 506 677 18 248 255 353 685 165 937 646 478 654 711 823 923 522 918 922 513 454 381 264 591 847 682 84 705 422 585 860 754 357 610 603 801 288 413 595 29 239 451 465 568 630 448 718 225 758 600 975 717 531 643 879 473 501 216 55 780 528 389 296 592 457 437 927 599 657 753 561 61 500 266 864 729 764 809 359 830 449 726 848 773 896 383 943 397 132 746 735 370 164 36 724 727 302 16 309 980 903 832 684 79 949 42 424 209 639 530 840 456 184 916 169 874 311 12 649 889 498 695 577 281 920 647 493 795 921 626 769 579 615 343 1000 438 680 402 738 826 983 623 963 915 173 514 230 485 503 419 430 219 347 135 790 277 72 214 386 455 207 98 65 716 211 60 238 820 312 948 469 842 858 488 688 511 231 509 739 566 827 622 644 175 853 529 33 737 433 942 6 588 767 712 38 692 394 573 946 228 702 608 556 484 90 334 640 221 612 188 914 105 796 793 486 198 768 447 908 117 977 480 804 638 310 984 648 779 233 56 439 974 206 220 986 340 32 819 812 167 183 26 897 415 995 652 813 933 668 574 518 358 910 744 631 331 262 284 810 24 57 82 835 541 741 142 821 778 781 294 661 366 5 878 534 286 67 904 95 662 404 237 153 287 316 109 479 261 836 52 950 432 548 234 470 138 722 274 257 315 364 815 634 461 355 429 48 791 508 244 431 570 998 999 253 715 466 958 245 535 276 763 128 955 268 651 102 113 676 549 496 811 881 106 50 893 669 843 704 928 131 152 379 979 21 907 450 471 256 567 272 697 655 857 116 636 441 140 460 978 204 236 683 679 391 247 320 572 703 641 706 733 40 27 114 938 192 789 93 172 494 399 147 442 120 400
557 344 202 873 602 581 283 112 659 63 405 565 491 474 85 506 677 18 248 255 353 685 165 937 646 478 654 711 823 923 522 918 922 513 454 381 264 591 847 682 84 705 422 585 860 754 357 610 603 801 288 413 595 29 239 451 465 568 630 448 718 225 758 600 975 717 531 643 879 473 501 216 55 780 528 389 296 592 457 437 927 599 657 753 561 61 500 266 864 729 764 809 359 830 449 726 848 773 896 383 943 397 132 746 735 370 164 36 724 727 302 16 309 980 903 832 684 79 949 42 424 209 639 530 840 456 184 916 169 874 311 12 649 889 498 695 577 281 920 647 493 795 921 626 769 579 615 343 1000 438 680 402 738 826 983 623 963 915 173 514 230 485 503 419 430 219 347 135 790 277 72 214 386 455 207 98 65 716 211 60 238 820 312 948 469 842 858 488 688 511 231 509 739 566 827 622 644 175 853 529 33 737 433 942 6 588 767 712 38 692 394 573 946 228 702 608 556 484 90 334 640 221 612 188 914 105 796 793 486 198 768 447 908 117 977 480 804 638 310 984 648 779 233 56 439 974 206 220 986 340 32 819 812 167 183 26 897 415 995 652 813 933 668 574 518 358 910 744 631 331 262 284 810 24 57 82 835 541 741 142 821 778 781 294 661 366 5 878 534 286 67 904 95 662 404 237 153 287 316 109 479 261 836 52 950 432 548 234 470 138 722 274 257 315 364 815 634 461 355 429 48 791 508 244 431 570 998 999 253 715 466 958 245 535 276 763 128 955 268 651 102 113 676 549 496 811 881 106 50 893 669 843 704 928 131 152 379 979 21 907 450 471 256 567 272 697 655 857 116 636 441 140 460 978 204 236 683 679 391 247 320 572 703 641 706 733 40 27 114 938 192 789 93 172 494 399 147 442 120 400
557 344 202 873 602 581 283 112 659 63 405 565 491 474 85 506 677 18 248 255 353 685 165 937 646 478 654 711 823 923 522 918 922 513 454 381 264 591 847 682 84 705 422 585 860 754 357 610 603 801 288 413 595 29 239 451 465 568 630 448 718 225 758 600 975 717 531 643 879 473 501 216 55 780 528 389 296 592 457 437 927 599 657 753 561 61 500 266 864 729 764 809 359 830 449 726 848 773 896 383 943 397 132 746 735 370 164 36 724 727 302 16 309 980 903 832 684 79 949 42 424 209 639 530 840 456 184 916 169 874 311 12 649 889 498 695 577 281 920 647 493 795 921 626 769 579 615 343 1000 438 680 402 738 826 983 623 963 915 173 514 230 485 503 419 430 219 347 135 790 277 72 214 386 455 207 98 65 716 211 60 238 820 312 948 469 842 858 488 688 511 231 509 739 566 827 622 644 175 853 529 33 737 433 942 6 588 767 712 38 692 394 573 946 228 702 608 556 484 90 334 640 221 612 188 914 105 796 793 486 198 768 447 908 117 977 480 804 638 310 984 648 779 233 56 439 974 206 220 986 340 32 819 812 167 183 26 897 415 995 652 813 933 668 574 518 358 910 744 631 331 262 284 810 24 57 82 835 541 741 142 821 778 781 294 661 366 5 878 534 286 67 904 95 662 404 237 153 287 316 109 479 261 836 52 950 432 548 234 470 138 722 274 257 315 364 815 634 461 355 429 48 791 508 244 431 570 998 999 253 715 466 958 245 535 276 763 128 955 268 651 102 113 676 549 496 811 881 106 50 893 669 843 704 928 131 152 379 979 21 907 450 471 256 567 272 697 655 857 116 636 441 140 460 978 204 236 683 679 391 989 247 320 572 703 641 706 733 40 27 114 938 192 789 93 172 494 399 147 442 120 400 146 642
ERROR
ERROR
214 557 344 202 873 602 581 283 112 659 63 405 565 491 474 85 506 677 18 248 255 353 685 165 937 646 478 654 711 823 923 522 918 922 513 454 381 264 591 847 682 84 705 422 585 860 754 357 610 603 801 288 413 595 29 239 451 465 568 630 448 718 225 758 600 975 717 531 643 879 473 501 216 55 780 528 389 296 592 457 437 927 599 657 753 561 61 500 266 864 729 764 809 359 830 449 726 848 773 896 383 943 397 132 746 735 370 164 36 724 727 302 16 309 980 903 832 684 79 949 42 424 209 639 530 840 456 184 916 169 874 311 12 649 498 695 577 281 920 647 493 795 921 626 769 579 615 343 1000 438 680 402 738 826 983 623 963 915 173 514 230 485 503 419 430 219 347 135 790 277 72 386 455 207 98 65 716 211 60 238 820 312 948 469 842 858 488 688 511 231 509 739 566 827 622 644 175 853 529 33 737 433 942 6 588 747 767 712 38 692 394 573 946 228 702 608 556 484 90 334 640 221 612 188 914 105 796 793 486 198 768 447 908 117 977 480 804 638 310 984 648 779 233 56 439 974 206 220 986 340 32 819 812 167 183 26 897 415 995 652 813 933 668 574 518 358 910 744 631 331 262 284 810 24 57 82 835 541 741 142 821 778 781 294 661 366 5 878 534 286 67 904 95 662 404 237 153 287 316 109 479 261 836 52 950 432 548 234 470 138 722 274 257 315 364 815 634 461 355 429 48 791 508 244 431 570 998 999 253 715 466 958 245 535 276 763 128 955 268 651 102 113 676 549 496 811 881 106 50 893 730 669 843 704 928 131 152 379 979 21 907 450 471 256 567 272 697 655 857 116 636 441 140 460 978 204 236 683 679 391 989 247 320 572 703 641 706 733 40 27 114 938 192 789 93 172 494 399 147 442 120 400 146 642 64 349
ERROR
ERROR
ERROR
ERROR
ERROR
ERROR
131 214 557 344 202 873 602 581 283 112 659 63 405 565 491 474 85 506 677 18 248 255 353 685 165 937 646 478 654 711 823 923 522 918 922 513 454 381 264 591 847 682 84 705 422 585 860 754 357 610 603 801 288 413 595 29 239 451 465 568 630 448 718 225 758 600 975 717 531 643 879 473 501 216 55 780 528 389 296 592 457 437 927 599 657 753 561 61 500 266 864 729 764 809 359 830 449 726 848 773 896 383 943 397 132 746 735 370 164 36 724 727 302 16 309 980 903 832 684 79 949 42 424 209 639 530 840 456 184 916 169 874 311 12 649 498 695 577 281 920 647 493 795 921 626 769 579 615 343 1000 438 680 402 738 826 983 623 963 915 173 514 230 485 503 419 430 219 347 135 790 277 72 386 455 207 98 65 716 211 60 238 820 312 948 469 842 858 488 688 511 231 509 739 566 827 622 644 175 853 529 33 737 433 942 6 588 747 767 712 38 692 394 573 946 228 686 702 608 556 484 90 334 640 221 612 188 914 105 796 793 486 198 768 447 908 117 977 480 804 638 310 984 648 779 233 56 439 974 206 220 986 340 32 819 812 167 183 26 897 415 995 652 813 933 668 574 518 358 910 744 631 331 262 284 810 24 57 82 835 541 741 142 821 778 781 294 661 366 5 878 534 286 67 904 95 662 404 237 153 287 316 109 479 261 836 52 950 432 548 234 470 138 722 274 257 315 364 815 634 461 355 429 48 791 508 244 431 570 998 999 253 715 466 958 245 535 276 763 128 955 268 651 102 113 676 549 496 811 881 106 50 893 730 669 843 704 928 152 379 979 21 907 450 471 256 567 272 697 655 857 116 636 441 140 460 978 204 236 683 679 391 989 247 320 572 703 641 706 733 40 27 114 938 192 789 93 172 494 399 147 442 120 400 146 642 64 349 517 367 384
ERROR
ERROR
ERROR
511 839 899 900 993 384 367 517 349 64 642 146 400 120 442 147 399 494 172 93 789 192 938 114 27 40 733 706 641 703 572 320 247 989 391 679 683 236 204 978 460 140 441 636 116 857 655 697 272 567 256 471 450 907 21 979 379 152 928 704 843 669 730 893 50 106 881 811 496 549 113 102 651 268 955 128 763 276 535 245 958 466 715 253 999 998 570 431 244 508 791 48 429 355 461 815 364 315 257 274 722 138 470 234 548 432 950 52 836 261 479 109 316 287 153 237 404 662 95 904 67 286 534 878 5 366 661 294 781 778 821 142 741 541 835 82 57 24 810 284 262 331 631 744 910 358 518 574 668 933 813 652 995 415 897 26 183 167 812 819 32 340 986 220 206 974 439 56 233 779 648 984 310 638 804 480 977 117 908 447 768 198 486 793 796 105 914 188 612 221 640 334 90 484 556 608 702 686 228 946 573 394 692 38 712 767 747 588 6 942 433 737 33 529 853 175 644 622 827 566 739 509 231 688 488 858 842 469 948 312 820 238 60 211 716 65 98 207 455 386 72 277 790 135 347 219 430 419 503 485 230 514 173 915 963 623 983 826 738 402 680 438 1000 343 615 579 769 626 921 795 493 647 920 281 577 695 498 649 12 311 874 169 916 184 456 840 530 639 209 424 42 949 79 684 832 903 980 309 16 302 727 724 36 164 370 735 746 132 397 943 383 896 773 848 726 449 830 959 359 809 764 729 864 266 500 61 561 753 657 599 927 437 457 592 296 389 528 780 55 216 501 473 879 643 531 717 975 600 758 225 718 448 630 568 465 451 239 29 595 413 288 801 603 610 357 754 860 585 422 705 84 682 847 591 264 381 454 513 922 918 522 923 823 711 654 478 646 937 165 685 353 255 248 18 677 506 85 474 491 565 405 63 659 112 283 581 602 873 202 344 557 214 131 444
ERROR
ERROR
511 839 899 900 993 384 367 517 349 64 642 146 400 120 442 147 399 494 172 93 789 192 938 114 27 40 733 706 641 703 572 320 247 989 391 679 683 236 204 978 460 140 441 636 116 857 655 697 272 567 256 471 450 907 21 979 379 152 928 704 843 669 730 893 50 106 881 811 496 549 113 102 651 268 955 128 763 276 535 245 958 466 715 253 999 998 570 431 244 508 791 48 429 355 461 815 364 315 257 274 722 138 470 234 548 432 950 52 836 261 479 109 316 287 153 237 404 662 95 904 67 286 534 878 5 366 661 294 781 778 821 142 741 541 835 82 57 24 810 284 262 331 631 744 910 358 518 574 668 933 813 652 995 415 897 26 183 167 812 819 32 340 986 220 206 974 439 56 233 779 648 984 310 638 804 480 977 117 908 447 768 198 486 793 796 105 914 188 612 221 640 334 90 484 556 608 702 686 228 946 573 394 692 38 712 767 747 588 6 942 433 737 33 529 853 175 644 622 827 566 739 509 231 688 488 858 842 469 948 312 820 238 60 211 716 65 98 207 455 386 72 277 790 135 347 219 430 419 503 485 230 514 173 915 963 623 983 826 738 402 680 438 1000 343 615 579 769 626 921 795 493 647 920 281 577 695 498 649 12 311 874 169 916 184 456 840 530 639 209 424 42 949 79 684 832 903 980 309 16 302 727 724 36 164 370 735 746 132 397 943 383 896 773 848 726 449 830 959 359 809 764 729 864 266 500 61 561 753 657 599 927 437 457 592 296 389 528 780 55 216 501 473 879 643 531 717 975 600 758 225 718 448 630 568 465 451 239 29 595 413 288 801 603 610 357 754 860 585 422 705 84 682 847 591 264 381 454 513 922 918 522 923 823 711 654 478 646 937 165 685 353 255 248 18 677 506 85 474 491 565 405 63 659 112 283 581 602 873 202 344 557 214 131 444
ERROR
ERROR
ERROR
ERROR
ERROR
ERROR
ERROR
ERROR
ERROR
ERROR
ERROR
ERROR
ERROR
ERROR
ERROR
