ERROR
5 3
ERROR
EMPTY
ERROR
ERROR
ERROR
6 8 4 5 9 2 1
6 8 4 5 9 2 1
6 8 4 5 9 2 1
6 8 4 5 9 2 1
ERROR
ERROR
ERROR
ERROR
ERROR
ERROR
8 7 2 9 5 6
9 6 8 7 2 5
9 6 8 7 2 5
ERROR
2 5 7 6 9 8 3
2 5 7 6 9 8 3
ERROR
6 5 3 8 9 7 4 2
2 7 9 8 3 5 6
ERROR
2 7 9 8 3 5 6
ERROR
ERROR
2 1 7 9 8 3 5 6
ERROR
ERROR
ERROR
5 3 9 7 1 2 6
6 2 1 7 9 5
6 2 1 7 9 5
ERROR
3 5 9 7 1 8
ERROR
ERROR
3 7 6 1 8
ERROR
8 1 6 7 3
ERROR
8 9 6 7 3
ERROR
ERROR
3 6 4 9 7 2
ERROR
ERROR
ERROR
9 2 7 4 3 6 8
ERROR
9 2 7 4 3 6 8
7 9 2 4 3 6 8 10 1
ERROR
7 9 2 3 6 8 10 1
ERROR
ERROR
2 7 9 4 3 6 8 10 1
2 7 9 4 3 6 8 10 1
ERROR
2 7 9 4 3 6 10
2 7 9 4 3 6 10
2 7 9 4 3 6 10
ERROR
ERROR
ERROR
2 7 4 3 6 10
ERROR
7 9 3 6 8
7 9 3 6 8
7 9 3 6 8
7 9 3 6 8
ERROR
ERROR
ERROR
7 3 6 8 9
ERROR
ERROR
ERROR
ERROR
7 9 6 4 3
ERROR
ERROR
ERROR
ERROR
ERROR
ERROR
4 6 7 3 9
4 1 6 3 9
ERROR
ERROR
