EMPTY
ERROR
ERROR
1 3
ERROR
1 2
ERROR
2
ERROR
ERROR
5 1
ERROR
5
ERROR
5 1
ERROR
5 1 4 3
ERROR
3 2 1 5
ERROR
2 1 5
ERROR
ERROR
ERROR
ERROR
ERROR
5 3 2
3 2
3 2
2 3
1 2 3 4
ERROR
ERROR
ERROR
5 3 1 2 4
ERROR
ERROR
4 2 1 3 5
4 2 1 3 5
ERROR
ERROR
ERROR
ERROR
1 5 3 2 4
2 3 1 5
ERROR
ERROR
ERROR
ERROR
ERROR
ERROR
5 3 2 4 1
1 4 2 3 5
1 4 2 5
1 4 2 5
ERROR
ERROR
ERROR
1 2 5
ERROR
ERROR
ERROR
ERROR
5 1 2 3
ERROR
2 3 5 4
2 3 5 4
ERROR
ERROR
ERROR
ERROR
1 2 4 5
ERROR
ERROR
ERROR
ERROR
ERROR
ERROR
ERROR
5 3 4 2
2 4 3 5 1
ERROR
2 5 1 4 3
2 5 1 4 3
ERROR
ERROR
1 5 2
ERROR
5 2
ERROR
ERROR
ERROR
2 5 1 3 4
ERROR
ERROR
5 2 3 4
ERROR
ERROR
ERROR
ERROR
ERROR
ERROR
1 2 4
2 4 5
ERROR
4 3 2
ERROR
2 3 4
3 2
ERROR
3 2
ERROR
ERROR
2 3
3
3
ERROR
ERROR
ERROR
ERROR
EMPTY
EMPTY
ERROR
ERROR
5
ERROR
ERROR
ERROR
ERROR
ERROR
ERROR
ERROR
1 4 2 3
ERROR
ERROR
ERROR
ERROR
3 2 4 1
3 2 4 1
ERROR
4 3 2 1
3 2 1
3 1
ERROR
ERROR
1 3 4 2
ERROR
3
ERROR
4 3 5 2
ERROR
4 3 5 2
4 3 5 2
ERROR
4 3 5 2
4 3 5 2
ERROR
4 3 1 5 2
ERROR
3 4 1 5 2
3 4 1 5 2
ERROR
3 1 5 2
2 5 1 3
2 5 3
2 5 3
2 5 3
2 5 3
3 5 2
ERROR
ERROR
ERROR
1 3 2 5
ERROR
ERROR
1 3 2 5
ERROR
1 3 2 5
ERROR
ERROR
ERROR
ERROR
5 4
ERROR
2 3
2 3 5 4
ERROR
2 3 5 4 1
ERROR
2 3 5 4 1
4 2 3 1
ERROR
1 2 4 5
1 2 4 5
5 4 1
5 4 1
4 2 1
2 4 1
ERROR
ERROR
4 1
4 2
ERROR
4 2 3
ERROR
ERROR
EMPTY
EMPTY
ERROR
ERROR
EMPTY
ERROR
ERROR
ERROR
ERROR
ERROR
EMPTY
ERROR
3
3 4
ERROR
4 3 2
ERROR
3 1 2 4
ERROR
3 1 2 4
3 1 2 4
ERROR
ERROR
ERROR
ERROR
3 4
ERROR
3 4
ERROR
4 3
ERROR
ERROR
1 4 2
ERROR
ERROR
ERROR
ERROR
2 4 5 3
2 4 5 3
ERROR
ERROR
2 4
2 4
2 4
2 4
2 4
ERROR
2 5 4
ERROR
ERROR
5 4 1
ERROR
1 5 4
1 5
ERROR
5 1 2 4
ERROR
5 1 4
1 5
1 5
ERROR
5 3
ERROR
3 5
ERROR
3
ERROR
4 5 2 3 1
ERROR
ERROR
ERROR
ERROR
ERROR
1 4 5 2
ERROR
4 1 5 2
ERROR
ERROR
ERROR
ERROR
ERROR
ERROR
ERROR
ERROR
ERROR
ERROR
ERROR
ERROR
4 2 3
3 2 4
ERROR
3 2
2 3 5
ERROR
2 3 5
ERROR
2 3 5 4
ERROR
ERROR
ERROR
ERROR
ERROR
ERROR
2 3 5
1 4 3 2 5
ERROR
ERROR
4 5
ERROR
4
ERROR
4 1
1 4
ERROR
2 4 1
2 4
ERROR
2 4 1
4 1
1
ERROR
1 3 5
3 1 5
ERROR
ERROR
ERROR
3 1 5
ERROR
5 3 1
ERROR
ERROR
ERROR
ERROR
1 5 3 4
4 3 5 1
1 5 3 4
1 5 3 4
ERROR
1 3 4
ERROR
ERROR
ERROR
1 2 3 4
1 2 3
1 2 3
ERROR
5
ERROR
ERROR
5 3 1 2
ERROR
5 3 1 2
ERROR
5 2
5 2
ERROR
5 4 2 3
5 4 2 3
5 4 2 3
3 1 2 4 5
ERROR
ERROR
ERROR
ERROR
ERROR
5 2 4 1 3
5 2 1 3
ERROR
3 5 4 2 1
ERROR
ERROR
2 5 4 1 3
ERROR
ERROR
ERROR
1 4 5 2
1 4 5 2
ERROR
ERROR
ERROR
3 5 1
3 2 1
ERROR
ERROR
2 3 5 1
ERROR
ERROR
ERROR
ERROR
ERROR
5 1 2
ERROR
5 2 3
ERROR
ERROR
ERROR
ERROR
ERROR
5 4 3 1
5 3 2 4
ERROR
ERROR
ERROR
