ERROR
ERROR
ERROR
ERROR
255 253 32 66 77 242 203 259 85 273 55 87
ERROR
273 259 255 253 32 66 77 242 203 141 85 108 290 274 55 235 80
ERROR
ERROR
ERROR
ERROR
108 273 259 255 253 32 66 77 242 203 141 85 290 274 55 235 244 80 44 73 24 256
ERROR
ERROR
ERROR
108 273 259 255 253 32 7 66 77 242 203 161 175 141 85 290 274 134 191 55 17 235 244 208 80 44 73 266 103 24 256 158 297 99 87
108 273 259 255 253 32 7 167 66 77 242 203 161 175 141 85 290 274 134 191 55 17 235 244 208 80 44 73 266 103 24 256 158 297 99 87 237
108 273 259 255 253 32 7 167 66 77 242 203 161 175 141 85 290 274 134 191 55 17 235 244 208 80 44 73 266 103 24 256 158 297 99 87 237
ERROR
ERROR
66 206 242 108 243 273 259 255 253 32 7 125 167 77 86 203 90 161 175 49 141 85 290 274 107 134 191 55 17 235 244 226 208 80 44 73 266 103 24 256 158 297 99 190 87 237 276 145 268 258 192 59
ERROR
66 146 206 242 108 243 273 259 255 253 32 7 125 167 77 86 203 90 161 175 49 141 85 290 274 107 102 134 191 55 17 235 244 226 208 80 44 73 266 103 24 256 158 297 99 190 87 237 276 145 268 258 192 59 2
ERROR
ERROR
ERROR
ERROR
73 66 146 206 242 108 243 273 259 255 253 32 7 125 167 86 203 90 161 175 49 141 160 221 85 198 290 274 107 292 102 134 191 55 17 235 244 226 80 44 266 103 24 256 158 297 99 190 87 237 128 276 145 4 268 258 192 59 2 63 51 171 291 114 270 132 61 27
ERROR
ERROR
253 17 103 73 66 146 206 242 108 243 273 259 255 32 7 125 167 86 159 203 90 161 175 49 141 160 221 85 198 290 274 107 292 102 134 191 55 235 244 226 80 44 266 24 256 158 297 99 190 87 237 128 276 145 4 268 46 258 192 59 2 63 51 171 291 114 270 132 61 27 205 47 57
253 17 103 73 66 146 206 242 108 243 273 259 255 32 7 125 167 86 159 203 90 161 175 49 141 160 221 85 198 290 274 107 292 102 134 191 55 235 244 226 80 44 266 24 256 158 297 99 190 87 237 128 276 145 4 268 46 258 192 59 2 63 51 171 291 114 270 132 61 27 205 47 57
ERROR
ERROR
ERROR
ERROR
ERROR
141 87 158 253 17 103 73 66 146 218 206 242 108 243 144 273 259 255 32 7 125 167 86 159 203 90 267 161 175 49 160 277 85 198 290 107 292 102 134 191 55 235 26 244 226 80 44 266 24 256 297 99 190 237 128 276 145 4 268 46 258 192 59 2 148 63 51 171 291 114 270 132 61 27 205 47 212 57 150 172 298 151 165 293
141 87 158 253 17 103 73 66 146 218 206 242 108 243 144 273 259 255 32 7 125 167 86 159 203 90 267 161 175 49 160 277 85 198 290 107 292 102 134 191 55 235 26 244 226 80 44 266 24 256 297 99 190 237 128 276 145 4 268 46 258 192 59 2 148 63 51 171 291 114 270 132 61 27 205 47 212 57 150 172 298 151 165 293
ERROR
ERROR
141 87 158 253 17 103 73 66 146 218 206 242 108 243 144 273 259 255 32 7 125 167 86 159 203 78 90 267 161 175 49 160 277 85 198 290 107 292 102 134 191 55 235 26 244 226 80 44 266 24 256 297 99 190 237 128 276 145 4 268 46 258 192 59 2 148 63 51 171 291 114 270 132 61 27 205 47 212 57 150 172 298 151 165 293
141 87 158 253 17 103 73 66 146 206 242 108 243 144 273 259 255 32 7 125 167 86 159 203 78 90 233 267 161 175 49 160 277 85 198 290 107 13 292 102 134 191 55 235 26 244 226 80 44 266 24 256 297 99 190 237 128 276 145 4 268 258 104 192 59 2 148 63 51 171 291 114 270 132 61 27 205 47 212 57 150 172 298 151 165 293 234
ERROR
ERROR
ERROR
ERROR
ERROR
ERROR
ERROR
ERROR
ERROR
ERROR
ERROR
ERROR
ERROR
160 299 141 87 158 253 17 103 73 66 146 206 242 108 243 144 273 259 255 32 7 125 167 86 159 153 203 78 90 233 267 161 175 49 277 85 198 290 107 13 292 102 134 191 55 235 26 244 226 179 80 44 266 24 256 297 257 99 190 237 128 145 4 268 258 176 104 112 177 192 246 59 2 148 63 51 171 291 114 270 132 61 27 47 265 212 57 150 172 35 298 151 165 293 281 138 275
ERROR
160 299 141 87 158 253 17 103 73 66 146 206 247 242 108 243 144 273 259 255 32 7 125 167 86 159 153 203 78 90 233 267 161 175 49 277 85 198 290 107 13 292 102 134 191 55 235 26 244 226 179 80 44 266 24 256 297 257 99 190 237 128 145 4 268 258 176 104 112 177 192 246 59 2 148 63 51 171 291 114 270 132 61 27 47 265 212 57 150 172 35 298 151 165 293 281 138 275 19
ERROR
ERROR
ERROR
ERROR
ERROR
ERROR
ERROR
148 160 299 141 87 158 253 17 103 73 208 66 146 206 247 242 108 243 144 273 259 255 225 32 7 211 125 167 86 159 153 203 78 90 233 267 161 175 49 277 85 198 290 107 13 292 71 102 134 191 55 235 26 244 226 179 80 44 266 24 256 297 257 99 190 237 128 145 4 268 258 176 104 112 177 192 246 59 2 63 51 171 224 291 114 270 132 61 27 47 265 212 57 150 172 35 298 151 165 293 281 138 275 173 19 288 178 20 200
ERROR
ERROR
148 160 299 141 87 158 253 17 103 169 73 208 66 146 206 247 242 108 243 144 273 259 255 225 32 7 211 125 167 86 159 153 203 78 90 233 267 161 175 49 277 85 198 290 107 13 292 71 102 134 191 55 235 26 244 226 179 80 44 266 24 256 297 257 99 190 237 128 145 4 268 258 176 104 112 177 192 246 59 2 63 51 171 224 291 114 270 132 61 27 47 265 212 57 150 172 35 298 151 165 293 281 138 275 173 19 288 178 20 200
ERROR
148 160 299 141 87 158 253 17 103 169 73 208 66 146 206 247 242 108 243 144 273 259 255 225 180 32 7 211 125 167 86 159 153 203 78 90 233 267 161 175 49 277 85 198 290 107 13 292 71 102 134 191 55 235 26 244 226 179 80 44 266 24 256 297 257 99 190 237 128 145 4 268 258 176 104 112 177 192 246 59 2 63 51 171 224 291 114 270 132 61 27 47 265 212 57 150 172 35 298 151 165 293 281 138 275 173 19 288 178 20 200 223 231
ERROR
ERROR
ERROR
ERROR
148 160 299 141 87 158 253 17 103 169 73 208 66 206 247 242 108 243 144 273 259 255 225 180 32 7 211 125 167 86 159 153 203 78 90 233 267 161 175 49 277 198 290 107 13 292 249 71 102 134 191 55 235 26 244 226 179 80 44 266 24 256 297 257 99 190 237 128 145 4 268 258 176 104 112 177 192 246 59 2 63 51 171 224 291 114 270 132 61 27 47 265 212 57 150 172 35 298 151 165 293 281 138 275 173 19 288 178 20 200 223 231
ERROR
ERROR
ERROR
148 160 299 141 87 158 253 36 17 103 169 73 208 66 206 247 242 108 243 144 273 259 255 155 225 180 32 7 211 125 167 86 159 153 203 78 90 233 267 161 175 49 277 198 290 107 13 292 249 71 102 134 207 191 55 235 26 244 226 179 80 266 24 256 297 257 99 190 237 128 145 4 268 258 176 104 112 177 192 246 59 2 63 51 171 224 291 114 270 132 61 27 47 265 212 57 30 150 172 35 298 151 165 293 281 138 275 173 19 288 178 20 200 223 231 54 62 88 147 117 120
ERROR
ERROR
ERROR
ERROR
148 160 299 141 87 158 253 36 17 103 169 73 208 66 206 247 242 108 243 144 273 259 255 155 225 180 32 7 211 125 167 86 159 203 78 90 233 267 161 175 49 277 198 290 107 13 292 249 71 102 134 207 191 55 235 26 244 226 93 179 80 266 24 256 300 297 257 99 190 237 128 145 4 268 258 176 104 112 28 177 192 246 59 2 63 51 171 224 291 114 270 132 61 27 47 265 212 57 30 150 172 35 298 165 293 281 138 275 173 19 288 178 20 200 223 231 54 62 88 147 117 120 111
ERROR
ERROR
ERROR
ERROR
ERROR
26 148 160 299 141 87 158 253 36 17 103 169 73 208 66 206 247 242 108 243 144 273 259 255 155 225 180 32 7 211 125 167 86 159 78 90 233 267 161 175 49 277 198 290 107 13 292 249 71 102 134 207 191 55 235 244 226 93 179 80 266 24 256 300 297 257 99 190 237 128 145 4 268 258 176 104 112 28 177 192 246 59 2 63 51 171 224 291 114 270 132 61 27 47 265 212 57 30 150 172 35 298 165 293 281 138 275 173 19 288 178 20 200 223 231 54 62 88 147 117 120 111 202 94 105
ERROR
26 148 160 299 141 87 158 253 36 17 103 169 73 208 66 206 247 242 108 243 144 273 259 255 155 225 180 32 7 211 125 167 86 159 78 90 233 267 161 175 49 277 198 290 107 13 292 249 71 102 134 207 191 55 235 244 226 93 179 80 266 24 256 300 297 257 99 190 237 128 145 4 268 258 176 104 112 28 177 192 246 59 2 63 51 171 224 291 114 270 132 61 27 47 265 212 57 30 150 172 35 298 165 293 281 138 275 173 19 288 178 20 200 223 231 54 62 88 147 117 120 111 202 94 105
ERROR
ERROR
ERROR
ERROR
ERROR
258 26 148 160 299 141 87 158 253 36 17 103 169 73 208 66 206 228 247 242 108 243 144 273 259 155 225 180 32 7 211 125 167 159 78 90 233 267 161 175 49 277 198 290 107 13 292 249 71 102 134 207 191 221 55 235 244 226 93 179 80 266 24 256 300 297 257 99 190 237 128 145 4 268 176 104 112 28 177 192 246 59 2 63 51 171 224 291 114 270 132 61 27 47 265 212 57 30 150 172 35 298 165 293 22 281 138 275 173 19 288 178 20 200 223 231 54 62 88 147 117 120 111 202 94 74 205
258 26 148 160 299 141 87 158 253 36 17 103 169 73 208 66 206 228 247 242 108 243 144 273 259 155 225 180 32 7 211 125 167 159 78 90 233 267 161 175 49 277 198 290 107 13 292 249 71 102 134 207 191 221 55 235 244 226 93 179 80 266 24 256 300 297 257 99 190 237 128 145 4 268 176 104 112 28 177 192 246 59 2 63 51 171 224 291 114 270 132 61 27 47 265 212 57 30 150 172 35 298 165 293 22 281 138 275 173 19 288 178 20 200 223 231 54 62 88 147 117 120 111 202 94 74 205
ERROR
ERROR
ERROR
ERROR
258 26 148 160 299 141 87 158 253 36 17 103 169 73 208 66 206 228 247 242 108 243 144 273 259 155 225 180 32 7 211 125 167 159 78 90 233 267 161 175 49 277 198 290 107 13 292 249 71 102 134 207 191 221 55 235 244 226 93 179 80 266 24 256 300 297 257 99 190 237 128 145 4 268 176 104 112 28 177 192 246 59 2 63 51 171 224 291 114 270 132 61 27 47 265 212 57 30 150 172 35 298 165 293 22 281 138 275 173 19 288 178 20 200 223 231 54 62 88 147 117 120 111 202 94 74 205 48 31
ERROR
ERROR
ERROR
207 258 189 26 148 160 299 141 87 158 253 36 17 103 169 73 208 66 206 228 247 242 108 243 144 273 259 155 225 180 32 7 211 125 167 159 78 90 233 267 161 175 49 277 198 290 107 13 292 249 71 102 134 255 191 221 55 235 244 226 93 179 80 266 234 24 256 300 297 257 99 190 237 128 145 4 268 176 104 112 28 177 192 246 59 2 63 51 171 224 291 114 270 132 61 27 47 265 212 57 30 150 172 35 298 165 293 22 281 138 275 173 19 288 178 20 200 223 231 54 62 88 147 117 120 111 202 94 74 205 48 31 105 276
ERROR
ERROR
ERROR
ERROR
ERROR
207 258 189 26 148 160 299 141 87 158 253 36 17 103 169 73 208 66 206 228 247 242 108 243 144 184 273 259 155 225 180 32 7 211 125 167 159 78 90 233 267 161 175 49 277 198 290 107 13 292 249 71 102 134 255 191 221 55 235 244 226 93 179 80 266 234 24 256 300 297 257 99 190 237 128 145 4 268 176 104 28 177 192 246 59 2 63 51 171 224 291 114 270 132 61 27 47 265 212 57 30 150 172 35 298 165 293 22 281 138 275 173 19 209 288 178 20 200 223 231 54 62 88 147 117 120 111 202 94 74 205 48 31 105 276 143 232
ERROR
ERROR
ERROR
ERROR
ERROR
ERROR
ERROR
ERROR
27 189 231 207 258 26 148 160 299 141 87 158 253 36 17 103 169 73 208 66 206 228 247 242 108 243 144 184 273 259 155 225 180 32 7 211 125 167 159 78 90 233 267 161 175 49 277 198 290 107 13 292 249 97 71 102 134 255 191 221 55 235 244 226 93 179 80 266 234 24 256 300 297 257 99 190 237 128 145 4 268 176 104 28 177 192 246 59 2 63 51 171 224 291 114 270 132 61 47 265 212 57 30 150 172 35 298 165 293 22 281 138 275 173 19 209 288 178 20 200 223 54 62 88 147 117 120 111 202 94 74 205 48 105 276 143 232 50 119
ERROR
ERROR
ERROR
ERROR
ERROR
159 27 189 231 207 258 26 148 160 299 141 87 158 253 36 17 103 169 73 208 66 206 228 247 242 108 243 144 184 273 259 155 225 180 32 7 211 125 167 78 90 233 267 161 175 49 277 198 290 107 13 292 249 97 71 102 134 255 191 221 55 235 244 226 93 179 80 266 238 234 24 256 300 297 257 99 58 190 237 128 145 4 268 176 104 28 177 192 246 137 59 2 63 51 171 224 291 114 270 132 61 47 265 212 57 30 150 172 35 298 165 293 22 281 138 275 173 19 209 288 178 20 200 223 54 62 88 147 117 120 111 202 94 74 205 48 105 276 143 232 50 119 91 284
ERROR
ERROR
ERROR
ERROR
ERROR
ERROR
ERROR
ERROR
ERROR
238 159 27 189 231 207 258 26 148 160 299 141 87 158 253 36 17 103 169 73 208 66 206 228 247 242 108 243 144 184 273 259 155 225 180 32 7 211 125 167 78 90 233 267 161 175 49 277 198 290 107 13 292 249 97 71 102 134 255 191 221 55 235 244 226 93 179 80 266 234 24 256 300 297 257 99 58 190 237 128 135 145 4 268 176 104 28 177 192 246 137 59 2 63 51 171 224 291 114 270 132 61 47 265 212 57 30 150 172 35 298 165 293 22 281 138 275 173 19 209 288 178 20 200 223 54 62 88 147 117 120 111 202 94 74 205 48 105 276 143 232 50 119 91 284 170
ERROR
ERROR
238 159 27 189 231 207 258 26 148 160 299 141 87 158 253 36 17 103 169 73 208 66 206 228 247 242 108 243 144 184 273 259 155 225 180 32 7 211 125 167 78 90 233 267 161 175 49 277 198 290 107 13 292 249 97 71 102 134 255 191 221 55 235 244 226 93 179 80 84 266 234 24 256 300 297 257 99 58 190 237 128 135 145 4 268 176 104 28 177 192 246 137 59 2 63 51 171 224 291 114 270 132 61 47 265 212 57 30 150 172 35 298 165 293 22 281 138 275 173 19 209 288 178 20 200 223 54 62 88 147 117 120 111 202 94 74 205 48 105 276 143 232 50 119 91 284 170 34
247 238 159 27 189 231 207 258 26 148 160 299 141 87 158 253 36 17 103 169 73 208 66 206 228 242 108 243 144 184 273 259 155 225 180 32 7 211 125 167 78 90 233 267 161 175 49 277 198 290 107 13 292 249 97 71 102 134 255 191 221 55 235 244 226 93 179 80 84 266 234 24 256 300 297 257 99 58 190 237 128 135 145 4 268 176 104 28 177 192 246 137 59 162 2 63 51 171 224 291 114 270 132 61 47 265 212 57 30 150 172 35 298 165 293 22 281 138 275 173 19 209 288 178 20 200 223 54 62 88 147 117 120 111 202 94 74 205 48 105 276 143 232 50 119 91 284 170 34 65
ERROR
ERROR
ERROR
ERROR
247 238 159 27 189 231 207 258 26 148 160 299 141 87 158 253 36 17 103 169 73 151 208 66 206 228 242 108 243 144 184 273 203 259 155 225 180 32 7 211 125 167 78 90 233 267 161 175 49 277 198 290 107 13 292 249 97 71 102 134 255 191 221 55 235 244 226 93 179 80 84 266 234 24 256 300 297 257 99 58 190 237 128 135 145 4 268 176 104 28 177 192 246 137 59 162 2 63 51 171 224 291 114 270 132 61 47 265 212 57 30 150 172 35 298 165 293 22 281 138 275 173 19 209 288 178 20 200 223 54 62 88 147 117 120 111 202 94 74 205 48 105 276 143 232 50 119 284 170 34 65 43
ERROR
ERROR
ERROR
ERROR
ERROR
ERROR
ERROR
ERROR
ERROR
ERROR
ERROR
ERROR
ERROR
ERROR
ERROR
ERROR
293 86 206 247 238 159 27 189 48 207 258 26 148 160 299 141 87 158 253 36 17 103 169 73 151 66 228 242 108 144 184 273 203 259 225 180 32 7 211 125 167 78 90 233 267 161 175 49 277 198 290 107 13 292 249 97 71 102 134 255 191 221 218 55 235 244 226 93 179 80 84 266 154 234 24 256 300 297 257 99 58 190 237 128 135 145 4 268 176 104 28 177 192 246 137 59 162 2 63 51 171 224 291 114 132 61 47 265 212 57 30 150 172 35 298 165 22 281 138 275 173 19 209 288 178 20 200 223 54 62 88 147 117 120 111 202 94 74 205 105 276 143 232 50 119 284 170 34 65 43 77 239
ERROR
ERROR
ERROR
ERROR
ERROR
293 86 206 247 238 159 27 189 48 207 231 258 26 148 160 299 141 87 158 253 36 17 103 169 73 151 66 228 242 108 144 184 273 203 259 225 180 32 7 211 125 167 78 90 233 267 161 175 49 277 198 290 107 13 292 249 97 71 102 134 255 191 221 218 55 235 244 226 93 179 80 84 266 154 234 24 256 300 297 257 99 58 190 237 128 135 145 4 268 176 104 28 177 192 246 137 162 2 63 51 171 224 291 114 132 61 47 265 212 57 30 113 150 172 35 298 165 22 281 138 275 173 19 209 288 178 20 200 223 54 62 88 147 117 120 111 202 74 205 105 276 143 232 50 119 284 170 34 65 43 77 239 152 222 241 142
ERROR
ERROR
ERROR
293 86 206 247 238 159 27 189 48 207 231 258 26 148 160 299 141 87 158 253 36 17 103 169 73 151 66 228 242 108 144 184 273 203 259 225 180 32 7 211 125 167 78 90 233 267 161 175 49 277 198 290 107 13 292 249 97 71 102 134 255 191 221 218 55 235 244 226 93 179 80 84 266 154 234 24 256 300 297 257 99 58 190 237 128 135 145 4 268 176 104 28 177 192 246 137 162 2 63 51 171 224 291 114 132 61 47 265 212 57 30 113 150 172 35 298 165 22 281 138 275 173 19 209 288 178 20 200 223 54 62 88 147 117 120 111 202 74 205 105 276 143 232 50 119 284 170 34 65 43 77 239 152 222 241 142 188
ERROR
ERROR
ERROR
ERROR
ERROR
ERROR
ERROR
ERROR
ERROR
ERROR
ERROR
ERROR
ERROR
ERROR
ERROR
ERROR
ERROR
ERROR
ERROR
ERROR
129 51 253 293 86 206 247 238 159 27 189 48 207 231 258 26 148 160 299 141 87 158 36 17 103 169 73 151 66 228 242 108 144 184 273 203 259 225 180 32 7 211 125 167 78 90 233 267 161 175 49 277 198 290 107 13 292 249 97 71 102 134 255 191 221 218 55 235 244 226 93 179 80 84 266 154 24 256 300 297 257 99 12 58 190 237 109 131 128 135 145 4 268 176 104 28 177 192 246 137 162 2 63 171 224 153 33 291 114 132 61 47 265 212 57 30 113 150 172 298 165 22 281 138 275 173 19 209 288 178 20 200 223 54 62 88 147 117 120 111 202 74 205 105 276 143 232 50 119 284 170 34 65 43 77 239 152 222 241 142 188 269 215 294 254 196
ERROR
ERROR
ERROR
ERROR
ERROR
240 129 51 253 293 86 206 247 238 159 27 189 48 207 231 258 26 148 160 299 141 87 158 36 17 103 169 73 151 66 228 242 108 144 184 273 203 259 225 180 32 7 211 125 167 78 90 233 267 161 175 49 277 198 290 107 13 292 249 97 71 102 134 255 191 221 218 55 235 244 226 93 179 80 84 266 154 24 256 300 297 257 99 12 58 190 237 109 131 128 135 145 4 268 176 104 28 177 192 246 137 162 2 63 171 224 153 33 291 114 132 61 47 265 212 57 30 113 150 172 298 165 22 281 138 275 173 19 209 288 178 20 200 223 54 62 88 147 117 120 111 202 74 205 105 276 143 232 50 119 284 170 34 65 43 77 239 152 222 241 142 188 269 215 294 254 196
ERROR
ERROR
ERROR
ERROR
ERROR
ERROR
ERROR
93 65 240 129 51 253 293 86 206 274 247 238 159 27 189 207 231 258 26 148 160 299 141 87 158 36 17 103 169 73 151 66 228 242 108 144 184 168 273 203 259 225 180 278 32 7 211 125 167 78 90 233 267 161 175 49 277 198 290 107 13 292 249 97 71 102 134 255 191 221 220 218 55 235 244 226 179 80 84 266 154 24 256 300 297 257 99 12 58 190 237 109 131 128 135 145 4 268 176 104 28 177 192 246 137 162 2 63 171 224 153 33 291 114 132 61 47 265 212 57 30 113 150 172 298 165 22 281 138 275 173 19 209 288 178 20 200 223 54 62 88 147 117 120 111 202 74 205 105 276 143 232 50 119 284 170 34 43 77 239 152 222 241 142 188 269 215 294 254 196 261 185 38
ERROR
ERROR
93 65 240 129 51 253 293 86 206 274 247 238 159 27 189 207 231 258 26 148 160 299 141 87 158 36 17 103 169 73 151 66 228 242 108 144 184 168 286 273 203 259 225 180 278 32 7 211 125 78 90 233 267 161 175 49 277 198 290 107 13 292 249 97 71 102 134 255 191 221 220 218 55 235 244 226 179 80 84 266 154 24 256 300 297 257 99 12 58 190 237 109 131 128 135 145 4 268 176 104 28 177 246 137 162 2 63 171 224 153 33 291 114 132 61 47 265 212 57 30 113 150 172 298 165 22 281 138 275 173 19 209 288 178 20 200 223 54 62 88 147 117 120 111 202 74 205 105 276 143 232 50 119 284 170 34 43 77 239 152 222 241 142 188 269 215 294 254 196 261 185 38 115 94 46 37 3 136
ERROR
ERROR
93 65 240 129 51 253 293 86 206 274 247 238 159 27 189 207 231 258 26 148 160 299 141 87 158 36 17 103 169 73 151 66 228 242 108 144 184 168 286 273 203 259 225 180 278 32 7 211 125 78 90 233 267 161 175 49 277 198 290 107 13 292 249 97 71 102 134 255 191 221 220 218 55 235 244 226 179 80 84 266 154 24 256 300 297 257 99 12 58 190 237 109 131 128 135 145 4 268 176 104 28 177 246 137 162 2 63 171 224 153 33 291 114 132 61 47 265 212 57 30 113 150 172 298 165 22 281 138 275 173 19 209 288 178 20 200 223 54 62 88 147 117 120 111 202 74 205 105 276 143 232 50 119 284 170 34 43 77 239 152 222 241 142 188 269 215 294 254 196 261 185 76 38 115 94 46 37 3 136 197 217
ERROR
ERROR
ERROR
ERROR
ERROR
ERROR
ERROR
93 65 240 129 51 253 293 86 206 289 274 247 238 159 69 27 189 207 231 258 26 148 160 299 141 87 158 36 103 169 73 151 66 228 242 108 144 184 168 286 273 203 259 225 180 278 32 7 211 125 78 90 233 267 161 175 49 277 198 290 107 13 292 249 97 71 102 134 255 191 221 220 218 55 235 244 226 179 80 84 266 154 24 256 300 297 257 99 12 58 190 237 109 146 131 128 135 145 4 268 176 104 28 177 246 137 162 2 63 171 224 153 33 291 114 132 61 47 265 212 57 30 113 150 172 298 165 22 281 138 275 173 19 209 288 178 20 200 223 54 62 88 147 117 120 111 202 74 205 105 276 143 232 50 119 284 170 34 43 77 239 152 241 142 188 269 215 294 254 196 261 185 76 38 115 94 46 37 3 136 197 217
ERROR
ERROR
ERROR
ERROR
ERROR
ERROR
ERROR
ERROR
ERROR
277 93 65 240 129 51 253 293 86 206 289 274 247 238 69 27 189 207 231 258 26 148 160 299 141 87 158 36 103 169 73 151 66 228 242 108 144 184 168 286 273 203 259 225 180 278 32 7 211 125 78 90 233 267 161 175 49 198 290 107 13 292 249 97 71 102 134 255 191 221 220 218 55 235 244 226 179 84 266 154 24 256 300 297 257 99 12 58 190 237 109 146 131 128 135 145 4 268 176 104 28 177 246 137 162 2 63 171 224 153 33 291 114 132 61 47 265 212 57 30 113 150 172 298 165 22 281 138 275 173 282 19 209 288 178 20 200 223 54 62 88 147 117 120 111 202 74 205 105 276 143 232 50 119 284 170 34 43 77 239 152 241 142 188 269 215 294 254 196 261 185 76 38 115 94 46 37 3 136 197 217
277 93 65 240 129 51 253 293 86 206 289 274 247 238 69 27 189 207 231 258 26 148 160 299 141 87 158 36 103 169 73 151 66 228 242 108 144 184 168 286 273 203 259 225 180 278 32 7 211 125 78 90 233 267 161 175 49 198 290 107 13 292 249 97 71 102 134 255 191 221 220 218 55 235 244 226 179 84 266 154 24 256 300 297 257 99 12 58 190 237 109 146 131 128 135 145 4 268 176 104 28 177 246 137 162 2 63 171 224 153 33 291 114 132 61 47 265 212 57 30 113 150 172 298 165 22 281 138 275 173 282 19 209 288 178 20 200 223 54 62 88 147 117 120 111 202 74 205 105 276 143 232 50 119 284 170 34 43 77 239 152 241 142 188 269 215 294 254 196 261 185 76 38 115 94 46 37 3 136 197 217
ERROR
ERROR
ERROR
ERROR
ERROR
ERROR
ERROR
ERROR
277 93 65 240 129 51 253 293 86 206 289 274 247 238 69 27 189 207 231 258 26 148 160 299 141 87 158 36 103 169 73 151 66 228 242 108 144 184 168 286 273 203 259 225 180 278 32 7 211 125 78 90 233 267 161 175 49 198 290 107 13 292 249 97 71 102 134 255 191 221 220 218 55 235 244 226 179 84 266 154 24 256 300 297 257 99 12 58 190 237 109 146 131 128 135 145 4 268 176 104 28 177 246 91 137 162 2 63 171 224 153 33 291 114 132 61 47 265 212 57 30 113 150 172 298 165 22 281 138 275 173 282 19 209 288 178 20 200 223 54 62 88 147 117 120 111 202 74 205 105 276 143 232 50 119 284 34 43 77 239 152 241 142 188 269 215 294 254 196 261 185 76 38 115 94 46 37 3 136 197 217 80
ERROR
277 93 65 240 129 51 253 293 86 206 289 274 247 238 69 27 189 207 231 258 26 148 160 299 141 87 158 36 103 169 73 151 66 228 242 108 144 184 168 286 273 203 259 225 180 278 32 7 211 125 78 90 233 267 161 175 49 198 290 13 292 249 97 71 102 134 255 191 221 220 218 55 235 244 226 179 84 266 154 24 256 300 297 257 99 12 58 190 237 109 146 131 128 135 145 4 268 176 104 28 177 246 91 137 162 2 63 171 224 153 33 291 114 132 61 47 265 212 57 30 113 150 172 298 165 22 281 138 275 173 282 19 209 288 178 20 200 223 54 62 88 147 117 120 111 202 74 205 105 276 143 232 50 119 284 34 43 77 239 152 241 142 188 269 215 294 254 196 261 185 76 38 115 94 46 37 3 136 197 217 80 10
ERROR
277 93 65 240 129 51 253 293 86 206 289 274 247 238 69 27 189 207 231 258 26 148 160 299 141 87 158 36 103 169 73 151 66 228 242 108 144 184 168 286 273 203 259 225 180 278 32 7 211 125 78 90 233 267 161 175 49 198 290 13 292 249 97 71 102 134 255 191 221 220 218 55 235 244 226 179 84 266 154 24 256 300 297 257 99 12 58 190 237 109 146 131 128 135 145 4 268 176 104 28 177 246 91 137 162 2 63 171 224 153 33 291 114 132 61 47 265 212 57 30 113 150 172 298 165 22 281 138 275 173 282 19 209 288 178 20 200 223 54 62 88 147 117 120 111 202 74 205 105 276 143 232 50 119 284 34 43 77 239 152 241 142 188 269 215 294 254 196 261 185 76 38 115 94 46 37 3 136 197 217 80 10 248
277 93 65 240 129 51 253 293 86 206 289 274 247 238 69 27 189 207 231 258 26 148 160 299 141 87 158 36 103 169 73 151 66 228 242 108 144 184 168 286 273 203 259 225 180 278 32 7 211 125 78 90 233 267 161 175 49 198 290 13 292 249 97 71 102 134 255 191 221 220 218 55 235 244 226 179 84 266 154 24 256 300 297 257 99 12 58 190 237 109 146 131 128 135 145 4 268 176 104 28 177 246 91 137 162 2 63 171 224 153 33 291 114 132 61 47 265 212 57 30 113 150 172 298 165 22 281 138 275 173 282 19 209 288 178 20 200 223 54 62 88 147 117 120 111 202 74 205 105 276 143 232 50 119 284 34 43 77 239 152 241 142 188 269 215 294 254 196 261 185 76 38 115 94 46 37 3 136 197 217 80 10 248
ERROR
ERROR
ERROR
ERROR
ERROR
ERROR
ERROR
ERROR
ERROR
ERROR
ERROR
ERROR
43 80 277 93 65 240 129 51 253 293 86 206 289 274 247 238 69 27 189 207 231 26 148 160 299 141 87 158 36 103 169 73 151 66 242 108 144 184 168 286 273 203 259 225 180 278 32 7 211 125 78 90 233 267 161 175 49 198 290 13 292 249 97 71 102 134 140 255 191 221 220 218 55 235 244 226 179 84 266 154 24 256 300 297 257 99 12 58 190 237 109 146 131 128 135 145 4 268 176 104 28 177 246 91 137 162 2 63 171 224 153 33 291 114 132 61 47 265 212 57 30 113 150 172 298 165 22 281 138 275 173 282 19 209 288 178 20 200 223 54 62 88 147 117 120 111 202 74 205 105 276 143 232 50 119 284 34 77 239 152 241 142 188 269 215 294 254 196 261 185 76 38 115 94 46 37 3 136 197 217 10 248
ERROR
ERROR
231 159 43 80 277 93 65 240 129 51 253 293 86 206 289 274 247 238 69 27 189 207 26 148 160 299 141 87 158 36 103 169 73 151 66 242 108 144 184 168 286 273 203 259 225 180 278 32 7 211 125 78 90 233 267 161 175 49 198 290 13 292 249 97 71 102 134 140 255 191 221 220 218 55 235 244 226 179 84 266 154 24 256 300 167 297 257 99 12 58 190 237 109 146 131 128 135 145 4 268 176 104 28 177 246 91 137 162 2 63 171 224 153 33 291 114 132 61 47 265 212 57 30 113 150 172 298 165 22 281 138 275 173 282 19 209 288 178 20 200 223 54 62 88 147 117 120 111 202 74 205 105 276 252 143 232 260 50 119 284 34 77 239 152 241 142 188 269 215 294 254 196 261 185 76 38 115 94 46 37 3 136 197 217 10 248
ERROR
ERROR
ERROR
231 159 43 80 277 93 65 240 129 51 253 293 86 206 289 274 247 238 69 27 189 207 26 148 160 299 141 87 158 36 103 169 73 151 66 242 108 144 184 168 286 273 203 259 225 180 278 32 7 211 125 78 90 233 267 161 175 49 198 290 13 292 249 97 71 102 134 140 255 191 221 220 218 55 235 244 226 179 84 266 154 24 256 300 167 297 257 99 12 58 190 237 109 146 131 128 135 145 4 268 176 104 28 177 246 91 137 162 2 63 171 224 153 33 291 114 132 61 47 265 212 57 30 113 150 172 298 165 22 281 138 275 173 282 19 209 288 178 20 200 223 54 62 88 147 117 120 111 202 74 205 105 276 252 143 232 260 50 119 284 34 77 239 152 241 142 188 269 215 294 254 196 261 185 76 38 115 94 46 37 3 136 197 217 10 248 116
231 159 43 80 277 93 65 240 129 51 253 293 86 206 289 274 247 238 69 27 189 207 26 148 160 299 141 87 158 36 103 169 73 151 66 242 108 144 184 168 286 273 203 259 225 180 278 32 7 211 125 78 90 233 267 161 175 49 198 290 13 292 249 97 71 102 134 140 255 191 221 220 218 55 235 244 226 179 84 266 154 24 256 300 167 297 257 99 12 58 190 237 109 146 131 128 135 145 4 268 176 104 28 177 246 91 137 162 2 63 171 224 153 33 291 114 132 61 47 265 212 57 30 113 150 172 298 165 22 281 138 275 173 282 19 209 288 178 20 200 223 54 62 88 147 117 120 111 202 74 205 105 276 252 143 232 260 50 119 284 34 77 239 152 241 142 188 269 215 294 254 196 261 185 76 38 115 94 46 37 3 136 197 217 10 248 116
ERROR
231 159 43 80 277 93 65 240 129 51 253 293 86 206 289 274 247 238 69 27 189 207 26 148 160 299 141 87 158 36 103 169 73 151 66 242 108 144 184 168 286 273 203 259 225 180 278 32 7 211 125 78 90 233 267 161 175 49 198 290 13 292 249 97 71 102 134 140 255 191 221 220 218 55 235 244 226 179 84 266 154 24 256 300 167 297 257 99 12 58 190 237 109 146 131 128 135 145 4 268 176 104 28 177 246 91 137 162 2 63 171 224 153 33 291 114 132 61 47 265 212 57 30 113 150 172 298 165 22 281 138 275 173 282 19 209 288 178 20 200 223 54 62 88 147 117 120 111 202 74 205 105 276 252 143 232 260 50 119 284 34 77 239 152 241 142 188 269 215 294 254 196 261 185 76 38 115 94 46 37 3 136 197 217 10 248 116
231 159 43 80 277 93 65 240 129 51 253 293 86 206 289 274 247 238 69 27 189 207 26 148 160 299 141 87 158 36 103 169 73 151 66 242 108 144 184 168 286 273 203 259 225 180 278 32 7 211 125 78 90 233 267 161 175 49 198 290 13 292 249 97 71 102 134 140 255 191 221 220 218 55 235 244 226 179 84 266 154 24 256 300 167 297 257 99 12 58 190 237 109 146 131 128 135 145 4 268 176 104 28 177 246 91 137 162 2 63 171 224 153 33 291 114 132 61 47 265 212 57 30 113 150 172 298 165 22 281 138 275 173 282 19 209 288 178 20 200 223 54 62 88 147 117 120 111 202 74 205 105 276 252 143 232 260 50 119 284 34 77 239 152 241 142 188 269 215 294 254 196 261 185 76 38 115 94 46 37 3 136 197 217 10 248 116
ERROR
ERROR
ERROR
239 231 159 43 80 277 93 65 240 129 51 253 293 86 206 289 274 247 238 69 27 189 207 26 148 160 299 141 87 158 36 103 169 73 151 66 242 108 144 184 168 286 273 203 259 225 180 278 32 7 211 125 78 90 233 267 161 175 49 198 290 13 292 249 97 71 102 134 140 255 191 221 220 218 55 235 244 226 179 84 266 154 24 256 300 167 297 257 99 12 58 190 237 109 146 131 128 135 145 4 268 176 104 28 177 246 91 137 162 2 63 171 224 153 33 291 114 68 132 61 47 265 212 57 30 113 150 172 298 165 22 281 138 275 173 282 19 209 288 178 20 200 223 54 62 88 147 117 120 111 202 74 205 105 276 252 143 232 260 50 119 284 34 77 152 241 142 188 269 215 294 254 196 261 185 76 38 115 94 46 37 3 136 197 217 10 248 116 60 9 14
