8 992
9 991
14 986
16 984
17 983
22 978
25 975
30 970
32 968
35 965
41 959
54 946
64 936
67 933
72 928
73 927
81 919
91 909
92 908
95 905
97 903
99 901
103 897
107 893
113 887
114 886
118 882
123 877
127 873
133 867
135 865
139 861
149 851
151 849
163 837
165 835
172 828
174 826
176 824
177 823
180 820
184 816
188 812
191 809
193 807
194 806
197 803
198 802
200 800
208 792
211 789
215 785
219 781
224 776
234 766
239 761
241 759
243 757
246 754
247 753
249 751
252 748
259 741
261 739
277 723
282 718
283 717
284 716
288 712
289 711
290 710
291 709
292 708
296 704
304 696
309 691
311 689
312 688
316 684
322 678
325 675
326 674
327 673
330 670
332 668
338 662
340 660
346 654
356 644
357 643
363 637
365 635
370 630
371 629
376 624
378 622
389 611
390 610
396 604
397 603
398 602
399 601
407 593
417 583
422 578
426 574
435 565
439 561
442 558
443 557
444 556
446 554
455 545
456 544
461 539
462 538
465 535
469 531
472 528
474 526
481 519
484 516
488 512
491 509
493 507
494 506
498 502
127
