2 999
5 996
15 986
22 979
24 977
28 973
31 970
32 969
34 967
41 960
45 956
46 955
52 949
55 946
66 935
75 926
76 925
80 921
83 918
86 915
89 912
93 908
94 907
97 904
104 897
105 896
112 889
116 885
118 883
119 882
127 874
134 867
137 864
138 863
147 854
148 853
152 849
153 848
157 844
167 834
169 832
170 831
173 828
174 827
182 819
185 816
187 814
195 806
197 804
199 802
209 792
210 791
211 790
212 789
216 785
220 781
224 777
226 775
230 771
231 770
232 769
237 764
247 754
251 750
256 745
263 738
266 735
274 727
280 721
284 717
293 708
294 707
295 706
307 694
315 686
319 682
326 675
331 670
335 666
348 653
349 652
352 649
354 647
359 642
363 638
367 634
368 633
369 632
370 631
371 630
372 629
376 625
378 623
382 619
383 618
388 613
394 607
397 604
398 603
399 602
413 588
415 586
418 583
421 580
423 578
425 576
433 568
434 567
445 556
450 551
453 548
456 545
460 541
462 539
463 538
468 533
477 524
478 523
480 521
481 520
483 518
486 515
488 513
490 511
491 510
495 506
498 503
500 501
128
