0
0
2
0
0
0
0
1
0
0
0
1510
0
2299
2465
2493
0
0
0
0
0
0
2500
2500
2500
0
2500
0
0
2500
0
2500
2500
0
2500
2500
0
0
0
2500
2500
2500
0
0
2500
2500
2500
2500
0
0
0
0
0
0
2500
2500
0
0
2500
2500
2500
2500
0
2500
0
0
0
2500
0
0
0
0
2500
0
0
2500
2500
0
0
2500
0
0
0
2500
0
2500
0
0
2500
2500
0
2500
0
2500
0
2500
0
0
2500
2500
##################################################
##################################################
##################################################
##################################################
##################################################
##################################################
##################################################
##################################################
##################################################
##################################################
##################################################
##################################################
##################################################
##################################################
##################################################
##################################################
##################################################
##################################################
##################################################
##################################################
##################################################
##################################################
##################################################
##################################################
##################################################
##################################################
##################################################
##################################################
##################################################
##################################################
##################################################
##################################################
##################################################
##################################################
##################################################
##################################################
##################################################
##################################################
##################################################
##################################################
##################################################
##################################################
##################################################
##################################################
##################################################
##################################################
##################################################
##################################################
##################################################
##################################################
