5
0
0
2
1
4
0
2
0
0
0
0
3
1
0
2
1
3
1
0
2
0
1
2
3
0
1
2
6
6
1
1
1
0
1
9
1
1
11
5
17
1
3
5
1
0
1
0
0
35
2
1
3
8
1
0
7
1
3
9
15
0
11
1
10
1
1
10
53
1
6
1
1
1
5
1
5
10
10
20
0
1
5
4
3
6
18
35
7
82
0
110
1
0
4
7
0
1
2
12
bdccadbddabcbdbdbbcabadabddcabaabdccdcbbdcbac
bbbbcaaddcadaadbbcbbccbbaaddacbdccdcccdaaccbd
aaadbdcabbcabaaabbbcabbaadddddadccccacbdcbdab
acbbaacdcaddbbabbbaadaadbccdaabdcccdaaacaabdd
dbcbcdbcdcaccdabbbcbaaadacddacaaaaacdadccabbc
dddcdadcbbaccaabcaccaaaaacccadbcacccdbdbcccba
ddbabacbdbbccababbdabaaaaaccaadabccddddddabdb
dddcdadcdaccccadabbdaaaaaaaaaddcadadbddbbcddd
adddcbdbcbccccabdacdaaaaaaaabacbbbddbbcaddddd
adacaaddabcbccccddcdbabaabaabbbacbaaababddddd
ddaccbbccaaccbccccbcbbbadddaaadcdbacbcddddddd
daaaacbbabcbcdccccccdccdbaaabbccbdccaaddddddb
cdaaabdcbcccbcdcccccccccdababcadbbaadbdbdbbdb
adddbbaabbccccccccccccccdbcabcbcbccdabaaacddd
abdbdcdadccddccccccccccddbdddccabccccaacadddb
acccdcbcbdacccccccccccdddaccabdaabccccccacdab
bbcccaaaaaabbcccccccddabbaddcdbddaccccdcccdcc
cabcaaaabbdccccccccdcddccbdcdbcccaccddadcddca
bdcdddbabbccdccccccccddcdbdccbcddccdabcaadddc
cacdccbccabbcbccccccdddabbdbbacdadcbbadadbdab
baabcdbcbbbbbcccccccdddaaadadbcaacbcccdcadcaa
ddbcdaababbbccccdcccdddaaabaddddbcaddccdadadc
bbaacbcdbbbbbdcccbbbbbbcadbddacdcaadcccaaccca
adbdddbaabbbbadccdddbbcadcdbdbbddaacaabcbbbac
daababbbdabadbbccdbbbbcbbaccdcadcbdddbcddcaaa
bcbcbbbaaaabbbbbcddbddbbbbddcbabaaccadabbbdcc
bcaabbacbbbabbbcddaaaabaaaaddacbadabadbcbdbda
aaabaddcaabcbbdddbaaadccbdacadbbbabaddddddaac
bdbaddbadbabbbdbdbabbbbaaacccababbbdcbcdacccc
aaabbadcdcbbbbbcbdaaacbabcdccccabcbdaddbccccd
