1
0
0
0
1
0
1
1
1
0
1
0
1
1
0
1
0
1
1
1
0
1
1
1
0
1
1
0
0
1
0
1
0
0
0
1
1
1
0
0
0
0
0
0
0
0
0
1
0
1
1
1
0
4
1
0
0
0
1
1
0
0
0
1
0
1
1
0
0
1
0
0
0
0
0
0
0
1
0
5
0
0
0
1
0
1
1
1
1
0
0
1
1
0
1
1
0
1
1
1
ababababababababababababababababababababababababab
aababababababababababababababababababababababababa
abababababababababababababababbbababababababababab
bababababababababababababababababababababababababa
abababababababababababababababababababbbababababab
bababababababababababababababababababababababababa
ababababababbbabababababababababababababababaaabab
bababababababababababababababababababababababababa
ababababababababababababaaabababababababababbbabab
bababababababababaaabababababababababababababababa
ababababababababababababababababababababababababaa
babababababababababaaababababababababababababaaaba
ababababababababababababababababababababababababab
bababababababababababababababababababababababababa
abababababababababbbababababababababababababababab
babababababaaaaabababababababababababababababababa
abababababbbababababababababababbbabababababababab
bababababababababababbbabababababababababababababa
ababababababababababababababababababababababababab
bababababababababababababababababababababababababa
ababababababababababababababababababababababababab
babababababababababababbbababababababababababababa
ababbbababbbababbbaaababababababababababababababab
babababababababababababababababaaababababababababa
ababababababababababababababababababababababababab
bababababababababababababababababababababababababa
ababababababababababababababababababababababababbb
bababababababababababababababababababababababababb
bbabababababababababbbbbababababababababababbbabab
baaabababababababababababababaaabababababababababa
ababababababababababababaaabababababababababababab
bababababababaaabababababababababababababababababa
abababababababababababbbababababababababababababab
babaaababababababababbbbbababababababababbbabababa
abababababababababababbbababababababababababababab
babbbababababababababababababababababababababababa
ababababababababababababababababababababababababab
babababababaaababababababababababababababababababa
ababababababababababababababababababababababababab
bababababababababababababababababababababababababa
abababababababababababaaababababababababababababab
bababababababababababababababababababababababababa
ababababababababababababababababababababababababab
babababababababababababababababababababababbbababa
ababababababaaabababababababababababababababababab
bababababababababababababababababababababababababa
ababababababababababababababaaabababababababababab
bababababababababababababababababababababababababa
ababababaaababababababababbbababababababababababab
bababababababababaaabababbbbbabbbababababababababa
