24
.#..##....#.#....##.#.#........#........
..#......####........#..#.............#.
......#......##.#.#.....#..##..#......##
......##..#...#...#..#.#.#....#.....##..
..#.....##..##.......#.#.........##.....
.......#...#..#...##..#.#....#...#...#..
...........#..#............##.#..#.#..#.
..#...#..........#.#..#.#.....#.#.#...#.
.##...#............#.#.###....#.#.......
#..##....#..####..#.....#............#..
...###.#..#...#..##.#.....#...#.##.#..#.
...#..#.#.#.....#...#.....#....##...#...
#...........#.............#..#.......#.#
.........#..#....#..##..#.#....#....##..
#.#.....##................#.....#..#...#
......#..#.#...........##.#.#......##...
#.#........##.....##......#..##.#.....##
#.....#..#..#..........#......#.........
..........##..#.#......###.###.........#
..#..#..#.#..##.###................#..##
........#......#..#..#.##.#.#..#...#....
.#.##..###.##.....S####.#.#...##........
.##....#....#.###.****##...##.....#.....
........#....##.....#**####..........#..
.####.#....#......#...***..#...#....###.
.#...#.....##...........*#....#..#......
#......#......##.....#..*#..##......#.#.
....#....##...##...#...#*###.#.........#
.##.###...##..#...#.#...****#....#......
.....#.....#.....#...#.....*##.#.#...#.#
..#..#....#....#..#..#..#..*.#.#...##...
#.....#.#.#.##..#......##..*....#.#.#.#.
.#...............#.....#.##*####..##....
.#...#........#....###..###*....##.#.##.
##..###........#.........#.*.#.#..#.....
..#....#.#..##......#......*............
...####..#......#...###...#E.#....##..#.
......#...#.#.....#.......#.......###...
#.#.#.##.....#.#....#.#.....#..###...#.#
.......#..#.#.......#.#..#.....#....#...
