20
#.#..........#.#...##....#.#.....#....#.
......####....#.#.##..##.#........##...#
.....#....##..###..##...#........##.#...
..#.....#....#....#...#.##.#.....##.#..#
..##.....#...#..###....#.#..#..........#
#.#..#.....##....##......#.#.#..##......
..##...##....#.#...#...****##......#....
......##.........#.#..#*#.S.......#.#...
.#..#.#.###....***#*****#....##....##...
#..#.......#..#*#***#......#..###..#...#
..###.....#.##.*.##.......##..#.#...#...
.#......#..#...*..#.........#.##...#..##
...#...#.......E..#...##.##.#.#..#.#....
.#..#.#..###......######....#......##..#
.#.#......####..#.......####..#........#
..#...#..####.##....#.##.#..###..#....#.
#...#....#.......#.#...#####...#.....##.
.......#...##..#...##.........#.....#...
#...##..............#.#.#.###..#...#..##
..##.....#...........###....#...........
.###.#.........##....#..##..###.#...###.
#.##.........#.##...#...#......#...#.##.
....#...##.....#.#.....##.#..#.........#
##.#....####..##........#...#.##..#.....
..#.#.##..#..#..#..#..#..#...........###
#.#..#..#.#.#...#.....#..#....##.....##.
..#..##...#......#.#...#..#.##........#.
#..#...#....#.....##..##.....##.#..#.#..
.#...#.#...##...#...#....#..#..#..#...#.
#.#.#.#.#......##..#.....#.......#...#.#
...###.#..#..#....#..#....#.#...###.....
.....#......###.#....###.....#......#.#.
.###..............#......#.......##.#.#.
.......##.#...#......#.........#.....#..
..##...#...#...####.......##..#.#..#.###
..##..#....##...............#...........
..#......#.......#..#.##..#.#.##.#.#...#
#.........##.##.#...#......#..#...#.....
.##..#.#.#.........#......#...........#.
...........#.##..#.....##.#.#..#....#...
