798
S**************************************
######################################*
*************************************#*
*###################################*#*
*#*********************************#*#*
*#*###############################*#*#*
*#*#*****************************#*#*#*
*#*#*###########################*#*#*#*
*#*#*#*************************#*#*#*#*
*#*#*#*#######################*#*#*#*#*
*#*#*#*#*********************#*#*#*#*#*
*#*#*#*#*###################*#*#*#*#*#*
*#*#*#*#*#*****************#*#*#*#*#*#*
*#*#*#*#*#*###############*#*#*#*#*#*#*
*#*#*#*#*#*#*************#*#*#*#*#*#*#*
*#*#*#*#*#*#*###########*#*#*#*#*#*#*#*
*#*#*#*#*#*#*#*********#*#*#*#*#*#*#*#*
*#*#*#*#*#*#*#*#######*#*#*#*#*#*#*#*#*
*#*#*#*#*#*#*#*#*****#*#*#*#*#*#*#*#*#*
*#*#*#*#*#*#*#*#*###*#*#*#*#*#*#*#*#*#*
*#*#*#*#*#*#*#*#*#E**#*#*#*#*#*#*#*#*#*
*#*#*#*#*#*#*#*#*#####*#*#*#*#*#*#*#*#*
*#*#*#*#*#*#*#*#*******#*#*#*#*#*#*#*#*
*#*#*#*#*#*#*#*#########*#*#*#*#*#*#*#*
*#*#*#*#*#*#*#***********#*#*#*#*#*#*#*
*#*#*#*#*#*#*#############*#*#*#*#*#*#*
*#*#*#*#*#*#***************#*#*#*#*#*#*
*#*#*#*#*#*#################*#*#*#*#*#*
*#*#*#*#*#*******************#*#*#*#*#*
*#*#*#*#*#####################*#*#*#*#*
*#*#*#*#***********************#*#*#*#*
*#*#*#*#########################*#*#*#*
*#*#*#***************************#*#*#*
*#*#*#############################*#*#*
*#*#*******************************#*#*
*#*#################################*#*
*#***********************************#*
*#####################################*
***************************************
