40
........................................
........................................
........................................
........................................
........................................
........................................
........................................
........................................
........................................
........................................
........................................
........................................
........................................
........................................
........................................
........................................
........................................
........................................
........................................
...................S********************
.......................................*
.......................................*
.......................................*
.......................................*
.......................................*
.......................................*
.......................................*
.......................................*
.......................................*
.......................................*
.......................................*
.......................................*
.......................................*
.......................................*
.......................................*
.......................................*
.......................................*
.......................................*
.......................................*
.......................................E
