944846388 552200962 689380848 942648586 365210904 -296856571 -126531946 -34919218 -279371457 -130413010 -455778484 -949867581 384822968 980903841 -731160460 802775053 624583366 -285358958 -948921890 845048537
552200962 473719581 646066085 -675289128 823944047 230380705 -838921202 -115275763 -294033690 -825053133 489147236 -425433565 326442019 371534801 674547959 -826067131 638354594 -447427776 987591661 -513821828
689380848 646066085 889707552 -442024811 943356091 944396167 -778277028 -551922007 -82226052 -556881141 641601459 515658985 -354152717 -412013355 246316811 -753401359 557942666 380180257 431452843 -791241573
942648586 -675289128 -442024811 447425003 -781994958 -636263320 -731398807 -570898072 -800876122 230958990 -391247603 -497575483 -399997164 193333703 -79696595 683499026 -883263926 -815492111 599317459 -352708554
365210904 823944047 943356091 -781994958 872885721 -942060800 -314653898 -319453881 347940779 -478929446 -344881231 844930337 -706068970 788435407 -259596068 898834389 794916631 422232905 132364791 -730759775
-296856571 230380705 944396167 -636263320 -942060800 -116260950 18778038 342979494 112073567 -924629440 482300183 806389763 492028864 -70352142 -518913330 -369758776 433112139 677511491 924688973 191900839
-126531946 -838921202 -778277028 -731398807 -314653898 18778038 246969728 951280611 729980761 -566603124 -448563001 -528271683 389150386 -663424617 -750143573 -995705459 -647607836 -353588205 -709808854 -163002910
-34919218 -115275763 -551922007 -570898072 -319453881 342979494 951280611 463116372 807416009 -797009167 -649209742 232507651 -278750783 -646370454 947347980 739504575 -747572219 425164792 915367726 903053612
-279371457 -294033690 -82226052 -800876122 347940779 112073567 729980761 807416009 56805876 -820145103 339937564 -489823657 287917995 -128604333 304995108 399013057 -22414632 -904821269 -329784624 -700481228
-130413010 -825053133 -556881141 230958990 -478929446 -924629440 -566603124 -797009167 -820145103 -591253244 -747247861 -879714112 548965483 994656288 -888689438 714457518 196739302 691420442 878793747 391503437
-455778484 489147236 641601459 -391247603 -344881231 482300183 -448563001 -649209742 339937564 -747247861 944949638 -972125473 -39240411 517683497 115592546 -322841012 -283756331 -941707672 -729341603 -822311600
-949867581 -425433565 515658985 -497575483 844930337 806389763 -528271683 232507651 -489823657 -879714112 -972125473 715987091 946703941 853644667 -584684283 443684468 -972785282 -582528096 -100254973 -36813435
384822968 326442019 -354152717 -399997164 -706068970 492028864 389150386 -278750783 287917995 548965483 -39240411 946703941 -671406475 -740080028 -62758451 567201248 -843014004 -528335338 -409354444 46633015
980903841 371534801 -412013355 193333703 788435407 -70352142 -663424617 -646370454 -128604333 994656288 517683497 853644667 -740080028 481340410 -629933676 -136505922 232279353 101938738 -765446240 -993039027
-731160460 674547959 246316811 -79696595 -259596068 -518913330 -750143573 947347980 304995108 -888689438 115592546 -584684283 -62758451 -629933676 -629932637 -17730416 604682958 88001557 -166691725 -616098668
802775053 -826067131 -753401359 683499026 898834389 -369758776 -995705459 739504575 399013057 714457518 -322841012 443684468 567201248 -136505922 -17730416 138914808 -766780503 504911763 -788179915 -595065431
624583366 638354594 557942666 -883263926 794916631 433112139 -647607836 -747572219 -22414632 196739302 -283756331 -972785282 -843014004 232279353 604682958 -766780503 -799720148 -973900784 -531844379 747951745
-285358958 -447427776 380180257 -815492111 422232905 677511491 -353588205 425164792 -904821269 691420442 -941707672 -582528096 -528335338 101938738 88001557 504911763 -973900784 -663783882 -485025396 361947456
-948921890 987591661 431452843 599317459 132364791 924688973 -709808854 915367726 -329784624 878793747 -729341603 -100254973 -409354444 -765446240 -166691725 -788179915 -531844379 -485025396 -575796452 -331510146
845048537 -513821828 -791241573 -352708554 -730759775 191900839 -163002910 903053612 -700481228 391503437 -822311600 -36813435 46633015 -993039027 -616098668 -595065431 747951745 361947456 -331510146 -130122651
2498391729
-23689823549
