1: no account anna
2: no account an
7: no account zed
8: no account ann
9: no account zed
10: no account anna
11: no account an
12: no account an
14: no account kim
15: no account zed
17: no account ann
18: no account kim
19: already exists
20: no account kim
24: no account kim
25: already exists
27: no account ann
28: no account an
29: no account an
30: no account kim
32: no account kim
33: already exists
34: not empty
36: no account kim
38: already exists
39: insufficient funds
40: already exists
41: no account ann
42: insufficient funds
43: not empty
44: not empty
47: no account bob
48: no account bob
49: no account kim
50: no account bob
52: already exists
54: already exists
56: no account ann
58: already exists
59: insufficient funds
60: no account kim
61: no account ann
65: no account bob
66: no account bob
69: already exists
71: already exists
73: no account ann
76: already exists
78: insufficient funds
79: already exists
80: already exists
81: insufficient funds
83: already exists
84: insufficient funds
86: insufficient funds
87: already exists
89: already exists
91: insufficient funds
92: not empty
94: insufficient funds
96: no account kim
98: already exists
99: already exists
100: already exists
ACCOUNTS 6
an 1905490884
ann 350472262
anna 215019900
b 2024963734
bob 36585447
zed 2214999974
