1: no account anna
2: no account anna
3: no account kim
4: no account ann
5: no account an
7: no account an
8: no account bob
9: no account zed
10: no account anna
11: no account an
13: no account b
14: no account zed
15: no account bob
16: no account an
18: no account kim
19: no account an
20: no account b
21: no account bob
22: no account bob
24: no account bob
25: no account b
27: no account b
29: insufficient funds
32: no account zed
33: not empty
35: already exists
36: no account an
37: no account an
38: already exists
39: no account zed
40: insufficient funds
43: not empty
44: no account zed
45: already exists
46: already exists
47: no account zed
48: no account zed
49: not empty
50: no account an
51: insufficient funds
53: already exists
54: insufficient funds
55: no account zed
56: no account an
57: no account zed
58: no account an
59: already exists
60: not empty
64: no account an
65: insufficient funds
66: no account an
67: no account b
69: no account an
70: already exists
71: no account b
72: no account an
73: no account zed
75: no account an
76: insufficient funds
77: not empty
81: no account an
82: not empty
84: already exists
85: already exists
86: no account b
87: insufficient funds
88: no account an
89: no account an
90: insufficient funds
92: already exists
93: no account b
94: no account an
95: no account an
98: already exists
99: already exists
ACCOUNTS 6
an 50228666
ann 94008402
anna 183537270
bob 1584418680
kim 1359970829
zed 485480118
