1: no account p
3: no account p
4: no account p
6: no account p
7: no account p
8: no account q
9: no account q
10: no account q
11: no account p
12: no account p
13: no account q
14: no account p
15: no account p
17: no account p
18: no account p
19: no account p
21: insufficient funds
23: no account q
24: already exists
25: no account q
27: no account q
29: no account q
30: already exists
31: no account q
32: insufficient funds
34: no account q
35: no account q
37: no account q
38: no account q
40: no account q
42: no account q
43: no account q
44: already exists
45: already exists
48: no account q
49: no account q
50: no account q
51: no account q
54: no account q
56: already exists
59: no account q
ACCOUNTS 1
p 47
