..............................
..............................
.........#...........#.#......
........#.#..........#..#.....
.......#..##.........#........
.......#.#....................
......###.....................
..............................
..............................
..............................
........#.....................
.......#.#....................
.......#.#..........#.........
......#............#.#........
...........#......#...#.#.....
.....#...##.........###.##....
......####...........####.....
..............................
..............................
.###..........................
#...#......###................
##.##......##.#...............
###..##..###..#...............
....#...###.#..#..............
###.#...###.###...............
....#..#......................
..##.##.......................
..#.#.........................
..#.#.........................
..............................
95
-1
