.......#......................
.....#..#.....................
....##...#....................
....#....##...................
....#.##.............##.......
......##.#...........##.......
........#.....................
..............................
..............................
..............................
..............................
..............................
..............................
..............................
..............................
.........##....##.............
.........##....##.............
..............................
..............................
.............#................
.###........#.#...............
............#.#...............
.............#................
..............................
..............................
..............................
..........................###.
..............................
##............................
##............................
44
-1
