..............................
..............................
..............................
..............................
.....................##.......
....................#..#......
.....................##....##.
..........................#..#
...........................##.
..............................
..............................
..............................
..............................
................#.............
...............#.#............
...............#.#............
................#.............
..............................
..............................
..............................
..............................
...........................##.
..........................#..#
.....................##....##.
....................#..#......
.....................##.......
..............................
..............................
..............................
..............................
30
33
