1
-
6999999560
654291650353740564 -90028755412271125
999999999999917164
-999999999999381750 999999999999399847
205891132094650
-614027518440461461 279007464412096170
2
-1000000000000000000 -999999999999999999
2
-1000000000000000000 999999999999999999
2
11333173481239002 -276689833424571051
1
-
684702129186780419
652260281885260792 -365484898541255356
123456790
-605498285222238955 -618756771421481242
1
-
294288537191893037
-964308904308067688 669667563708507209
2
-992424911995360782 -217225380739830420
999999999999824509
-999999999999556493 999999999999049025
1
-
1
-
2
-1000000000000000000 1000000000000000000
100000000000000001
-43286187738849971 216376366370729788
999999999999292412
-999999999999400510 999999999999103912
3
752239117889533207 -90790763204433440
