100000000000000001
-369363592036897602 521476279644020894
1
-
999999999999718429
-999999999999695003 999999999999495020
1
-
1
-
3
-44829348509612135 302485164156350369
1070628308595778329
802963409007245752 754213219546631321
2000000000000000001
-999999999999999999 1000000000000000000
1000000000000000001
-1 -999999999999999999
999999999999954191
-999999999999246921 999999999999503686
496599056519447839
808237807055216855 493297476309964650
999999938
572082249792997208 876272613046737417
1000000000000000000
-1000000000000000000 -1
999999999999662897
-999999999999878827 999999999999544338
2
-256242926143727606 7027401462677069
342969127206205885
139571992859237541 256168265429169878
2
0 -1000000000000000000
2000000000000000000
1000000000000000000 999999999999999999
2
0 0
600000000000000001
-82170219376656409 149809964330372854
