2
-1000000000000000000 0
872580938434535832
728899667889054583 -568013770237919006
1322600601050257375
131611661260164537 822843930161278662
999999938
-719247307519202877 533473691744140503
3
261423206152925395 -730015998610422876
592962545532287465
-784469112101909752 220093531285179372
100000000000000001
283816654467519187 393328118824581716
999999999999626533
-999999999999174009 999999999999303489
1
-
999999999999820139
-999999999999190627 999999999999098688
2
-999999999999999999 1000000000000000000
2
-608463922575144654 -295097516203381484
118424093633908455
-803056006161246936 687461037224522228
295455000044306463
-600204374126378397 604797372881562896
200000000000000001
-649462443050245995 -175013603522074151
1434893410840862398
-848957324696393602 -724536011786165820
669715528106373357
891766669216935475 -254928000132551429
999999999999690911
-999999999999526571 999999999999854875
999999999999834593
-999999999999210814 999999999999635770
383986934100096260
-11107459639062650 999748411038666310
