999999999999994987
-999999999999652134 999999999999630205
999999999999711166
-999999999999092104 999999999999324525
1456597160664652923
703215439517986653 -576027335418120083
800000000000000001
64457743840280797 -97403830017810180
999999999999285796
-999999999999889273 999999999999595264
999999999999877127
-999999999999052089 999999999999159040
999999999999807044
-999999999999191407 999999999999377050
47200779427919172
-724547025379420388 422314406113834464
1999999875
-532064268484515838 -432230912256275113
999999999999608448
-999999999999285106 999999999999656393
2
885349928447995775 -708861006887844360
2
-367942354294245599 -38017428877747820
100000000000000001
-43631148142622164 766247763456551129
100000000000000001
171162129231617821 -789459585009150119
3
-255473210485265446 -21652176022147145
1
-
999999999999943649
-999999999999419568 999999999999628860
1
-
1509036293685132298
729047253821768173 75612070951819972
484984071406976394
522388716926960083 87674726326249098
