1
-
411782264189299
320510727542617639 -17550055539748703
999999999999748079
-999999999999228710 999999999999749102
999999938
593339762748818991 330558311122919125
999999999999962325
-999999999999951917 999999999999989426
2
135834760645254333 107777102951693903
200000000000000001
-764905053708508439 -923522970329564096
205891132094650
-144371687355696702 980134871135561767
21
-10441753519749638 -10067590874771491
200000000000000001
-902378838288386475 -390395128032130122
999999938
-87723099117747439 -726268026535019206
1000000000000000001
-999999999999999999 0
2
1000000000000000000 -1000000000000000000
1
-
205891132094650
228456860297038357 -375516956027353365
4
-849643012371462613 407636508918732316
999999999999511681
-999999999999674620 999999999999706423
123456790
-588906637115133401 558221871148984865
2000000000000000001
-999999999999999999 999999999999999999
205891132094650
-764069454647849231 -988599605693914572
