1
-
2
-1000000000000000000 0
999999999999806941
-999999999999136574 999999999999670984
1
-
1
-
2
549928955069339259 126665632645707141
1
-
5
290072113182647165 -19517190750764267
2
-806345640016535676 -26999310952238834
2
999999999999999999 1000000000000000000
1569186325361901054
990396666754981107 -445024385840537137
122977252254638985
-21301362707164722 -793824874527417589
999999999999898983
-999999999999901021 999999999999655500
323308726263796911
147261160088365084 -563116975864300493
66999706846807270
-669131362126906557 589419729194474680
205891132094650
-726481582806815478 -190963500299363140
999999999999586359
-999999999999151594 999999999999736372
183844857281544961
104503989419986672 402574691747463677
2
324885617865588 -81509151506239087
999999999999795637
-999999999999640208 999999999999015875
