1
-
999999938
892834539764262016 -674368306561978590
200000000000000001
29481654358957350 -930885781828392055
1062457279697761028
-761992943293460274 535590902874056342
1547742878004500963
599524090874087128 385986445110929948
999999999999997657
-999999999999405471 999999999999147960
999999999999452434
-999999999999522954 999999999999614195
999999999999821926
-999999999999952594 999999999999461122
1
-
4
-911561449020346026 136471501267400674
2
-999999999999999999 -1000000000000000000
1
-
2000000000000000000
0 999999999999999999
2
806780808391498761 831099606429678577
999999938
520217342494648744 -689007311095478875
267202615309956681
-608610738645740145 805251933930602636
1
-
1
-
132673583872067896
301906091708660765 -985887038291017809
1
-
