19 28 51 64 67 87 107 137 162 182
20 40 62 82 102 122 133 144 149 169
30 60 89 108 117 137 149 151 168 175
18 27 33 48 59 79 98 107 116 140
30 60 81 94 97 117 135 155 169 173
30 60 87 105 113 132 141 171 201 229
15 20 29 49 67 87 117 137 149 151
6 26 39 42 62 92 121 140 149 156
20 50 73 90 97 112 119 131 147 154
20 44 60 66 96 121 138 145 158 167
20 40 60 73 76 96 116 126 135 155
16 23 43 56 72 81 99 107 126 135
2 7 25 33 43 60 77 85 105 135
9 29 58 78 98 114 120 139 159 182
21 41 53 58 78 99 119 139 165 182
21 37 43 56 62 71 77 97 109 111
6 36 60 80 100 130 160 190 210 226
18 26 47 59 61 81 103 123 135 140
14 19 43 63 77 83 113 143 173 202
6 36 63 82 91 121 151 180 200 220
