20 40 70 100 130 160 190 220 250 280
8 32 50 58 65 95 125 154 174 194
30 60 81 94 97 127 157 180 196 202
28 46 54 84 114 144 174 204 234 259
26 45 54 84 114 144 174 204 229 246
14 18 48 78 108 138 168 198 228 254
30 60 90 118 136 144 174 204 234 264
7 37 67 90 103 106 114 134 154 184
5 35 65 95 118 135 142 172 202 232
20 40 55 75 105 135 159 179 191 194
20 30 33 63 93 123 153 183 210 228
17 24 54 80 100 120 150 180 210 240
30 60 90 120 150 180 210 240 262 276
8 14 44 65 85 105 134 154 174 204
30 60 90 120 150 180 210 240 270 300
6 24 32 62 82 101 110 140 170 200
28 48 68 84 90 112 124 126 156 186
26 45 54 84 114 144 166 180 184 214
30 50 70 89 109 125 131 133 147 151
18 26 46 76 106 136 166 196 226 256
