30 60 89 109 129 149 169 189 203 212
30 60 86 106 123 143 173 202 222 242
30 60 84 104 124 142 150 175 195 215
20 37 57 87 117 141 155 159 179 189
28 48 65 78 84 99 105 125 143 152
20 40 50 70 100 130 160 190 212 232
5 35 65 95 125 154 174 194 212 220
25 45 59 77 89 96 125 144 153 182
20 50 80 110 140 165 185 205 235 265
30 52 69 76 106 132 152 172 189 196
20 31 51 71 91 121 151 181 211 239
30 60 90 120 150 180 203 223 235 255
20 40 60 80 110 132 145 148 178 205
30 60 80 100 120 150 180 210 240 270
20 40 70 100 130 160 183 203 216 236
26 44 52 82 112 142 172 202 232 262
9 36 56 76 96 116 136 156 176 196
21 41 57 77 97 117 147 177 207 232
23 43 63 83 103 133 163 193 223 248
30 60 90 120 150 180 210 238 258 278
