5 12 20 38 47 64 72 80 85 93
8 12 23 26 39 46 55 63 69 74
27 44 51 60 69 73 80 100 120 138
5 22 41 60 69 89 105 111 115 122
0 14 20 34 38 45 54 73 82 91
6 15 22 31 35 45 49 58 78 96
7 25 43 51 60 76 82 91 103 112
14 18 24 38 44 64 84 96 100 108
6 15 23 38 43 59 65 73 88 95
9 15 24 31 42 44 59 64 80 89
2 20 28 37 42 51 62 73 76 84
20 45 63 71 91 103 106 113 131 139
8 11 18 26 33 40 46 55 75 92
19 37 48 55 64 80 87 91 100 113
6 20 35 40 58 66 75 84 91 95
4 13 19 29 29 37 40 42 57 75
5 11 20 23 27 36 40 56 68 76
8 15 21 37 46 55 64 73 77 85
7 13 22 26 32 39 46 53 61 69
17 33 51 59 76 83 91 100 113 122
