30 60 90 120 150 180 210 240 270 300
30 60 90 120 150 180 210 240 270 300
30 60 90 120 150 180 210 240 270 300
30 60 90 120 150 180 210 240 270 300
30 60 90 120 150 180 210 240 270 300
30 60 90 120 150 180 210 240 270 300
30 60 90 120 150 180 210 240 270 300
30 60 90 120 150 180 210 240 270 300
30 60 90 120 150 180 210 240 270 300
30 60 90 120 150 180 210 240 270 300
30 60 90 120 150 175 195 215 245 275
30 60 90 120 150 180 210 240 270 300
30 60 90 120 150 180 210 240 270 300
30 60 90 120 150 180 210 240 270 300
30 60 90 120 150 180 210 240 270 300
30 60 90 120 150 180 210 240 270 300
30 60 90 120 150 180 210 240 270 300
30 60 90 120 150 180 210 240 270 300
30 60 90 120 150 180 210 240 270 300
30 60 90 120 150 180 210 232 252 272
