20 40 65 85 96 99 119 139 159 179
21 41 61 91 120 140 160 190 220 250
30 52 72 92 122 144 164 184 204 224
18 26 56 86 110 129 138 161 181 195
20 40 69 89 107 127 157 187 217 247
18 26 38 58 88 113 133 148 165 178
9 29 49 69 99 121 138 145 149 169
30 59 79 99 118 127 157 178 198 218
22 42 62 75 78 98 116 124 154 184
9 33 51 59 89 114 134 154 181 199
30 60 89 109 122 134 154 175 194 203
30 54 70 76 106 127 147 167 197 219
9 32 47 52 82 112 142 172 202 232
30 60 90 115 135 155 185 215 240 255
21 41 61 80 89 119 149 179 205 225
30 50 70 90 120 150 180 210 240 270
30 60 84 100 106 136 166 196 226 246
20 50 80 110 135 155 175 194 203 223
15 20 42 62 81 101 125 140 145 175
30 58 78 98 115 122 137 142 172 193
