CORRECT
CORRECT
bbbbbb abbbbb aabbbbb
CORRECT
CORRECT
CORRECT
bbaaabbaa bbaabbaaa
CORRECT
CORRECT
CORRECT
CORRECT
CORRECT
CORRECT
CORRECT
aabaab aaaab aaabab aaaaa aaaaaa aabaaab abaaab aaaabb
aaaaaaab
CORRECT
NONE
CORRECT
CORRECT
CORRECT
CORRECT
CORRECT
bababb baabab aababb bbababb aaababb
abbaab abbaaab abaaabb abaabb abbabb bbaabb
CORRECT
CORRECT
aabbbb aabbaab aababb aabbab aabbbbb abbabb aaababb
CORRECT
CORRECT
CORRECT
CORRECT
CORRECT
CORRECT
CORRECT
CORRECT
CORRECT
aabababa baaababa baabaaaba
babbbaa babbaba babaabaa bababaa
CORRECT
CORRECT
CORRECT
aabbbaa abbbaba aabababa
CORRECT
bbbabaab bbabbaab bbaabaa
aaab baaa baab baabab baabb baaaa aaaab bbaaab bbaab baaaba babab abaaab
CORRECT
CORRECT
CORRECT
CORRECT
