caabbcaca
bbbabaac
NONE
bacac cacaa cccac
CORRECT
caaab baab baaabb aaab
CORRECT
cbcbcaaa cbcaaa ccbccaaa
CORRECT
CORRECT
CORRECT
cbaaca
CORRECT
CORRECT
abaacaba
CORRECT
CORRECT
bcabc bbc bbcbc bcbcc bcc
cbac cb bc cbb cc cabc cbcc bbc cac cba
bacccabcb
cabc cbcc cbbcc
CORRECT
CORRECT
NONE
CORRECT
CORRECT
CORRECT
CORRECT
CORRECT
acca aacb aacba baca aaba
caaab caaabb caaabc aaaba
bcabc bacac bcaa bca bcab cac bac bcc
accaaba
NONE
cccccac
bbaa
CORRECT
CORRECT
bcbacaca
CORRECT
bcbcc
bbaaac
caaab caab caaabb aabb cabb
CORRECT
NONE
ccbb cabc cccc ccb
acbbaaca
abcb bbcbc
bbbabca bababba bababc
NONE
