CORRECT
xyyyx
CORRECT
yxyyx yxyx
CORRECT
CORRECT
yyxxx xyxyx
xxxyy yxxy xxyy
CORRECT
yyy yxy yyyy yxxy yxyyx xxyy yxyx xyy
CORRECT
CORRECT
CORRECT
CORRECT
CORRECT
yyy xyyyx xyyx xyyyy yyyy xyyxy xxyy xyy
yyxxyx yyxxx yxyx xyxyx
CORRECT
xxxyy xxyyxy
xxxyy yxxy xxyy yxxxyy
xyyyx xyyyy xyyyyy
CORRECT
CORRECT
CORRECT
yxy yx xx yxxy yxyx yyx
yyy xyyyx xyyx yyyy yxyyx yxyx yyyxy yyx
yxxy yyxxx yxyx
yyy yxy yyyy yxxy yxyyx xxyy yxyx xyy
CORRECT
CORRECT
CORRECT
CORRECT
CORRECT
CORRECT
CORRECT
yxy yx xx yxxy yxyx yyx
CORRECT
xxxyy xyyyy xxyy xyyxyy xyxyx
CORRECT
CORRECT
yxy yx xx yxxy yxyx yyx
CORRECT
CORRECT
CORRECT
CORRECT
CORRECT
yxxy yxyx yyyxy
CORRECT
CORRECT
xyyxy xxyy xxyyxy
