CORRECT
aabbbdbacd
NONE
cabddbbdca
acaacbabbbbba
acddcbdaddcaacd
acbdbdaacbabb acddbdaaacbabb
CORRECT
NONE
NONE
aabbbdbacd
addabdbcbd
CORRECT
NONE
acddaacadcdad
NONE
ababbcccbdbddca
dacbdcbccad
cccaddabaaaccd
adadabbcdc
ccdadddcab
baccadcabbaa
dcbbcbadbabaaa
dbbacdcbcc
aadadcddbddb
CORRECT
dbdcbadcacdc dbdccbadcacdc
NONE
ccdcdbdcdadba
CORRECT
NONE
adbabbdc
ddcacaddad
bbcaddcdccacca
aabdcbabbad
dccbdbccada
aabdcbabbad
NONE
NONE
baabddbbbaacd
NONE
CORRECT
acbdadbaacbabb
dabbcbaddcdbdcd
NONE
baadbddbbbaacd baadbdddbbaacd baadbbddbbbaacd
NONE
accbdbdaacbabb
acddaacadcdad
bbcdacbbbbbaa
