mmopopnpp
pnoonoom
mmoponpp
NONE
nmmoooppnoppm
np p nm nn no
nopp nmp
opo onm opp opom opmn
moopppp
CORRECT
pnnm pnom
CORRECT
mpnpmnnmmoppop
pnom pnn no ppno
NONE
momnpmon momnpmmon
nmooonooo
CORRECT
NONE
NONE
CORRECT
NONE
momnpmo
mmoopmop
nmmoooppnoppm
npnoooooonp
ompooo oopoo
CORRECT
NONE
NONE
pnopompn
ponmpm
ppppppopnp
pnnm pnom pnn onm nm
NONE
onm np opp oop onpn
opmnnmmmpnppmpo
pnonmnpppmp
p no oo
onm opmn onpn
ompooo
CORRECT
omopm
CORRECT
NONE
pnnnm pnnnn
NONE
pmoopnnnnmpomnn
ppnomnmp
NONE
