CORRECT
CORRECT
abbabbaaaab
NONE
bbbbabbbaaabaa
CORRECT
NONE
CORRECT
NONE
babbaabbbaaa bbbaaabbbaaa
bababaabbabbbbb
CORRECT
bbaabbababbba bbaabbabababaa
aaabababbaabbbb
aaababababbaaab
aabaaabbbbaab
CORRECT
NONE
aaabababbababba
baaaababbbaab
CORRECT
NONE
CORRECT
NONE
CORRECT
bbabbaaaabbaaaa
aabbbbbbabaab
NONE
NONE
CORRECT
NONE
bbabaababbbbb bbabaababbbbbaa
CORRECT
NONE
CORRECT
abbabaababaab
aababbaabaab ababbbaabaab
CORRECT
abbaaabbbbbabb abbaaabbbababba
bbbabbbbababaa
NONE
CORRECT
aababbbbaabaab
bbbaabaabbaa
babaabaaaabba
babbaaabbabaa
abaabbbabbbaa
babbaabbbbbaaa
CORRECT
CORRECT
