isosceles acute
not a triangle
scalene acute
scalene obtuse
isosceles acute
not a triangle
not a triangle
not a triangle
not a triangle
not a triangle
not a triangle
not a triangle
isosceles acute
not a triangle
not a triangle
scalene right
not a triangle
isosceles obtuse
scalene obtuse
not a triangle
not a triangle
not a triangle
not a triangle
isosceles acute
not a triangle
not a triangle
isosceles acute
not a triangle
isosceles obtuse
scalene obtuse
not a triangle
not a triangle
not a triangle
not a triangle
scalene obtuse
isosceles obtuse
not a triangle
isosceles acute
scalene obtuse
scalene obtuse
not a triangle
equilateral acute
scalene obtuse
not a triangle
not a triangle
not a triangle
scalene obtuse
not a triangle
scalene obtuse
not a triangle
isosceles acute
scalene acute
scalene obtuse
not a triangle
isosceles acute
not a triangle
scalene obtuse
isosceles acute
isosceles acute
scalene obtuse
scalene acute
not a triangle
isosceles obtuse
not a triangle
isosceles acute
not a triangle
scalene acute
not a triangle
scalene acute
scalene obtuse
not a triangle
not a triangle
isosceles acute
isosceles acute
not a triangle
not a triangle
isosceles acute
isosceles acute
not a triangle
scalene acute
scalene obtuse
not a triangle
not a triangle
not a triangle
not a triangle
isosceles acute
not a triangle
scalene obtuse
not a triangle
scalene acute
not a triangle
not a triangle
not a triangle
scalene obtuse
isosceles acute
isosceles obtuse
scalene acute
not a triangle
equilateral acute
scalene obtuse
