equilateral acute
isosceles acute
scalene obtuse
scalene obtuse
equilateral acute
isosceles acute
not a triangle
isosceles acute
scalene acute
isosceles acute
isosceles acute
isosceles acute
isosceles acute
not a triangle
isosceles acute
isosceles acute
scalene acute
equilateral acute
equilateral acute
scalene acute
scalene acute
isosceles acute
scalene obtuse
scalene obtuse
isosceles acute
isosceles acute
not a triangle
scalene acute
isosceles acute
equilateral acute
isosceles acute
isosceles acute
isosceles acute
not a triangle
not a triangle
isosceles acute
not a triangle
isosceles acute
isosceles acute
isosceles acute
isosceles acute
scalene obtuse
isosceles acute
isosceles acute
equilateral acute
equilateral acute
isosceles acute
not a triangle
equilateral acute
isosceles acute
not a triangle
not a triangle
isosceles acute
isosceles acute
isosceles acute
not a triangle
isosceles acute
isosceles acute
isosceles acute
isosceles acute
isosceles acute
isosceles acute
isosceles acute
not a triangle
equilateral acute
scalene obtuse
equilateral acute
isosceles acute
not a triangle
isosceles acute
isosceles acute
equilateral acute
not a triangle
isosceles acute
not a triangle
equilateral acute
equilateral acute
isosceles acute
not a triangle
isosceles acute
scalene obtuse
isosceles acute
isosceles acute
equilateral acute
equilateral acute
equilateral acute
scalene obtuse
equilateral acute
isosceles acute
not a triangle
isosceles acute
equilateral acute
isosceles acute
equilateral acute
isosceles acute
isosceles acute
equilateral acute
equilateral acute
equilateral acute
not a triangle
